
===========================================================================
report_checks -unconstrained
===========================================================================
======================= min_ff_n40C_1v95 Corner ===================================

Startpoint: u_secure_boot_cp
            (rising edge-triggered flip-flop clocked by wb_clk_i)
Endpoint: io_out[23] (output port clocked by wb_clk_i)
Path Group: wb_clk_i
Path Type: max

Fanout         Cap        Slew       Delay        Time   Description
---------------------------------------------------------------------------------------------
                                  0.000000    0.000000   clock wb_clk_i (rise edge)
                                  0.000000    0.000000   clock source latency
     1    0.325320    1.074713    0.883963    0.883963 ^ wb_clk_i (in)
                                                         wb_clk_i (net)
                      1.269680    0.000000    0.883963 ^ u_secure_boot_cp/wb_clk_i (secure_boot_control_plane)
     1    0.362124    1.730609    3.229735    4.113698 ^ u_secure_boot_cp/safe_led (secure_boot_control_plane)
                                                         io_out[23] (net)
                      1.853209    0.354443    4.468141 ^ io_out[23] (out)
                                              4.468141   data arrival time

                                 25.000000   25.000000   clock wb_clk_i (rise edge)
                                  0.000000   25.000000   clock network delay (propagated)
                                 -0.250000   24.750000   clock uncertainty
                                  0.000000   24.750000   clock reconvergence pessimism
                                 -5.000000   19.750000   output external delay
                                             19.750000   data required time
---------------------------------------------------------------------------------------------
                                             19.750000   data required time
                                             -4.468141   data arrival time
---------------------------------------------------------------------------------------------
                                             15.281859   slack (MET)




===========================================================================
report_checks --slack_max -0.01
============================================================================
======================= min_ff_n40C_1v95 Corner ===================================

No paths found.


===========================================================================
 report_check_types -max_slew -max_cap -max_fanout -violators
============================================================================
======================= min_ff_n40C_1v95 Corner ===================================

max slew

Pin                                        Limit        Slew       Slack
------------------------------------------------------------------------
wbs_dat_o[14]                           1.500000    2.855890   -1.355890 (VIOLATED)
wbs_dat_o[11]                           1.500000    2.562419   -1.062419 (VIOLATED)
u_secure_boot_cp/wb_dat_o[14]           1.500000    2.397153   -0.897153 (VIOLATED)
wbs_dat_o[15]                           1.500000    2.314254   -0.814254 (VIOLATED)
u_secure_boot_cp/wb_dat_o[15]           1.500000    2.303636   -0.803636 (VIOLATED)
u_secure_boot_cp/wb_dat_o[11]           1.500000    2.187290   -0.687290 (VIOLATED)
wbs_dat_o[3]                            1.500000    2.074495   -0.574495 (VIOLATED)
io_out[22]                              1.500000    2.054797   -0.554797 (VIOLATED)
wbs_dat_o[12]                           1.500000    1.981103   -0.481103 (VIOLATED)
wbs_dat_o[10]                           1.500000    1.975932   -0.475932 (VIOLATED)
wbs_dat_o[2]                            1.500000    1.972052   -0.472052 (VIOLATED)
wbs_dat_o[21]                           1.500000    1.966291   -0.466291 (VIOLATED)
u_secure_boot_cp/wb_dat_o[12]           1.500000    1.927236   -0.427236 (VIOLATED)
u_secure_boot_cp/wb_dat_o[10]           1.500000    1.925746   -0.425746 (VIOLATED)
u_secure_boot_cp/wb_dat_o[3]            1.500000    1.918318   -0.418318 (VIOLATED)
u_secure_boot_cp/debug_enable           1.500000    1.897998   -0.397998 (VIOLATED)
wbs_dat_o[8]                            1.500000    1.895363   -0.395364 (VIOLATED)
io_out[23]                              1.500000    1.853209   -0.353209 (VIOLATED)
wbs_dat_o[4]                            1.500000    1.834152   -0.334152 (VIOLATED)
u_secure_boot_cp/wb_dat_o[2]            1.500000    1.826872   -0.326872 (VIOLATED)
u_secure_boot_cp/wb_dat_o[4]            1.500000    1.826305   -0.326305 (VIOLATED)
u_secure_boot_cp/wb_dat_o[21]           1.500000    1.809193   -0.309193 (VIOLATED)
u_secure_boot_cp/wb_dat_o[8]            1.500000    1.808579   -0.308579 (VIOLATED)
user_irq[0]                             1.500000    1.807073   -0.307073 (VIOLATED)
wbs_dat_o[5]                            1.500000    1.777036   -0.277036 (VIOLATED)
wbs_dat_o[9]                            1.500000    1.770047   -0.270047 (VIOLATED)
u_secure_boot_cp/safe_led               1.500000    1.730609   -0.230609 (VIOLATED)
wbs_ack_o                               1.500000    1.723777   -0.223777 (VIOLATED)
io_out[24]                              1.500000    1.701707   -0.201707 (VIOLATED)
u_secure_boot_cp/fsm_error              1.500000    1.697167   -0.197167 (VIOLATED)
wbs_dat_o[28]                           1.500000    1.696551   -0.196551 (VIOLATED)
u_secure_boot_cp/wb_dat_o[5]            1.500000    1.693862   -0.193862 (VIOLATED)
u_secure_boot_cp/user_irq               1.500000    1.693153   -0.193153 (VIOLATED)
u_secure_boot_cp/wb_dat_o[9]            1.500000    1.686304   -0.186304 (VIOLATED)
u_secure_boot_cp/wb_ack_o               1.500000    1.679637   -0.179637 (VIOLATED)
wbs_dat_o[13]                           1.500000    1.672561   -0.172561 (VIOLATED)
u_secure_boot_cp/wb_dat_i[16]           1.500000    1.667093   -0.167093 (VIOLATED)
wbs_dat_o[24]                           1.500000    1.660982   -0.160982 (VIOLATED)
wbs_dat_o[0]                            1.500000    1.656451   -0.156451 (VIOLATED)
wbs_dat_o[31]                           1.500000    1.651362   -0.151362 (VIOLATED)
wbs_dat_o[1]                            1.500000    1.640302   -0.140302 (VIOLATED)
u_secure_boot_cp/wb_dat_o[0]            1.500000    1.615321   -0.115321 (VIOLATED)
u_secure_boot_cp/wb_dat_o[13]           1.500000    1.601264   -0.101264 (VIOLATED)
u_secure_boot_cp/wb_dat_o[1]            1.500000    1.597254   -0.097254 (VIOLATED)
u_secure_boot_cp/wb_adr_i[0]            1.500000    1.590942   -0.090942 (VIOLATED)
u_secure_boot_cp/wb_dat_o[28]           1.500000    1.584259   -0.084259 (VIOLATED)
wbs_dat_o[7]                            1.500000    1.581490   -0.081490 (VIOLATED)
wbs_dat_o[6]                            1.500000    1.573633   -0.073633 (VIOLATED)
u_secure_boot_cp/wb_dat_o[24]           1.500000    1.562584   -0.062584 (VIOLATED)
u_secure_boot_cp/wb_dat_i[4]            1.500000    1.555043   -0.055043 (VIOLATED)
io_out[21]                              1.500000    1.554804   -0.054804 (VIOLATED)
u_secure_boot_cp/wb_dat_i[10]           1.500000    1.550122   -0.050122 (VIOLATED)
u_secure_boot_cp/wb_dat_o[31]           1.500000    1.548743   -0.048743 (VIOLATED)
u_secure_boot_cp/wb_dat_o[7]            1.500000    1.541751   -0.041751 (VIOLATED)
u_secure_boot_cp/wb_dat_o[6]            1.500000    1.533594   -0.033594 (VIOLATED)
wbs_dat_o[22]                           1.500000    1.515754   -0.015754 (VIOLATED)
wbs_dat_o[18]                           1.500000    1.515407   -0.015407 (VIOLATED)
io_out[25]                              1.500000    1.509430   -0.009430 (VIOLATED)
u_secure_boot_cp/security_breach        1.500000    1.504502   -0.004502 (VIOLATED)
wbs_dat_i[10]                           1.499372    1.500017   -0.000645 (VIOLATED)

max capacitance

Pin                                        Limit         Cap       Slack
------------------------------------------------------------------------
u_secure_boot_cp/wb_dat_o[14]           0.200000    0.510406   -0.310406 (VIOLATED)
u_secure_boot_cp/wb_dat_o[15]           0.200000    0.484012   -0.284012 (VIOLATED)
u_secure_boot_cp/wb_dat_o[11]           0.200000    0.463632   -0.263632 (VIOLATED)
wbs_dat_i[10]                           0.200000    0.444453   -0.244453 (VIOLATED)
wbs_dat_i[4]                            0.200000    0.412677   -0.212677 (VIOLATED)
wbs_dat_i[22]                           0.200000    0.408255   -0.208255 (VIOLATED)
wbs_dat_i[20]                           0.200000    0.405815   -0.205815 (VIOLATED)
wbs_dat_i[16]                           0.200000    0.405478   -0.205478 (VIOLATED)
u_secure_boot_cp/wb_dat_o[10]           0.200000    0.403595   -0.203595 (VIOLATED)
u_secure_boot_cp/wb_dat_o[12]           0.200000    0.403594   -0.203594 (VIOLATED)
u_secure_boot_cp/wb_dat_o[3]            0.200000    0.401395   -0.201395 (VIOLATED)
wbs_dat_i[7]                            0.200000    0.400449   -0.200449 (VIOLATED)
u_secure_boot_cp/debug_enable           0.200000    0.400366   -0.200366 (VIOLATED)
wbs_dat_i[1]                            0.200000    0.396310   -0.196310 (VIOLATED)
wbs_dat_i[17]                           0.200000    0.394994   -0.194994 (VIOLATED)
wbs_adr_i[9]                            0.200000    0.394203   -0.194203 (VIOLATED)
wbs_adr_i[0]                            0.200000    0.393893   -0.193893 (VIOLATED)
wb_rst_i                                0.200000    0.386682   -0.186682 (VIOLATED)
wbs_adr_i[10]                           0.200000    0.385918   -0.185918 (VIOLATED)
u_secure_boot_cp/wb_dat_o[4]            0.200000    0.383760   -0.183760 (VIOLATED)
u_secure_boot_cp/wb_dat_o[2]            0.200000    0.382699   -0.182699 (VIOLATED)
u_secure_boot_cp/wb_dat_o[21]           0.200000    0.378946   -0.178946 (VIOLATED)
u_secure_boot_cp/wb_dat_o[8]            0.200000    0.377483   -0.177483 (VIOLATED)
wbs_we_i                                0.200000    0.377431   -0.177431 (VIOLATED)
wbs_adr_i[20]                           0.200000    0.376275   -0.176275 (VIOLATED)
wbs_dat_i[6]                            0.200000    0.370387   -0.170387 (VIOLATED)
wbs_sel_i[2]                            0.200000    0.369422   -0.169422 (VIOLATED)
wbs_dat_i[24]                           0.200000    0.367878   -0.167878 (VIOLATED)
wbs_dat_i[18]                           0.200000    0.367748   -0.167748 (VIOLATED)
wbs_dat_i[9]                            0.200000    0.363492   -0.163492 (VIOLATED)
u_secure_boot_cp/safe_led               0.200000    0.362124   -0.162124 (VIOLATED)
wbs_dat_i[12]                           0.200000    0.360658   -0.160658 (VIOLATED)
wbs_sel_i[3]                            0.200000    0.359413   -0.159413 (VIOLATED)
wbs_dat_i[23]                           0.200000    0.359323   -0.159323 (VIOLATED)
u_secure_boot_cp/fsm_error              0.200000    0.355690   -0.155690 (VIOLATED)
u_secure_boot_cp/user_irq               0.200000    0.354372   -0.154372 (VIOLATED)
wbs_adr_i[6]                            0.200000    0.353790   -0.153790 (VIOLATED)
wbs_dat_i[19]                           0.200000    0.352996   -0.152996 (VIOLATED)
wbs_dat_i[25]                           0.200000    0.352559   -0.152559 (VIOLATED)
u_secure_boot_cp/wb_dat_o[5]            0.200000    0.352300   -0.152300 (VIOLATED)
u_secure_boot_cp/wb_ack_o               0.200000    0.352228   -0.152228 (VIOLATED)
u_secure_boot_cp/wb_dat_o[9]            0.200000    0.351059   -0.151059 (VIOLATED)
wbs_dat_i[28]                           0.200000    0.344655   -0.144655 (VIOLATED)
wbs_dat_i[30]                           0.200000    0.344024   -0.144024 (VIOLATED)
wbs_sel_i[0]                            0.200000    0.341199   -0.141199 (VIOLATED)
u_secure_boot_cp/wb_dat_o[0]            0.200000    0.339255   -0.139255 (VIOLATED)
wbs_dat_i[15]                           0.200000    0.335707   -0.135707 (VIOLATED)
u_secure_boot_cp/wb_dat_o[1]            0.200000    0.335327   -0.135327 (VIOLATED)
wbs_adr_i[2]                            0.200000    0.334728   -0.134728 (VIOLATED)
u_secure_boot_cp/wb_dat_o[13]           0.200000    0.333285   -0.133285 (VIOLATED)
u_secure_boot_cp/wb_dat_o[28]           0.200000    0.331530   -0.131530 (VIOLATED)
wbs_adr_i[11]                           0.200000    0.330178   -0.130178 (VIOLATED)
wbs_sel_i[1]                            0.200000    0.329624   -0.129624 (VIOLATED)
wbs_adr_i[16]                           0.200000    0.326404   -0.126404 (VIOLATED)
wbs_dat_i[31]                           0.200000    0.326403   -0.126404 (VIOLATED)
u_secure_boot_cp/wb_dat_o[24]           0.200000    0.326085   -0.126085 (VIOLATED)
wb_clk_i                                0.200000    0.325320   -0.125320 (VIOLATED)
u_secure_boot_cp/wb_dat_o[31]           0.200000    0.323932   -0.123932 (VIOLATED)
u_secure_boot_cp/wb_dat_o[7]            0.200000    0.323820   -0.123820 (VIOLATED)
wbs_cyc_i                               0.200000    0.322196   -0.122196 (VIOLATED)
u_secure_boot_cp/wb_dat_o[6]            0.200000    0.322005   -0.122005 (VIOLATED)
wbs_adr_i[17]                           0.200000    0.321580   -0.121580 (VIOLATED)
wbs_adr_i[3]                            0.200000    0.320212   -0.120212 (VIOLATED)
wbs_stb_i                               0.200000    0.318795   -0.118795 (VIOLATED)
wbs_dat_i[8]                            0.200000    0.318162   -0.118162 (VIOLATED)
wbs_dat_i[5]                            0.200000    0.317118   -0.117118 (VIOLATED)
wbs_adr_i[26]                           0.200000    0.317033   -0.117033 (VIOLATED)
u_secure_boot_cp/security_breach        0.200000    0.316061   -0.116061 (VIOLATED)
wbs_adr_i[1]                            0.200000    0.313558   -0.113558 (VIOLATED)
wbs_dat_i[21]                           0.200000    0.312121   -0.112121 (VIOLATED)
wbs_adr_i[5]                            0.200000    0.307685   -0.107685 (VIOLATED)
wbs_adr_i[31]                           0.200000    0.307014   -0.107014 (VIOLATED)
u_secure_boot_cp/unlock_enable          0.200000    0.304738   -0.104738 (VIOLATED)
wbs_dat_i[3]                            0.200000    0.303294   -0.103294 (VIOLATED)
u_secure_boot_cp/wb_dat_o[16]           0.200000    0.302943   -0.102943 (VIOLATED)
wbs_dat_i[0]                            0.200000    0.302709   -0.102709 (VIOLATED)
u_secure_boot_cp/wb_dat_o[20]           0.200000    0.300985   -0.100985 (VIOLATED)
u_secure_boot_cp/wb_dat_o[17]           0.200000    0.300860   -0.100860 (VIOLATED)
wbs_dat_i[2]                            0.200000    0.299770   -0.099770 (VIOLATED)
u_secure_boot_cp/wb_dat_o[19]           0.200000    0.299159   -0.099159 (VIOLATED)
wbs_adr_i[7]                            0.200000    0.298574   -0.098574 (VIOLATED)
u_secure_boot_cp/wb_dat_o[18]           0.200000    0.297284   -0.097284 (VIOLATED)
u_secure_boot_cp/wb_dat_o[22]           0.200000    0.297195   -0.097195 (VIOLATED)
u_secure_boot_cp/wb_dat_o[23]           0.200000    0.295694   -0.095694 (VIOLATED)
wbs_dat_i[27]                           0.200000    0.295226   -0.095226 (VIOLATED)
wbs_adr_i[4]                            0.200000    0.295063   -0.095063 (VIOLATED)
u_secure_boot_cp/wb_dat_o[27]           0.200000    0.294937   -0.094937 (VIOLATED)
u_secure_boot_cp/wb_dat_o[26]           0.200000    0.293709   -0.093709 (VIOLATED)
wbs_adr_i[8]                            0.200000    0.289784   -0.089784 (VIOLATED)
u_secure_boot_cp/wb_dat_o[25]           0.200000    0.287778   -0.087778 (VIOLATED)
wbs_dat_i[11]                           0.200000    0.286499   -0.086499 (VIOLATED)
wbs_dat_i[14]                           0.200000    0.284825   -0.084825 (VIOLATED)
wbs_dat_i[13]                           0.200000    0.284622   -0.084622 (VIOLATED)
u_secure_boot_cp/group_suspended        0.200000    0.283857   -0.083857 (VIOLATED)
u_secure_boot_cp/wb_dat_o[30]           0.200000    0.282966   -0.082966 (VIOLATED)
u_secure_boot_cp/group_unlocked         0.200000    0.281608   -0.081608 (VIOLATED)
u_secure_boot_cp/wb_dat_o[29]           0.200000    0.281077   -0.081077 (VIOLATED)
io_in[14]                               0.200000    0.280754   -0.080754 (VIOLATED)
wbs_adr_i[12]                           0.200000    0.280703   -0.080703 (VIOLATED)
io_in[13]                               0.200000    0.277085   -0.077085 (VIOLATED)
io_in[15]                               0.200000    0.276690   -0.076690 (VIOLATED)
wbs_adr_i[25]                           0.200000    0.276156   -0.076156 (VIOLATED)
wbs_adr_i[13]                           0.200000    0.271560   -0.071560 (VIOLATED)
wbs_adr_i[14]                           0.200000    0.270288   -0.070288 (VIOLATED)
wbs_adr_i[23]                           0.200000    0.269813   -0.069813 (VIOLATED)
wbs_adr_i[15]                           0.200000    0.268813   -0.068813 (VIOLATED)
io_in[16]                               0.200000    0.268445   -0.068445 (VIOLATED)
wbs_adr_i[24]                           0.200000    0.267202   -0.067202 (VIOLATED)
wbs_adr_i[18]                           0.200000    0.265053   -0.065053 (VIOLATED)
io_in[12]                               0.200000    0.264586   -0.064586 (VIOLATED)
wbs_adr_i[19]                           0.200000    0.263382   -0.063382 (VIOLATED)
wbs_dat_i[26]                           0.200000    0.262581   -0.062581 (VIOLATED)
wbs_adr_i[21]                           0.200000    0.260994   -0.060994 (VIOLATED)
wbs_adr_i[22]                           0.200000    0.260122   -0.060122 (VIOLATED)
wbs_dat_i[29]                           0.200000    0.258553   -0.058553 (VIOLATED)
wbs_adr_i[30]                           0.200000    0.255739   -0.055739 (VIOLATED)
wbs_adr_i[27]                           0.200000    0.253036   -0.053036 (VIOLATED)
wbs_adr_i[28]                           0.200000    0.251590   -0.051590 (VIOLATED)
wbs_adr_i[29]                           0.200000    0.250427   -0.050427 (VIOLATED)
u_secure_boot_cp/group_error            0.200000    0.242081   -0.042081 (VIOLATED)
io_in[17]                               0.200000    0.239481   -0.039481 (VIOLATED)
io_in[18]                               0.200000    0.212867   -0.012867 (VIOLATED)
io_in[11]                               0.200000    0.206231   -0.006231 (VIOLATED)



===========================================================================
report_parasitic_annotation -report_unannotated
============================================================================
Found 508 unannotated drivers.
 analog_io[0]
 analog_io[10]
 analog_io[11]
 analog_io[12]
 analog_io[13]
 analog_io[14]
 analog_io[15]
 analog_io[16]
 analog_io[17]
 analog_io[18]
 analog_io[19]
 analog_io[1]
 analog_io[20]
 analog_io[21]
 analog_io[22]
 analog_io[23]
 analog_io[24]
 analog_io[25]
 analog_io[26]
 analog_io[27]
 analog_io[28]
 analog_io[2]
 analog_io[3]
 analog_io[4]
 analog_io[5]
 analog_io[6]
 analog_io[7]
 analog_io[8]
 analog_io[9]
 io_in[0]
 io_in[1]
 io_in[21]
 io_in[22]
 io_in[23]
 io_in[24]
 io_in[25]
 io_in[26]
 io_in[27]
 io_in[28]
 io_in[29]
 io_in[2]
 io_in[30]
 io_in[31]
 io_in[32]
 io_in[33]
 io_in[34]
 io_in[35]
 io_in[36]
 io_in[37]
 io_in[3]
 io_in[4]
 io_in[5]
 io_in[6]
 la_data_in[0]
 la_data_in[100]
 la_data_in[101]
 la_data_in[102]
 la_data_in[103]
 la_data_in[104]
 la_data_in[105]
 la_data_in[106]
 la_data_in[107]
 la_data_in[108]
 la_data_in[109]
 la_data_in[10]
 la_data_in[110]
 la_data_in[111]
 la_data_in[112]
 la_data_in[113]
 la_data_in[114]
 la_data_in[115]
 la_data_in[116]
 la_data_in[117]
 la_data_in[118]
 la_data_in[119]
 la_data_in[11]
 la_data_in[120]
 la_data_in[121]
 la_data_in[122]
 la_data_in[123]
 la_data_in[124]
 la_data_in[125]
 la_data_in[126]
 la_data_in[127]
 la_data_in[12]
 la_data_in[13]
 la_data_in[14]
 la_data_in[15]
 la_data_in[16]
 la_data_in[17]
 la_data_in[18]
 la_data_in[19]
 la_data_in[1]
 la_data_in[20]
 la_data_in[21]
 la_data_in[22]
 la_data_in[23]
 la_data_in[24]
 la_data_in[25]
 la_data_in[26]
 la_data_in[27]
 la_data_in[28]
 la_data_in[29]
 la_data_in[2]
 la_data_in[30]
 la_data_in[31]
 la_data_in[32]
 la_data_in[33]
 la_data_in[34]
 la_data_in[35]
 la_data_in[36]
 la_data_in[37]
 la_data_in[38]
 la_data_in[39]
 la_data_in[3]
 la_data_in[40]
 la_data_in[41]
 la_data_in[42]
 la_data_in[43]
 la_data_in[44]
 la_data_in[45]
 la_data_in[46]
 la_data_in[47]
 la_data_in[48]
 la_data_in[49]
 la_data_in[4]
 la_data_in[50]
 la_data_in[51]
 la_data_in[52]
 la_data_in[53]
 la_data_in[54]
 la_data_in[55]
 la_data_in[56]
 la_data_in[57]
 la_data_in[58]
 la_data_in[59]
 la_data_in[5]
 la_data_in[60]
 la_data_in[61]
 la_data_in[62]
 la_data_in[63]
 la_data_in[64]
 la_data_in[65]
 la_data_in[66]
 la_data_in[67]
 la_data_in[68]
 la_data_in[69]
 la_data_in[6]
 la_data_in[70]
 la_data_in[71]
 la_data_in[72]
 la_data_in[73]
 la_data_in[74]
 la_data_in[75]
 la_data_in[76]
 la_data_in[77]
 la_data_in[78]
 la_data_in[79]
 la_data_in[7]
 la_data_in[80]
 la_data_in[81]
 la_data_in[82]
 la_data_in[83]
 la_data_in[84]
 la_data_in[85]
 la_data_in[86]
 la_data_in[87]
 la_data_in[88]
 la_data_in[89]
 la_data_in[8]
 la_data_in[90]
 la_data_in[91]
 la_data_in[92]
 la_data_in[93]
 la_data_in[94]
 la_data_in[95]
 la_data_in[96]
 la_data_in[97]
 la_data_in[98]
 la_data_in[99]
 la_data_in[9]
 la_oenb[0]
 la_oenb[100]
 la_oenb[101]
 la_oenb[102]
 la_oenb[103]
 la_oenb[104]
 la_oenb[105]
 la_oenb[106]
 la_oenb[107]
 la_oenb[108]
 la_oenb[109]
 la_oenb[10]
 la_oenb[110]
 la_oenb[111]
 la_oenb[112]
 la_oenb[113]
 la_oenb[114]
 la_oenb[115]
 la_oenb[116]
 la_oenb[117]
 la_oenb[118]
 la_oenb[119]
 la_oenb[11]
 la_oenb[120]
 la_oenb[121]
 la_oenb[122]
 la_oenb[123]
 la_oenb[124]
 la_oenb[125]
 la_oenb[126]
 la_oenb[127]
 la_oenb[12]
 la_oenb[13]
 la_oenb[14]
 la_oenb[15]
 la_oenb[16]
 la_oenb[17]
 la_oenb[18]
 la_oenb[19]
 la_oenb[1]
 la_oenb[20]
 la_oenb[21]
 la_oenb[22]
 la_oenb[23]
 la_oenb[24]
 la_oenb[25]
 la_oenb[26]
 la_oenb[27]
 la_oenb[28]
 la_oenb[29]
 la_oenb[2]
 la_oenb[30]
 la_oenb[31]
 la_oenb[32]
 la_oenb[33]
 la_oenb[34]
 la_oenb[35]
 la_oenb[36]
 la_oenb[37]
 la_oenb[38]
 la_oenb[39]
 la_oenb[3]
 la_oenb[40]
 la_oenb[41]
 la_oenb[42]
 la_oenb[43]
 la_oenb[44]
 la_oenb[45]
 la_oenb[46]
 la_oenb[47]
 la_oenb[48]
 la_oenb[49]
 la_oenb[4]
 la_oenb[50]
 la_oenb[51]
 la_oenb[52]
 la_oenb[53]
 la_oenb[54]
 la_oenb[55]
 la_oenb[56]
 la_oenb[57]
 la_oenb[58]
 la_oenb[59]
 la_oenb[5]
 la_oenb[60]
 la_oenb[61]
 la_oenb[62]
 la_oenb[63]
 la_oenb[64]
 la_oenb[65]
 la_oenb[66]
 la_oenb[67]
 la_oenb[68]
 la_oenb[69]
 la_oenb[6]
 la_oenb[70]
 la_oenb[71]
 la_oenb[72]
 la_oenb[73]
 la_oenb[74]
 la_oenb[75]
 la_oenb[76]
 la_oenb[77]
 la_oenb[78]
 la_oenb[79]
 la_oenb[7]
 la_oenb[80]
 la_oenb[81]
 la_oenb[82]
 la_oenb[83]
 la_oenb[84]
 la_oenb[85]
 la_oenb[86]
 la_oenb[87]
 la_oenb[88]
 la_oenb[89]
 la_oenb[8]
 la_oenb[90]
 la_oenb[91]
 la_oenb[92]
 la_oenb[93]
 la_oenb[94]
 la_oenb[95]
 la_oenb[96]
 la_oenb[97]
 la_oenb[98]
 la_oenb[99]
 la_oenb[9]
 user_clock2
 gen_irq\[1\].u_tie_irq/HI
 gen_irq\[2\].u_tie_irq/HI
 gen_la\[0\].u_tie_la/HI
 gen_la\[100\].u_tie_la/HI
 gen_la\[101\].u_tie_la/HI
 gen_la\[102\].u_tie_la/HI
 gen_la\[103\].u_tie_la/HI
 gen_la\[104\].u_tie_la/HI
 gen_la\[105\].u_tie_la/HI
 gen_la\[106\].u_tie_la/HI
 gen_la\[107\].u_tie_la/HI
 gen_la\[108\].u_tie_la/HI
 gen_la\[109\].u_tie_la/HI
 gen_la\[10\].u_tie_la/HI
 gen_la\[110\].u_tie_la/HI
 gen_la\[111\].u_tie_la/HI
 gen_la\[112\].u_tie_la/HI
 gen_la\[113\].u_tie_la/HI
 gen_la\[114\].u_tie_la/HI
 gen_la\[115\].u_tie_la/HI
 gen_la\[116\].u_tie_la/HI
 gen_la\[117\].u_tie_la/HI
 gen_la\[118\].u_tie_la/HI
 gen_la\[119\].u_tie_la/HI
 gen_la\[11\].u_tie_la/HI
 gen_la\[120\].u_tie_la/HI
 gen_la\[121\].u_tie_la/HI
 gen_la\[122\].u_tie_la/HI
 gen_la\[123\].u_tie_la/HI
 gen_la\[124\].u_tie_la/HI
 gen_la\[125\].u_tie_la/HI
 gen_la\[126\].u_tie_la/HI
 gen_la\[127\].u_tie_la/HI
 gen_la\[12\].u_tie_la/HI
 gen_la\[13\].u_tie_la/HI
 gen_la\[14\].u_tie_la/HI
 gen_la\[15\].u_tie_la/HI
 gen_la\[16\].u_tie_la/HI
 gen_la\[17\].u_tie_la/HI
 gen_la\[18\].u_tie_la/HI
 gen_la\[19\].u_tie_la/HI
 gen_la\[1\].u_tie_la/HI
 gen_la\[20\].u_tie_la/HI
 gen_la\[21\].u_tie_la/HI
 gen_la\[22\].u_tie_la/HI
 gen_la\[23\].u_tie_la/HI
 gen_la\[24\].u_tie_la/HI
 gen_la\[25\].u_tie_la/HI
 gen_la\[26\].u_tie_la/HI
 gen_la\[27\].u_tie_la/HI
 gen_la\[28\].u_tie_la/HI
 gen_la\[29\].u_tie_la/HI
 gen_la\[2\].u_tie_la/HI
 gen_la\[30\].u_tie_la/HI
 gen_la\[31\].u_tie_la/HI
 gen_la\[32\].u_tie_la/HI
 gen_la\[33\].u_tie_la/HI
 gen_la\[34\].u_tie_la/HI
 gen_la\[35\].u_tie_la/HI
 gen_la\[36\].u_tie_la/HI
 gen_la\[37\].u_tie_la/HI
 gen_la\[38\].u_tie_la/HI
 gen_la\[39\].u_tie_la/HI
 gen_la\[3\].u_tie_la/HI
 gen_la\[40\].u_tie_la/HI
 gen_la\[41\].u_tie_la/HI
 gen_la\[42\].u_tie_la/HI
 gen_la\[43\].u_tie_la/HI
 gen_la\[44\].u_tie_la/HI
 gen_la\[45\].u_tie_la/HI
 gen_la\[46\].u_tie_la/HI
 gen_la\[47\].u_tie_la/HI
 gen_la\[48\].u_tie_la/HI
 gen_la\[49\].u_tie_la/HI
 gen_la\[4\].u_tie_la/HI
 gen_la\[50\].u_tie_la/HI
 gen_la\[51\].u_tie_la/HI
 gen_la\[52\].u_tie_la/HI
 gen_la\[53\].u_tie_la/HI
 gen_la\[54\].u_tie_la/HI
 gen_la\[55\].u_tie_la/HI
 gen_la\[56\].u_tie_la/HI
 gen_la\[57\].u_tie_la/HI
 gen_la\[58\].u_tie_la/HI
 gen_la\[59\].u_tie_la/HI
 gen_la\[5\].u_tie_la/HI
 gen_la\[60\].u_tie_la/HI
 gen_la\[61\].u_tie_la/HI
 gen_la\[62\].u_tie_la/HI
 gen_la\[63\].u_tie_la/HI
 gen_la\[64\].u_tie_la/HI
 gen_la\[65\].u_tie_la/HI
 gen_la\[66\].u_tie_la/HI
 gen_la\[67\].u_tie_la/HI
 gen_la\[68\].u_tie_la/HI
 gen_la\[69\].u_tie_la/HI
 gen_la\[6\].u_tie_la/HI
 gen_la\[70\].u_tie_la/HI
 gen_la\[71\].u_tie_la/HI
 gen_la\[72\].u_tie_la/HI
 gen_la\[73\].u_tie_la/HI
 gen_la\[74\].u_tie_la/HI
 gen_la\[75\].u_tie_la/HI
 gen_la\[76\].u_tie_la/HI
 gen_la\[77\].u_tie_la/HI
 gen_la\[78\].u_tie_la/HI
 gen_la\[79\].u_tie_la/HI
 gen_la\[7\].u_tie_la/HI
 gen_la\[80\].u_tie_la/HI
 gen_la\[81\].u_tie_la/HI
 gen_la\[82\].u_tie_la/HI
 gen_la\[83\].u_tie_la/HI
 gen_la\[84\].u_tie_la/HI
 gen_la\[85\].u_tie_la/HI
 gen_la\[86\].u_tie_la/HI
 gen_la\[87\].u_tie_la/HI
 gen_la\[88\].u_tie_la/HI
 gen_la\[89\].u_tie_la/HI
 gen_la\[8\].u_tie_la/HI
 gen_la\[90\].u_tie_la/HI
 gen_la\[91\].u_tie_la/HI
 gen_la\[92\].u_tie_la/HI
 gen_la\[93\].u_tie_la/HI
 gen_la\[94\].u_tie_la/HI
 gen_la\[95\].u_tie_la/HI
 gen_la\[96\].u_tie_la/HI
 gen_la\[97\].u_tie_la/HI
 gen_la\[98\].u_tie_la/HI
 gen_la\[99\].u_tie_la/HI
 gen_la\[9\].u_tie_la/HI
 genblk3\[0\].u_tie_io_out_low0/HI
 genblk3\[1\].u_tie_io_out_low0/HI
 genblk3\[2\].u_tie_io_out_low0/HI
 genblk3\[3\].u_tie_io_out_low0/HI
 genblk3\[4\].u_tie_io_out_low0/HI
 genblk4\[10\].u_tie_io_out_low1/HI
 genblk4\[11\].u_tie_io_out_low1/HI
 genblk4\[12\].u_tie_io_out_low1/HI
 genblk4\[13\].u_tie_io_out_low1/HI
 genblk4\[14\].u_tie_io_out_low1/HI
 genblk4\[15\].u_tie_io_out_low1/HI
 genblk4\[16\].u_tie_io_out_low1/HI
 genblk4\[17\].u_tie_io_out_low1/HI
 genblk4\[18\].u_tie_io_out_low1/HI
 genblk4\[19\].u_tie_io_out_low1/HI
 genblk4\[20\].u_tie_io_out_low1/HI
 genblk4\[5\].u_tie_io_out_low1/HI
 genblk4\[6\].u_tie_io_out_low1/HI
 genblk4\[7\].u_tie_io_out_low1/HI
 genblk4\[8\].u_tie_io_out_low1/HI
 genblk4\[9\].u_tie_io_out_low1/HI
 genblk5\[29\].u_tie_io_out_low2/HI
 genblk5\[30\].u_tie_io_out_low2/HI
 genblk5\[31\].u_tie_io_out_low2/HI
 genblk5\[32\].u_tie_io_out_low2/HI
 genblk5\[33\].u_tie_io_out_low2/HI
 genblk5\[34\].u_tie_io_out_low2/HI
 genblk5\[35\].u_tie_io_out_low2/HI
 genblk5\[36\].u_tie_io_out_low2/HI
 genblk5\[37\].u_tie_io_out_low2/HI
 genblk6\[0\].u_tie_io_oeb_hi0/LO
 genblk6\[1\].u_tie_io_oeb_hi0/LO
 genblk6\[2\].u_tie_io_oeb_hi0/LO
 genblk6\[3\].u_tie_io_oeb_hi0/LO
 genblk6\[4\].u_tie_io_oeb_hi0/LO
 genblk7\[10\].u_tie_io_oeb_hi1/LO
 genblk7\[11\].u_tie_io_oeb_hi1/LO
 genblk7\[12\].u_tie_io_oeb_hi1/LO
 genblk7\[13\].u_tie_io_oeb_hi1/LO
 genblk7\[14\].u_tie_io_oeb_hi1/LO
 genblk7\[15\].u_tie_io_oeb_hi1/LO
 genblk7\[16\].u_tie_io_oeb_hi1/LO
 genblk7\[17\].u_tie_io_oeb_hi1/LO
 genblk7\[18\].u_tie_io_oeb_hi1/LO
 genblk7\[19\].u_tie_io_oeb_hi1/LO
 genblk7\[20\].u_tie_io_oeb_hi1/LO
 genblk7\[5\].u_tie_io_oeb_hi1/LO
 genblk7\[6\].u_tie_io_oeb_hi1/LO
 genblk7\[7\].u_tie_io_oeb_hi1/LO
 genblk7\[8\].u_tie_io_oeb_hi1/LO
 genblk7\[9\].u_tie_io_oeb_hi1/LO
 genblk8\[21\].u_tie_io_oeb_lo2/HI
 genblk8\[22\].u_tie_io_oeb_lo2/HI
 genblk8\[23\].u_tie_io_oeb_lo2/HI
 genblk8\[24\].u_tie_io_oeb_lo2/HI
 genblk8\[25\].u_tie_io_oeb_lo2/HI
 genblk8\[26\].u_tie_io_oeb_lo2/HI
 genblk8\[27\].u_tie_io_oeb_lo2/HI
 genblk8\[28\].u_tie_io_oeb_lo2/HI
 genblk9\[29\].u_tie_io_oeb_hi3/LO
 genblk9\[30\].u_tie_io_oeb_hi3/LO
 genblk9\[31\].u_tie_io_oeb_hi3/LO
 genblk9\[32\].u_tie_io_oeb_hi3/LO
 genblk9\[33\].u_tie_io_oeb_hi3/LO
 genblk9\[34\].u_tie_io_oeb_hi3/LO
 genblk9\[35\].u_tie_io_oeb_hi3/LO
 genblk9\[36\].u_tie_io_oeb_hi3/LO
 genblk9\[37\].u_tie_io_oeb_hi3/LO
Found 0 partially unannotated drivers.

===========================================================================
max slew violation count 60
max fanout violation count 0
max cap violation count 123
============================================================================

===========================================================================
check_setup -verbose -unconstrained_endpoints -multiple_clock -no_clock -no_input_delay -loops -generated_clocks
===========================================================================
Warning: There are 227 unconstrained endpoints.
  analog_io[0]
  analog_io[10]
  analog_io[11]
  analog_io[12]
  analog_io[13]
  analog_io[14]
  analog_io[15]
  analog_io[16]
  analog_io[17]
  analog_io[18]
  analog_io[19]
  analog_io[1]
  analog_io[20]
  analog_io[21]
  analog_io[22]
  analog_io[23]
  analog_io[24]
  analog_io[25]
  analog_io[26]
  analog_io[27]
  analog_io[28]
  analog_io[2]
  analog_io[3]
  analog_io[4]
  analog_io[5]
  analog_io[6]
  analog_io[7]
  analog_io[8]
  analog_io[9]
  io_oeb[0]
  io_oeb[10]
  io_oeb[11]
  io_oeb[12]
  io_oeb[13]
  io_oeb[14]
  io_oeb[15]
  io_oeb[16]
  io_oeb[17]
  io_oeb[18]
  io_oeb[19]
  io_oeb[1]
  io_oeb[20]
  io_oeb[21]
  io_oeb[22]
  io_oeb[23]
  io_oeb[24]
  io_oeb[25]
  io_oeb[26]
  io_oeb[27]
  io_oeb[28]
  io_oeb[29]
  io_oeb[2]
  io_oeb[30]
  io_oeb[31]
  io_oeb[32]
  io_oeb[33]
  io_oeb[34]
  io_oeb[35]
  io_oeb[36]
  io_oeb[37]
  io_oeb[3]
  io_oeb[4]
  io_oeb[5]
  io_oeb[6]
  io_oeb[7]
  io_oeb[8]
  io_oeb[9]
  io_out[0]
  io_out[10]
  io_out[11]
  io_out[12]
  io_out[13]
  io_out[14]
  io_out[15]
  io_out[16]
  io_out[17]
  io_out[18]
  io_out[19]
  io_out[1]
  io_out[20]
  io_out[29]
  io_out[2]
  io_out[30]
  io_out[31]
  io_out[32]
  io_out[33]
  io_out[34]
  io_out[35]
  io_out[36]
  io_out[37]
  io_out[3]
  io_out[4]
  io_out[5]
  io_out[6]
  io_out[7]
  io_out[8]
  io_out[9]
  la_data_out[0]
  la_data_out[100]
  la_data_out[101]
  la_data_out[102]
  la_data_out[103]
  la_data_out[104]
  la_data_out[105]
  la_data_out[106]
  la_data_out[107]
  la_data_out[108]
  la_data_out[109]
  la_data_out[10]
  la_data_out[110]
  la_data_out[111]
  la_data_out[112]
  la_data_out[113]
  la_data_out[114]
  la_data_out[115]
  la_data_out[116]
  la_data_out[117]
  la_data_out[118]
  la_data_out[119]
  la_data_out[11]
  la_data_out[120]
  la_data_out[121]
  la_data_out[122]
  la_data_out[123]
  la_data_out[124]
  la_data_out[125]
  la_data_out[126]
  la_data_out[127]
  la_data_out[12]
  la_data_out[13]
  la_data_out[14]
  la_data_out[15]
  la_data_out[16]
  la_data_out[17]
  la_data_out[18]
  la_data_out[19]
  la_data_out[1]
  la_data_out[20]
  la_data_out[21]
  la_data_out[22]
  la_data_out[23]
  la_data_out[24]
  la_data_out[25]
  la_data_out[26]
  la_data_out[27]
  la_data_out[28]
  la_data_out[29]
  la_data_out[2]
  la_data_out[30]
  la_data_out[31]
  la_data_out[32]
  la_data_out[33]
  la_data_out[34]
  la_data_out[35]
  la_data_out[36]
  la_data_out[37]
  la_data_out[38]
  la_data_out[39]
  la_data_out[3]
  la_data_out[40]
  la_data_out[41]
  la_data_out[42]
  la_data_out[43]
  la_data_out[44]
  la_data_out[45]
  la_data_out[46]
  la_data_out[47]
  la_data_out[48]
  la_data_out[49]
  la_data_out[4]
  la_data_out[50]
  la_data_out[51]
  la_data_out[52]
  la_data_out[53]
  la_data_out[54]
  la_data_out[55]
  la_data_out[56]
  la_data_out[57]
  la_data_out[58]
  la_data_out[59]
  la_data_out[5]
  la_data_out[60]
  la_data_out[61]
  la_data_out[62]
  la_data_out[63]
  la_data_out[64]
  la_data_out[65]
  la_data_out[66]
  la_data_out[67]
  la_data_out[68]
  la_data_out[69]
  la_data_out[6]
  la_data_out[70]
  la_data_out[71]
  la_data_out[72]
  la_data_out[73]
  la_data_out[74]
  la_data_out[75]
  la_data_out[76]
  la_data_out[77]
  la_data_out[78]
  la_data_out[79]
  la_data_out[7]
  la_data_out[80]
  la_data_out[81]
  la_data_out[82]
  la_data_out[83]
  la_data_out[84]
  la_data_out[85]
  la_data_out[86]
  la_data_out[87]
  la_data_out[88]
  la_data_out[89]
  la_data_out[8]
  la_data_out[90]
  la_data_out[91]
  la_data_out[92]
  la_data_out[93]
  la_data_out[94]
  la_data_out[95]
  la_data_out[96]
  la_data_out[97]
  la_data_out[98]
  la_data_out[99]
  la_data_out[9]
  user_irq[1]
  user_irq[2]
