
===========================================================================
 report_power
============================================================================
======================= min_ff_n40C_1v95 Corner ===================================

Group                    Internal    Switching      Leakage        Total
                            Power        Power        Power        Power (Watts)
------------------------------------------------------------------------
Sequential           2.030267e-04 1.074220e-05 1.444187e-09 2.137703e-04  79.3%
Combinational        1.066189e-05 4.511213e-05 4.589877e-09 5.577861e-05  20.7%
Clock                0.000000e+00 0.000000e+00 9.779711e-09 9.779711e-09   0.0%
Macro                0.000000e+00 0.000000e+00 0.000000e+00 0.000000e+00   0.0%
Pad                  0.000000e+00 0.000000e+00 0.000000e+00 0.000000e+00   0.0%
------------------------------------------------------------------------
Total                2.136886e-04 5.585433e-05 1.581376e-08 2.695587e-04 100.0%
                            79.3%        20.7%         0.0%

