
===========================================================================
report_checks -unconstrained
===========================================================================
======================= nom_ff_n40C_1v95 Corner ===================================

Startpoint: _432_ (rising edge-triggered flip-flop clocked by clk)
Endpoint: unlock_enable (output port clocked by clk)
Path Group: clk
Path Type: max

Fanout         Cap        Slew       Delay        Time   Description
---------------------------------------------------------------------------------------------
                                  0.000000    0.000000   clock clk (rise edge)
                                  0.000000    0.000000   clock source latency
     1    0.018825    0.067628    0.046645    0.046645 ^ clk (in)
                                                         clk (net)
                      0.067668    0.000000    0.046645 ^ clkbuf_0_clk/A (sky130_fd_sc_hd__clkbuf_16)
     4    0.041621    0.046431    0.107973    0.154617 ^ clkbuf_0_clk/X (sky130_fd_sc_hd__clkbuf_16)
                                                         clknet_0_clk (net)
                      0.046446    0.000761    0.155379 ^ clkbuf_2_3__f_clk/A (sky130_fd_sc_hd__clkbuf_16)
    14    0.047747    0.050665    0.105370    0.260749 ^ clkbuf_2_3__f_clk/X (sky130_fd_sc_hd__clkbuf_16)
                                                         clknet_2_3__leaf_clk (net)
                      0.050680    0.000855    0.261604 ^ _432_/CLK (sky130_fd_sc_hd__dfxtp_1)
     4    0.009632    0.074406    0.223204    0.484808 ^ _432_/Q (sky130_fd_sc_hd__dfxtp_1)
                                                         net21 (net)
                      0.074406    0.000173    0.484981 ^ hold11/A (sky130_fd_sc_hd__dlygate4sd3_1)
     1    0.004745    0.050447    0.390332    0.875313 ^ hold11/X (sky130_fd_sc_hd__dlygate4sd3_1)
                                                         net93 (net)
                      0.050447    0.000090    0.875403 ^ _211_/A (sky130_fd_sc_hd__inv_2)
     6    0.019862    0.035939    0.041126    0.916529 v _211_/Y (sky130_fd_sc_hd__inv_2)
                                                         _053_ (net)
                      0.035956    0.000645    0.917174 v _227_/B (sky130_fd_sc_hd__or3b_2)
     4    0.015315    0.078566    0.289471    1.206645 v _227_/X (sky130_fd_sc_hd__or3b_2)
                                                         _065_ (net)
                      0.078592    0.000461    1.207107 v _228_/A (sky130_fd_sc_hd__inv_2)
     8    0.041533    0.144696    0.137599    1.344705 ^ _228_/Y (sky130_fd_sc_hd__inv_2)
                                                         net16 (net)
                      0.144708    0.001119    1.345824 ^ _487_/A (sky130_fd_sc_hd__clkbuf_1)
     1    0.002543    0.031571    0.059019    1.404843 ^ _487_/X (sky130_fd_sc_hd__clkbuf_1)
                                                         net76 (net)
                      0.031571    0.000074    1.404917 ^ output76/A (sky130_fd_sc_hd__buf_2)
     1    0.034574    0.129366    0.138047    1.542965 ^ output76/X (sky130_fd_sc_hd__buf_2)
                                                         unlock_enable (net)
                      0.129373    0.000811    1.543776 ^ unlock_enable (out)
                                              1.543776   data arrival time

                                 25.000000   25.000000   clock clk (rise edge)
                                  0.000000   25.000000   clock network delay (propagated)
                                 -0.250000   24.750000   clock uncertainty
                                  0.000000   24.750000   clock reconvergence pessimism
                                 -5.000000   19.750000   output external delay
                                             19.750000   data required time
---------------------------------------------------------------------------------------------
                                             19.750000   data required time
                                             -1.543776   data arrival time
---------------------------------------------------------------------------------------------
                                             18.206223   slack (MET)




===========================================================================
report_checks --slack_max -0.01
============================================================================
======================= nom_ff_n40C_1v95 Corner ===================================

No paths found.


===========================================================================
 report_check_types -max_slew -max_cap -max_fanout -violators
============================================================================
======================= nom_ff_n40C_1v95 Corner ===================================

max fanout

Pin                                   Limit Fanout  Slack
---------------------------------------------------------
clkbuf_2_0__f_clk/X                      10     14     -4 (VIOLATED)
clkbuf_2_1__f_clk/X                      10     14     -4 (VIOLATED)
clkbuf_2_3__f_clk/X                      10     14     -4 (VIOLATED)
clkbuf_2_2__f_clk/X                      10     13     -3 (VIOLATED)



===========================================================================
report_parasitic_annotation -report_unannotated
============================================================================
Found 3 unannotated drivers.
 clkload0/X
 clkload1/X
 clkload2/X
Found 0 partially unannotated drivers.

===========================================================================
max slew violation count 0
max fanout violation count 4
max cap violation count 0
============================================================================

===========================================================================
check_setup -verbose -unconstrained_endpoints -multiple_clock -no_clock -no_input_delay -loops -generated_clocks
===========================================================================
