Clock: clk
Sources: clk 
Generated: no
Virtual: yes
Propagated: no
Period: 25.000000

===========================================================================
report_clock_properties
============================================================================
Clock                   Period          Waveform
----------------------------------------------------
clk                  25.000000    0.000000 12.500000

===========================================================================
report_clock_latency
============================================================================
Clock clk
rise -> rise
    min     max
0.000000 0.000000 source latency
0.260735         network latency _450_/CLK
        0.263015 network latency _465_/CLK
---------------
0.260735 0.263015 latency
        0.002281 skew

fall -> fall
    min     max
0.000000 0.000000 source latency
0.238990         network latency _450_/CLK
        0.240936 network latency _465_/CLK
---------------
0.238990 0.240936 latency
        0.001946 skew



===========================================================================
report_clock_min_period
============================================================================
clk period_min = 2.17 fmax = 461.60
