
===========================================================================
 report_power
============================================================================
======================= nom_ff_n40C_1v95 Corner ===================================

Group                    Internal    Switching      Leakage        Total
                            Power        Power        Power        Power (Watts)
------------------------------------------------------------------------
Sequential           9.801689e-05 2.063197e-06 7.640971e-10 1.000809e-04  48.7%
Combinational        8.004999e-06 1.397213e-05 2.278792e-09 2.197940e-05  10.7%
Clock                4.812211e-05 3.513263e-05 6.182684e-10 8.325536e-05  40.5%
Macro                0.000000e+00 0.000000e+00 0.000000e+00 0.000000e+00   0.0%
Pad                  0.000000e+00 0.000000e+00 0.000000e+00 0.000000e+00   0.0%
------------------------------------------------------------------------
Total                1.541440e-04 5.116797e-05 3.661158e-09 2.053156e-04 100.0%
                            75.1%        24.9%         0.0%

