
===========================================================================
report_checks -unconstrained
===========================================================================
======================= max_ss_100C_1v60 Corner ===================================

Startpoint: wb_rst_i (input port clocked by wb_clk_i)
Endpoint: _671_ (recovery check against rising-edge clock wb_clk_i)
Path Group: asynchronous
Path Type: max

Fanout         Cap        Slew       Delay        Time   Description
---------------------------------------------------------------------------------------------
                                  0.000000    0.000000   clock wb_clk_i (rise edge)
                                  0.000000    0.000000   clock network delay (propagated)
                                  5.000000    5.000000 v input external delay
     2    0.008032    0.039335    0.025449    5.025450 v wb_rst_i (in)
                                                         wb_rst_i (net)
                      0.039338    0.000000    5.025450 v input23/A (sky130_fd_sc_hd__clkbuf_1)
     1    0.003584    0.058204    0.153650    5.179099 v input23/X (sky130_fd_sc_hd__clkbuf_1)
                                                         net23 (net)
                      0.058204    0.000215    5.179314 v fanout89/A (sky130_fd_sc_hd__buf_2)
    11    0.054423    0.247326    0.400936    5.580250 v fanout89/X (sky130_fd_sc_hd__buf_2)
                                                         net89 (net)
                      0.247399    0.004109    5.584359 v fanout84/A (sky130_fd_sc_hd__clkbuf_4)
    10    0.049706    0.189195    0.444035    6.028394 v fanout84/X (sky130_fd_sc_hd__clkbuf_4)
                                                         net84 (net)
                      0.189211    0.002000    6.030394 v fanout83/A (sky130_fd_sc_hd__buf_4)
    10    0.056447    0.147842    0.395504    6.425898 v fanout83/X (sky130_fd_sc_hd__buf_4)
                                                         net83 (net)
                      0.148029    0.004754    6.430653 v _339_/A (sky130_fd_sc_hd__inv_2)
     7    0.028444    0.213300    0.231249    6.661902 ^ _339_/Y (sky130_fd_sc_hd__inv_2)
                                                         _038_ (net)
                      0.213327    0.002010    6.663912 ^ fanout82/A (sky130_fd_sc_hd__clkbuf_4)
    21    0.068768    0.329811    0.503793    7.167705 ^ fanout82/X (sky130_fd_sc_hd__clkbuf_4)
                                                         net82 (net)
                      0.329828    0.002792    7.170496 ^ _671_/RESET_B (sky130_fd_sc_hd__dfrtp_1)
                                              7.170496   data arrival time

                                 25.000000   25.000000   clock wb_clk_i (rise edge)
                                  0.000000   25.000000   clock source latency
     2    0.024712    0.183110    0.126532   25.126532 ^ wb_clk_i (in)
                                                         wb_clk_i (net)
                      0.183176    0.000000   25.126532 ^ clkbuf_0_wb_clk_i/A (sky130_fd_sc_hd__clkbuf_16)
    17    0.112974    0.194262    0.378806   25.505337 ^ clkbuf_0_wb_clk_i/X (sky130_fd_sc_hd__clkbuf_16)
                                                         clknet_0_wb_clk_i (net)
                      0.194649    0.006189   25.511526 ^ clkbuf_3_4__f_wb_clk_i/A (sky130_fd_sc_hd__clkbuf_16)
    12    0.044073    0.099190    0.311211   25.822737 ^ clkbuf_3_4__f_wb_clk_i/X (sky130_fd_sc_hd__clkbuf_16)
                                                         clknet_3_4__leaf_wb_clk_i (net)
                      0.099319    0.002752   25.825489 ^ _671_/CLK (sky130_fd_sc_hd__dfrtp_1)
                                 -0.250000   25.575489   clock uncertainty
                                  0.000000   25.575489   clock reconvergence pessimism
                                  0.376282   25.951771   library recovery time
                                             25.951771   data required time
---------------------------------------------------------------------------------------------
                                             25.951771   data required time
                                             -7.170496   data arrival time
---------------------------------------------------------------------------------------------
                                             18.781275   slack (MET)


Startpoint: _718_ (rising edge-triggered flip-flop clocked by wb_clk_i)
Endpoint: security_breach (output port clocked by wb_clk_i)
Path Group: wb_clk_i
Path Type: max

Fanout         Cap        Slew       Delay        Time   Description
---------------------------------------------------------------------------------------------
                                  0.000000    0.000000   clock wb_clk_i (rise edge)
                                  0.000000    0.000000   clock source latency
     2    0.024712    0.183110    0.126532    0.126532 ^ wb_clk_i (in)
                                                         wb_clk_i (net)
                      0.183176    0.000000    0.126532 ^ clkbuf_0_wb_clk_i/A (sky130_fd_sc_hd__clkbuf_16)
    17    0.112974    0.194262    0.378806    0.505338 ^ clkbuf_0_wb_clk_i/X (sky130_fd_sc_hd__clkbuf_16)
                                                         clknet_0_wb_clk_i (net)
                      0.194384    0.004527    0.509865 ^ clkbuf_3_6__f_wb_clk_i/A (sky130_fd_sc_hd__clkbuf_16)
    10    0.043505    0.098316    0.310654    0.820519 ^ clkbuf_3_6__f_wb_clk_i/X (sky130_fd_sc_hd__clkbuf_16)
                                                         clknet_3_6__leaf_wb_clk_i (net)
                      0.098426    0.002589    0.823108 ^ _718_/CLK (sky130_fd_sc_hd__dfxtp_1)
     4    0.008826    0.149893    0.701974    1.525082 ^ _718_/Q (sky130_fd_sc_hd__dfxtp_1)
                                                         u_system.u_global.state[4] (net)
                      0.149893    0.000265    1.525347 ^ hold15/A (sky130_fd_sc_hd__dlygate4sd3_1)
     1    0.005338    0.126085    1.108365    2.633712 ^ hold15/X (sky130_fd_sc_hd__dlygate4sd3_1)
                                                         net104 (net)
                      0.126085    0.000391    2.634103 ^ _335_/A (sky130_fd_sc_hd__inv_2)
     4    0.011614    0.063034    0.105662    2.739765 v _335_/Y (sky130_fd_sc_hd__inv_2)
                                                         _140_ (net)
                      0.063039    0.000571    2.740336 v _351_/B (sky130_fd_sc_hd__and3_1)
     6    0.026212    0.259012    0.504104    3.244440 v _351_/X (sky130_fd_sc_hd__and3_1)
                                                         _154_ (net)
                      0.259014    0.001148    3.245588 v _353_/A (sky130_fd_sc_hd__or2_2)
     9    0.034779    0.253727    0.932299    4.177887 v _353_/X (sky130_fd_sc_hd__or2_2)
                                                         net32 (net)
                      0.253790    0.003866    4.181754 v _766_/A (sky130_fd_sc_hd__clkbuf_1)
     1    0.002389    0.047750    0.239198    4.420952 v _766_/X (sky130_fd_sc_hd__clkbuf_1)
                                                         net33 (net)
                      0.047750    0.000154    4.421105 v output33/A (sky130_fd_sc_hd__buf_2)
     1    0.034974    0.169138    0.335816    4.756921 v output33/X (sky130_fd_sc_hd__buf_2)
                                                         security_breach (net)
                      0.169157    0.001844    4.758766 v security_breach (out)
                                              4.758766   data arrival time

                                 25.000000   25.000000   clock wb_clk_i (rise edge)
                                  0.000000   25.000000   clock network delay (propagated)
                                 -0.250000   24.750000   clock uncertainty
                                  0.000000   24.750000   clock reconvergence pessimism
                                 -5.000000   19.750000   output external delay
                                             19.750000   data required time
---------------------------------------------------------------------------------------------
                                             19.750000   data required time
                                             -4.758766   data arrival time
---------------------------------------------------------------------------------------------
                                             14.991234   slack (MET)




===========================================================================
report_checks --slack_max -0.01
============================================================================
======================= max_ss_100C_1v60 Corner ===================================

No paths found.


===========================================================================
 report_check_types -max_slew -max_cap -max_fanout -violators
============================================================================
======================= max_ss_100C_1v60 Corner ===================================

max fanout

Pin                                   Limit Fanout  Slack
---------------------------------------------------------
fanout82/X                               10     21    -11 (VIOLATED)
fanout87/X                               10     21    -11 (VIOLATED)
fanout88/X                               10     19     -9 (VIOLATED)
clkbuf_0_wb_clk_i/X                      10     17     -7 (VIOLATED)
clkbuf_3_1__f_wb_clk_i/X                 10     15     -5 (VIOLATED)
fanout80/X                               10     15     -5 (VIOLATED)
clkbuf_3_2__f_wb_clk_i/X                 10     14     -4 (VIOLATED)
clkbuf_3_5__f_wb_clk_i/X                 10     14     -4 (VIOLATED)
clkbuf_3_0__f_wb_clk_i/X                 10     13     -3 (VIOLATED)
clkbuf_3_7__f_wb_clk_i/X                 10     13     -3 (VIOLATED)
clkbuf_3_4__f_wb_clk_i/X                 10     12     -2 (VIOLATED)
clkbuf_3_3__f_wb_clk_i/X                 10     11        (VIOLATED)
fanout89/X                               10     11        (VIOLATED)



===========================================================================
report_parasitic_annotation -report_unannotated
============================================================================
Found 67 unannotated drivers.
 wb_adr_i[0]
 wb_adr_i[10]
 wb_adr_i[11]
 wb_adr_i[12]
 wb_adr_i[13]
 wb_adr_i[14]
 wb_adr_i[15]
 wb_adr_i[16]
 wb_adr_i[17]
 wb_adr_i[18]
 wb_adr_i[19]
 wb_adr_i[1]
 wb_adr_i[20]
 wb_adr_i[21]
 wb_adr_i[22]
 wb_adr_i[23]
 wb_adr_i[24]
 wb_adr_i[25]
 wb_adr_i[26]
 wb_adr_i[27]
 wb_adr_i[28]
 wb_adr_i[29]
 wb_adr_i[30]
 wb_adr_i[31]
 wb_adr_i[4]
 wb_adr_i[5]
 wb_adr_i[6]
 wb_adr_i[7]
 wb_adr_i[8]
 wb_adr_i[9]
 wb_dat_i[10]
 wb_dat_i[11]
 wb_dat_i[12]
 wb_dat_i[13]
 wb_dat_i[14]
 wb_dat_i[15]
 wb_dat_i[16]
 wb_dat_i[17]
 wb_dat_i[18]
 wb_dat_i[19]
 wb_dat_i[20]
 wb_dat_i[21]
 wb_dat_i[22]
 wb_dat_i[23]
 wb_dat_i[24]
 wb_dat_i[25]
 wb_dat_i[26]
 wb_dat_i[27]
 wb_dat_i[28]
 wb_dat_i[29]
 wb_dat_i[30]
 wb_dat_i[31]
 wb_dat_i[5]
 wb_dat_i[6]
 wb_dat_i[7]
 wb_dat_i[8]
 wb_dat_i[9]
 wb_sel_i[1]
 wb_sel_i[2]
 wb_sel_i[3]
 clkload0/X
 clkload1/X
 clkload2/X
 clkload3/Y
 clkload4/Y
 clkload5/Y
 clkload6/X
Found 0 partially unannotated drivers.

===========================================================================
max slew violation count 0
max fanout violation count 13
max cap violation count 0
============================================================================

===========================================================================
check_setup -verbose -unconstrained_endpoints -multiple_clock -no_clock -no_input_delay -loops -generated_clocks
===========================================================================
