Clock: wb_clk_i
Sources: wb_clk_i 
Generated: no
Virtual: yes
Propagated: no
Period: 25.000000

===========================================================================
report_clock_properties
============================================================================
Clock                   Period          Waveform
----------------------------------------------------
wb_clk_i             25.000000    0.000000 12.500000

===========================================================================
report_clock_latency
============================================================================
Clock wb_clk_i
rise -> rise
    min     max
0.000000 0.000000 source latency
0.819567         network latency _755_/CLK
        0.826479 network latency _703_/CLK
---------------
0.819567 0.826479 latency
        0.006912 skew

fall -> fall
    min     max
0.000000 0.000000 source latency
0.739621         network latency _755_/CLK
        0.746251 network latency _703_/CLK
---------------
0.739621 0.746251 latency
        0.006630 skew



===========================================================================
report_clock_min_period
============================================================================
wb_clk_i period_min = 6.42 fmax = 155.84
