Clock: clk
Sources: clk 
Generated: no
Virtual: yes
Propagated: no
Period: 25.000000

===========================================================================
report_clock_properties
============================================================================
Clock                   Period          Waveform
----------------------------------------------------
clk                  25.000000    0.000000 12.500000

===========================================================================
report_clock_latency
============================================================================
Clock clk
rise -> rise
    min     max
0.000000 0.000000 source latency
0.376557         network latency _440_/CLK
        0.380526 network latency _469_/CLK
---------------
0.376557 0.380526 latency
        0.003969 skew

fall -> fall
    min     max
0.000000 0.000000 source latency
0.350565         network latency _440_/CLK
        0.354294 network latency _469_/CLK
---------------
0.350565 0.354294 latency
        0.003729 skew



===========================================================================
report_clock_min_period
============================================================================
clk period_min = 3.41 fmax = 293.43
