
===========================================================================
report_checks -unconstrained
===========================================================================
======================= max_ff_n40C_1v95 Corner ===================================

Startpoint: _432_ (rising edge-triggered flip-flop clocked by clk)
Endpoint: unlock_enable (output port clocked by clk)
Path Group: clk
Path Type: max

Fanout         Cap        Slew       Delay        Time   Description
---------------------------------------------------------------------------------------------
                                  0.000000    0.000000   clock clk (rise edge)
                                  0.000000    0.000000   clock source latency
     1    0.019608    0.070199    0.048734    0.048734 ^ clk (in)
                                                         clk (net)
                      0.070270    0.000000    0.048734 ^ clkbuf_0_clk/A (sky130_fd_sc_hd__clkbuf_16)
     4    0.042652    0.047194    0.108801    0.157535 ^ clkbuf_0_clk/X (sky130_fd_sc_hd__clkbuf_16)
                                                         clknet_0_clk (net)
                      0.047332    0.001689    0.159223 ^ clkbuf_2_3__f_clk/A (sky130_fd_sc_hd__clkbuf_16)
    14    0.049351    0.051785    0.105792    0.265015 ^ clkbuf_2_3__f_clk/X (sky130_fd_sc_hd__clkbuf_16)
                                                         clknet_2_3__leaf_clk (net)
                      0.051937    0.002142    0.267157 ^ _432_/CLK (sky130_fd_sc_hd__dfxtp_1)
     4    0.009826    0.075736    0.224324    0.491482 ^ _432_/Q (sky130_fd_sc_hd__dfxtp_1)
                                                         net21 (net)
                      0.075737    0.000463    0.491945 ^ hold11/A (sky130_fd_sc_hd__dlygate4sd3_1)
     1    0.004747    0.050446    0.390491    0.882436 ^ hold11/X (sky130_fd_sc_hd__dlygate4sd3_1)
                                                         net93 (net)
                      0.050446    0.000220    0.882656 ^ _211_/A (sky130_fd_sc_hd__inv_2)
     6    0.020711    0.037236    0.041691    0.924347 v _211_/Y (sky130_fd_sc_hd__inv_2)
                                                         _053_ (net)
                      0.037299    0.001246    0.925593 v _227_/B (sky130_fd_sc_hd__or3b_2)
     4    0.015786    0.079354    0.290725    1.216318 v _227_/X (sky130_fd_sc_hd__or3b_2)
                                                         _065_ (net)
                      0.079383    0.001045    1.217363 v _228_/A (sky130_fd_sc_hd__inv_2)
     8    0.043815    0.151622    0.142052    1.359415 ^ _228_/Y (sky130_fd_sc_hd__inv_2)
                                                         net16 (net)
                      0.151690    0.002666    1.362080 ^ _487_/A (sky130_fd_sc_hd__clkbuf_1)
     1    0.002607    0.032143    0.059311    1.421391 ^ _487_/X (sky130_fd_sc_hd__clkbuf_1)
                                                         net76 (net)
                      0.032143    0.000172    1.421563 ^ output76/A (sky130_fd_sc_hd__buf_2)
     1    0.034639    0.129243    0.137841    1.559404 ^ output76/X (sky130_fd_sc_hd__buf_2)
                                                         unlock_enable (net)
                      0.129275    0.001689    1.561093 ^ unlock_enable (out)
                                              1.561093   data arrival time

                                 25.000000   25.000000   clock clk (rise edge)
                                  0.000000   25.000000   clock network delay (propagated)
                                 -0.250000   24.750000   clock uncertainty
                                  0.000000   24.750000   clock reconvergence pessimism
                                 -5.000000   19.750000   output external delay
                                             19.750000   data required time
---------------------------------------------------------------------------------------------
                                             19.750000   data required time
                                             -1.561093   data arrival time
---------------------------------------------------------------------------------------------
                                             18.188908   slack (MET)




===========================================================================
report_checks --slack_max -0.01
============================================================================
======================= max_ff_n40C_1v95 Corner ===================================

No paths found.


===========================================================================
 report_check_types -max_slew -max_cap -max_fanout -violators
============================================================================
======================= max_ff_n40C_1v95 Corner ===================================

max fanout

Pin                                   Limit Fanout  Slack
---------------------------------------------------------
clkbuf_2_0__f_clk/X                      10     14     -4 (VIOLATED)
clkbuf_2_1__f_clk/X                      10     14     -4 (VIOLATED)
clkbuf_2_3__f_clk/X                      10     14     -4 (VIOLATED)
clkbuf_2_2__f_clk/X                      10     13     -3 (VIOLATED)



===========================================================================
report_parasitic_annotation -report_unannotated
============================================================================
Found 3 unannotated drivers.
 clkload0/X
 clkload1/X
 clkload2/X
Found 0 partially unannotated drivers.

===========================================================================
max slew violation count 0
max fanout violation count 4
max cap violation count 0
============================================================================

===========================================================================
check_setup -verbose -unconstrained_endpoints -multiple_clock -no_clock -no_input_delay -loops -generated_clocks
===========================================================================
