Clock: clk
Sources: clk 
Generated: no
Virtual: yes
Propagated: no
Period: 25.000000

===========================================================================
report_clock_properties
============================================================================
Clock                   Period          Waveform
----------------------------------------------------
clk                  25.000000    0.000000 12.500000

===========================================================================
report_clock_latency
============================================================================
Clock clk
rise -> rise
    min     max
0.000000 0.000000 source latency
0.265977         network latency _450_/CLK
        0.269685 network latency _465_/CLK
---------------
0.265977 0.269685 latency
        0.003708 skew

fall -> fall
    min     max
0.000000 0.000000 source latency
0.242661         network latency _450_/CLK
        0.245894 network latency _465_/CLK
---------------
0.242661 0.245894 latency
        0.003233 skew



===========================================================================
report_clock_min_period
============================================================================
clk period_min = 2.18 fmax = 457.73
