Clock: clk
Sources: clk 
Generated: no
Virtual: yes
Propagated: no
Period: 25.000000

===========================================================================
report_clock_properties
============================================================================
Clock                   Period          Waveform
----------------------------------------------------
clk                  25.000000    0.000000 12.500000

===========================================================================
report_clock_latency
============================================================================
Clock clk
rise -> rise
    min     max
0.000000 0.000000 source latency
0.253054         network latency _471_/CLK
        0.254761 network latency _469_/CLK
---------------
0.253054 0.254761 latency
        0.001707 skew

fall -> fall
    min     max
0.000000 0.000000 source latency
0.233927         network latency _458_/CLK
        0.235718 network latency _469_/CLK
---------------
0.233927 0.235718 latency
        0.001791 skew



===========================================================================
report_clock_min_period
============================================================================
clk period_min = 2.12 fmax = 471.20
