Clock: clk
Sources: clk 
Generated: no
Virtual: yes
Propagated: no
Period: 40.000000

===========================================================================
report_clock_properties
============================================================================
Clock                   Period          Waveform
----------------------------------------------------
clk                  40.000000    0.000000 20.000000

===========================================================================
report_clock_latency
============================================================================
Clock clk
rise -> rise
    min     max
0.000000 0.000000 source latency
2.557893         network latency _54892_/CLK
        3.029305 network latency _54413_/CLK
---------------
2.557893 3.029305 latency
        0.471412 skew

fall -> fall
    min     max
0.000000 0.000000 source latency
2.033300         network latency _52870_/CLK
        2.451156 network latency _54413_/CLK
---------------
2.033300 2.451156 latency
        0.417856 skew



===========================================================================
report_clock_min_period
============================================================================
clk period_min = 18.81 fmax = 53.17
