Clock: clk
Sources: clk 
Generated: no
Virtual: yes
Propagated: no
Period: 40.000000

===========================================================================
report_clock_properties
============================================================================
Clock                   Period          Waveform
----------------------------------------------------
clk                  40.000000    0.000000 20.000000

===========================================================================
report_clock_latency
============================================================================
Clock clk
rise -> rise
    min     max
0.000000 0.000000 source latency
0.992504         network latency _54892_/CLK
        1.176265 network latency _54413_/CLK
---------------
0.992504 1.176265 latency
        0.183761 skew

fall -> fall
    min     max
0.000000 0.000000 source latency
0.779981         network latency _52870_/CLK
        0.948548 network latency _54413_/CLK
---------------
0.779981 0.948548 latency
        0.168567 skew



===========================================================================
report_clock_min_period
============================================================================
clk period_min = 6.13 fmax = 163.12
