
===========================================================================
report_checks -unconstrained
===========================================================================
======================= max_ff_n40C_1v95 Corner ===================================

Startpoint: u_secure_boot_cp
            (rising edge-triggered flip-flop clocked by wb_clk_i)
Endpoint: io_out[23] (output port clocked by wb_clk_i)
Path Group: wb_clk_i
Path Type: max

Fanout         Cap        Slew       Delay        Time   Description
---------------------------------------------------------------------------------------------
                                  0.000000    0.000000   clock wb_clk_i (rise edge)
                                  0.000000    0.000000   clock source latency
     1    0.362935    1.152976    1.052708    1.052708 ^ wb_clk_i (in)
                                                         wb_clk_i (net)
                      1.573480    0.000000    1.052708 ^ u_secure_boot_cp/wb_clk_i (secure_boot_control_plane)
     1    0.419965    1.983447    3.276504    4.329212 ^ u_secure_boot_cp/safe_led (secure_boot_control_plane)
                                                         io_out[23] (net)
                      2.266276    0.567927    4.897139 ^ io_out[23] (out)
                                              4.897139   data arrival time

                                 25.000000   25.000000   clock wb_clk_i (rise edge)
                                  0.000000   25.000000   clock network delay (propagated)
                                 -0.250000   24.750000   clock uncertainty
                                  0.000000   24.750000   clock reconvergence pessimism
                                 -5.000000   19.750000   output external delay
                                             19.750000   data required time
---------------------------------------------------------------------------------------------
                                             19.750000   data required time
                                             -4.897139   data arrival time
---------------------------------------------------------------------------------------------
                                             14.852860   slack (MET)




===========================================================================
report_checks --slack_max -0.01
============================================================================
======================= max_ff_n40C_1v95 Corner ===================================

No paths found.


===========================================================================
 report_check_types -max_slew -max_cap -max_fanout -violators
============================================================================
======================= max_ff_n40C_1v95 Corner ===================================

max slew

Pin                                        Limit        Slew       Slack
------------------------------------------------------------------------
wbs_dat_o[14]                           1.500000    3.699906   -2.199906 (VIOLATED)
wbs_dat_o[11]                           1.500000    3.332754   -1.832754 (VIOLATED)
wbs_dat_o[15]                           1.500000    2.715145   -1.215145 (VIOLATED)
u_secure_boot_cp/wb_dat_o[14]           1.500000    2.704954   -1.204954 (VIOLATED)
u_secure_boot_cp/wb_dat_o[15]           1.500000    2.684465   -1.184465 (VIOLATED)
wbs_dat_o[3]                            1.500000    2.579887   -1.079887 (VIOLATED)
io_out[22]                              1.500000    2.530500   -1.030500 (VIOLATED)
u_secure_boot_cp/wb_dat_o[11]           1.500000    2.501738   -1.001738 (VIOLATED)
wbs_dat_o[21]                           1.500000    2.483544   -0.983544 (VIOLATED)
wbs_dat_o[2]                            1.500000    2.454032   -0.954032 (VIOLATED)
wbs_dat_o[10]                           1.500000    2.356369   -0.856369 (VIOLATED)
wbs_dat_o[12]                           1.500000    2.354597   -0.854597 (VIOLATED)
io_out[23]                              1.500000    2.266276   -0.766276 (VIOLATED)
wbs_dat_o[8]                            1.500000    2.243379   -0.743379 (VIOLATED)
u_secure_boot_cp/wb_dat_o[10]           1.500000    2.241042   -0.741042 (VIOLATED)
u_secure_boot_cp/wb_dat_o[3]            1.500000    2.225442   -0.725442 (VIOLATED)
u_secure_boot_cp/wb_dat_o[12]           1.500000    2.224236   -0.724236 (VIOLATED)
u_secure_boot_cp/wb_dat_i[16]           1.500000    2.173654   -0.673654 (VIOLATED)
user_irq[0]                             1.500000    2.173096   -0.673096 (VIOLATED)
u_secure_boot_cp/debug_enable           1.500000    2.171324   -0.671325 (VIOLATED)
wbs_dat_o[5]                            1.500000    2.129962   -0.629963 (VIOLATED)
u_secure_boot_cp/wb_dat_o[2]            1.500000    2.124711   -0.624711 (VIOLATED)
u_secure_boot_cp/wb_dat_o[21]           1.500000    2.123475   -0.623475 (VIOLATED)
wbs_dat_o[9]                            1.500000    2.121374   -0.621374 (VIOLATED)
wbs_dat_o[28]                           1.500000    2.096803   -0.596803 (VIOLATED)
u_secure_boot_cp/wb_adr_i[0]            1.500000    2.092709   -0.592709 (VIOLATED)
wbs_dat_o[4]                            1.500000    2.063887   -0.563887 (VIOLATED)
u_secure_boot_cp/wb_dat_o[8]            1.500000    2.050839   -0.550839 (VIOLATED)
u_secure_boot_cp/wb_dat_o[4]            1.500000    2.043412   -0.543412 (VIOLATED)
wbs_dat_o[31]                           1.500000    2.035769   -0.535769 (VIOLATED)
wbs_ack_o                               1.500000    2.028604   -0.528604 (VIOLATED)
u_secure_boot_cp/wb_dat_i[4]            1.500000    2.010114   -0.510114 (VIOLATED)
wbs_dat_o[13]                           1.500000    1.988296   -0.488296 (VIOLATED)
u_secure_boot_cp/safe_led               1.500000    1.983447   -0.483447 (VIOLATED)
u_secure_boot_cp/wb_dat_o[5]            1.500000    1.942552   -0.442552 (VIOLATED)
u_secure_boot_cp/wb_dat_i[1]            1.500000    1.937725   -0.437725 (VIOLATED)
u_secure_boot_cp/wb_dat_o[9]            1.500000    1.932785   -0.432785 (VIOLATED)
u_secure_boot_cp/wb_ack_o               1.500000    1.931804   -0.431804 (VIOLATED)
wbs_dat_o[1]                            1.500000    1.925617   -0.425617 (VIOLATED)
wbs_dat_o[0]                            1.500000    1.916269   -0.416269 (VIOLATED)
u_secure_boot_cp/user_irq               1.500000    1.914881   -0.414881 (VIOLATED)
u_secure_boot_cp/wb_adr_i[10]           1.500000    1.911213   -0.411213 (VIOLATED)
wbs_dat_o[24]                           1.500000    1.886156   -0.386156 (VIOLATED)
io_out[21]                              1.500000    1.879144   -0.379144 (VIOLATED)
wbs_dat_o[6]                            1.500000    1.850320   -0.350321 (VIOLATED)
u_secure_boot_cp/wb_dat_i[6]            1.500000    1.849974   -0.349974 (VIOLATED)
io_out[24]                              1.500000    1.848318   -0.348318 (VIOLATED)
u_secure_boot_cp/wb_dat_i[10]           1.500000    1.846394   -0.346394 (VIOLATED)
u_secure_boot_cp/wb_dat_o[28]           1.500000    1.842563   -0.342563 (VIOLATED)
u_secure_boot_cp/fsm_error              1.500000    1.836954   -0.336954 (VIOLATED)
wbs_dat_o[7]                            1.500000    1.832349   -0.332349 (VIOLATED)
u_secure_boot_cp/wb_we_i                1.500000    1.831549   -0.331549 (VIOLATED)
u_secure_boot_cp/wb_dat_o[1]            1.500000    1.830612   -0.330612 (VIOLATED)
u_secure_boot_cp/wb_dat_o[13]           1.500000    1.829530   -0.329530 (VIOLATED)
u_secure_boot_cp/wb_adr_i[9]            1.500000    1.827754   -0.327755 (VIOLATED)
u_secure_boot_cp/wb_dat_o[0]            1.500000    1.824111   -0.324111 (VIOLATED)
wbs_dat_o[18]                           1.500000    1.817690   -0.317690 (VIOLATED)
u_secure_boot_cp/wb_dat_i[19]           1.500000    1.816178   -0.316178 (VIOLATED)
u_secure_boot_cp/wb_dat_o[31]           1.500000    1.803580   -0.303580 (VIOLATED)
u_secure_boot_cp/wb_dat_i[24]           1.500000    1.794513   -0.294513 (VIOLATED)
u_secure_boot_cp/wb_dat_i[23]           1.500000    1.773755   -0.273755 (VIOLATED)
u_secure_boot_cp/wb_dat_i[9]            1.500000    1.767905   -0.267905 (VIOLATED)
u_secure_boot_cp/wb_dat_o[6]            1.500000    1.761784   -0.261784 (VIOLATED)
wbs_dat_o[22]                           1.500000    1.757074   -0.257074 (VIOLATED)
u_secure_boot_cp/wb_rst_i               1.500000    1.749693   -0.249693 (VIOLATED)
u_secure_boot_cp/wb_sel_i[2]            1.500000    1.746469   -0.246469 (VIOLATED)
u_secure_boot_cp/wb_dat_i[25]           1.500000    1.745288   -0.245289 (VIOLATED)
wbs_dat_o[16]                           1.500000    1.744905   -0.244905 (VIOLATED)
u_secure_boot_cp/wb_dat_o[7]            1.500000    1.743371   -0.243371 (VIOLATED)
wbs_dat_i[10]                           1.499372    1.738002   -0.238630 (VIOLATED)
wbs_dat_o[17]                           1.500000    1.728835   -0.228835 (VIOLATED)
io_out[25]                              1.500000    1.724672   -0.224672 (VIOLATED)
wbs_dat_o[19]                           1.500000    1.722758   -0.222758 (VIOLATED)
wbs_dat_o[20]                           1.500000    1.721078   -0.221078 (VIOLATED)
u_secure_boot_cp/security_breach        1.500000    1.714431   -0.214431 (VIOLATED)
u_secure_boot_cp/wb_dat_i[30]           1.500000    1.713508   -0.213508 (VIOLATED)
u_secure_boot_cp/wb_dat_i[28]           1.500000    1.705216   -0.205216 (VIOLATED)
wbs_dat_o[23]                           1.500000    1.692513   -0.192513 (VIOLATED)
wbs_dat_o[27]                           1.500000    1.691362   -0.191362 (VIOLATED)
u_secure_boot_cp/wb_dat_o[24]           1.500000    1.682400   -0.182400 (VIOLATED)
u_secure_boot_cp/wb_dat_i[15]           1.500000    1.678722   -0.178722 (VIOLATED)
wbs_dat_o[26]                           1.500000    1.671409   -0.171409 (VIOLATED)
wbs_dat_o[25]                           1.500000    1.666069   -0.166069 (VIOLATED)
u_secure_boot_cp/wb_dat_i[20]           1.500000    1.665719   -0.165719 (VIOLATED)
u_secure_boot_cp/wb_dat_o[16]           1.500000    1.662491   -0.162491 (VIOLATED)
u_secure_boot_cp/unlock_enable          1.500000    1.659919   -0.159919 (VIOLATED)
u_secure_boot_cp/wb_dat_o[17]           1.500000    1.647747   -0.147747 (VIOLATED)
u_secure_boot_cp/wb_adr_i[11]           1.500000    1.643247   -0.143247 (VIOLATED)
u_secure_boot_cp/wb_dat_o[19]           1.500000    1.642779   -0.142779 (VIOLATED)
u_secure_boot_cp/wb_dat_o[20]           1.500000    1.635190   -0.135190 (VIOLATED)
u_secure_boot_cp/wb_sel_i[0]            1.500000    1.623442   -0.123442 (VIOLATED)
wbs_dat_o[29]                           1.500000    1.622588   -0.122588 (VIOLATED)
u_secure_boot_cp/wb_dat_i[31]           1.500000    1.622051   -0.122051 (VIOLATED)
u_secure_boot_cp/wb_dat_o[18]           1.500000    1.621626   -0.121626 (VIOLATED)
wbs_dat_o[30]                           1.500000    1.619720   -0.119720 (VIOLATED)
u_secure_boot_cp/wb_dat_i[22]           1.500000    1.616963   -0.116963 (VIOLATED)
u_secure_boot_cp/wb_dat_o[23]           1.500000    1.612054   -0.112054 (VIOLATED)
u_secure_boot_cp/wb_dat_o[27]           1.500000    1.606016   -0.106016 (VIOLATED)
u_secure_boot_cp/wb_dat_i[7]            1.500000    1.601295   -0.101295 (VIOLATED)
wbs_dat_i[22]                           1.499372    1.598907   -0.099534 (VIOLATED)
u_secure_boot_cp/wb_adr_i[20]           1.500000    1.588672   -0.088672 (VIOLATED)
u_secure_boot_cp/wb_dat_o[26]           1.500000    1.587433   -0.087433 (VIOLATED)
u_secure_boot_cp/wb_dat_o[25]           1.500000    1.584941   -0.084941 (VIOLATED)
u_secure_boot_cp/wb_adr_i[16]           1.500000    1.580739   -0.080739 (VIOLATED)
u_secure_boot_cp/wb_dat_o[22]           1.500000    1.577299   -0.077299 (VIOLATED)
u_secure_boot_cp/wb_adr_i[17]           1.500000    1.575865   -0.075865 (VIOLATED)
wbs_dat_i[4]                            1.499372    1.574130   -0.074758 (VIOLATED)
u_secure_boot_cp/wb_clk_i               1.500000    1.573480   -0.073480 (VIOLATED)
u_secure_boot_cp/wb_stb_i               1.500000    1.571356   -0.071356 (VIOLATED)
io_out[27]                              1.500000    1.563190   -0.063190 (VIOLATED)
u_secure_boot_cp/wb_cyc_i               1.500000    1.560291   -0.060291 (VIOLATED)
u_secure_boot_cp/wb_sel_i[3]            1.500000    1.555992   -0.055992 (VIOLATED)
u_secure_boot_cp/group_suspended        1.500000    1.555644   -0.055644 (VIOLATED)
u_secure_boot_cp/wb_dat_i[18]           1.500000    1.555170   -0.055170 (VIOLATED)
wbs_dat_i[1]                            1.499372    1.553872   -0.054501 (VIOLATED)
wbs_dat_i[7]                            1.499372    1.550265   -0.050893 (VIOLATED)
u_secure_boot_cp/wb_sel_i[1]            1.500000    1.545553   -0.045553 (VIOLATED)
io_out[26]                              1.500000    1.545257   -0.045257 (VIOLATED)
u_secure_boot_cp/wb_dat_i[12]           1.500000    1.542610   -0.042610 (VIOLATED)
wbs_dat_i[20]                           1.499372    1.539924   -0.040552 (VIOLATED)
u_secure_boot_cp/wb_adr_i[2]            1.500000    1.537138   -0.037138 (VIOLATED)
u_secure_boot_cp/wb_dat_o[30]           1.500000    1.536652   -0.036652 (VIOLATED)
u_secure_boot_cp/group_unlocked         1.500000    1.536619   -0.036619 (VIOLATED)
u_secure_boot_cp/wb_dat_o[29]           1.500000    1.534310   -0.034310 (VIOLATED)
u_secure_boot_cp/wb_dat_i[8]            1.500000    1.521186   -0.021186 (VIOLATED)
wbs_adr_i[9]                            1.499372    1.516671   -0.017299 (VIOLATED)
wbs_adr_i[10]                           1.499372    1.516579   -0.017207 (VIOLATED)
wbs_adr_i[20]                           1.499372    1.511091   -0.011719 (VIOLATED)
u_secure_boot_cp/wb_dat_i[5]            1.500000    1.504117   -0.004117 (VIOLATED)

max capacitance

Pin                                        Limit         Cap       Slack
------------------------------------------------------------------------
u_secure_boot_cp/wb_dat_o[14]           0.200000    0.591581   -0.391581 (VIOLATED)
u_secure_boot_cp/wb_dat_o[15]           0.200000    0.562174   -0.362174 (VIOLATED)
u_secure_boot_cp/wb_dat_o[11]           0.200000    0.542819   -0.342819 (VIOLATED)
wbs_dat_i[10]                           0.200000    0.513791   -0.313791 (VIOLATED)
wbs_dat_i[4]                            0.200000    0.485998   -0.285998 (VIOLATED)
wbs_dat_i[1]                            0.200000    0.476820   -0.276820 (VIOLATED)
wbs_dat_i[22]                           0.200000    0.473290   -0.273290 (VIOLATED)
u_secure_boot_cp/wb_dat_o[3]            0.200000    0.471002   -0.271002 (VIOLATED)
u_secure_boot_cp/wb_dat_o[10]           0.200000    0.470344   -0.270344 (VIOLATED)
wbs_adr_i[10]                           0.200000    0.469052   -0.269051 (VIOLATED)
wbs_dat_i[16]                           0.200000    0.466623   -0.266623 (VIOLATED)
u_secure_boot_cp/wb_dat_o[12]           0.200000    0.466488   -0.266488 (VIOLATED)
u_secure_boot_cp/debug_enable           0.200000    0.465461   -0.265461 (VIOLATED)
wbs_adr_i[0]                            0.200000    0.458255   -0.258255 (VIOLATED)
wbs_dat_i[20]                           0.200000    0.457490   -0.257490 (VIOLATED)
wbs_dat_i[7]                            0.200000    0.457014   -0.257014 (VIOLATED)
wbs_adr_i[9]                            0.200000    0.455640   -0.255640 (VIOLATED)
u_secure_boot_cp/wb_dat_o[21]           0.200000    0.451012   -0.251012 (VIOLATED)
u_secure_boot_cp/wb_dat_o[2]            0.200000    0.450194   -0.250194 (VIOLATED)
wbs_we_i                                0.200000    0.449566   -0.249566 (VIOLATED)
wbs_dat_i[17]                           0.200000    0.447595   -0.247595 (VIOLATED)
wbs_adr_i[20]                           0.200000    0.447066   -0.247066 (VIOLATED)
wb_rst_i                                0.200000    0.446462   -0.246462 (VIOLATED)
wbs_dat_i[6]                            0.200000    0.437951   -0.237951 (VIOLATED)
wbs_dat_i[18]                           0.200000    0.433547   -0.233547 (VIOLATED)
u_secure_boot_cp/wb_dat_o[8]            0.200000    0.429552   -0.229552 (VIOLATED)
u_secure_boot_cp/wb_dat_o[4]            0.200000    0.428827   -0.228827 (VIOLATED)
wbs_dat_i[12]                           0.200000    0.424317   -0.224317 (VIOLATED)
wbs_sel_i[2]                            0.200000    0.423170   -0.223170 (VIOLATED)
wbs_dat_i[24]                           0.200000    0.421430   -0.221430 (VIOLATED)
wbs_dat_i[9]                            0.200000    0.420048   -0.220048 (VIOLATED)
u_secure_boot_cp/safe_led               0.200000    0.419965   -0.219965 (VIOLATED)
wbs_dat_i[23]                           0.200000    0.416945   -0.216945 (VIOLATED)
wbs_adr_i[6]                            0.200000    0.414834   -0.214834 (VIOLATED)
wbs_dat_i[25]                           0.200000    0.410498   -0.210498 (VIOLATED)
wbs_sel_i[3]                            0.200000    0.410017   -0.210017 (VIOLATED)
u_secure_boot_cp/user_irq               0.200000    0.407359   -0.207359 (VIOLATED)
u_secure_boot_cp/wb_dat_o[5]            0.200000    0.406828   -0.206828 (VIOLATED)
wbs_dat_i[19]                           0.200000    0.406573   -0.206573 (VIOLATED)
u_secure_boot_cp/wb_ack_o               0.200000    0.405449   -0.205449 (VIOLATED)
u_secure_boot_cp/wb_dat_o[9]            0.200000    0.405373   -0.205373 (VIOLATED)
wbs_dat_i[30]                           0.200000    0.404829   -0.204829 (VIOLATED)
wbs_dat_i[28]                           0.200000    0.403402   -0.203402 (VIOLATED)
wbs_sel_i[0]                            0.200000    0.399239   -0.199239 (VIOLATED)
wbs_dat_i[15]                           0.200000    0.397310   -0.197310 (VIOLATED)
wbs_adr_i[11]                           0.200000    0.389948   -0.189948 (VIOLATED)
u_secure_boot_cp/wb_dat_o[28]           0.200000    0.389749   -0.189749 (VIOLATED)
wbs_adr_i[2]                            0.200000    0.388853   -0.188853 (VIOLATED)
wbs_dat_i[31]                           0.200000    0.386347   -0.186347 (VIOLATED)
wbs_sel_i[1]                            0.200000    0.385303   -0.185303 (VIOLATED)
u_secure_boot_cp/wb_dat_o[1]            0.200000    0.384749   -0.184749 (VIOLATED)
u_secure_boot_cp/fsm_error              0.200000    0.384307   -0.184307 (VIOLATED)
u_secure_boot_cp/wb_dat_o[0]            0.200000    0.383531   -0.183531 (VIOLATED)
u_secure_boot_cp/wb_dat_o[13]           0.200000    0.382646   -0.182646 (VIOLATED)
u_secure_boot_cp/wb_dat_o[31]           0.200000    0.380793   -0.180793 (VIOLATED)
wbs_adr_i[16]                           0.200000    0.380114   -0.180114 (VIOLATED)
wbs_adr_i[17]                           0.200000    0.379772   -0.179772 (VIOLATED)
wbs_adr_i[3]                            0.200000    0.372657   -0.172657 (VIOLATED)
wbs_stb_i                               0.200000    0.370570   -0.170570 (VIOLATED)
u_secure_boot_cp/wb_dat_o[6]            0.200000    0.370425   -0.170425 (VIOLATED)
wbs_adr_i[26]                           0.200000    0.369887   -0.169887 (VIOLATED)
wbs_cyc_i                               0.200000    0.368917   -0.168917 (VIOLATED)
wbs_dat_i[8]                            0.200000    0.366917   -0.166917 (VIOLATED)
u_secure_boot_cp/wb_dat_o[7]            0.200000    0.366695   -0.166695 (VIOLATED)
wb_clk_i                                0.200000    0.362935   -0.162935 (VIOLATED)
wbs_adr_i[31]                           0.200000    0.361915   -0.161915 (VIOLATED)
u_secure_boot_cp/security_breach        0.200000    0.359599   -0.159599 (VIOLATED)
wbs_dat_i[5]                            0.200000    0.357658   -0.157658 (VIOLATED)
wbs_dat_i[21]                           0.200000    0.356415   -0.156415 (VIOLATED)
u_secure_boot_cp/wb_dat_o[24]           0.200000    0.356413   -0.156413 (VIOLATED)
wbs_adr_i[5]                            0.200000    0.356388   -0.156388 (VIOLATED)
wbs_adr_i[1]                            0.200000    0.354833   -0.154833 (VIOLATED)
wbs_dat_i[3]                            0.200000    0.353753   -0.153753 (VIOLATED)
u_secure_boot_cp/unlock_enable          0.200000    0.352931   -0.152931 (VIOLATED)
wbs_dat_i[0]                            0.200000    0.352651   -0.152651 (VIOLATED)
wbs_dat_i[2]                            0.200000    0.349373   -0.149373 (VIOLATED)
u_secure_boot_cp/wb_dat_o[16]           0.200000    0.348839   -0.148839 (VIOLATED)
u_secure_boot_cp/wb_dat_o[17]           0.200000    0.346266   -0.146266 (VIOLATED)
wbs_adr_i[4]                            0.200000    0.345077   -0.145077 (VIOLATED)
u_secure_boot_cp/wb_dat_o[20]           0.200000    0.343964   -0.143964 (VIOLATED)
u_secure_boot_cp/wb_dat_o[19]           0.200000    0.343407   -0.143407 (VIOLATED)
u_secure_boot_cp/wb_dat_o[18]           0.200000    0.342436   -0.142436 (VIOLATED)
wbs_adr_i[8]                            0.200000    0.339305   -0.139305 (VIOLATED)
u_secure_boot_cp/wb_dat_o[27]           0.200000    0.337395   -0.137395 (VIOLATED)
wbs_adr_i[7]                            0.200000    0.336809   -0.136809 (VIOLATED)
u_secure_boot_cp/wb_dat_o[23]           0.200000    0.336724   -0.136724 (VIOLATED)
wbs_dat_i[11]                           0.200000    0.335159   -0.135159 (VIOLATED)
u_secure_boot_cp/wb_dat_o[26]           0.200000    0.333816   -0.133816 (VIOLATED)
wbs_dat_i[14]                           0.200000    0.333503   -0.133503 (VIOLATED)
wbs_dat_i[13]                           0.200000    0.333357   -0.133357 (VIOLATED)
u_secure_boot_cp/wb_dat_o[22]           0.200000    0.331655   -0.131655 (VIOLATED)
u_secure_boot_cp/wb_dat_o[25]           0.200000    0.331135   -0.131135 (VIOLATED)
wbs_dat_i[27]                           0.200000    0.328927   -0.128927 (VIOLATED)
u_secure_boot_cp/group_suspended        0.200000    0.325937   -0.125937 (VIOLATED)
u_secure_boot_cp/wb_dat_o[30]           0.200000    0.323222   -0.123222 (VIOLATED)
io_in[14]                               0.200000    0.323142   -0.123142 (VIOLATED)
io_in[15]                               0.200000    0.322787   -0.122787 (VIOLATED)
u_secure_boot_cp/wb_dat_o[29]           0.200000    0.322386   -0.122386 (VIOLATED)
u_secure_boot_cp/group_unlocked         0.200000    0.321006   -0.121006 (VIOLATED)
wbs_adr_i[13]                           0.200000    0.317697   -0.117697 (VIOLATED)
wbs_adr_i[12]                           0.200000    0.316871   -0.116871 (VIOLATED)
wbs_adr_i[14]                           0.200000    0.316281   -0.116281 (VIOLATED)
wbs_adr_i[25]                           0.200000    0.314605   -0.114605 (VIOLATED)
wbs_adr_i[15]                           0.200000    0.314479   -0.114479 (VIOLATED)
io_in[16]                               0.200000    0.312057   -0.112057 (VIOLATED)
wbs_adr_i[18]                           0.200000    0.310218   -0.110218 (VIOLATED)
wbs_adr_i[19]                           0.200000    0.308298   -0.108298 (VIOLATED)
wbs_dat_i[26]                           0.200000    0.307918   -0.107918 (VIOLATED)
wbs_adr_i[23]                           0.200000    0.305299   -0.105299 (VIOLATED)
wbs_adr_i[21]                           0.200000    0.305283   -0.105283 (VIOLATED)
io_in[13]                               0.200000    0.304177   -0.104177 (VIOLATED)
wbs_adr_i[22]                           0.200000    0.304172   -0.104172 (VIOLATED)
wbs_dat_i[29]                           0.200000    0.303002   -0.103002 (VIOLATED)
io_in[12]                               0.200000    0.301883   -0.101883 (VIOLATED)
wbs_adr_i[24]                           0.200000    0.301178   -0.101178 (VIOLATED)
wbs_adr_i[27]                           0.200000    0.296180   -0.096180 (VIOLATED)
wbs_adr_i[28]                           0.200000    0.294489   -0.094489 (VIOLATED)
wbs_adr_i[29]                           0.200000    0.293187   -0.093187 (VIOLATED)
wbs_adr_i[30]                           0.200000    0.290090   -0.090090 (VIOLATED)
io_in[17]                               0.200000    0.278999   -0.078999 (VIOLATED)
u_secure_boot_cp/group_error            0.200000    0.270413   -0.070413 (VIOLATED)
io_in[18]                               0.200000    0.243417   -0.043417 (VIOLATED)
io_in[11]                               0.200000    0.237916   -0.037916 (VIOLATED)
io_in[10]                               0.200000    0.228511   -0.028511 (VIOLATED)
io_in[19]                               0.200000    0.216512   -0.016512 (VIOLATED)
io_in[20]                               0.200000    0.211822   -0.011822 (VIOLATED)
io_in[7]                                0.200000    0.201709   -0.001709 (VIOLATED)



===========================================================================
report_parasitic_annotation -report_unannotated
============================================================================
Found 508 unannotated drivers.
 analog_io[0]
 analog_io[10]
 analog_io[11]
 analog_io[12]
 analog_io[13]
 analog_io[14]
 analog_io[15]
 analog_io[16]
 analog_io[17]
 analog_io[18]
 analog_io[19]
 analog_io[1]
 analog_io[20]
 analog_io[21]
 analog_io[22]
 analog_io[23]
 analog_io[24]
 analog_io[25]
 analog_io[26]
 analog_io[27]
 analog_io[28]
 analog_io[2]
 analog_io[3]
 analog_io[4]
 analog_io[5]
 analog_io[6]
 analog_io[7]
 analog_io[8]
 analog_io[9]
 io_in[0]
 io_in[1]
 io_in[21]
 io_in[22]
 io_in[23]
 io_in[24]
 io_in[25]
 io_in[26]
 io_in[27]
 io_in[28]
 io_in[29]
 io_in[2]
 io_in[30]
 io_in[31]
 io_in[32]
 io_in[33]
 io_in[34]
 io_in[35]
 io_in[36]
 io_in[37]
 io_in[3]
 io_in[4]
 io_in[5]
 io_in[6]
 la_data_in[0]
 la_data_in[100]
 la_data_in[101]
 la_data_in[102]
 la_data_in[103]
 la_data_in[104]
 la_data_in[105]
 la_data_in[106]
 la_data_in[107]
 la_data_in[108]
 la_data_in[109]
 la_data_in[10]
 la_data_in[110]
 la_data_in[111]
 la_data_in[112]
 la_data_in[113]
 la_data_in[114]
 la_data_in[115]
 la_data_in[116]
 la_data_in[117]
 la_data_in[118]
 la_data_in[119]
 la_data_in[11]
 la_data_in[120]
 la_data_in[121]
 la_data_in[122]
 la_data_in[123]
 la_data_in[124]
 la_data_in[125]
 la_data_in[126]
 la_data_in[127]
 la_data_in[12]
 la_data_in[13]
 la_data_in[14]
 la_data_in[15]
 la_data_in[16]
 la_data_in[17]
 la_data_in[18]
 la_data_in[19]
 la_data_in[1]
 la_data_in[20]
 la_data_in[21]
 la_data_in[22]
 la_data_in[23]
 la_data_in[24]
 la_data_in[25]
 la_data_in[26]
 la_data_in[27]
 la_data_in[28]
 la_data_in[29]
 la_data_in[2]
 la_data_in[30]
 la_data_in[31]
 la_data_in[32]
 la_data_in[33]
 la_data_in[34]
 la_data_in[35]
 la_data_in[36]
 la_data_in[37]
 la_data_in[38]
 la_data_in[39]
 la_data_in[3]
 la_data_in[40]
 la_data_in[41]
 la_data_in[42]
 la_data_in[43]
 la_data_in[44]
 la_data_in[45]
 la_data_in[46]
 la_data_in[47]
 la_data_in[48]
 la_data_in[49]
 la_data_in[4]
 la_data_in[50]
 la_data_in[51]
 la_data_in[52]
 la_data_in[53]
 la_data_in[54]
 la_data_in[55]
 la_data_in[56]
 la_data_in[57]
 la_data_in[58]
 la_data_in[59]
 la_data_in[5]
 la_data_in[60]
 la_data_in[61]
 la_data_in[62]
 la_data_in[63]
 la_data_in[64]
 la_data_in[65]
 la_data_in[66]
 la_data_in[67]
 la_data_in[68]
 la_data_in[69]
 la_data_in[6]
 la_data_in[70]
 la_data_in[71]
 la_data_in[72]
 la_data_in[73]
 la_data_in[74]
 la_data_in[75]
 la_data_in[76]
 la_data_in[77]
 la_data_in[78]
 la_data_in[79]
 la_data_in[7]
 la_data_in[80]
 la_data_in[81]
 la_data_in[82]
 la_data_in[83]
 la_data_in[84]
 la_data_in[85]
 la_data_in[86]
 la_data_in[87]
 la_data_in[88]
 la_data_in[89]
 la_data_in[8]
 la_data_in[90]
 la_data_in[91]
 la_data_in[92]
 la_data_in[93]
 la_data_in[94]
 la_data_in[95]
 la_data_in[96]
 la_data_in[97]
 la_data_in[98]
 la_data_in[99]
 la_data_in[9]
 la_oenb[0]
 la_oenb[100]
 la_oenb[101]
 la_oenb[102]
 la_oenb[103]
 la_oenb[104]
 la_oenb[105]
 la_oenb[106]
 la_oenb[107]
 la_oenb[108]
 la_oenb[109]
 la_oenb[10]
 la_oenb[110]
 la_oenb[111]
 la_oenb[112]
 la_oenb[113]
 la_oenb[114]
 la_oenb[115]
 la_oenb[116]
 la_oenb[117]
 la_oenb[118]
 la_oenb[119]
 la_oenb[11]
 la_oenb[120]
 la_oenb[121]
 la_oenb[122]
 la_oenb[123]
 la_oenb[124]
 la_oenb[125]
 la_oenb[126]
 la_oenb[127]
 la_oenb[12]
 la_oenb[13]
 la_oenb[14]
 la_oenb[15]
 la_oenb[16]
 la_oenb[17]
 la_oenb[18]
 la_oenb[19]
 la_oenb[1]
 la_oenb[20]
 la_oenb[21]
 la_oenb[22]
 la_oenb[23]
 la_oenb[24]
 la_oenb[25]
 la_oenb[26]
 la_oenb[27]
 la_oenb[28]
 la_oenb[29]
 la_oenb[2]
 la_oenb[30]
 la_oenb[31]
 la_oenb[32]
 la_oenb[33]
 la_oenb[34]
 la_oenb[35]
 la_oenb[36]
 la_oenb[37]
 la_oenb[38]
 la_oenb[39]
 la_oenb[3]
 la_oenb[40]
 la_oenb[41]
 la_oenb[42]
 la_oenb[43]
 la_oenb[44]
 la_oenb[45]
 la_oenb[46]
 la_oenb[47]
 la_oenb[48]
 la_oenb[49]
 la_oenb[4]
 la_oenb[50]
 la_oenb[51]
 la_oenb[52]
 la_oenb[53]
 la_oenb[54]
 la_oenb[55]
 la_oenb[56]
 la_oenb[57]
 la_oenb[58]
 la_oenb[59]
 la_oenb[5]
 la_oenb[60]
 la_oenb[61]
 la_oenb[62]
 la_oenb[63]
 la_oenb[64]
 la_oenb[65]
 la_oenb[66]
 la_oenb[67]
 la_oenb[68]
 la_oenb[69]
 la_oenb[6]
 la_oenb[70]
 la_oenb[71]
 la_oenb[72]
 la_oenb[73]
 la_oenb[74]
 la_oenb[75]
 la_oenb[76]
 la_oenb[77]
 la_oenb[78]
 la_oenb[79]
 la_oenb[7]
 la_oenb[80]
 la_oenb[81]
 la_oenb[82]
 la_oenb[83]
 la_oenb[84]
 la_oenb[85]
 la_oenb[86]
 la_oenb[87]
 la_oenb[88]
 la_oenb[89]
 la_oenb[8]
 la_oenb[90]
 la_oenb[91]
 la_oenb[92]
 la_oenb[93]
 la_oenb[94]
 la_oenb[95]
 la_oenb[96]
 la_oenb[97]
 la_oenb[98]
 la_oenb[99]
 la_oenb[9]
 user_clock2
 gen_irq\[1\].u_tie_irq/HI
 gen_irq\[2\].u_tie_irq/HI
 gen_la\[0\].u_tie_la/HI
 gen_la\[100\].u_tie_la/HI
 gen_la\[101\].u_tie_la/HI
 gen_la\[102\].u_tie_la/HI
 gen_la\[103\].u_tie_la/HI
 gen_la\[104\].u_tie_la/HI
 gen_la\[105\].u_tie_la/HI
 gen_la\[106\].u_tie_la/HI
 gen_la\[107\].u_tie_la/HI
 gen_la\[108\].u_tie_la/HI
 gen_la\[109\].u_tie_la/HI
 gen_la\[10\].u_tie_la/HI
 gen_la\[110\].u_tie_la/HI
 gen_la\[111\].u_tie_la/HI
 gen_la\[112\].u_tie_la/HI
 gen_la\[113\].u_tie_la/HI
 gen_la\[114\].u_tie_la/HI
 gen_la\[115\].u_tie_la/HI
 gen_la\[116\].u_tie_la/HI
 gen_la\[117\].u_tie_la/HI
 gen_la\[118\].u_tie_la/HI
 gen_la\[119\].u_tie_la/HI
 gen_la\[11\].u_tie_la/HI
 gen_la\[120\].u_tie_la/HI
 gen_la\[121\].u_tie_la/HI
 gen_la\[122\].u_tie_la/HI
 gen_la\[123\].u_tie_la/HI
 gen_la\[124\].u_tie_la/HI
 gen_la\[125\].u_tie_la/HI
 gen_la\[126\].u_tie_la/HI
 gen_la\[127\].u_tie_la/HI
 gen_la\[12\].u_tie_la/HI
 gen_la\[13\].u_tie_la/HI
 gen_la\[14\].u_tie_la/HI
 gen_la\[15\].u_tie_la/HI
 gen_la\[16\].u_tie_la/HI
 gen_la\[17\].u_tie_la/HI
 gen_la\[18\].u_tie_la/HI
 gen_la\[19\].u_tie_la/HI
 gen_la\[1\].u_tie_la/HI
 gen_la\[20\].u_tie_la/HI
 gen_la\[21\].u_tie_la/HI
 gen_la\[22\].u_tie_la/HI
 gen_la\[23\].u_tie_la/HI
 gen_la\[24\].u_tie_la/HI
 gen_la\[25\].u_tie_la/HI
 gen_la\[26\].u_tie_la/HI
 gen_la\[27\].u_tie_la/HI
 gen_la\[28\].u_tie_la/HI
 gen_la\[29\].u_tie_la/HI
 gen_la\[2\].u_tie_la/HI
 gen_la\[30\].u_tie_la/HI
 gen_la\[31\].u_tie_la/HI
 gen_la\[32\].u_tie_la/HI
 gen_la\[33\].u_tie_la/HI
 gen_la\[34\].u_tie_la/HI
 gen_la\[35\].u_tie_la/HI
 gen_la\[36\].u_tie_la/HI
 gen_la\[37\].u_tie_la/HI
 gen_la\[38\].u_tie_la/HI
 gen_la\[39\].u_tie_la/HI
 gen_la\[3\].u_tie_la/HI
 gen_la\[40\].u_tie_la/HI
 gen_la\[41\].u_tie_la/HI
 gen_la\[42\].u_tie_la/HI
 gen_la\[43\].u_tie_la/HI
 gen_la\[44\].u_tie_la/HI
 gen_la\[45\].u_tie_la/HI
 gen_la\[46\].u_tie_la/HI
 gen_la\[47\].u_tie_la/HI
 gen_la\[48\].u_tie_la/HI
 gen_la\[49\].u_tie_la/HI
 gen_la\[4\].u_tie_la/HI
 gen_la\[50\].u_tie_la/HI
 gen_la\[51\].u_tie_la/HI
 gen_la\[52\].u_tie_la/HI
 gen_la\[53\].u_tie_la/HI
 gen_la\[54\].u_tie_la/HI
 gen_la\[55\].u_tie_la/HI
 gen_la\[56\].u_tie_la/HI
 gen_la\[57\].u_tie_la/HI
 gen_la\[58\].u_tie_la/HI
 gen_la\[59\].u_tie_la/HI
 gen_la\[5\].u_tie_la/HI
 gen_la\[60\].u_tie_la/HI
 gen_la\[61\].u_tie_la/HI
 gen_la\[62\].u_tie_la/HI
 gen_la\[63\].u_tie_la/HI
 gen_la\[64\].u_tie_la/HI
 gen_la\[65\].u_tie_la/HI
 gen_la\[66\].u_tie_la/HI
 gen_la\[67\].u_tie_la/HI
 gen_la\[68\].u_tie_la/HI
 gen_la\[69\].u_tie_la/HI
 gen_la\[6\].u_tie_la/HI
 gen_la\[70\].u_tie_la/HI
 gen_la\[71\].u_tie_la/HI
 gen_la\[72\].u_tie_la/HI
 gen_la\[73\].u_tie_la/HI
 gen_la\[74\].u_tie_la/HI
 gen_la\[75\].u_tie_la/HI
 gen_la\[76\].u_tie_la/HI
 gen_la\[77\].u_tie_la/HI
 gen_la\[78\].u_tie_la/HI
 gen_la\[79\].u_tie_la/HI
 gen_la\[7\].u_tie_la/HI
 gen_la\[80\].u_tie_la/HI
 gen_la\[81\].u_tie_la/HI
 gen_la\[82\].u_tie_la/HI
 gen_la\[83\].u_tie_la/HI
 gen_la\[84\].u_tie_la/HI
 gen_la\[85\].u_tie_la/HI
 gen_la\[86\].u_tie_la/HI
 gen_la\[87\].u_tie_la/HI
 gen_la\[88\].u_tie_la/HI
 gen_la\[89\].u_tie_la/HI
 gen_la\[8\].u_tie_la/HI
 gen_la\[90\].u_tie_la/HI
 gen_la\[91\].u_tie_la/HI
 gen_la\[92\].u_tie_la/HI
 gen_la\[93\].u_tie_la/HI
 gen_la\[94\].u_tie_la/HI
 gen_la\[95\].u_tie_la/HI
 gen_la\[96\].u_tie_la/HI
 gen_la\[97\].u_tie_la/HI
 gen_la\[98\].u_tie_la/HI
 gen_la\[99\].u_tie_la/HI
 gen_la\[9\].u_tie_la/HI
 genblk3\[0\].u_tie_io_out_low0/HI
 genblk3\[1\].u_tie_io_out_low0/HI
 genblk3\[2\].u_tie_io_out_low0/HI
 genblk3\[3\].u_tie_io_out_low0/HI
 genblk3\[4\].u_tie_io_out_low0/HI
 genblk4\[10\].u_tie_io_out_low1/HI
 genblk4\[11\].u_tie_io_out_low1/HI
 genblk4\[12\].u_tie_io_out_low1/HI
 genblk4\[13\].u_tie_io_out_low1/HI
 genblk4\[14\].u_tie_io_out_low1/HI
 genblk4\[15\].u_tie_io_out_low1/HI
 genblk4\[16\].u_tie_io_out_low1/HI
 genblk4\[17\].u_tie_io_out_low1/HI
 genblk4\[18\].u_tie_io_out_low1/HI
 genblk4\[19\].u_tie_io_out_low1/HI
 genblk4\[20\].u_tie_io_out_low1/HI
 genblk4\[5\].u_tie_io_out_low1/HI
 genblk4\[6\].u_tie_io_out_low1/HI
 genblk4\[7\].u_tie_io_out_low1/HI
 genblk4\[8\].u_tie_io_out_low1/HI
 genblk4\[9\].u_tie_io_out_low1/HI
 genblk5\[29\].u_tie_io_out_low2/HI
 genblk5\[30\].u_tie_io_out_low2/HI
 genblk5\[31\].u_tie_io_out_low2/HI
 genblk5\[32\].u_tie_io_out_low2/HI
 genblk5\[33\].u_tie_io_out_low2/HI
 genblk5\[34\].u_tie_io_out_low2/HI
 genblk5\[35\].u_tie_io_out_low2/HI
 genblk5\[36\].u_tie_io_out_low2/HI
 genblk5\[37\].u_tie_io_out_low2/HI
 genblk6\[0\].u_tie_io_oeb_hi0/LO
 genblk6\[1\].u_tie_io_oeb_hi0/LO
 genblk6\[2\].u_tie_io_oeb_hi0/LO
 genblk6\[3\].u_tie_io_oeb_hi0/LO
 genblk6\[4\].u_tie_io_oeb_hi0/LO
 genblk7\[10\].u_tie_io_oeb_hi1/LO
 genblk7\[11\].u_tie_io_oeb_hi1/LO
 genblk7\[12\].u_tie_io_oeb_hi1/LO
 genblk7\[13\].u_tie_io_oeb_hi1/LO
 genblk7\[14\].u_tie_io_oeb_hi1/LO
 genblk7\[15\].u_tie_io_oeb_hi1/LO
 genblk7\[16\].u_tie_io_oeb_hi1/LO
 genblk7\[17\].u_tie_io_oeb_hi1/LO
 genblk7\[18\].u_tie_io_oeb_hi1/LO
 genblk7\[19\].u_tie_io_oeb_hi1/LO
 genblk7\[20\].u_tie_io_oeb_hi1/LO
 genblk7\[5\].u_tie_io_oeb_hi1/LO
 genblk7\[6\].u_tie_io_oeb_hi1/LO
 genblk7\[7\].u_tie_io_oeb_hi1/LO
 genblk7\[8\].u_tie_io_oeb_hi1/LO
 genblk7\[9\].u_tie_io_oeb_hi1/LO
 genblk8\[21\].u_tie_io_oeb_lo2/HI
 genblk8\[22\].u_tie_io_oeb_lo2/HI
 genblk8\[23\].u_tie_io_oeb_lo2/HI
 genblk8\[24\].u_tie_io_oeb_lo2/HI
 genblk8\[25\].u_tie_io_oeb_lo2/HI
 genblk8\[26\].u_tie_io_oeb_lo2/HI
 genblk8\[27\].u_tie_io_oeb_lo2/HI
 genblk8\[28\].u_tie_io_oeb_lo2/HI
 genblk9\[29\].u_tie_io_oeb_hi3/LO
 genblk9\[30\].u_tie_io_oeb_hi3/LO
 genblk9\[31\].u_tie_io_oeb_hi3/LO
 genblk9\[32\].u_tie_io_oeb_hi3/LO
 genblk9\[33\].u_tie_io_oeb_hi3/LO
 genblk9\[34\].u_tie_io_oeb_hi3/LO
 genblk9\[35\].u_tie_io_oeb_hi3/LO
 genblk9\[36\].u_tie_io_oeb_hi3/LO
 genblk9\[37\].u_tie_io_oeb_hi3/LO
Found 0 partially unannotated drivers.

===========================================================================
max slew violation count 129
max fanout violation count 0
max cap violation count 127
============================================================================

===========================================================================
check_setup -verbose -unconstrained_endpoints -multiple_clock -no_clock -no_input_delay -loops -generated_clocks
===========================================================================
Warning: There are 227 unconstrained endpoints.
  analog_io[0]
  analog_io[10]
  analog_io[11]
  analog_io[12]
  analog_io[13]
  analog_io[14]
  analog_io[15]
  analog_io[16]
  analog_io[17]
  analog_io[18]
  analog_io[19]
  analog_io[1]
  analog_io[20]
  analog_io[21]
  analog_io[22]
  analog_io[23]
  analog_io[24]
  analog_io[25]
  analog_io[26]
  analog_io[27]
  analog_io[28]
  analog_io[2]
  analog_io[3]
  analog_io[4]
  analog_io[5]
  analog_io[6]
  analog_io[7]
  analog_io[8]
  analog_io[9]
  io_oeb[0]
  io_oeb[10]
  io_oeb[11]
  io_oeb[12]
  io_oeb[13]
  io_oeb[14]
  io_oeb[15]
  io_oeb[16]
  io_oeb[17]
  io_oeb[18]
  io_oeb[19]
  io_oeb[1]
  io_oeb[20]
  io_oeb[21]
  io_oeb[22]
  io_oeb[23]
  io_oeb[24]
  io_oeb[25]
  io_oeb[26]
  io_oeb[27]
  io_oeb[28]
  io_oeb[29]
  io_oeb[2]
  io_oeb[30]
  io_oeb[31]
  io_oeb[32]
  io_oeb[33]
  io_oeb[34]
  io_oeb[35]
  io_oeb[36]
  io_oeb[37]
  io_oeb[3]
  io_oeb[4]
  io_oeb[5]
  io_oeb[6]
  io_oeb[7]
  io_oeb[8]
  io_oeb[9]
  io_out[0]
  io_out[10]
  io_out[11]
  io_out[12]
  io_out[13]
  io_out[14]
  io_out[15]
  io_out[16]
  io_out[17]
  io_out[18]
  io_out[19]
  io_out[1]
  io_out[20]
  io_out[29]
  io_out[2]
  io_out[30]
  io_out[31]
  io_out[32]
  io_out[33]
  io_out[34]
  io_out[35]
  io_out[36]
  io_out[37]
  io_out[3]
  io_out[4]
  io_out[5]
  io_out[6]
  io_out[7]
  io_out[8]
  io_out[9]
  la_data_out[0]
  la_data_out[100]
  la_data_out[101]
  la_data_out[102]
  la_data_out[103]
  la_data_out[104]
  la_data_out[105]
  la_data_out[106]
  la_data_out[107]
  la_data_out[108]
  la_data_out[109]
  la_data_out[10]
  la_data_out[110]
  la_data_out[111]
  la_data_out[112]
  la_data_out[113]
  la_data_out[114]
  la_data_out[115]
  la_data_out[116]
  la_data_out[117]
  la_data_out[118]
  la_data_out[119]
  la_data_out[11]
  la_data_out[120]
  la_data_out[121]
  la_data_out[122]
  la_data_out[123]
  la_data_out[124]
  la_data_out[125]
  la_data_out[126]
  la_data_out[127]
  la_data_out[12]
  la_data_out[13]
  la_data_out[14]
  la_data_out[15]
  la_data_out[16]
  la_data_out[17]
  la_data_out[18]
  la_data_out[19]
  la_data_out[1]
  la_data_out[20]
  la_data_out[21]
  la_data_out[22]
  la_data_out[23]
  la_data_out[24]
  la_data_out[25]
  la_data_out[26]
  la_data_out[27]
  la_data_out[28]
  la_data_out[29]
  la_data_out[2]
  la_data_out[30]
  la_data_out[31]
  la_data_out[32]
  la_data_out[33]
  la_data_out[34]
  la_data_out[35]
  la_data_out[36]
  la_data_out[37]
  la_data_out[38]
  la_data_out[39]
  la_data_out[3]
  la_data_out[40]
  la_data_out[41]
  la_data_out[42]
  la_data_out[43]
  la_data_out[44]
  la_data_out[45]
  la_data_out[46]
  la_data_out[47]
  la_data_out[48]
  la_data_out[49]
  la_data_out[4]
  la_data_out[50]
  la_data_out[51]
  la_data_out[52]
  la_data_out[53]
  la_data_out[54]
  la_data_out[55]
  la_data_out[56]
  la_data_out[57]
  la_data_out[58]
  la_data_out[59]
  la_data_out[5]
  la_data_out[60]
  la_data_out[61]
  la_data_out[62]
  la_data_out[63]
  la_data_out[64]
  la_data_out[65]
  la_data_out[66]
  la_data_out[67]
  la_data_out[68]
  la_data_out[69]
  la_data_out[6]
  la_data_out[70]
  la_data_out[71]
  la_data_out[72]
  la_data_out[73]
  la_data_out[74]
  la_data_out[75]
  la_data_out[76]
  la_data_out[77]
  la_data_out[78]
  la_data_out[79]
  la_data_out[7]
  la_data_out[80]
  la_data_out[81]
  la_data_out[82]
  la_data_out[83]
  la_data_out[84]
  la_data_out[85]
  la_data_out[86]
  la_data_out[87]
  la_data_out[88]
  la_data_out[89]
  la_data_out[8]
  la_data_out[90]
  la_data_out[91]
  la_data_out[92]
  la_data_out[93]
  la_data_out[94]
  la_data_out[95]
  la_data_out[96]
  la_data_out[97]
  la_data_out[98]
  la_data_out[99]
  la_data_out[9]
  user_irq[1]
  user_irq[2]
