Clock: clk
Sources: wb_clk_i 
Generated: no
Virtual: yes
Propagated: no
Period: 25.000000

===========================================================================
report_clock_properties
============================================================================
Clock                   Period          Waveform
----------------------------------------------------
clk                  25.000000    0.000000 12.500000

===========================================================================
report_clock_latency
============================================================================
Clock clk
rise -> rise
    min     max
4.650000 5.570000 source latency
4.665895         network latency _755_/CLK
        5.733757 network latency _784_/CLK
---------------
9.315895 11.303758 latency
        1.987862 skew

fall -> fall
    min     max
4.650000 5.570000 source latency
4.665335         network latency _755_/CLK
        5.727806 network latency _784_/CLK
---------------
9.315334 11.297806 latency
        1.982471 skew



===========================================================================
report_clock_min_period
============================================================================
clk period_min = 4.10 fmax = 244.19
