
===========================================================================
 report_power
============================================================================
======================= max_ff_n40C_1v95 Corner ===================================

Group                    Internal    Switching      Leakage        Total
                            Power        Power        Power        Power (Watts)
------------------------------------------------------------------------
Sequential           2.074377e-04 1.128910e-05 1.444187e-09 2.187282e-04  78.4%
Combinational        1.112973e-05 4.916980e-05 4.589877e-09 6.030412e-05  21.6%
Clock                0.000000e+00 0.000000e+00 9.779711e-09 9.779711e-09   0.0%
Macro                0.000000e+00 0.000000e+00 0.000000e+00 0.000000e+00   0.0%
Pad                  0.000000e+00 0.000000e+00 0.000000e+00 0.000000e+00   0.0%
------------------------------------------------------------------------
Total                2.185674e-04 6.045889e-05 1.581376e-08 2.790421e-04 100.0%
                            78.3%        21.7%         0.0%

