Clock: wb_clk_i
Sources: wb_clk_i 
Generated: no
Virtual: yes
Propagated: no
Period: 25.000000

===========================================================================
report_clock_properties
============================================================================
Clock                   Period          Waveform
----------------------------------------------------
wb_clk_i             25.000000    0.000000 12.500000

===========================================================================
report_clock_latency
============================================================================
Clock wb_clk_i
rise -> rise
    min     max
0.000000 0.000000 source latency
0.783315         network latency _720_/CLK
        0.787923 network latency _741_/CLK
---------------
0.783315 0.787923 latency
        0.004608 skew

fall -> fall
    min     max
0.000000 0.000000 source latency
0.713527         network latency _720_/CLK
        0.717313 network latency _741_/CLK
---------------
0.713527 0.717313 latency
        0.003786 skew



===========================================================================
report_clock_min_period
============================================================================
wb_clk_i period_min = 6.30 fmax = 158.77
