Clock: clk
Sources: clk 
Generated: no
Virtual: yes
Propagated: no
Period: 25.000000

===========================================================================
report_clock_properties
============================================================================
Clock                   Period          Waveform
----------------------------------------------------
clk                  25.000000    0.000000 12.500000

===========================================================================
report_clock_latency
============================================================================
Clock clk
rise -> rise
    min     max
0.000000 0.000000 source latency
0.649709         network latency _440_/CLK
        0.653477 network latency _469_/CLK
---------------
0.649709 0.653477 latency
        0.003768 skew

fall -> fall
    min     max
0.000000 0.000000 source latency
0.626139         network latency _440_/CLK
        0.629735 network latency _469_/CLK
---------------
0.626139 0.629735 latency
        0.003596 skew



===========================================================================
report_clock_min_period
============================================================================
clk period_min = 7.06 fmax = 141.57
