
===========================================================================
report_checks -unconstrained
===========================================================================
======================= max_tt_025C_1v80 Corner ===================================

Startpoint: _432_ (rising edge-triggered flip-flop clocked by clk)
Endpoint: unlock_enable (output port clocked by clk)
Path Group: clk
Path Type: max

Fanout         Cap        Slew       Delay        Time   Description
---------------------------------------------------------------------------------------------
                                  0.000000    0.000000   clock clk (rise edge)
                                  0.000000    0.000000   clock source latency
     1    0.019539    0.093422    0.064972    0.064972 ^ clk (in)
                                                         clk (net)
                      0.093474    0.000000    0.064972 ^ clkbuf_0_clk/A (sky130_fd_sc_hd__clkbuf_16)
     4    0.042376    0.061980    0.160792    0.225764 ^ clkbuf_0_clk/X (sky130_fd_sc_hd__clkbuf_16)
                                                         clknet_0_clk (net)
                      0.062041    0.001678    0.227443 ^ clkbuf_2_3__f_clk/A (sky130_fd_sc_hd__clkbuf_16)
    14    0.048485    0.067552    0.153365    0.380808 ^ clkbuf_2_3__f_clk/X (sky130_fd_sc_hd__clkbuf_16)
                                                         clknet_2_3__leaf_clk (net)
                      0.067707    0.002107    0.382915 ^ _432_/CLK (sky130_fd_sc_hd__dfxtp_1)
     4    0.009545    0.098785    0.352422    0.735336 ^ _432_/Q (sky130_fd_sc_hd__dfxtp_1)
                                                         net21 (net)
                      0.098786    0.000448    0.735784 ^ hold11/A (sky130_fd_sc_hd__dlygate4sd3_1)
     1    0.004737    0.069816    0.566469    1.302254 ^ hold11/X (sky130_fd_sc_hd__dlygate4sd3_1)
                                                         net93 (net)
                      0.069816    0.000220    1.302474 ^ _211_/A (sky130_fd_sc_hd__inv_2)
     6    0.020431    0.051625    0.065326    1.367800 v _211_/Y (sky130_fd_sc_hd__inv_2)
                                                         _053_ (net)
                      0.051668    0.001229    1.369028 v _227_/B (sky130_fd_sc_hd__or3b_2)
     4    0.015655    0.117090    0.501882    1.870911 v _227_/X (sky130_fd_sc_hd__or3b_2)
                                                         _065_ (net)
                      0.117154    0.001036    1.871947 v _228_/A (sky130_fd_sc_hd__inv_2)
     8    0.043413    0.198428    0.198400    2.070347 ^ _228_/Y (sky130_fd_sc_hd__inv_2)
                                                         net16 (net)
                      0.198478    0.002640    2.072987 ^ _487_/A (sky130_fd_sc_hd__clkbuf_1)
     1    0.002536    0.042960    0.110257    2.183244 ^ _487_/X (sky130_fd_sc_hd__clkbuf_1)
                                                         net76 (net)
                      0.042960    0.000166    2.183410 ^ output76/A (sky130_fd_sc_hd__buf_2)
     1    0.034639    0.172078    0.197699    2.381109 ^ output76/X (sky130_fd_sc_hd__buf_2)
                                                         unlock_enable (net)
                      0.172102    0.001690    2.382799 ^ unlock_enable (out)
                                              2.382799   data arrival time

                                 25.000000   25.000000   clock clk (rise edge)
                                  0.000000   25.000000   clock network delay (propagated)
                                 -0.250000   24.750000   clock uncertainty
                                  0.000000   24.750000   clock reconvergence pessimism
                                 -5.000000   19.750000   output external delay
                                             19.750000   data required time
---------------------------------------------------------------------------------------------
                                             19.750000   data required time
                                             -2.382799   data arrival time
---------------------------------------------------------------------------------------------
                                             17.367199   slack (MET)




===========================================================================
report_checks --slack_max -0.01
============================================================================
======================= max_tt_025C_1v80 Corner ===================================

No paths found.


===========================================================================
 report_check_types -max_slew -max_cap -max_fanout -violators
============================================================================
======================= max_tt_025C_1v80 Corner ===================================

max fanout

Pin                                   Limit Fanout  Slack
---------------------------------------------------------
clkbuf_2_0__f_clk/X                      10     14     -4 (VIOLATED)
clkbuf_2_1__f_clk/X                      10     14     -4 (VIOLATED)
clkbuf_2_3__f_clk/X                      10     14     -4 (VIOLATED)
clkbuf_2_2__f_clk/X                      10     13     -3 (VIOLATED)



===========================================================================
report_parasitic_annotation -report_unannotated
============================================================================
Found 3 unannotated drivers.
 clkload0/X
 clkload1/X
 clkload2/X
Found 0 partially unannotated drivers.

===========================================================================
max slew violation count 0
max fanout violation count 4
max cap violation count 0
============================================================================

===========================================================================
check_setup -verbose -unconstrained_endpoints -multiple_clock -no_clock -no_input_delay -loops -generated_clocks
===========================================================================
