Clock: clk
Sources: clk 
Generated: no
Virtual: yes
Propagated: no
Period: 25.000000

===========================================================================
report_clock_properties
============================================================================
Clock                   Period          Waveform
----------------------------------------------------
clk                  25.000000    0.000000 12.500000

===========================================================================
report_clock_latency
============================================================================
Clock clk
rise -> rise
    min     max
0.000000 0.000000 source latency
0.381580         network latency _450_/CLK
        0.385692 network latency _465_/CLK
---------------
0.381580 0.385692 latency
        0.004112 skew

fall -> fall
    min     max
0.000000 0.000000 source latency
0.353499         network latency _450_/CLK
        0.357063 network latency _465_/CLK
---------------
0.353499 0.357063 latency
        0.003564 skew



===========================================================================
report_clock_min_period
============================================================================
clk period_min = 3.28 fmax = 304.82
