
===========================================================================
 report_power
============================================================================
======================= max_tt_025C_1v80 Corner ===================================

Group                    Internal    Switching      Leakage        Total
                            Power        Power        Power        Power (Watts)
------------------------------------------------------------------------
Sequential           8.436553e-05 1.779378e-06 4.230966e-10 8.614533e-05  48.4%
Combinational        7.194849e-06 1.204961e-05 1.287030e-09 1.924575e-05  10.8%
Clock                4.213599e-05 3.054070e-05 2.788954e-10 7.267697e-05  40.8%
Macro                0.000000e+00 0.000000e+00 0.000000e+00 0.000000e+00   0.0%
Pad                  0.000000e+00 0.000000e+00 0.000000e+00 0.000000e+00   0.0%
------------------------------------------------------------------------
Total                1.336964e-04 4.436970e-05 1.989023e-09 1.780681e-04 100.0%
                            75.1%        24.9%         0.0%

