
===========================================================================
 report_power
============================================================================
======================= max_ff_n40C_1v95 Corner ===================================

Group                    Internal    Switching      Leakage        Total
                            Power        Power        Power        Power (Watts)
------------------------------------------------------------------------
Sequential           1.796389e-04 3.042795e-06 1.459432e-09 1.826831e-04  47.6%
Combinational        1.106853e-05 2.044592e-05 3.423397e-09 3.151787e-05   8.2%
Clock                9.707988e-05 7.235185e-05 1.073964e-09 1.694328e-04  44.2%
Macro                0.000000e+00 0.000000e+00 0.000000e+00 0.000000e+00   0.0%
Pad                  0.000000e+00 0.000000e+00 0.000000e+00 0.000000e+00   0.0%
------------------------------------------------------------------------
Total                2.877872e-04 9.584057e-05 5.956792e-09 3.836338e-04 100.0%
                            75.0%        25.0%         0.0%

