Clock: clk
Sources: clk 
Generated: no
Virtual: yes
Propagated: no
Period: 25.000000

===========================================================================
report_clock_properties
============================================================================
Clock                   Period          Waveform
----------------------------------------------------
clk                  25.000000    0.000000 12.500000

===========================================================================
report_clock_latency
============================================================================
Clock clk
rise -> rise
    min     max
0.000000 0.000000 source latency
0.659409         network latency _450_/CLK
        0.664084 network latency _465_/CLK
---------------
0.659409 0.664084 latency
        0.004675 skew

fall -> fall
    min     max
0.000000 0.000000 source latency
0.632721         network latency _450_/CLK
        0.636737 network latency _465_/CLK
---------------
0.632721 0.636737 latency
        0.004016 skew



===========================================================================
report_clock_min_period
============================================================================
clk period_min = 6.68 fmax = 149.71
