Clock: clk
Sources: clk 
Generated: no
Virtual: yes
Propagated: no
Period: 40.000000

===========================================================================
report_clock_properties
============================================================================
Clock                   Period          Waveform
----------------------------------------------------
clk                  40.000000    0.000000 20.000000

===========================================================================
report_clock_latency
============================================================================
Clock clk
rise -> rise
    min     max
0.000000 0.000000 source latency
1.548475         network latency _52870_/CLK
        1.835891 network latency _54413_/CLK
---------------
1.548475 1.835891 latency
        0.287416 skew

fall -> fall
    min     max
0.000000 0.000000 source latency
1.198176         network latency _52870_/CLK
        1.451117 network latency _54413_/CLK
---------------
1.198176 1.451117 latency
        0.252941 skew



===========================================================================
report_clock_min_period
============================================================================
clk period_min = 9.80 fmax = 102.03
