
===========================================================================
 report_power
============================================================================
======================= nom_tt_025C_1v80 Corner ===================================

Group                    Internal    Switching      Leakage        Total
                            Power        Power        Power        Power (Watts)
------------------------------------------------------------------------
Sequential           3.370029e-03 4.619890e-04 3.975435e-08 3.832058e-03   5.5%
Combinational        2.284107e-02 3.981809e-02 1.246782e-07 6.265928e-02  90.0%
Clock                1.522462e-03 1.578445e-03 6.171067e-08 3.100969e-03   4.5%
Macro                0.000000e+00 0.000000e+00 0.000000e+00 0.000000e+00   0.0%
Pad                  0.000000e+00 0.000000e+00 0.000000e+00 0.000000e+00   0.0%
------------------------------------------------------------------------
Total                2.773304e-02 4.185848e-02 2.261433e-07 6.959175e-02 100.0%
                            39.9%        60.1%         0.0%

