
===========================================================================
report_checks -unconstrained
===========================================================================
======================= max_tt_025C_1v80 Corner ===================================

Startpoint: wb_rst_i (input port clocked by wb_clk_i)
Endpoint: _671_ (recovery check against rising-edge clock wb_clk_i)
Path Group: asynchronous
Path Type: max

Fanout         Cap        Slew       Delay        Time   Description
---------------------------------------------------------------------------------------------
                                  0.000000    0.000000   clock wb_clk_i (rise edge)
                                  0.000000    0.000000   clock network delay (propagated)
                                  5.000000    5.000000 v input external delay
     2    0.007953    0.020056    0.012947    5.012948 v wb_rst_i (in)
                                                         wb_rst_i (net)
                      0.020061    0.000000    5.012948 v input23/A (sky130_fd_sc_hd__clkbuf_1)
     1    0.003606    0.030693    0.080524    5.093472 v input23/X (sky130_fd_sc_hd__clkbuf_1)
                                                         net23 (net)
                      0.030694    0.000217    5.093688 v fanout89/A (sky130_fd_sc_hd__buf_2)
    11    0.053759    0.129165    0.204015    5.297703 v fanout89/X (sky130_fd_sc_hd__buf_2)
                                                         net89 (net)
                      0.129350    0.004055    5.301758 v fanout84/A (sky130_fd_sc_hd__clkbuf_4)
    10    0.049465    0.108518    0.239777    5.541535 v fanout84/X (sky130_fd_sc_hd__clkbuf_4)
                                                         net84 (net)
                      0.108556    0.001986    5.543522 v fanout83/A (sky130_fd_sc_hd__buf_4)
    10    0.056207    0.081172    0.216470    5.759992 v fanout83/X (sky130_fd_sc_hd__buf_4)
                                                         net83 (net)
                      0.081682    0.004719    5.764711 v _339_/A (sky130_fd_sc_hd__inv_2)
     7    0.028033    0.131765    0.134782    5.899493 ^ _339_/Y (sky130_fd_sc_hd__inv_2)
                                                         _038_ (net)
                      0.131808    0.001985    5.901477 ^ fanout82/A (sky130_fd_sc_hd__clkbuf_4)
    21    0.068173    0.207747    0.283223    6.184700 ^ fanout82/X (sky130_fd_sc_hd__clkbuf_4)
                                                         net82 (net)
                      0.207801    0.002795    6.187495 ^ _671_/RESET_B (sky130_fd_sc_hd__dfrtp_1)
                                              6.187495   data arrival time

                                 25.000000   25.000000   clock wb_clk_i (rise edge)
                                  0.000000   25.000000   clock source latency
     2    0.024605    0.115929    0.081259   25.081259 ^ wb_clk_i (in)
                                                         wb_clk_i (net)
                      0.116033    0.000000   25.081259 ^ clkbuf_0_wb_clk_i/A (sky130_fd_sc_hd__clkbuf_16)
    17    0.112011    0.125929    0.218350   25.299608 ^ clkbuf_0_wb_clk_i/X (sky130_fd_sc_hd__clkbuf_16)
                                                         clknet_0_wb_clk_i (net)
                      0.126398    0.006132   25.305740 ^ clkbuf_3_4__f_wb_clk_i/A (sky130_fd_sc_hd__clkbuf_16)
    12    0.045313    0.064725    0.174364   25.480104 ^ clkbuf_3_4__f_wb_clk_i/X (sky130_fd_sc_hd__clkbuf_16)
                                                         clknet_3_4__leaf_wb_clk_i (net)
                      0.064986    0.002832   25.482935 ^ _671_/CLK (sky130_fd_sc_hd__dfrtp_1)
                                 -0.250000   25.232937   clock uncertainty
                                  0.000000   25.232937   clock reconvergence pessimism
                                  0.194444   25.427380   library recovery time
                                             25.427380   data required time
---------------------------------------------------------------------------------------------
                                             25.427380   data required time
                                             -6.187495   data arrival time
---------------------------------------------------------------------------------------------
                                             19.239885   slack (MET)


Startpoint: _718_ (rising edge-triggered flip-flop clocked by wb_clk_i)
Endpoint: security_breach (output port clocked by wb_clk_i)
Path Group: wb_clk_i
Path Type: max

Fanout         Cap        Slew       Delay        Time   Description
---------------------------------------------------------------------------------------------
                                  0.000000    0.000000   clock wb_clk_i (rise edge)
                                  0.000000    0.000000   clock source latency
     2    0.024605    0.115929    0.081259    0.081259 ^ wb_clk_i (in)
                                                         wb_clk_i (net)
                      0.116033    0.000000    0.081259 ^ clkbuf_0_wb_clk_i/A (sky130_fd_sc_hd__clkbuf_16)
    17    0.112011    0.125929    0.218350    0.299609 ^ clkbuf_0_wb_clk_i/X (sky130_fd_sc_hd__clkbuf_16)
                                                         clknet_0_wb_clk_i (net)
                      0.126175    0.004484    0.304093 ^ clkbuf_3_6__f_wb_clk_i/A (sky130_fd_sc_hd__clkbuf_16)
    10    0.045061    0.064505    0.174319    0.478413 ^ clkbuf_3_6__f_wb_clk_i/X (sky130_fd_sc_hd__clkbuf_16)
                                                         clknet_3_6__leaf_wb_clk_i (net)
                      0.064663    0.002693    0.481105 ^ _718_/CLK (sky130_fd_sc_hd__dfxtp_1)
     4    0.009170    0.095404    0.348984    0.830090 ^ _718_/Q (sky130_fd_sc_hd__dfxtp_1)
                                                         u_system.u_global.state[4] (net)
                      0.095404    0.000276    0.830366 ^ hold15/A (sky130_fd_sc_hd__dlygate4sd3_1)
     1    0.005371    0.075318    0.570295    1.400660 ^ hold15/X (sky130_fd_sc_hd__dlygate4sd3_1)
                                                         net104 (net)
                      0.075318    0.000393    1.401053 ^ _335_/A (sky130_fd_sc_hd__inv_2)
     4    0.011567    0.036762    0.051785    1.452838 v _335_/Y (sky130_fd_sc_hd__inv_2)
                                                         _140_ (net)
                      0.036771    0.000571    1.453409 v _351_/B (sky130_fd_sc_hd__and3_1)
     6    0.026261    0.134062    0.249174    1.702583 v _351_/X (sky130_fd_sc_hd__and3_1)
                                                         _154_ (net)
                      0.134069    0.001152    1.703734 v _353_/A (sky130_fd_sc_hd__or2_2)
     9    0.034279    0.135116    0.422731    2.126465 v _353_/X (sky130_fd_sc_hd__or2_2)
                                                         net32 (net)
                      0.135251    0.003811    2.130275 v _766_/A (sky130_fd_sc_hd__clkbuf_1)
     1    0.002411    0.025709    0.123386    2.253662 v _766_/X (sky130_fd_sc_hd__clkbuf_1)
                                                         net33 (net)
                      0.025725    0.000155    2.253817 v output33/A (sky130_fd_sc_hd__buf_2)
     1    0.034974    0.091652    0.172177    2.425994 v output33/X (sky130_fd_sc_hd__buf_2)
                                                         security_breach (net)
                      0.091696    0.001842    2.427836 v security_breach (out)
                                              2.427836   data arrival time

                                 25.000000   25.000000   clock wb_clk_i (rise edge)
                                  0.000000   25.000000   clock network delay (propagated)
                                 -0.250000   24.750000   clock uncertainty
                                  0.000000   24.750000   clock reconvergence pessimism
                                 -5.000000   19.750000   output external delay
                                             19.750000   data required time
---------------------------------------------------------------------------------------------
                                             19.750000   data required time
                                             -2.427836   data arrival time
---------------------------------------------------------------------------------------------
                                             17.322165   slack (MET)




===========================================================================
report_checks --slack_max -0.01
============================================================================
======================= max_tt_025C_1v80 Corner ===================================

No paths found.


===========================================================================
 report_check_types -max_slew -max_cap -max_fanout -violators
============================================================================
======================= max_tt_025C_1v80 Corner ===================================

max fanout

Pin                                   Limit Fanout  Slack
---------------------------------------------------------
fanout82/X                               10     21    -11 (VIOLATED)
fanout87/X                               10     21    -11 (VIOLATED)
fanout88/X                               10     19     -9 (VIOLATED)
clkbuf_0_wb_clk_i/X                      10     17     -7 (VIOLATED)
clkbuf_3_1__f_wb_clk_i/X                 10     15     -5 (VIOLATED)
fanout80/X                               10     15     -5 (VIOLATED)
clkbuf_3_2__f_wb_clk_i/X                 10     14     -4 (VIOLATED)
clkbuf_3_5__f_wb_clk_i/X                 10     14     -4 (VIOLATED)
clkbuf_3_0__f_wb_clk_i/X                 10     13     -3 (VIOLATED)
clkbuf_3_7__f_wb_clk_i/X                 10     13     -3 (VIOLATED)
clkbuf_3_4__f_wb_clk_i/X                 10     12     -2 (VIOLATED)
clkbuf_3_3__f_wb_clk_i/X                 10     11        (VIOLATED)
fanout89/X                               10     11        (VIOLATED)



===========================================================================
report_parasitic_annotation -report_unannotated
============================================================================
Found 67 unannotated drivers.
 wb_adr_i[0]
 wb_adr_i[10]
 wb_adr_i[11]
 wb_adr_i[12]
 wb_adr_i[13]
 wb_adr_i[14]
 wb_adr_i[15]
 wb_adr_i[16]
 wb_adr_i[17]
 wb_adr_i[18]
 wb_adr_i[19]
 wb_adr_i[1]
 wb_adr_i[20]
 wb_adr_i[21]
 wb_adr_i[22]
 wb_adr_i[23]
 wb_adr_i[24]
 wb_adr_i[25]
 wb_adr_i[26]
 wb_adr_i[27]
 wb_adr_i[28]
 wb_adr_i[29]
 wb_adr_i[30]
 wb_adr_i[31]
 wb_adr_i[4]
 wb_adr_i[5]
 wb_adr_i[6]
 wb_adr_i[7]
 wb_adr_i[8]
 wb_adr_i[9]
 wb_dat_i[10]
 wb_dat_i[11]
 wb_dat_i[12]
 wb_dat_i[13]
 wb_dat_i[14]
 wb_dat_i[15]
 wb_dat_i[16]
 wb_dat_i[17]
 wb_dat_i[18]
 wb_dat_i[19]
 wb_dat_i[20]
 wb_dat_i[21]
 wb_dat_i[22]
 wb_dat_i[23]
 wb_dat_i[24]
 wb_dat_i[25]
 wb_dat_i[26]
 wb_dat_i[27]
 wb_dat_i[28]
 wb_dat_i[29]
 wb_dat_i[30]
 wb_dat_i[31]
 wb_dat_i[5]
 wb_dat_i[6]
 wb_dat_i[7]
 wb_dat_i[8]
 wb_dat_i[9]
 wb_sel_i[1]
 wb_sel_i[2]
 wb_sel_i[3]
 clkload0/X
 clkload1/X
 clkload2/X
 clkload3/Y
 clkload4/Y
 clkload5/Y
 clkload6/X
Found 0 partially unannotated drivers.

===========================================================================
max slew violation count 0
max fanout violation count 13
max cap violation count 0
============================================================================

===========================================================================
check_setup -verbose -unconstrained_endpoints -multiple_clock -no_clock -no_input_delay -loops -generated_clocks
===========================================================================
