Clock: wb_clk_i
Sources: wb_clk_i 
Generated: no
Virtual: yes
Propagated: no
Period: 25.000000

===========================================================================
report_clock_properties
============================================================================
Clock                   Period          Waveform
----------------------------------------------------
wb_clk_i             25.000000    0.000000 12.500000

===========================================================================
report_clock_latency
============================================================================
Clock wb_clk_i
rise -> rise
    min     max
0.000000 0.000000 source latency
0.479183         network latency _755_/CLK
        0.484650 network latency _703_/CLK
---------------
0.479183 0.484650 latency
        0.005466 skew

fall -> fall
    min     max
0.000000 0.000000 source latency
0.419607         network latency _681_/CLK
        0.424543 network latency _703_/CLK
---------------
0.419607 0.424543 latency
        0.004936 skew



===========================================================================
report_clock_min_period
============================================================================
wb_clk_i period_min = 3.13 fmax = 319.11
