Clock: wb_clk_i
Sources: wb_clk_i 
Generated: no
Virtual: yes
Propagated: no
Period: 25.000000

===========================================================================
report_clock_properties
============================================================================
Clock                   Period          Waveform
----------------------------------------------------
wb_clk_i             25.000000    0.000000 12.500000

===========================================================================
report_clock_latency
============================================================================
Clock wb_clk_i
rise -> rise
    min     max
0.000000 0.000000 source latency
0.325297         network latency _755_/CLK
        0.328447 network latency _703_/CLK
---------------
0.325297 0.328447 latency
        0.003149 skew

fall -> fall
    min     max
0.000000 0.000000 source latency
0.282632         network latency _755_/CLK
        0.285392 network latency _703_/CLK
---------------
0.282632 0.285392 latency
        0.002760 skew



===========================================================================
report_clock_min_period
============================================================================
wb_clk_i period_min = 1.99 fmax = 502.25
