
===========================================================================
 report_power
============================================================================
======================= nom_ff_n40C_1v95 Corner ===================================

Group                    Internal    Switching      Leakage        Total
                            Power        Power        Power        Power (Watts)
------------------------------------------------------------------------
Sequential           1.797138e-04 2.935912e-06 1.459432e-09 1.826512e-04  48.0%
Combinational        1.104535e-05 1.986895e-05 3.423397e-09 3.091773e-05   8.1%
Clock                9.704953e-05 7.001919e-05 1.073964e-09 1.670698e-04  43.9%
Macro                0.000000e+00 0.000000e+00 0.000000e+00 0.000000e+00   0.0%
Pad                  0.000000e+00 0.000000e+00 0.000000e+00 0.000000e+00   0.0%
------------------------------------------------------------------------
Total                2.878087e-04 9.282404e-05 5.956792e-09 3.806387e-04 100.0%
                            75.6%        24.4%         0.0%

