
===========================================================================
report_checks -unconstrained
===========================================================================
======================= nom_tt_025C_1v80 Corner ===================================

Startpoint: u_hsm (rising edge-triggered flip-flop clocked by wb_clk_i)
Endpoint: io_out[23] (output port clocked by wb_clk_i)
Path Group: wb_clk_i
Path Type: max

Fanout         Cap        Slew       Delay        Time   Description
---------------------------------------------------------------------------------------------
                                  0.000000    0.000000   clock wb_clk_i (rise edge)
                                  0.000000    0.000000   clock source latency
     1    0.427130    1.851701    1.527848    1.527848 ^ wb_clk_i (in)
                                                         wb_clk_i (net)
                      2.223886    0.000000    1.527848 ^ u_hsm/clk (hsm_top)
     1    0.517162    2.409571    4.563578    6.091425 ^ u_hsm/safe_led (hsm_top)
                                                         io_out[23] (net)
                      2.917509    0.851546    6.942971 ^ io_out[23] (out)
                                              6.942971   data arrival time

                                 25.000000   25.000000   clock wb_clk_i (rise edge)
                                  0.000000   25.000000   clock network delay (propagated)
                                 -0.250000   24.750000   clock uncertainty
                                  0.000000   24.750000   clock reconvergence pessimism
                                 -5.000000   19.750000   output external delay
                                             19.750000   data required time
---------------------------------------------------------------------------------------------
                                             19.750000   data required time
                                             -6.942971   data arrival time
---------------------------------------------------------------------------------------------
                                             12.807029   slack (MET)




===========================================================================
report_checks --slack_max -0.01
============================================================================
======================= nom_tt_025C_1v80 Corner ===================================

No paths found.


===========================================================================
 report_check_types -max_slew -max_cap -max_fanout -violators
============================================================================
======================= nom_tt_025C_1v80 Corner ===================================

max slew

Pin                                        Limit        Slew       Slack
------------------------------------------------------------------------
wbs_dat_o[20]                           1.500000    3.471703   -1.971703 (VIOLATED)
wbs_dat_o[27]                           1.500000    3.235796   -1.735796 (VIOLATED)
wbs_dat_o[2]                            1.500000    3.230702   -1.730702 (VIOLATED)
u_hsm/wb_adr_i[6]                       1.500000    3.123101   -1.623101 (VIOLATED)
io_out[22]                              1.500000    3.095827   -1.595827 (VIOLATED)
io_out[21]                              1.500000    3.042005   -1.542005 (VIOLATED)
u_hsm/wb_adr_i[0]                       1.500000    2.952272   -1.452272 (VIOLATED)
u_hsm/wb_cyc_i                          1.500000    2.951685   -1.451685 (VIOLATED)
io_out[24]                              1.500000    2.928961   -1.428961 (VIOLATED)
io_out[23]                              1.500000    2.917509   -1.417509 (VIOLATED)
wbs_dat_o[9]                            1.500000    2.912523   -1.412523 (VIOLATED)
u_hsm/wb_dat_o[20]                      1.500000    2.909571   -1.409571 (VIOLATED)
wbs_dat_o[19]                           1.500000    2.899765   -1.399765 (VIOLATED)
u_hsm/wb_dat_i[2]                       1.500000    2.884202   -1.384203 (VIOLATED)
u_hsm/wb_adr_i[5]                       1.500000    2.879295   -1.379295 (VIOLATED)
wbs_dat_o[23]                           1.500000    2.878901   -1.378901 (VIOLATED)
wbs_dat_o[4]                            1.500000    2.853430   -1.353430 (VIOLATED)
wbs_dat_o[26]                           1.500000    2.820635   -1.320635 (VIOLATED)
wbs_dat_o[10]                           1.500000    2.803596   -1.303596 (VIOLATED)
u_hsm/wb_dat_o[9]                       1.500000    2.796058   -1.296058 (VIOLATED)
u_hsm/wb_dat_o[2]                       1.500000    2.783271   -1.283271 (VIOLATED)
wbs_dat_o[24]                           1.500000    2.782200   -1.282200 (VIOLATED)
u_hsm/wb_adr_i[7]                       1.500000    2.770735   -1.270735 (VIOLATED)
wbs_dat_o[17]                           1.500000    2.759770   -1.259770 (VIOLATED)
wbs_dat_o[31]                           1.500000    2.758888   -1.258888 (VIOLATED)
wbs_adr_i[6]                            1.497817    2.756480   -1.258663 (VIOLATED)
wbs_dat_o[21]                           1.500000    2.758550   -1.258550 (VIOLATED)
u_hsm/wb_dat_i[1]                       1.500000    2.743284   -1.243284 (VIOLATED)
u_hsm/wb_dat_o[17]                      1.500000    2.719148   -1.219148 (VIOLATED)
u_hsm/wb_dat_o[23]                      1.500000    2.708675   -1.208675 (VIOLATED)
u_hsm/wb_adr_i[4]                       1.500000    2.707269   -1.207269 (VIOLATED)
wbs_adr_i[4]                            1.497817    2.697967   -1.200150 (VIOLATED)
u_hsm/wb_dat_o[10]                      1.500000    2.695527   -1.195527 (VIOLATED)
wbs_dat_i[1]                            1.497817    2.688302   -1.190485 (VIOLATED)
u_hsm/wb_dat_o[27]                      1.500000    2.686265   -1.186264 (VIOLATED)
u_hsm/wb_adr_i[3]                       1.500000    2.675336   -1.175336 (VIOLATED)
u_hsm/wb_dat_o[26]                      1.500000    2.649644   -1.149644 (VIOLATED)
wbs_adr_i[3]                            1.497817    2.614464   -1.116647 (VIOLATED)
io_out[25]                              1.500000    2.613977   -1.113977 (VIOLATED)
u_hsm/wb_dat_o[24]                      1.500000    2.610441   -1.110441 (VIOLATED)
u_hsm/boot_fail                         1.500000    2.604750   -1.104750 (VIOLATED)
u_hsm/wb_dat_o[21]                      1.500000    2.597630   -1.097630 (VIOLATED)
wbs_dat_o[5]                            1.500000    2.588360   -1.088360 (VIOLATED)
u_hsm/fsm_error                         1.500000    2.577485   -1.077485 (VIOLATED)
u_hsm/boot_valid                        1.500000    2.573950   -1.073950 (VIOLATED)
wbs_dat_i[2]                            1.497817    2.568904   -1.071087 (VIOLATED)
u_hsm/wb_dat_i[3]                       1.500000    2.536637   -1.036637 (VIOLATED)
u_hsm/wb_dat_o[19]                      1.500000    2.529938   -1.029938 (VIOLATED)
u_hsm/wb_dat_o[4]                       1.500000    2.495196   -0.995196 (VIOLATED)
u_hsm/wb_dat_o[5]                       1.500000    2.491189   -0.991189 (VIOLATED)
wbs_dat_o[29]                           1.500000    2.476496   -0.976496 (VIOLATED)
wbs_adr_i[7]                            1.497817    2.467037   -0.969220 (VIOLATED)
wbs_dat_o[28]                           1.500000    2.464829   -0.964830 (VIOLATED)
wbs_dat_o[22]                           1.500000    2.444247   -0.944247 (VIOLATED)
wbs_ack_o                               1.500000    2.434879   -0.934879 (VIOLATED)
wbs_dat_o[1]                            1.500000    2.426546   -0.926546 (VIOLATED)
u_hsm/safe_led                          1.500000    2.409571   -0.909571 (VIOLATED)
u_hsm/wb_dat_o[1]                       1.500000    2.397901   -0.897901 (VIOLATED)
wbs_dat_o[30]                           1.500000    2.380949   -0.880949 (VIOLATED)
wbs_adr_i[5]                            1.497817    2.367246   -0.869429 (VIOLATED)
wbs_dat_o[11]                           1.500000    2.365713   -0.865713 (VIOLATED)
wbs_adr_i[0]                            1.497817    2.358957   -0.861140 (VIOLATED)
wbs_dat_o[13]                           1.500000    2.355202   -0.855202 (VIOLATED)
wbs_dat_o[0]                            1.500000    2.349031   -0.849032 (VIOLATED)
u_hsm/security_breach                   1.500000    2.346713   -0.846713 (VIOLATED)
u_hsm/wb_dat_o[31]                      1.500000    2.339980   -0.839980 (VIOLATED)
wbs_dat_o[25]                           1.500000    2.338817   -0.838817 (VIOLATED)
u_hsm/wb_dat_o[25]                      1.500000    2.333591   -0.833591 (VIOLATED)
u_hsm/wb_we_i                           1.500000    2.328775   -0.828775 (VIOLATED)
u_hsm/wb_adr_i[2]                       1.500000    2.325592   -0.825592 (VIOLATED)
wbs_adr_i[2]                            1.497817    2.322906   -0.825089 (VIOLATED)
wbs_dat_o[15]                           1.500000    2.322323   -0.822323 (VIOLATED)
u_hsm/wb_dat_o[22]                      1.500000    2.321970   -0.821970 (VIOLATED)
wbs_cyc_i                               1.497817    2.317364   -0.819547 (VIOLATED)
u_hsm/wb_dat_o[0]                       1.500000    2.317323   -0.817323 (VIOLATED)
u_hsm/wb_stb_i                          1.500000    2.312879   -0.812879 (VIOLATED)
u_hsm/wb_dat_o[28]                      1.500000    2.311458   -0.811458 (VIOLATED)
u_hsm/reset                             1.500000    2.310197   -0.810197 (VIOLATED)
u_hsm/wb_ack_o                          1.500000    2.305198   -0.805198 (VIOLATED)
u_hsm/wb_dat_i[7]                       1.500000    2.297048   -0.797048 (VIOLATED)
wbs_dat_i[3]                            1.497817    2.271497   -0.773680 (VIOLATED)
wbs_we_i                                1.497817    2.267867   -0.770050 (VIOLATED)
wb_rst_i                                1.497817    2.257133   -0.759316 (VIOLATED)
wbs_dat_o[14]                           1.500000    2.254606   -0.754606 (VIOLATED)
u_hsm/wb_dat_o[30]                      1.500000    2.242553   -0.742553 (VIOLATED)
u_hsm/wb_dat_i[0]                       1.500000    2.237032   -0.737032 (VIOLATED)
u_hsm/wb_dat_o[13]                      1.500000    2.233500   -0.733500 (VIOLATED)
u_hsm/wb_dat_o[11]                      1.500000    2.232198   -0.732198 (VIOLATED)
wbs_dat_o[3]                            1.500000    2.231606   -0.731606 (VIOLATED)
u_hsm/clk                               1.500000    2.223886   -0.723886 (VIOLATED)
u_hsm/wb_dat_o[15]                      1.500000    2.214812   -0.714812 (VIOLATED)
u_hsm/wb_dat_o[29]                      1.500000    2.198024   -0.698024 (VIOLATED)
wbs_dat_o[6]                            1.500000    2.197772   -0.697772 (VIOLATED)
u_hsm/wb_dat_o[3]                       1.500000    2.193747   -0.693747 (VIOLATED)
wbs_dat_i[0]                            1.497817    2.187479   -0.689662 (VIOLATED)
wbs_dat_o[8]                            1.500000    2.156554   -0.656554 (VIOLATED)
u_hsm/wb_adr_i[1]                       1.500000    2.145118   -0.645118 (VIOLATED)
wbs_dat_o[16]                           1.500000    2.132240   -0.632240 (VIOLATED)
u_hsm/wb_dat_o[14]                      1.500000    2.130100   -0.630100 (VIOLATED)
wbs_dat_i[7]                            1.497817    2.123333   -0.625515 (VIOLATED)
io_out[26]                              1.500000    2.124700   -0.624700 (VIOLATED)
wbs_dat_o[18]                           1.500000    2.122161   -0.622161 (VIOLATED)
u_hsm/vault_is_locked                   1.500000    2.113963   -0.613963 (VIOLATED)
u_hsm/wb_dat_o[6]                       1.500000    2.100828   -0.600828 (VIOLATED)
wbs_stb_i                               1.497817    2.084638   -0.586821 (VIOLATED)
wbs_dat_o[12]                           1.500000    2.080875   -0.580875 (VIOLATED)
u_hsm/wb_dat_o[8]                       1.500000    2.062844   -0.562844 (VIOLATED)
wbs_dat_o[7]                            1.500000    2.044932   -0.544932 (VIOLATED)
u_hsm/wb_dat_o[16]                      1.500000    2.038745   -0.538745 (VIOLATED)
u_hsm/wb_dat_i[5]                       1.500000    2.021220   -0.521220 (VIOLATED)
u_hsm/wb_dat_o[18]                      1.500000    2.007970   -0.507970 (VIOLATED)
u_hsm/wb_dat_o[12]                      1.500000    1.986657   -0.486657 (VIOLATED)
wbs_adr_i[1]                            1.497817    1.977723   -0.479906 (VIOLATED)
u_hsm/wb_dat_o[7]                       1.500000    1.964619   -0.464619 (VIOLATED)
u_hsm/wb_dat_i[6]                       1.500000    1.952163   -0.452163 (VIOLATED)
wb_clk_i                                1.497817    1.851701   -0.353884 (VIOLATED)
wbs_dat_i[5]                            1.497817    1.848765   -0.350948 (VIOLATED)
u_hsm/wb_dat_i[4]                       1.500000    1.842903   -0.342904 (VIOLATED)
wbs_dat_i[6]                            1.497817    1.788343   -0.290526 (VIOLATED)
wbs_dat_i[4]                            1.497817    1.751116   -0.253299 (VIOLATED)
user_irq[0]                             1.500000    1.622552   -0.122552 (VIOLATED)

max capacitance

Pin                                        Limit         Cap       Slack
------------------------------------------------------------------------
wbs_adr_i[6]                            0.200000    0.622091   -0.422091 (VIOLATED)
u_hsm/wb_dat_o[20]                      0.200000    0.615392   -0.415392 (VIOLATED)
wbs_adr_i[4]                            0.200000    0.604248   -0.404248 (VIOLATED)
wbs_dat_i[1]                            0.200000    0.600432   -0.400432 (VIOLATED)
u_hsm/wb_dat_o[2]                       0.200000    0.594647   -0.394646 (VIOLATED)
wbs_adr_i[3]                            0.200000    0.583986   -0.383986 (VIOLATED)
u_hsm/wb_dat_o[9]                       0.200000    0.581436   -0.381436 (VIOLATED)
wbs_dat_i[2]                            0.200000    0.579195   -0.379195 (VIOLATED)
u_hsm/wb_dat_o[17]                      0.200000    0.569909   -0.369909 (VIOLATED)
u_hsm/wb_dat_o[27]                      0.200000    0.568881   -0.368881 (VIOLATED)
u_hsm/wb_dat_o[23]                      0.200000    0.564803   -0.364803 (VIOLATED)
u_hsm/wb_dat_o[10]                      0.200000    0.564405   -0.364405 (VIOLATED)
u_hsm/boot_fail                         0.200000    0.558981   -0.358981 (VIOLATED)
wbs_adr_i[7]                            0.200000    0.556433   -0.356433 (VIOLATED)
u_hsm/wb_dat_o[26]                      0.200000    0.552127   -0.352127 (VIOLATED)
u_hsm/boot_valid                        0.200000    0.551943   -0.351943 (VIOLATED)
u_hsm/wb_dat_o[21]                      0.200000    0.544174   -0.344174 (VIOLATED)
u_hsm/wb_dat_o[24]                      0.200000    0.544138   -0.344138 (VIOLATED)
wbs_adr_i[0]                            0.200000    0.543051   -0.343051 (VIOLATED)
u_hsm/fsm_error                         0.200000    0.541448   -0.341448 (VIOLATED)
wbs_adr_i[5]                            0.200000    0.541111   -0.341111 (VIOLATED)
wbs_cyc_i                               0.200000    0.535268   -0.335268 (VIOLATED)
u_hsm/wb_dat_o[19]                      0.200000    0.528782   -0.328782 (VIOLATED)
u_hsm/wb_dat_o[4]                       0.200000    0.526371   -0.326371 (VIOLATED)
wbs_adr_i[2]                            0.200000    0.521636   -0.321636 (VIOLATED)
u_hsm/wb_dat_o[5]                       0.200000    0.517930   -0.317930 (VIOLATED)
u_hsm/safe_led                          0.200000    0.517162   -0.317162 (VIOLATED)
wbs_dat_i[3]                            0.200000    0.511828   -0.311828 (VIOLATED)
wbs_we_i                                0.200000    0.504695   -0.304695 (VIOLATED)
wb_rst_i                                0.200000    0.504553   -0.304553 (VIOLATED)
u_hsm/wb_dat_o[1]                       0.200000    0.502590   -0.302590 (VIOLATED)
u_hsm/wb_dat_o[31]                      0.200000    0.497164   -0.297164 (VIOLATED)
u_hsm/security_breach                   0.200000    0.493047   -0.293047 (VIOLATED)
u_hsm/wb_dat_o[25]                      0.200000    0.490941   -0.290941 (VIOLATED)
wbs_dat_i[0]                            0.200000    0.488948   -0.288948 (VIOLATED)
u_hsm/wb_dat_o[0]                       0.200000    0.486717   -0.286717 (VIOLATED)
u_hsm/wb_dat_o[22]                      0.200000    0.484103   -0.284103 (VIOLATED)
u_hsm/wb_dat_o[28]                      0.200000    0.480860   -0.280860 (VIOLATED)
u_hsm/wb_ack_o                          0.200000    0.477129   -0.277129 (VIOLATED)
wbs_dat_i[7]                            0.200000    0.474781   -0.274781 (VIOLATED)
wbs_stb_i                               0.200000    0.468976   -0.268976 (VIOLATED)
u_hsm/wb_dat_o[30]                      0.200000    0.465498   -0.265498 (VIOLATED)
u_hsm/wb_dat_o[11]                      0.200000    0.464548   -0.264548 (VIOLATED)
u_hsm/wb_dat_o[13]                      0.200000    0.463128   -0.263128 (VIOLATED)
u_hsm/wb_dat_o[29]                      0.200000    0.462013   -0.262013 (VIOLATED)
u_hsm/wb_dat_o[15]                      0.200000    0.460105   -0.260105 (VIOLATED)
u_hsm/wb_dat_o[3]                       0.200000    0.458558   -0.258558 (VIOLATED)
wbs_adr_i[1]                            0.200000    0.443086   -0.243086 (VIOLATED)
u_hsm/vault_is_locked                   0.200000    0.442620   -0.242620 (VIOLATED)
u_hsm/wb_dat_o[14]                      0.200000    0.440890   -0.240890 (VIOLATED)
u_hsm/wb_dat_o[6]                       0.200000    0.436843   -0.236843 (VIOLATED)
u_hsm/wb_dat_o[8]                       0.200000    0.428822   -0.228822 (VIOLATED)
u_hsm/wb_dat_o[16]                      0.200000    0.427267   -0.227267 (VIOLATED)
wb_clk_i                                0.200000    0.427130   -0.227130 (VIOLATED)
u_hsm/wb_dat_o[18]                      0.200000    0.420979   -0.220979 (VIOLATED)
wbs_dat_i[5]                            0.200000    0.414701   -0.214701 (VIOLATED)
u_hsm/wb_dat_o[12]                      0.200000    0.413163   -0.213163 (VIOLATED)
u_hsm/wb_dat_o[7]                       0.200000    0.408647   -0.208647 (VIOLATED)
wbs_dat_i[6]                            0.200000    0.400993   -0.200993 (VIOLATED)
wbs_dat_i[4]                            0.200000    0.389458   -0.189458 (VIOLATED)
wbs_sel_i[0]                            0.200000    0.322364   -0.122364 (VIOLATED)
u_hsm/irq                               0.200000    0.314979   -0.114979 (VIOLATED)
wbs_sel_i[1]                            0.200000    0.309678   -0.109678 (VIOLATED)
wbs_dat_i[23]                           0.200000    0.285343   -0.085343 (VIOLATED)
wbs_sel_i[3]                            0.200000    0.282960   -0.082960 (VIOLATED)
wbs_sel_i[2]                            0.200000    0.272698   -0.072698 (VIOLATED)
wbs_adr_i[11]                           0.200000    0.255208   -0.055208 (VIOLATED)
wbs_dat_i[26]                           0.200000    0.252656   -0.052656 (VIOLATED)
wbs_adr_i[13]                           0.200000    0.252381   -0.052381 (VIOLATED)
wbs_adr_i[16]                           0.200000    0.244446   -0.044446 (VIOLATED)
wbs_adr_i[17]                           0.200000    0.239729   -0.039729 (VIOLATED)
wbs_adr_i[19]                           0.200000    0.237574   -0.037574 (VIOLATED)
wbs_adr_i[18]                           0.200000    0.237528   -0.037528 (VIOLATED)
wbs_dat_i[9]                            0.200000    0.237336   -0.037336 (VIOLATED)
wbs_adr_i[10]                           0.200000    0.233481   -0.033481 (VIOLATED)
wbs_adr_i[14]                           0.200000    0.232588   -0.032588 (VIOLATED)
wbs_adr_i[20]                           0.200000    0.232328   -0.032328 (VIOLATED)
wbs_adr_i[21]                           0.200000    0.230322   -0.030322 (VIOLATED)
wbs_dat_i[27]                           0.200000    0.229198   -0.029198 (VIOLATED)
wbs_dat_i[8]                            0.200000    0.227805   -0.027805 (VIOLATED)
wbs_adr_i[22]                           0.200000    0.227395   -0.027395 (VIOLATED)
wbs_adr_i[8]                            0.200000    0.225390   -0.025390 (VIOLATED)
wbs_dat_i[10]                           0.200000    0.220463   -0.020463 (VIOLATED)
wbs_dat_i[30]                           0.200000    0.219899   -0.019899 (VIOLATED)
wbs_adr_i[9]                            0.200000    0.218676   -0.018676 (VIOLATED)
wbs_dat_i[11]                           0.200000    0.217045   -0.017045 (VIOLATED)
wbs_dat_i[16]                           0.200000    0.214984   -0.014984 (VIOLATED)
wbs_dat_i[12]                           0.200000    0.213443   -0.013443 (VIOLATED)
wbs_adr_i[30]                           0.200000    0.212628   -0.012628 (VIOLATED)
wbs_dat_i[13]                           0.200000    0.211789   -0.011789 (VIOLATED)
wbs_adr_i[12]                           0.200000    0.210569   -0.010569 (VIOLATED)
wbs_adr_i[29]                           0.200000    0.210412   -0.010412 (VIOLATED)
wbs_dat_i[15]                           0.200000    0.210288   -0.010288 (VIOLATED)
wbs_dat_i[18]                           0.200000    0.210246   -0.010246 (VIOLATED)
wbs_dat_i[14]                           0.200000    0.209678   -0.009678 (VIOLATED)
wbs_dat_i[17]                           0.200000    0.209413   -0.009413 (VIOLATED)
wbs_adr_i[15]                           0.200000    0.208112   -0.008112 (VIOLATED)
wbs_dat_i[19]                           0.200000    0.207498   -0.007498 (VIOLATED)
wbs_dat_i[31]                           0.200000    0.205848   -0.005848 (VIOLATED)
wbs_adr_i[31]                           0.200000    0.205532   -0.005532 (VIOLATED)
wbs_dat_i[21]                           0.200000    0.204841   -0.004841 (VIOLATED)
wbs_dat_i[20]                           0.200000    0.201072   -0.001072 (VIOLATED)



===========================================================================
report_parasitic_annotation -report_unannotated
============================================================================
Found 526 unannotated drivers.
 analog_io[0]
 analog_io[10]
 analog_io[11]
 analog_io[12]
 analog_io[13]
 analog_io[14]
 analog_io[15]
 analog_io[16]
 analog_io[17]
 analog_io[18]
 analog_io[19]
 analog_io[1]
 analog_io[20]
 analog_io[21]
 analog_io[22]
 analog_io[23]
 analog_io[24]
 analog_io[25]
 analog_io[26]
 analog_io[27]
 analog_io[28]
 analog_io[2]
 analog_io[3]
 analog_io[4]
 analog_io[5]
 analog_io[6]
 analog_io[7]
 analog_io[8]
 analog_io[9]
 io_in[0]
 io_in[10]
 io_in[11]
 io_in[12]
 io_in[13]
 io_in[14]
 io_in[15]
 io_in[16]
 io_in[17]
 io_in[18]
 io_in[19]
 io_in[1]
 io_in[20]
 io_in[21]
 io_in[22]
 io_in[23]
 io_in[24]
 io_in[25]
 io_in[26]
 io_in[27]
 io_in[28]
 io_in[29]
 io_in[2]
 io_in[30]
 io_in[31]
 io_in[32]
 io_in[33]
 io_in[34]
 io_in[35]
 io_in[36]
 io_in[37]
 io_in[3]
 io_in[4]
 io_in[5]
 io_in[6]
 la_data_in[0]
 la_data_in[100]
 la_data_in[101]
 la_data_in[102]
 la_data_in[103]
 la_data_in[104]
 la_data_in[105]
 la_data_in[106]
 la_data_in[107]
 la_data_in[108]
 la_data_in[109]
 la_data_in[10]
 la_data_in[110]
 la_data_in[111]
 la_data_in[112]
 la_data_in[113]
 la_data_in[114]
 la_data_in[115]
 la_data_in[116]
 la_data_in[117]
 la_data_in[118]
 la_data_in[119]
 la_data_in[11]
 la_data_in[120]
 la_data_in[121]
 la_data_in[122]
 la_data_in[123]
 la_data_in[124]
 la_data_in[125]
 la_data_in[126]
 la_data_in[127]
 la_data_in[12]
 la_data_in[13]
 la_data_in[14]
 la_data_in[15]
 la_data_in[16]
 la_data_in[17]
 la_data_in[18]
 la_data_in[19]
 la_data_in[1]
 la_data_in[20]
 la_data_in[21]
 la_data_in[22]
 la_data_in[23]
 la_data_in[24]
 la_data_in[25]
 la_data_in[26]
 la_data_in[27]
 la_data_in[28]
 la_data_in[29]
 la_data_in[2]
 la_data_in[30]
 la_data_in[31]
 la_data_in[32]
 la_data_in[33]
 la_data_in[34]
 la_data_in[35]
 la_data_in[36]
 la_data_in[37]
 la_data_in[38]
 la_data_in[39]
 la_data_in[3]
 la_data_in[40]
 la_data_in[41]
 la_data_in[42]
 la_data_in[43]
 la_data_in[44]
 la_data_in[45]
 la_data_in[46]
 la_data_in[47]
 la_data_in[48]
 la_data_in[49]
 la_data_in[4]
 la_data_in[50]
 la_data_in[51]
 la_data_in[52]
 la_data_in[53]
 la_data_in[54]
 la_data_in[55]
 la_data_in[56]
 la_data_in[57]
 la_data_in[58]
 la_data_in[59]
 la_data_in[5]
 la_data_in[60]
 la_data_in[61]
 la_data_in[62]
 la_data_in[63]
 la_data_in[64]
 la_data_in[65]
 la_data_in[66]
 la_data_in[67]
 la_data_in[68]
 la_data_in[69]
 la_data_in[6]
 la_data_in[70]
 la_data_in[71]
 la_data_in[72]
 la_data_in[73]
 la_data_in[74]
 la_data_in[75]
 la_data_in[76]
 la_data_in[77]
 la_data_in[78]
 la_data_in[79]
 la_data_in[7]
 la_data_in[80]
 la_data_in[81]
 la_data_in[82]
 la_data_in[83]
 la_data_in[84]
 la_data_in[85]
 la_data_in[86]
 la_data_in[87]
 la_data_in[88]
 la_data_in[89]
 la_data_in[8]
 la_data_in[90]
 la_data_in[91]
 la_data_in[92]
 la_data_in[93]
 la_data_in[94]
 la_data_in[95]
 la_data_in[96]
 la_data_in[97]
 la_data_in[98]
 la_data_in[99]
 la_data_in[9]
 la_oenb[0]
 la_oenb[100]
 la_oenb[101]
 la_oenb[102]
 la_oenb[103]
 la_oenb[104]
 la_oenb[105]
 la_oenb[106]
 la_oenb[107]
 la_oenb[108]
 la_oenb[109]
 la_oenb[10]
 la_oenb[110]
 la_oenb[111]
 la_oenb[112]
 la_oenb[113]
 la_oenb[114]
 la_oenb[115]
 la_oenb[116]
 la_oenb[117]
 la_oenb[118]
 la_oenb[119]
 la_oenb[11]
 la_oenb[120]
 la_oenb[121]
 la_oenb[122]
 la_oenb[123]
 la_oenb[124]
 la_oenb[125]
 la_oenb[126]
 la_oenb[127]
 la_oenb[12]
 la_oenb[13]
 la_oenb[14]
 la_oenb[15]
 la_oenb[16]
 la_oenb[17]
 la_oenb[18]
 la_oenb[19]
 la_oenb[1]
 la_oenb[20]
 la_oenb[21]
 la_oenb[22]
 la_oenb[23]
 la_oenb[24]
 la_oenb[25]
 la_oenb[26]
 la_oenb[27]
 la_oenb[28]
 la_oenb[29]
 la_oenb[2]
 la_oenb[30]
 la_oenb[31]
 la_oenb[32]
 la_oenb[33]
 la_oenb[34]
 la_oenb[35]
 la_oenb[36]
 la_oenb[37]
 la_oenb[38]
 la_oenb[39]
 la_oenb[3]
 la_oenb[40]
 la_oenb[41]
 la_oenb[42]
 la_oenb[43]
 la_oenb[44]
 la_oenb[45]
 la_oenb[46]
 la_oenb[47]
 la_oenb[48]
 la_oenb[49]
 la_oenb[4]
 la_oenb[50]
 la_oenb[51]
 la_oenb[52]
 la_oenb[53]
 la_oenb[54]
 la_oenb[55]
 la_oenb[56]
 la_oenb[57]
 la_oenb[58]
 la_oenb[59]
 la_oenb[5]
 la_oenb[60]
 la_oenb[61]
 la_oenb[62]
 la_oenb[63]
 la_oenb[64]
 la_oenb[65]
 la_oenb[66]
 la_oenb[67]
 la_oenb[68]
 la_oenb[69]
 la_oenb[6]
 la_oenb[70]
 la_oenb[71]
 la_oenb[72]
 la_oenb[73]
 la_oenb[74]
 la_oenb[75]
 la_oenb[76]
 la_oenb[77]
 la_oenb[78]
 la_oenb[79]
 la_oenb[7]
 la_oenb[80]
 la_oenb[81]
 la_oenb[82]
 la_oenb[83]
 la_oenb[84]
 la_oenb[85]
 la_oenb[86]
 la_oenb[87]
 la_oenb[88]
 la_oenb[89]
 la_oenb[8]
 la_oenb[90]
 la_oenb[91]
 la_oenb[92]
 la_oenb[93]
 la_oenb[94]
 la_oenb[95]
 la_oenb[96]
 la_oenb[97]
 la_oenb[98]
 la_oenb[99]
 la_oenb[9]
 user_clock2
 gen_io_out_low0\[0\].u_tie_io_out/HI
 gen_io_out_low0\[1\].u_tie_io_out/HI
 gen_io_out_low0\[2\].u_tie_io_out/HI
 gen_io_out_low0\[3\].u_tie_io_out/HI
 gen_io_out_low0\[4\].u_tie_io_out/HI
 gen_io_out_low1\[10\].u_tie_io_out/HI
 gen_io_out_low1\[11\].u_tie_io_out/HI
 gen_io_out_low1\[12\].u_tie_io_out/HI
 gen_io_out_low1\[13\].u_tie_io_out/HI
 gen_io_out_low1\[14\].u_tie_io_out/HI
 gen_io_out_low1\[15\].u_tie_io_out/HI
 gen_io_out_low1\[16\].u_tie_io_out/HI
 gen_io_out_low1\[17\].u_tie_io_out/HI
 gen_io_out_low1\[18\].u_tie_io_out/HI
 gen_io_out_low1\[19\].u_tie_io_out/HI
 gen_io_out_low1\[20\].u_tie_io_out/HI
 gen_io_out_low1\[5\].u_tie_io_out/HI
 gen_io_out_low1\[6\].u_tie_io_out/HI
 gen_io_out_low1\[7\].u_tie_io_out/HI
 gen_io_out_low1\[8\].u_tie_io_out/HI
 gen_io_out_low1\[9\].u_tie_io_out/HI
 gen_io_out_low2\[29\].u_tie_io_out/HI
 gen_io_out_low2\[30\].u_tie_io_out/HI
 gen_io_out_low2\[31\].u_tie_io_out/HI
 gen_io_out_low2\[32\].u_tie_io_out/HI
 gen_io_out_low2\[33\].u_tie_io_out/HI
 gen_io_out_low2\[34\].u_tie_io_out/HI
 gen_io_out_low2\[35\].u_tie_io_out/HI
 gen_io_out_low2\[36\].u_tie_io_out/HI
 gen_io_out_low2\[37\].u_tie_io_out/HI
 gen_irq\[1\].u_tie_irq/HI
 gen_irq\[2\].u_tie_irq/HI
 gen_la\[0\].u_tie_la/HI
 gen_la\[100\].u_tie_la/HI
 gen_la\[101\].u_tie_la/HI
 gen_la\[102\].u_tie_la/HI
 gen_la\[103\].u_tie_la/HI
 gen_la\[104\].u_tie_la/HI
 gen_la\[105\].u_tie_la/HI
 gen_la\[106\].u_tie_la/HI
 gen_la\[107\].u_tie_la/HI
 gen_la\[108\].u_tie_la/HI
 gen_la\[109\].u_tie_la/HI
 gen_la\[10\].u_tie_la/HI
 gen_la\[110\].u_tie_la/HI
 gen_la\[111\].u_tie_la/HI
 gen_la\[112\].u_tie_la/HI
 gen_la\[113\].u_tie_la/HI
 gen_la\[114\].u_tie_la/HI
 gen_la\[115\].u_tie_la/HI
 gen_la\[116\].u_tie_la/HI
 gen_la\[117\].u_tie_la/HI
 gen_la\[118\].u_tie_la/HI
 gen_la\[119\].u_tie_la/HI
 gen_la\[11\].u_tie_la/HI
 gen_la\[120\].u_tie_la/HI
 gen_la\[121\].u_tie_la/HI
 gen_la\[122\].u_tie_la/HI
 gen_la\[123\].u_tie_la/HI
 gen_la\[124\].u_tie_la/HI
 gen_la\[125\].u_tie_la/HI
 gen_la\[126\].u_tie_la/HI
 gen_la\[127\].u_tie_la/HI
 gen_la\[12\].u_tie_la/HI
 gen_la\[13\].u_tie_la/HI
 gen_la\[14\].u_tie_la/HI
 gen_la\[15\].u_tie_la/HI
 gen_la\[16\].u_tie_la/HI
 gen_la\[17\].u_tie_la/HI
 gen_la\[18\].u_tie_la/HI
 gen_la\[19\].u_tie_la/HI
 gen_la\[1\].u_tie_la/HI
 gen_la\[20\].u_tie_la/HI
 gen_la\[21\].u_tie_la/HI
 gen_la\[22\].u_tie_la/HI
 gen_la\[23\].u_tie_la/HI
 gen_la\[24\].u_tie_la/HI
 gen_la\[25\].u_tie_la/HI
 gen_la\[26\].u_tie_la/HI
 gen_la\[27\].u_tie_la/HI
 gen_la\[28\].u_tie_la/HI
 gen_la\[29\].u_tie_la/HI
 gen_la\[2\].u_tie_la/HI
 gen_la\[30\].u_tie_la/HI
 gen_la\[31\].u_tie_la/HI
 gen_la\[32\].u_tie_la/HI
 gen_la\[33\].u_tie_la/HI
 gen_la\[34\].u_tie_la/HI
 gen_la\[35\].u_tie_la/HI
 gen_la\[36\].u_tie_la/HI
 gen_la\[37\].u_tie_la/HI
 gen_la\[38\].u_tie_la/HI
 gen_la\[39\].u_tie_la/HI
 gen_la\[3\].u_tie_la/HI
 gen_la\[40\].u_tie_la/HI
 gen_la\[41\].u_tie_la/HI
 gen_la\[42\].u_tie_la/HI
 gen_la\[43\].u_tie_la/HI
 gen_la\[44\].u_tie_la/HI
 gen_la\[45\].u_tie_la/HI
 gen_la\[46\].u_tie_la/HI
 gen_la\[47\].u_tie_la/HI
 gen_la\[48\].u_tie_la/HI
 gen_la\[49\].u_tie_la/HI
 gen_la\[4\].u_tie_la/HI
 gen_la\[50\].u_tie_la/HI
 gen_la\[51\].u_tie_la/HI
 gen_la\[52\].u_tie_la/HI
 gen_la\[53\].u_tie_la/HI
 gen_la\[54\].u_tie_la/HI
 gen_la\[55\].u_tie_la/HI
 gen_la\[56\].u_tie_la/HI
 gen_la\[57\].u_tie_la/HI
 gen_la\[58\].u_tie_la/HI
 gen_la\[59\].u_tie_la/HI
 gen_la\[5\].u_tie_la/HI
 gen_la\[60\].u_tie_la/HI
 gen_la\[61\].u_tie_la/HI
 gen_la\[62\].u_tie_la/HI
 gen_la\[63\].u_tie_la/HI
 gen_la\[64\].u_tie_la/HI
 gen_la\[65\].u_tie_la/HI
 gen_la\[66\].u_tie_la/HI
 gen_la\[67\].u_tie_la/HI
 gen_la\[68\].u_tie_la/HI
 gen_la\[69\].u_tie_la/HI
 gen_la\[6\].u_tie_la/HI
 gen_la\[70\].u_tie_la/HI
 gen_la\[71\].u_tie_la/HI
 gen_la\[72\].u_tie_la/HI
 gen_la\[73\].u_tie_la/HI
 gen_la\[74\].u_tie_la/HI
 gen_la\[75\].u_tie_la/HI
 gen_la\[76\].u_tie_la/HI
 gen_la\[77\].u_tie_la/HI
 gen_la\[78\].u_tie_la/HI
 gen_la\[79\].u_tie_la/HI
 gen_la\[7\].u_tie_la/HI
 gen_la\[80\].u_tie_la/HI
 gen_la\[81\].u_tie_la/HI
 gen_la\[82\].u_tie_la/HI
 gen_la\[83\].u_tie_la/HI
 gen_la\[84\].u_tie_la/HI
 gen_la\[85\].u_tie_la/HI
 gen_la\[86\].u_tie_la/HI
 gen_la\[87\].u_tie_la/HI
 gen_la\[88\].u_tie_la/HI
 gen_la\[89\].u_tie_la/HI
 gen_la\[8\].u_tie_la/HI
 gen_la\[90\].u_tie_la/HI
 gen_la\[91\].u_tie_la/HI
 gen_la\[92\].u_tie_la/HI
 gen_la\[93\].u_tie_la/HI
 gen_la\[94\].u_tie_la/HI
 gen_la\[95\].u_tie_la/HI
 gen_la\[96\].u_tie_la/HI
 gen_la\[97\].u_tie_la/HI
 gen_la\[98\].u_tie_la/HI
 gen_la\[99\].u_tie_la/HI
 gen_la\[9\].u_tie_la/HI
 gen_oeb_hi0\[0\].u_tie_oeb/LO
 gen_oeb_hi0\[10\].u_tie_oeb/LO
 gen_oeb_hi0\[11\].u_tie_oeb/LO
 gen_oeb_hi0\[12\].u_tie_oeb/LO
 gen_oeb_hi0\[13\].u_tie_oeb/LO
 gen_oeb_hi0\[14\].u_tie_oeb/LO
 gen_oeb_hi0\[15\].u_tie_oeb/LO
 gen_oeb_hi0\[16\].u_tie_oeb/LO
 gen_oeb_hi0\[17\].u_tie_oeb/LO
 gen_oeb_hi0\[18\].u_tie_oeb/LO
 gen_oeb_hi0\[19\].u_tie_oeb/LO
 gen_oeb_hi0\[1\].u_tie_oeb/LO
 gen_oeb_hi0\[20\].u_tie_oeb/LO
 gen_oeb_hi0\[2\].u_tie_oeb/LO
 gen_oeb_hi0\[3\].u_tie_oeb/LO
 gen_oeb_hi0\[4\].u_tie_oeb/LO
 gen_oeb_hi0\[5\].u_tie_oeb/LO
 gen_oeb_hi0\[6\].u_tie_oeb/LO
 gen_oeb_hi0\[7\].u_tie_oeb/LO
 gen_oeb_hi0\[8\].u_tie_oeb/LO
 gen_oeb_hi0\[9\].u_tie_oeb/LO
 gen_oeb_hi1\[27\].u_tie_oeb/LO
 gen_oeb_hi1\[28\].u_tie_oeb/LO
 gen_oeb_hi1\[29\].u_tie_oeb/LO
 gen_oeb_hi1\[30\].u_tie_oeb/LO
 gen_oeb_hi1\[31\].u_tie_oeb/LO
 gen_oeb_hi1\[32\].u_tie_oeb/LO
 gen_oeb_hi1\[33\].u_tie_oeb/LO
 gen_oeb_hi1\[34\].u_tie_oeb/LO
 gen_oeb_hi1\[35\].u_tie_oeb/LO
 gen_oeb_hi1\[36\].u_tie_oeb/LO
 gen_oeb_hi1\[37\].u_tie_oeb/LO
 gen_oeb_lo\[21\].u_tie_oeb/HI
 gen_oeb_lo\[22\].u_tie_oeb/HI
 gen_oeb_lo\[23\].u_tie_oeb/HI
 gen_oeb_lo\[24\].u_tie_oeb/HI
 gen_oeb_lo\[25\].u_tie_oeb/HI
 gen_oeb_lo\[26\].u_tie_oeb/HI
 u_hsm/global_state_bits[0]
 u_hsm/global_state_bits[1]
 u_hsm/global_state_bits[2]
 u_hsm/global_state_bits[3]
 u_hsm/global_state_bits[4]
 u_tie_io27/HI
 u_tie_io28/HI
Found 0 partially unannotated drivers.

===========================================================================
max slew violation count 121
max fanout violation count 0
max cap violation count 102
============================================================================

===========================================================================
check_setup -verbose -unconstrained_endpoints -multiple_clock -no_clock -no_input_delay -loops -generated_clocks
===========================================================================
Warning: There are 229 unconstrained endpoints.
  analog_io[0]
  analog_io[10]
  analog_io[11]
  analog_io[12]
  analog_io[13]
  analog_io[14]
  analog_io[15]
  analog_io[16]
  analog_io[17]
  analog_io[18]
  analog_io[19]
  analog_io[1]
  analog_io[20]
  analog_io[21]
  analog_io[22]
  analog_io[23]
  analog_io[24]
  analog_io[25]
  analog_io[26]
  analog_io[27]
  analog_io[28]
  analog_io[2]
  analog_io[3]
  analog_io[4]
  analog_io[5]
  analog_io[6]
  analog_io[7]
  analog_io[8]
  analog_io[9]
  io_oeb[0]
  io_oeb[10]
  io_oeb[11]
  io_oeb[12]
  io_oeb[13]
  io_oeb[14]
  io_oeb[15]
  io_oeb[16]
  io_oeb[17]
  io_oeb[18]
  io_oeb[19]
  io_oeb[1]
  io_oeb[20]
  io_oeb[21]
  io_oeb[22]
  io_oeb[23]
  io_oeb[24]
  io_oeb[25]
  io_oeb[26]
  io_oeb[27]
  io_oeb[28]
  io_oeb[29]
  io_oeb[2]
  io_oeb[30]
  io_oeb[31]
  io_oeb[32]
  io_oeb[33]
  io_oeb[34]
  io_oeb[35]
  io_oeb[36]
  io_oeb[37]
  io_oeb[3]
  io_oeb[4]
  io_oeb[5]
  io_oeb[6]
  io_oeb[7]
  io_oeb[8]
  io_oeb[9]
  io_out[0]
  io_out[10]
  io_out[11]
  io_out[12]
  io_out[13]
  io_out[14]
  io_out[15]
  io_out[16]
  io_out[17]
  io_out[18]
  io_out[19]
  io_out[1]
  io_out[20]
  io_out[27]
  io_out[28]
  io_out[29]
  io_out[2]
  io_out[30]
  io_out[31]
  io_out[32]
  io_out[33]
  io_out[34]
  io_out[35]
  io_out[36]
  io_out[37]
  io_out[3]
  io_out[4]
  io_out[5]
  io_out[6]
  io_out[7]
  io_out[8]
  io_out[9]
  la_data_out[0]
  la_data_out[100]
  la_data_out[101]
  la_data_out[102]
  la_data_out[103]
  la_data_out[104]
  la_data_out[105]
  la_data_out[106]
  la_data_out[107]
  la_data_out[108]
  la_data_out[109]
  la_data_out[10]
  la_data_out[110]
  la_data_out[111]
  la_data_out[112]
  la_data_out[113]
  la_data_out[114]
  la_data_out[115]
  la_data_out[116]
  la_data_out[117]
  la_data_out[118]
  la_data_out[119]
  la_data_out[11]
  la_data_out[120]
  la_data_out[121]
  la_data_out[122]
  la_data_out[123]
  la_data_out[124]
  la_data_out[125]
  la_data_out[126]
  la_data_out[127]
  la_data_out[12]
  la_data_out[13]
  la_data_out[14]
  la_data_out[15]
  la_data_out[16]
  la_data_out[17]
  la_data_out[18]
  la_data_out[19]
  la_data_out[1]
  la_data_out[20]
  la_data_out[21]
  la_data_out[22]
  la_data_out[23]
  la_data_out[24]
  la_data_out[25]
  la_data_out[26]
  la_data_out[27]
  la_data_out[28]
  la_data_out[29]
  la_data_out[2]
  la_data_out[30]
  la_data_out[31]
  la_data_out[32]
  la_data_out[33]
  la_data_out[34]
  la_data_out[35]
  la_data_out[36]
  la_data_out[37]
  la_data_out[38]
  la_data_out[39]
  la_data_out[3]
  la_data_out[40]
  la_data_out[41]
  la_data_out[42]
  la_data_out[43]
  la_data_out[44]
  la_data_out[45]
  la_data_out[46]
  la_data_out[47]
  la_data_out[48]
  la_data_out[49]
  la_data_out[4]
  la_data_out[50]
  la_data_out[51]
  la_data_out[52]
  la_data_out[53]
  la_data_out[54]
  la_data_out[55]
  la_data_out[56]
  la_data_out[57]
  la_data_out[58]
  la_data_out[59]
  la_data_out[5]
  la_data_out[60]
  la_data_out[61]
  la_data_out[62]
  la_data_out[63]
  la_data_out[64]
  la_data_out[65]
  la_data_out[66]
  la_data_out[67]
  la_data_out[68]
  la_data_out[69]
  la_data_out[6]
  la_data_out[70]
  la_data_out[71]
  la_data_out[72]
  la_data_out[73]
  la_data_out[74]
  la_data_out[75]
  la_data_out[76]
  la_data_out[77]
  la_data_out[78]
  la_data_out[79]
  la_data_out[7]
  la_data_out[80]
  la_data_out[81]
  la_data_out[82]
  la_data_out[83]
  la_data_out[84]
  la_data_out[85]
  la_data_out[86]
  la_data_out[87]
  la_data_out[88]
  la_data_out[89]
  la_data_out[8]
  la_data_out[90]
  la_data_out[91]
  la_data_out[92]
  la_data_out[93]
  la_data_out[94]
  la_data_out[95]
  la_data_out[96]
  la_data_out[97]
  la_data_out[98]
  la_data_out[99]
  la_data_out[9]
  user_irq[1]
  user_irq[2]
