
===========================================================================
report_checks -unconstrained
===========================================================================
======================= nom_tt_025C_1v80 Corner ===================================

Startpoint: u_secure_boot_cp
            (rising edge-triggered flip-flop clocked by wb_clk_i)
Endpoint: io_out[23] (output port clocked by wb_clk_i)
Path Group: wb_clk_i
Path Type: max

Fanout         Cap        Slew       Delay        Time   Description
---------------------------------------------------------------------------------------------
                                  0.000000    0.000000   clock wb_clk_i (rise edge)
                                  0.000000    0.000000   clock source latency
     1    0.344572    1.512700    1.223298    1.223298 ^ wb_clk_i (in)
                                                         wb_clk_i (net)
                      1.736462    0.000000    1.223298 ^ u_secure_boot_cp/wb_clk_i (secure_boot_control_plane)
     1    0.396514    1.885936    3.268698    4.491997 ^ u_secure_boot_cp/safe_led (secure_boot_control_plane)
                                                         io_out[23] (net)
                      2.082867    0.463339    4.955336 ^ io_out[23] (out)
                                              4.955336   data arrival time

                                 25.000000   25.000000   clock wb_clk_i (rise edge)
                                  0.000000   25.000000   clock network delay (propagated)
                                 -0.250000   24.750000   clock uncertainty
                                  0.000000   24.750000   clock reconvergence pessimism
                                 -5.000000   19.750000   output external delay
                                             19.750000   data required time
---------------------------------------------------------------------------------------------
                                             19.750000   data required time
                                             -4.955336   data arrival time
---------------------------------------------------------------------------------------------
                                             14.794663   slack (MET)




===========================================================================
report_checks --slack_max -0.01
============================================================================
======================= nom_tt_025C_1v80 Corner ===================================

No paths found.


===========================================================================
 report_check_types -max_slew -max_cap -max_fanout -violators
============================================================================
======================= nom_tt_025C_1v80 Corner ===================================

max slew

Pin                                        Limit        Slew       Slack
------------------------------------------------------------------------
wbs_dat_o[14]                           1.500000    3.339895   -1.839895 (VIOLATED)
wbs_dat_o[11]                           1.500000    2.959024   -1.459024 (VIOLATED)
u_secure_boot_cp/wb_dat_o[14]           1.500000    2.609116   -1.109116 (VIOLATED)
wbs_dat_o[15]                           1.500000    2.571369   -1.071369 (VIOLATED)
u_secure_boot_cp/wb_dat_o[15]           1.500000    2.551712   -1.051712 (VIOLATED)
u_secure_boot_cp/wb_dat_i[16]           1.500000    2.376782   -0.876782 (VIOLATED)
u_secure_boot_cp/wb_dat_o[11]           1.500000    2.368020   -0.868020 (VIOLATED)
io_out[22]                              1.500000    2.354791   -0.854791 (VIOLATED)
wbs_dat_o[3]                            1.500000    2.296556   -0.796557 (VIOLATED)
u_secure_boot_cp/wb_dat_i[10]           1.500000    2.273478   -0.773478 (VIOLATED)
u_secure_boot_cp/wb_adr_i[0]            1.500000    2.270813   -0.770813 (VIOLATED)
wbs_dat_o[12]                           1.500000    2.218680   -0.718680 (VIOLATED)
wbs_dat_i[10]                           1.497817    2.216315   -0.718498 (VIOLATED)
u_secure_boot_cp/wb_dat_i[4]            1.500000    2.211898   -0.711898 (VIOLATED)
wbs_dat_o[10]                           1.500000    2.211715   -0.711715 (VIOLATED)
wbs_dat_o[21]                           1.500000    2.188133   -0.688133 (VIOLATED)
wbs_dat_o[2]                            1.500000    2.182732   -0.682732 (VIOLATED)
u_secure_boot_cp/wb_dat_o[12]           1.500000    2.133637   -0.633637 (VIOLATED)
u_secure_boot_cp/wb_dat_o[10]           1.500000    2.133536   -0.633536 (VIOLATED)
u_secure_boot_cp/wb_adr_i[9]            1.500000    2.120252   -0.620252 (VIOLATED)
u_secure_boot_cp/wb_dat_i[1]            1.500000    2.108523   -0.608523 (VIOLATED)
u_secure_boot_cp/debug_enable           1.500000    2.098400   -0.598400 (VIOLATED)
u_secure_boot_cp/wb_dat_i[20]           1.500000    2.089335   -0.589335 (VIOLATED)
io_out[23]                              1.500000    2.082867   -0.582867 (VIOLATED)
wbs_dat_o[8]                            1.500000    2.080395   -0.580395 (VIOLATED)
u_secure_boot_cp/wb_adr_i[10]           1.500000    2.064425   -0.564425 (VIOLATED)
u_secure_boot_cp/wb_dat_o[3]            1.500000    2.056231   -0.556231 (VIOLATED)
u_secure_boot_cp/wb_dat_i[6]            1.500000    2.041902   -0.541902 (VIOLATED)
wbs_dat_i[20]                           1.497817    2.014369   -0.516552 (VIOLATED)
u_secure_boot_cp/wb_we_i                1.500000    2.009278   -0.509278 (VIOLATED)
u_secure_boot_cp/wb_dat_i[24]           1.500000    2.008585   -0.508585 (VIOLATED)
u_secure_boot_cp/wb_dat_i[19]           1.500000    2.003327   -0.503327 (VIOLATED)
u_secure_boot_cp/wb_dat_i[9]            1.500000    2.002981   -0.502981 (VIOLATED)
wbs_dat_i[4]                            1.497817    1.998718   -0.500901 (VIOLATED)
u_secure_boot_cp/wb_rst_i               1.500000    2.000891   -0.500891 (VIOLATED)
user_irq[0]                             1.500000    1.977375   -0.477375 (VIOLATED)
wbs_dat_i[16]                           1.497817    1.964862   -0.467045 (VIOLATED)
u_secure_boot_cp/wb_dat_i[23]           1.500000    1.966975   -0.466975 (VIOLATED)
u_secure_boot_cp/wb_sel_i[2]            1.500000    1.962023   -0.462024 (VIOLATED)
u_secure_boot_cp/wb_dat_o[2]            1.500000    1.959223   -0.459223 (VIOLATED)
u_secure_boot_cp/wb_dat_i[7]            1.500000    1.957258   -0.457258 (VIOLATED)
wbs_adr_i[9]                            1.497817    1.954936   -0.457119 (VIOLATED)
u_secure_boot_cp/wb_dat_i[25]           1.500000    1.951552   -0.451552 (VIOLATED)
wbs_dat_o[4]                            1.500000    1.948680   -0.448680 (VIOLATED)
u_secure_boot_cp/wb_dat_o[8]            1.500000    1.946843   -0.446843 (VIOLATED)
wbs_dat_o[5]                            1.500000    1.946574   -0.446574 (VIOLATED)
u_secure_boot_cp/wb_dat_o[21]           1.500000    1.945818   -0.445818 (VIOLATED)
u_secure_boot_cp/wb_adr_i[20]           1.500000    1.938716   -0.438716 (VIOLATED)
wbs_dat_o[9]                            1.500000    1.938511   -0.438511 (VIOLATED)
u_secure_boot_cp/wb_dat_o[4]            1.500000    1.935531   -0.435531 (VIOLATED)
wbs_dat_i[7]                            1.497817    1.931581   -0.433763 (VIOLATED)
wbs_dat_i[1]                            1.497817    1.917346   -0.419529 (VIOLATED)
u_secure_boot_cp/wb_dat_i[22]           1.500000    1.914816   -0.414816 (VIOLATED)
wbs_dat_i[22]                           1.497817    1.906839   -0.409022 (VIOLATED)
u_secure_boot_cp/wb_dat_i[28]           1.500000    1.906512   -0.406512 (VIOLATED)
wbs_adr_i[0]                            1.497817    1.900622   -0.402804 (VIOLATED)
wbs_adr_i[20]                           1.497817    1.899828   -0.402011 (VIOLATED)
u_secure_boot_cp/wb_dat_i[30]           1.500000    1.897475   -0.397475 (VIOLATED)
u_secure_boot_cp/safe_led               1.500000    1.885936   -0.385936 (VIOLATED)
wbs_adr_i[10]                           1.497817    1.870346   -0.372529 (VIOLATED)
wbs_dat_o[28]                           1.500000    1.871080   -0.371080 (VIOLATED)
u_secure_boot_cp/wb_dat_i[17]           1.500000    1.870019   -0.370019 (VIOLATED)
wbs_dat_i[17]                           1.497817    1.867253   -0.369436 (VIOLATED)
u_secure_boot_cp/wb_dat_i[18]           1.500000    1.867979   -0.367979 (VIOLATED)
wbs_ack_o                               1.500000    1.862902   -0.362902 (VIOLATED)
wb_rst_i                                1.497817    1.860243   -0.362426 (VIOLATED)
u_secure_boot_cp/wb_dat_i[15]           1.500000    1.857394   -0.357394 (VIOLATED)
u_secure_boot_cp/wb_dat_i[12]           1.500000    1.839702   -0.339702 (VIOLATED)
wbs_we_i                                1.497817    1.834561   -0.336744 (VIOLATED)
wbs_dat_i[18]                           1.497817    1.822296   -0.324479 (VIOLATED)
u_secure_boot_cp/wb_sel_i[3]            1.500000    1.824115   -0.324115 (VIOLATED)
u_secure_boot_cp/wb_adr_i[11]           1.500000    1.823841   -0.323841 (VIOLATED)
wbs_dat_o[13]                           1.500000    1.823521   -0.323521 (VIOLATED)
u_secure_boot_cp/wb_dat_o[5]            1.500000    1.819273   -0.319273 (VIOLATED)
wbs_dat_o[31]                           1.500000    1.819040   -0.319040 (VIOLATED)
wbs_dat_i[6]                            1.497817    1.809992   -0.312175 (VIOLATED)
u_secure_boot_cp/wb_dat_o[9]            1.500000    1.810470   -0.310470 (VIOLATED)
wbs_dat_o[24]                           1.500000    1.802943   -0.302943 (VIOLATED)
io_out[24]                              1.500000    1.801329   -0.301329 (VIOLATED)
u_secure_boot_cp/user_irq               1.500000    1.801302   -0.301302 (VIOLATED)
u_secure_boot_cp/wb_sel_i[0]            1.500000    1.799994   -0.299994 (VIOLATED)
u_secure_boot_cp/wb_ack_o               1.500000    1.795655   -0.295655 (VIOLATED)
u_secure_boot_cp/fsm_error              1.500000    1.793675   -0.293675 (VIOLATED)
u_secure_boot_cp/wb_adr_i[16]           1.500000    1.792183   -0.292183 (VIOLATED)
wbs_dat_o[0]                            1.500000    1.790979   -0.290979 (VIOLATED)
u_secure_boot_cp/wb_dat_i[31]           1.500000    1.790555   -0.290555 (VIOLATED)
wbs_sel_i[2]                            1.497817    1.782383   -0.284566 (VIOLATED)
wbs_dat_i[12]                           1.497817    1.780065   -0.282248 (VIOLATED)
wbs_dat_i[9]                            1.497817    1.777201   -0.279384 (VIOLATED)
u_secure_boot_cp/wb_adr_i[6]            1.500000    1.775723   -0.275723 (VIOLATED)
wbs_dat_o[1]                            1.500000    1.772893   -0.272893 (VIOLATED)
u_secure_boot_cp/wb_adr_i[17]           1.500000    1.768270   -0.268271 (VIOLATED)
wbs_dat_i[24]                           1.497817    1.765420   -0.267603 (VIOLATED)
u_secure_boot_cp/wb_adr_i[2]            1.500000    1.743624   -0.243624 (VIOLATED)
wbs_adr_i[6]                            1.497817    1.735432   -0.237615 (VIOLATED)
u_secure_boot_cp/wb_clk_i               1.500000    1.736462   -0.236462 (VIOLATED)
wbs_sel_i[3]                            1.497817    1.733575   -0.235758 (VIOLATED)
io_out[21]                              1.500000    1.735290   -0.235290 (VIOLATED)
wbs_dat_i[23]                           1.497817    1.730653   -0.232836 (VIOLATED)
u_secure_boot_cp/wb_cyc_i               1.500000    1.730021   -0.230021 (VIOLATED)
u_secure_boot_cp/wb_dat_o[0]            1.500000    1.728359   -0.228359 (VIOLATED)
u_secure_boot_cp/wb_sel_i[1]            1.500000    1.724122   -0.224123 (VIOLATED)
wbs_dat_i[25]                           1.497817    1.717770   -0.219953 (VIOLATED)
u_secure_boot_cp/wb_dat_o[13]           1.500000    1.714837   -0.214837 (VIOLATED)
u_secure_boot_cp/wb_stb_i               1.500000    1.710685   -0.210685 (VIOLATED)
wbs_dat_o[7]                            1.500000    1.709683   -0.209683 (VIOLATED)
u_secure_boot_cp/wb_dat_o[1]            1.500000    1.707368   -0.207368 (VIOLATED)
wbs_dat_i[19]                           1.497817    1.704870   -0.207053 (VIOLATED)
u_secure_boot_cp/wb_dat_i[5]            1.500000    1.704861   -0.204861 (VIOLATED)
wbs_dat_o[6]                            1.500000    1.701571   -0.201571 (VIOLATED)
u_secure_boot_cp/wb_dat_o[28]           1.500000    1.698598   -0.198598 (VIOLATED)
u_secure_boot_cp/wb_dat_i[8]            1.500000    1.693803   -0.193803 (VIOLATED)
wbs_dat_i[28]                           1.497817    1.682851   -0.185034 (VIOLATED)
wbs_dat_i[30]                           1.497817    1.674607   -0.176790 (VIOLATED)
u_secure_boot_cp/wb_adr_i[3]            1.500000    1.668118   -0.168118 (VIOLATED)
u_secure_boot_cp/wb_dat_o[31]           1.500000    1.661480   -0.161480 (VIOLATED)
u_secure_boot_cp/wb_adr_i[1]            1.500000    1.654019   -0.154019 (VIOLATED)
u_secure_boot_cp/wb_dat_o[24]           1.500000    1.652450   -0.152451 (VIOLATED)
wbs_dat_o[18]                           1.500000    1.650490   -0.150491 (VIOLATED)
u_secure_boot_cp/wb_dat_o[7]            1.500000    1.649258   -0.149258 (VIOLATED)
wbs_sel_i[0]                            1.497817    1.646123   -0.148306 (VIOLATED)
wbs_dat_o[22]                           1.500000    1.647460   -0.147460 (VIOLATED)
wbs_dat_i[15]                           1.497817    1.641722   -0.143905 (VIOLATED)
u_secure_boot_cp/wb_dat_o[6]            1.500000    1.640684   -0.140684 (VIOLATED)
u_secure_boot_cp/wb_dat_i[3]            1.500000    1.621202   -0.121202 (VIOLATED)
wbs_adr_i[11]                           1.497817    1.614344   -0.116527 (VIOLATED)
wbs_adr_i[2]                            1.497817    1.613416   -0.115599 (VIOLATED)
u_secure_boot_cp/wb_dat_i[0]            1.500000    1.614937   -0.114937 (VIOLATED)
u_secure_boot_cp/wb_adr_i[26]           1.500000    1.608622   -0.108622 (VIOLATED)
io_out[25]                              1.500000    1.605748   -0.105748 (VIOLATED)
u_secure_boot_cp/wb_dat_i[21]           1.500000    1.603342   -0.103342 (VIOLATED)
wbs_dat_o[16]                           1.500000    1.602967   -0.102967 (VIOLATED)
wbs_adr_i[16]                           1.497817    1.600744   -0.102927 (VIOLATED)
u_secure_boot_cp/wb_dat_i[2]            1.500000    1.599018   -0.099018 (VIOLATED)
u_secure_boot_cp/security_breach        1.500000    1.598004   -0.098004 (VIOLATED)
wbs_sel_i[1]                            1.497817    1.590008   -0.092191 (VIOLATED)
wbs_dat_i[31]                           1.497817    1.588556   -0.090739 (VIOLATED)
wbs_dat_o[17]                           1.500000    1.588709   -0.088709 (VIOLATED)
wbs_dat_o[20]                           1.500000    1.587913   -0.087913 (VIOLATED)
wbs_dat_o[19]                           1.500000    1.585392   -0.085392 (VIOLATED)
wbs_adr_i[17]                           1.497817    1.582409   -0.084592 (VIOLATED)
u_secure_boot_cp/unlock_enable          1.500000    1.580942   -0.080942 (VIOLATED)
u_secure_boot_cp/wb_adr_i[31]           1.500000    1.569308   -0.069308 (VIOLATED)
wbs_adr_i[26]                           1.497817    1.565671   -0.067854 (VIOLATED)
wbs_dat_o[23]                           1.500000    1.564933   -0.064933 (VIOLATED)
u_secure_boot_cp/wb_adr_i[7]            1.500000    1.558313   -0.058314 (VIOLATED)
wbs_dat_o[27]                           1.500000    1.557881   -0.057881 (VIOLATED)
wbs_dat_o[26]                           1.500000    1.552734   -0.052734 (VIOLATED)
u_secure_boot_cp/wb_dat_o[16]           1.500000    1.546108   -0.046108 (VIOLATED)
u_secure_boot_cp/wb_adr_i[4]            1.500000    1.542060   -0.042060 (VIOLATED)
u_secure_boot_cp/wb_dat_i[27]           1.500000    1.541342   -0.041342 (VIOLATED)
wbs_adr_i[31]                           1.497817    1.535715   -0.037898 (VIOLATED)
u_secure_boot_cp/wb_dat_o[17]           1.500000    1.532778   -0.032778 (VIOLATED)
wbs_adr_i[3]                            1.497817    1.529783   -0.031966 (VIOLATED)
wbs_dat_o[25]                           1.500000    1.530339   -0.030339 (VIOLATED)
u_secure_boot_cp/wb_dat_o[19]           1.500000    1.529790   -0.029790 (VIOLATED)
u_secure_boot_cp/wb_dat_o[20]           1.500000    1.528705   -0.028705 (VIOLATED)
wbs_cyc_i                               1.497817    1.524315   -0.026498 (VIOLATED)
wbs_adr_i[1]                            1.497817    1.516775   -0.018958 (VIOLATED)
u_secure_boot_cp/wb_dat_o[22]           1.500000    1.518264   -0.018264 (VIOLATED)
wbs_dat_i[8]                            1.497817    1.514227   -0.016410 (VIOLATED)
u_secure_boot_cp/wb_dat_o[18]           1.500000    1.515877   -0.015877 (VIOLATED)
wb_clk_i                                1.497817    1.512700   -0.014883 (VIOLATED)
u_secure_boot_cp/wb_adr_i[5]            1.500000    1.513796   -0.013796 (VIOLATED)
u_secure_boot_cp/wb_adr_i[8]            1.500000    1.509719   -0.009719 (VIOLATED)
u_secure_boot_cp/wb_dat_o[23]           1.500000    1.509331   -0.009331 (VIOLATED)
wbs_stb_i                               1.497817    1.506652   -0.008835 (VIOLATED)
wbs_dat_i[5]                            1.497817    1.503252   -0.005435 (VIOLATED)
u_secure_boot_cp/wb_dat_i[13]           1.500000    1.504685   -0.004685 (VIOLATED)
u_secure_boot_cp/wb_dat_i[14]           1.500000    1.504223   -0.004223 (VIOLATED)

max capacitance

Pin                                        Limit         Cap       Slack
------------------------------------------------------------------------
u_secure_boot_cp/wb_dat_o[14]           0.200000    0.564886   -0.364886 (VIOLATED)
u_secure_boot_cp/wb_dat_o[15]           0.200000    0.535578   -0.335578 (VIOLATED)
u_secure_boot_cp/wb_dat_o[11]           0.200000    0.509052   -0.309052 (VIOLATED)
wbs_dat_i[10]                           0.200000    0.495639   -0.295639 (VIOLATED)
wbs_dat_i[16]                           0.200000    0.450714   -0.250714 (VIOLATED)
wbs_dat_i[20]                           0.200000    0.450690   -0.250690 (VIOLATED)
wbs_dat_i[4]                            0.200000    0.449138   -0.249138 (VIOLATED)
u_secure_boot_cp/wb_dat_o[10]           0.200000    0.446762   -0.246762 (VIOLATED)
u_secure_boot_cp/wb_dat_o[12]           0.200000    0.446431   -0.246431 (VIOLATED)
u_secure_boot_cp/debug_enable           0.200000    0.445818   -0.245818 (VIOLATED)
wbs_adr_i[9]                            0.200000    0.436365   -0.236365 (VIOLATED)
wbs_adr_i[0]                            0.200000    0.436284   -0.236284 (VIOLATED)
u_secure_boot_cp/wb_dat_o[3]            0.200000    0.432290   -0.232290 (VIOLATED)
wbs_dat_i[1]                            0.200000    0.430862   -0.230862 (VIOLATED)
wbs_dat_i[7]                            0.200000    0.430772   -0.230772 (VIOLATED)
wbs_dat_i[22]                           0.200000    0.426585   -0.226585 (VIOLATED)
wbs_adr_i[20]                           0.200000    0.424823   -0.224823 (VIOLATED)
wbs_adr_i[10]                           0.200000    0.421062   -0.221062 (VIOLATED)
wbs_dat_i[17]                           0.200000    0.420690   -0.220690 (VIOLATED)
wb_rst_i                                0.200000    0.418871   -0.218871 (VIOLATED)
u_secure_boot_cp/wb_dat_o[2]            0.200000    0.412494   -0.212494 (VIOLATED)
wbs_dat_i[6]                            0.200000    0.410478   -0.210478 (VIOLATED)
u_secure_boot_cp/wb_dat_o[21]           0.200000    0.409711   -0.209711 (VIOLATED)
wbs_we_i                                0.200000    0.409108   -0.209108 (VIOLATED)
wbs_dat_i[18]                           0.200000    0.407535   -0.207535 (VIOLATED)
u_secure_boot_cp/wb_dat_o[8]            0.200000    0.407046   -0.207046 (VIOLATED)
u_secure_boot_cp/wb_dat_o[4]            0.200000    0.406331   -0.206331 (VIOLATED)
wbs_dat_i[9]                            0.200000    0.402562   -0.202562 (VIOLATED)
wbs_dat_i[24]                           0.200000    0.401164   -0.201164 (VIOLATED)
wbs_sel_i[2]                            0.200000    0.399202   -0.199202 (VIOLATED)
wbs_dat_i[12]                           0.200000    0.398242   -0.198242 (VIOLATED)
u_secure_boot_cp/safe_led               0.200000    0.396514   -0.196514 (VIOLATED)
wbs_dat_i[23]                           0.200000    0.393213   -0.193213 (VIOLATED)
wbs_adr_i[6]                            0.200000    0.390101   -0.190101 (VIOLATED)
wbs_dat_i[25]                           0.200000    0.389987   -0.189987 (VIOLATED)
wbs_dat_i[19]                           0.200000    0.388956   -0.188956 (VIOLATED)
wbs_sel_i[3]                            0.200000    0.384331   -0.184331 (VIOLATED)
wbs_dat_i[28]                           0.200000    0.382154   -0.182154 (VIOLATED)
u_secure_boot_cp/user_irq               0.200000    0.380566   -0.180566 (VIOLATED)
wbs_dat_i[30]                           0.200000    0.380308   -0.180308 (VIOLATED)
u_secure_boot_cp/wb_dat_o[5]            0.200000    0.377810   -0.177810 (VIOLATED)
u_secure_boot_cp/wb_ack_o               0.200000    0.376632   -0.176632 (VIOLATED)
u_secure_boot_cp/wb_dat_o[9]            0.200000    0.376508   -0.176508 (VIOLATED)
u_secure_boot_cp/fsm_error              0.200000    0.375567   -0.175567 (VIOLATED)
wbs_dat_i[15]                           0.200000    0.372601   -0.172601 (VIOLATED)
wbs_sel_i[0]                            0.200000    0.368250   -0.168250 (VIOLATED)
wbs_adr_i[11]                           0.200000    0.366308   -0.166308 (VIOLATED)
u_secure_boot_cp/wb_dat_o[0]            0.200000    0.363137   -0.163137 (VIOLATED)
wbs_adr_i[16]                           0.200000    0.362200   -0.162200 (VIOLATED)
wbs_adr_i[2]                            0.200000    0.360787   -0.160787 (VIOLATED)
wbs_dat_i[31]                           0.200000    0.360431   -0.160431 (VIOLATED)
u_secure_boot_cp/wb_dat_o[1]            0.200000    0.358556   -0.158556 (VIOLATED)
wbs_adr_i[17]                           0.200000    0.357964   -0.157964 (VIOLATED)
u_secure_boot_cp/wb_dat_o[28]           0.200000    0.357056   -0.157056 (VIOLATED)
u_secure_boot_cp/wb_dat_o[13]           0.200000    0.356328   -0.156328 (VIOLATED)
wbs_sel_i[1]                            0.200000    0.355300   -0.155300 (VIOLATED)
wbs_adr_i[26]                           0.200000    0.350201   -0.150201 (VIOLATED)
u_secure_boot_cp/wb_dat_o[31]           0.200000    0.348826   -0.148826 (VIOLATED)
u_secure_boot_cp/wb_dat_o[24]           0.200000    0.348062   -0.148062 (VIOLATED)
wbs_cyc_i                               0.200000    0.346613   -0.146613 (VIOLATED)
u_secure_boot_cp/wb_dat_o[7]            0.200000    0.346582   -0.146582 (VIOLATED)
u_secure_boot_cp/wb_dat_o[6]            0.200000    0.344652   -0.144652 (VIOLATED)
wb_clk_i                                0.200000    0.344572   -0.144572 (VIOLATED)
wbs_adr_i[3]                            0.200000    0.343716   -0.143716 (VIOLATED)
wbs_dat_i[8]                            0.200000    0.343283   -0.143283 (VIOLATED)
wbs_adr_i[31]                           0.200000    0.343268   -0.143268 (VIOLATED)
wbs_stb_i                               0.200000    0.342633   -0.142633 (VIOLATED)
wbs_dat_i[5]                            0.200000    0.341908   -0.141908 (VIOLATED)
wbs_adr_i[1]                            0.200000    0.339757   -0.139757 (VIOLATED)
u_secure_boot_cp/security_breach        0.200000    0.335535   -0.135535 (VIOLATED)
wbs_dat_i[21]                           0.200000    0.334160   -0.134160 (VIOLATED)
u_secure_boot_cp/unlock_enable          0.200000    0.333776   -0.133776 (VIOLATED)
wbs_adr_i[5]                            0.200000    0.331155   -0.131155 (VIOLATED)
wbs_dat_i[3]                            0.200000    0.326602   -0.126602 (VIOLATED)
wbs_dat_i[0]                            0.200000    0.326139   -0.126139 (VIOLATED)
u_secure_boot_cp/wb_dat_o[16]           0.200000    0.324142   -0.124142 (VIOLATED)
wbs_dat_i[2]                            0.200000    0.323051   -0.123051 (VIOLATED)
wbs_adr_i[7]                            0.200000    0.322188   -0.122188 (VIOLATED)
u_secure_boot_cp/wb_dat_o[17]           0.200000    0.321813   -0.121813 (VIOLATED)
u_secure_boot_cp/wb_dat_o[20]           0.200000    0.321155   -0.121155 (VIOLATED)
u_secure_boot_cp/wb_dat_o[19]           0.200000    0.319589   -0.119589 (VIOLATED)
wbs_adr_i[4]                            0.200000    0.318420   -0.118420 (VIOLATED)
u_secure_boot_cp/wb_dat_o[18]           0.200000    0.318309   -0.118309 (VIOLATED)
wbs_dat_i[27]                           0.200000    0.318161   -0.118161 (VIOLATED)
u_secure_boot_cp/wb_dat_o[22]           0.200000    0.317704   -0.117704 (VIOLATED)
u_secure_boot_cp/wb_dat_o[23]           0.200000    0.315005   -0.115005 (VIOLATED)
u_secure_boot_cp/wb_dat_o[27]           0.200000    0.314482   -0.114482 (VIOLATED)
u_secure_boot_cp/wb_dat_o[26]           0.200000    0.314017   -0.114017 (VIOLATED)
wbs_adr_i[8]                            0.200000    0.313025   -0.113025 (VIOLATED)
wbs_dat_i[11]                           0.200000    0.309493   -0.109493 (VIOLATED)
u_secure_boot_cp/wb_dat_o[25]           0.200000    0.307782   -0.107782 (VIOLATED)
wbs_dat_i[14]                           0.200000    0.307406   -0.107406 (VIOLATED)
wbs_dat_i[13]                           0.200000    0.307304   -0.107304 (VIOLATED)
u_secure_boot_cp/group_suspended        0.200000    0.303791   -0.103791 (VIOLATED)
wbs_adr_i[12]                           0.200000    0.302783   -0.102783 (VIOLATED)
u_secure_boot_cp/wb_dat_o[30]           0.200000    0.301814   -0.101814 (VIOLATED)
u_secure_boot_cp/wb_dat_o[29]           0.200000    0.300572   -0.100572 (VIOLATED)
io_in[14]                               0.200000    0.298662   -0.098662 (VIOLATED)
u_secure_boot_cp/group_unlocked         0.200000    0.298320   -0.098320 (VIOLATED)
io_in[15]                               0.200000    0.298273   -0.098273 (VIOLATED)
wbs_adr_i[25]                           0.200000    0.297210   -0.097210 (VIOLATED)
io_in[13]                               0.200000    0.294398   -0.094398 (VIOLATED)
wbs_adr_i[13]                           0.200000    0.293116   -0.093116 (VIOLATED)
wbs_adr_i[14]                           0.200000    0.291780   -0.091780 (VIOLATED)
io_in[16]                               0.200000    0.291216   -0.091216 (VIOLATED)
wbs_adr_i[23]                           0.200000    0.290920   -0.090920 (VIOLATED)
wbs_adr_i[15]                           0.200000    0.290176   -0.090176 (VIOLATED)
wbs_adr_i[24]                           0.200000    0.288040   -0.088040 (VIOLATED)
wbs_adr_i[18]                           0.200000    0.286131   -0.086131 (VIOLATED)
wbs_adr_i[19]                           0.200000    0.284348   -0.084348 (VIOLATED)
wbs_dat_i[26]                           0.200000    0.283654   -0.083654 (VIOLATED)
io_in[12]                               0.200000    0.283051   -0.083051 (VIOLATED)
wbs_adr_i[21]                           0.200000    0.281688   -0.081688 (VIOLATED)
wbs_adr_i[22]                           0.200000    0.280701   -0.080701 (VIOLATED)
wbs_dat_i[29]                           0.200000    0.279253   -0.079253 (VIOLATED)
wbs_adr_i[30]                           0.200000    0.275873   -0.075873 (VIOLATED)
wbs_adr_i[27]                           0.200000    0.273164   -0.073164 (VIOLATED)
wbs_adr_i[28]                           0.200000    0.271592   -0.071592 (VIOLATED)
wbs_adr_i[29]                           0.200000    0.270377   -0.070377 (VIOLATED)
io_in[17]                               0.200000    0.259969   -0.059969 (VIOLATED)
u_secure_boot_cp/group_error            0.200000    0.257795   -0.057795 (VIOLATED)
io_in[18]                               0.200000    0.232192   -0.032192 (VIOLATED)
io_in[11]                               0.200000    0.220186   -0.020186 (VIOLATED)
io_in[10]                               0.200000    0.211909   -0.011909 (VIOLATED)
io_in[19]                               0.200000    0.206281   -0.006281 (VIOLATED)



===========================================================================
report_parasitic_annotation -report_unannotated
============================================================================
Found 508 unannotated drivers.
 analog_io[0]
 analog_io[10]
 analog_io[11]
 analog_io[12]
 analog_io[13]
 analog_io[14]
 analog_io[15]
 analog_io[16]
 analog_io[17]
 analog_io[18]
 analog_io[19]
 analog_io[1]
 analog_io[20]
 analog_io[21]
 analog_io[22]
 analog_io[23]
 analog_io[24]
 analog_io[25]
 analog_io[26]
 analog_io[27]
 analog_io[28]
 analog_io[2]
 analog_io[3]
 analog_io[4]
 analog_io[5]
 analog_io[6]
 analog_io[7]
 analog_io[8]
 analog_io[9]
 io_in[0]
 io_in[1]
 io_in[21]
 io_in[22]
 io_in[23]
 io_in[24]
 io_in[25]
 io_in[26]
 io_in[27]
 io_in[28]
 io_in[29]
 io_in[2]
 io_in[30]
 io_in[31]
 io_in[32]
 io_in[33]
 io_in[34]
 io_in[35]
 io_in[36]
 io_in[37]
 io_in[3]
 io_in[4]
 io_in[5]
 io_in[6]
 la_data_in[0]
 la_data_in[100]
 la_data_in[101]
 la_data_in[102]
 la_data_in[103]
 la_data_in[104]
 la_data_in[105]
 la_data_in[106]
 la_data_in[107]
 la_data_in[108]
 la_data_in[109]
 la_data_in[10]
 la_data_in[110]
 la_data_in[111]
 la_data_in[112]
 la_data_in[113]
 la_data_in[114]
 la_data_in[115]
 la_data_in[116]
 la_data_in[117]
 la_data_in[118]
 la_data_in[119]
 la_data_in[11]
 la_data_in[120]
 la_data_in[121]
 la_data_in[122]
 la_data_in[123]
 la_data_in[124]
 la_data_in[125]
 la_data_in[126]
 la_data_in[127]
 la_data_in[12]
 la_data_in[13]
 la_data_in[14]
 la_data_in[15]
 la_data_in[16]
 la_data_in[17]
 la_data_in[18]
 la_data_in[19]
 la_data_in[1]
 la_data_in[20]
 la_data_in[21]
 la_data_in[22]
 la_data_in[23]
 la_data_in[24]
 la_data_in[25]
 la_data_in[26]
 la_data_in[27]
 la_data_in[28]
 la_data_in[29]
 la_data_in[2]
 la_data_in[30]
 la_data_in[31]
 la_data_in[32]
 la_data_in[33]
 la_data_in[34]
 la_data_in[35]
 la_data_in[36]
 la_data_in[37]
 la_data_in[38]
 la_data_in[39]
 la_data_in[3]
 la_data_in[40]
 la_data_in[41]
 la_data_in[42]
 la_data_in[43]
 la_data_in[44]
 la_data_in[45]
 la_data_in[46]
 la_data_in[47]
 la_data_in[48]
 la_data_in[49]
 la_data_in[4]
 la_data_in[50]
 la_data_in[51]
 la_data_in[52]
 la_data_in[53]
 la_data_in[54]
 la_data_in[55]
 la_data_in[56]
 la_data_in[57]
 la_data_in[58]
 la_data_in[59]
 la_data_in[5]
 la_data_in[60]
 la_data_in[61]
 la_data_in[62]
 la_data_in[63]
 la_data_in[64]
 la_data_in[65]
 la_data_in[66]
 la_data_in[67]
 la_data_in[68]
 la_data_in[69]
 la_data_in[6]
 la_data_in[70]
 la_data_in[71]
 la_data_in[72]
 la_data_in[73]
 la_data_in[74]
 la_data_in[75]
 la_data_in[76]
 la_data_in[77]
 la_data_in[78]
 la_data_in[79]
 la_data_in[7]
 la_data_in[80]
 la_data_in[81]
 la_data_in[82]
 la_data_in[83]
 la_data_in[84]
 la_data_in[85]
 la_data_in[86]
 la_data_in[87]
 la_data_in[88]
 la_data_in[89]
 la_data_in[8]
 la_data_in[90]
 la_data_in[91]
 la_data_in[92]
 la_data_in[93]
 la_data_in[94]
 la_data_in[95]
 la_data_in[96]
 la_data_in[97]
 la_data_in[98]
 la_data_in[99]
 la_data_in[9]
 la_oenb[0]
 la_oenb[100]
 la_oenb[101]
 la_oenb[102]
 la_oenb[103]
 la_oenb[104]
 la_oenb[105]
 la_oenb[106]
 la_oenb[107]
 la_oenb[108]
 la_oenb[109]
 la_oenb[10]
 la_oenb[110]
 la_oenb[111]
 la_oenb[112]
 la_oenb[113]
 la_oenb[114]
 la_oenb[115]
 la_oenb[116]
 la_oenb[117]
 la_oenb[118]
 la_oenb[119]
 la_oenb[11]
 la_oenb[120]
 la_oenb[121]
 la_oenb[122]
 la_oenb[123]
 la_oenb[124]
 la_oenb[125]
 la_oenb[126]
 la_oenb[127]
 la_oenb[12]
 la_oenb[13]
 la_oenb[14]
 la_oenb[15]
 la_oenb[16]
 la_oenb[17]
 la_oenb[18]
 la_oenb[19]
 la_oenb[1]
 la_oenb[20]
 la_oenb[21]
 la_oenb[22]
 la_oenb[23]
 la_oenb[24]
 la_oenb[25]
 la_oenb[26]
 la_oenb[27]
 la_oenb[28]
 la_oenb[29]
 la_oenb[2]
 la_oenb[30]
 la_oenb[31]
 la_oenb[32]
 la_oenb[33]
 la_oenb[34]
 la_oenb[35]
 la_oenb[36]
 la_oenb[37]
 la_oenb[38]
 la_oenb[39]
 la_oenb[3]
 la_oenb[40]
 la_oenb[41]
 la_oenb[42]
 la_oenb[43]
 la_oenb[44]
 la_oenb[45]
 la_oenb[46]
 la_oenb[47]
 la_oenb[48]
 la_oenb[49]
 la_oenb[4]
 la_oenb[50]
 la_oenb[51]
 la_oenb[52]
 la_oenb[53]
 la_oenb[54]
 la_oenb[55]
 la_oenb[56]
 la_oenb[57]
 la_oenb[58]
 la_oenb[59]
 la_oenb[5]
 la_oenb[60]
 la_oenb[61]
 la_oenb[62]
 la_oenb[63]
 la_oenb[64]
 la_oenb[65]
 la_oenb[66]
 la_oenb[67]
 la_oenb[68]
 la_oenb[69]
 la_oenb[6]
 la_oenb[70]
 la_oenb[71]
 la_oenb[72]
 la_oenb[73]
 la_oenb[74]
 la_oenb[75]
 la_oenb[76]
 la_oenb[77]
 la_oenb[78]
 la_oenb[79]
 la_oenb[7]
 la_oenb[80]
 la_oenb[81]
 la_oenb[82]
 la_oenb[83]
 la_oenb[84]
 la_oenb[85]
 la_oenb[86]
 la_oenb[87]
 la_oenb[88]
 la_oenb[89]
 la_oenb[8]
 la_oenb[90]
 la_oenb[91]
 la_oenb[92]
 la_oenb[93]
 la_oenb[94]
 la_oenb[95]
 la_oenb[96]
 la_oenb[97]
 la_oenb[98]
 la_oenb[99]
 la_oenb[9]
 user_clock2
 gen_irq\[1\].u_tie_irq/HI
 gen_irq\[2\].u_tie_irq/HI
 gen_la\[0\].u_tie_la/HI
 gen_la\[100\].u_tie_la/HI
 gen_la\[101\].u_tie_la/HI
 gen_la\[102\].u_tie_la/HI
 gen_la\[103\].u_tie_la/HI
 gen_la\[104\].u_tie_la/HI
 gen_la\[105\].u_tie_la/HI
 gen_la\[106\].u_tie_la/HI
 gen_la\[107\].u_tie_la/HI
 gen_la\[108\].u_tie_la/HI
 gen_la\[109\].u_tie_la/HI
 gen_la\[10\].u_tie_la/HI
 gen_la\[110\].u_tie_la/HI
 gen_la\[111\].u_tie_la/HI
 gen_la\[112\].u_tie_la/HI
 gen_la\[113\].u_tie_la/HI
 gen_la\[114\].u_tie_la/HI
 gen_la\[115\].u_tie_la/HI
 gen_la\[116\].u_tie_la/HI
 gen_la\[117\].u_tie_la/HI
 gen_la\[118\].u_tie_la/HI
 gen_la\[119\].u_tie_la/HI
 gen_la\[11\].u_tie_la/HI
 gen_la\[120\].u_tie_la/HI
 gen_la\[121\].u_tie_la/HI
 gen_la\[122\].u_tie_la/HI
 gen_la\[123\].u_tie_la/HI
 gen_la\[124\].u_tie_la/HI
 gen_la\[125\].u_tie_la/HI
 gen_la\[126\].u_tie_la/HI
 gen_la\[127\].u_tie_la/HI
 gen_la\[12\].u_tie_la/HI
 gen_la\[13\].u_tie_la/HI
 gen_la\[14\].u_tie_la/HI
 gen_la\[15\].u_tie_la/HI
 gen_la\[16\].u_tie_la/HI
 gen_la\[17\].u_tie_la/HI
 gen_la\[18\].u_tie_la/HI
 gen_la\[19\].u_tie_la/HI
 gen_la\[1\].u_tie_la/HI
 gen_la\[20\].u_tie_la/HI
 gen_la\[21\].u_tie_la/HI
 gen_la\[22\].u_tie_la/HI
 gen_la\[23\].u_tie_la/HI
 gen_la\[24\].u_tie_la/HI
 gen_la\[25\].u_tie_la/HI
 gen_la\[26\].u_tie_la/HI
 gen_la\[27\].u_tie_la/HI
 gen_la\[28\].u_tie_la/HI
 gen_la\[29\].u_tie_la/HI
 gen_la\[2\].u_tie_la/HI
 gen_la\[30\].u_tie_la/HI
 gen_la\[31\].u_tie_la/HI
 gen_la\[32\].u_tie_la/HI
 gen_la\[33\].u_tie_la/HI
 gen_la\[34\].u_tie_la/HI
 gen_la\[35\].u_tie_la/HI
 gen_la\[36\].u_tie_la/HI
 gen_la\[37\].u_tie_la/HI
 gen_la\[38\].u_tie_la/HI
 gen_la\[39\].u_tie_la/HI
 gen_la\[3\].u_tie_la/HI
 gen_la\[40\].u_tie_la/HI
 gen_la\[41\].u_tie_la/HI
 gen_la\[42\].u_tie_la/HI
 gen_la\[43\].u_tie_la/HI
 gen_la\[44\].u_tie_la/HI
 gen_la\[45\].u_tie_la/HI
 gen_la\[46\].u_tie_la/HI
 gen_la\[47\].u_tie_la/HI
 gen_la\[48\].u_tie_la/HI
 gen_la\[49\].u_tie_la/HI
 gen_la\[4\].u_tie_la/HI
 gen_la\[50\].u_tie_la/HI
 gen_la\[51\].u_tie_la/HI
 gen_la\[52\].u_tie_la/HI
 gen_la\[53\].u_tie_la/HI
 gen_la\[54\].u_tie_la/HI
 gen_la\[55\].u_tie_la/HI
 gen_la\[56\].u_tie_la/HI
 gen_la\[57\].u_tie_la/HI
 gen_la\[58\].u_tie_la/HI
 gen_la\[59\].u_tie_la/HI
 gen_la\[5\].u_tie_la/HI
 gen_la\[60\].u_tie_la/HI
 gen_la\[61\].u_tie_la/HI
 gen_la\[62\].u_tie_la/HI
 gen_la\[63\].u_tie_la/HI
 gen_la\[64\].u_tie_la/HI
 gen_la\[65\].u_tie_la/HI
 gen_la\[66\].u_tie_la/HI
 gen_la\[67\].u_tie_la/HI
 gen_la\[68\].u_tie_la/HI
 gen_la\[69\].u_tie_la/HI
 gen_la\[6\].u_tie_la/HI
 gen_la\[70\].u_tie_la/HI
 gen_la\[71\].u_tie_la/HI
 gen_la\[72\].u_tie_la/HI
 gen_la\[73\].u_tie_la/HI
 gen_la\[74\].u_tie_la/HI
 gen_la\[75\].u_tie_la/HI
 gen_la\[76\].u_tie_la/HI
 gen_la\[77\].u_tie_la/HI
 gen_la\[78\].u_tie_la/HI
 gen_la\[79\].u_tie_la/HI
 gen_la\[7\].u_tie_la/HI
 gen_la\[80\].u_tie_la/HI
 gen_la\[81\].u_tie_la/HI
 gen_la\[82\].u_tie_la/HI
 gen_la\[83\].u_tie_la/HI
 gen_la\[84\].u_tie_la/HI
 gen_la\[85\].u_tie_la/HI
 gen_la\[86\].u_tie_la/HI
 gen_la\[87\].u_tie_la/HI
 gen_la\[88\].u_tie_la/HI
 gen_la\[89\].u_tie_la/HI
 gen_la\[8\].u_tie_la/HI
 gen_la\[90\].u_tie_la/HI
 gen_la\[91\].u_tie_la/HI
 gen_la\[92\].u_tie_la/HI
 gen_la\[93\].u_tie_la/HI
 gen_la\[94\].u_tie_la/HI
 gen_la\[95\].u_tie_la/HI
 gen_la\[96\].u_tie_la/HI
 gen_la\[97\].u_tie_la/HI
 gen_la\[98\].u_tie_la/HI
 gen_la\[99\].u_tie_la/HI
 gen_la\[9\].u_tie_la/HI
 genblk3\[0\].u_tie_io_out_low0/HI
 genblk3\[1\].u_tie_io_out_low0/HI
 genblk3\[2\].u_tie_io_out_low0/HI
 genblk3\[3\].u_tie_io_out_low0/HI
 genblk3\[4\].u_tie_io_out_low0/HI
 genblk4\[10\].u_tie_io_out_low1/HI
 genblk4\[11\].u_tie_io_out_low1/HI
 genblk4\[12\].u_tie_io_out_low1/HI
 genblk4\[13\].u_tie_io_out_low1/HI
 genblk4\[14\].u_tie_io_out_low1/HI
 genblk4\[15\].u_tie_io_out_low1/HI
 genblk4\[16\].u_tie_io_out_low1/HI
 genblk4\[17\].u_tie_io_out_low1/HI
 genblk4\[18\].u_tie_io_out_low1/HI
 genblk4\[19\].u_tie_io_out_low1/HI
 genblk4\[20\].u_tie_io_out_low1/HI
 genblk4\[5\].u_tie_io_out_low1/HI
 genblk4\[6\].u_tie_io_out_low1/HI
 genblk4\[7\].u_tie_io_out_low1/HI
 genblk4\[8\].u_tie_io_out_low1/HI
 genblk4\[9\].u_tie_io_out_low1/HI
 genblk5\[29\].u_tie_io_out_low2/HI
 genblk5\[30\].u_tie_io_out_low2/HI
 genblk5\[31\].u_tie_io_out_low2/HI
 genblk5\[32\].u_tie_io_out_low2/HI
 genblk5\[33\].u_tie_io_out_low2/HI
 genblk5\[34\].u_tie_io_out_low2/HI
 genblk5\[35\].u_tie_io_out_low2/HI
 genblk5\[36\].u_tie_io_out_low2/HI
 genblk5\[37\].u_tie_io_out_low2/HI
 genblk6\[0\].u_tie_io_oeb_hi0/LO
 genblk6\[1\].u_tie_io_oeb_hi0/LO
 genblk6\[2\].u_tie_io_oeb_hi0/LO
 genblk6\[3\].u_tie_io_oeb_hi0/LO
 genblk6\[4\].u_tie_io_oeb_hi0/LO
 genblk7\[10\].u_tie_io_oeb_hi1/LO
 genblk7\[11\].u_tie_io_oeb_hi1/LO
 genblk7\[12\].u_tie_io_oeb_hi1/LO
 genblk7\[13\].u_tie_io_oeb_hi1/LO
 genblk7\[14\].u_tie_io_oeb_hi1/LO
 genblk7\[15\].u_tie_io_oeb_hi1/LO
 genblk7\[16\].u_tie_io_oeb_hi1/LO
 genblk7\[17\].u_tie_io_oeb_hi1/LO
 genblk7\[18\].u_tie_io_oeb_hi1/LO
 genblk7\[19\].u_tie_io_oeb_hi1/LO
 genblk7\[20\].u_tie_io_oeb_hi1/LO
 genblk7\[5\].u_tie_io_oeb_hi1/LO
 genblk7\[6\].u_tie_io_oeb_hi1/LO
 genblk7\[7\].u_tie_io_oeb_hi1/LO
 genblk7\[8\].u_tie_io_oeb_hi1/LO
 genblk7\[9\].u_tie_io_oeb_hi1/LO
 genblk8\[21\].u_tie_io_oeb_lo2/HI
 genblk8\[22\].u_tie_io_oeb_lo2/HI
 genblk8\[23\].u_tie_io_oeb_lo2/HI
 genblk8\[24\].u_tie_io_oeb_lo2/HI
 genblk8\[25\].u_tie_io_oeb_lo2/HI
 genblk8\[26\].u_tie_io_oeb_lo2/HI
 genblk8\[27\].u_tie_io_oeb_lo2/HI
 genblk8\[28\].u_tie_io_oeb_lo2/HI
 genblk9\[29\].u_tie_io_oeb_hi3/LO
 genblk9\[30\].u_tie_io_oeb_hi3/LO
 genblk9\[31\].u_tie_io_oeb_hi3/LO
 genblk9\[32\].u_tie_io_oeb_hi3/LO
 genblk9\[33\].u_tie_io_oeb_hi3/LO
 genblk9\[34\].u_tie_io_oeb_hi3/LO
 genblk9\[35\].u_tie_io_oeb_hi3/LO
 genblk9\[36\].u_tie_io_oeb_hi3/LO
 genblk9\[37\].u_tie_io_oeb_hi3/LO
Found 0 partially unannotated drivers.

===========================================================================
max slew violation count 170
max fanout violation count 0
max cap violation count 125
============================================================================

===========================================================================
check_setup -verbose -unconstrained_endpoints -multiple_clock -no_clock -no_input_delay -loops -generated_clocks
===========================================================================
Warning: There are 227 unconstrained endpoints.
  analog_io[0]
  analog_io[10]
  analog_io[11]
  analog_io[12]
  analog_io[13]
  analog_io[14]
  analog_io[15]
  analog_io[16]
  analog_io[17]
  analog_io[18]
  analog_io[19]
  analog_io[1]
  analog_io[20]
  analog_io[21]
  analog_io[22]
  analog_io[23]
  analog_io[24]
  analog_io[25]
  analog_io[26]
  analog_io[27]
  analog_io[28]
  analog_io[2]
  analog_io[3]
  analog_io[4]
  analog_io[5]
  analog_io[6]
  analog_io[7]
  analog_io[8]
  analog_io[9]
  io_oeb[0]
  io_oeb[10]
  io_oeb[11]
  io_oeb[12]
  io_oeb[13]
  io_oeb[14]
  io_oeb[15]
  io_oeb[16]
  io_oeb[17]
  io_oeb[18]
  io_oeb[19]
  io_oeb[1]
  io_oeb[20]
  io_oeb[21]
  io_oeb[22]
  io_oeb[23]
  io_oeb[24]
  io_oeb[25]
  io_oeb[26]
  io_oeb[27]
  io_oeb[28]
  io_oeb[29]
  io_oeb[2]
  io_oeb[30]
  io_oeb[31]
  io_oeb[32]
  io_oeb[33]
  io_oeb[34]
  io_oeb[35]
  io_oeb[36]
  io_oeb[37]
  io_oeb[3]
  io_oeb[4]
  io_oeb[5]
  io_oeb[6]
  io_oeb[7]
  io_oeb[8]
  io_oeb[9]
  io_out[0]
  io_out[10]
  io_out[11]
  io_out[12]
  io_out[13]
  io_out[14]
  io_out[15]
  io_out[16]
  io_out[17]
  io_out[18]
  io_out[19]
  io_out[1]
  io_out[20]
  io_out[29]
  io_out[2]
  io_out[30]
  io_out[31]
  io_out[32]
  io_out[33]
  io_out[34]
  io_out[35]
  io_out[36]
  io_out[37]
  io_out[3]
  io_out[4]
  io_out[5]
  io_out[6]
  io_out[7]
  io_out[8]
  io_out[9]
  la_data_out[0]
  la_data_out[100]
  la_data_out[101]
  la_data_out[102]
  la_data_out[103]
  la_data_out[104]
  la_data_out[105]
  la_data_out[106]
  la_data_out[107]
  la_data_out[108]
  la_data_out[109]
  la_data_out[10]
  la_data_out[110]
  la_data_out[111]
  la_data_out[112]
  la_data_out[113]
  la_data_out[114]
  la_data_out[115]
  la_data_out[116]
  la_data_out[117]
  la_data_out[118]
  la_data_out[119]
  la_data_out[11]
  la_data_out[120]
  la_data_out[121]
  la_data_out[122]
  la_data_out[123]
  la_data_out[124]
  la_data_out[125]
  la_data_out[126]
  la_data_out[127]
  la_data_out[12]
  la_data_out[13]
  la_data_out[14]
  la_data_out[15]
  la_data_out[16]
  la_data_out[17]
  la_data_out[18]
  la_data_out[19]
  la_data_out[1]
  la_data_out[20]
  la_data_out[21]
  la_data_out[22]
  la_data_out[23]
  la_data_out[24]
  la_data_out[25]
  la_data_out[26]
  la_data_out[27]
  la_data_out[28]
  la_data_out[29]
  la_data_out[2]
  la_data_out[30]
  la_data_out[31]
  la_data_out[32]
  la_data_out[33]
  la_data_out[34]
  la_data_out[35]
  la_data_out[36]
  la_data_out[37]
  la_data_out[38]
  la_data_out[39]
  la_data_out[3]
  la_data_out[40]
  la_data_out[41]
  la_data_out[42]
  la_data_out[43]
  la_data_out[44]
  la_data_out[45]
  la_data_out[46]
  la_data_out[47]
  la_data_out[48]
  la_data_out[49]
  la_data_out[4]
  la_data_out[50]
  la_data_out[51]
  la_data_out[52]
  la_data_out[53]
  la_data_out[54]
  la_data_out[55]
  la_data_out[56]
  la_data_out[57]
  la_data_out[58]
  la_data_out[59]
  la_data_out[5]
  la_data_out[60]
  la_data_out[61]
  la_data_out[62]
  la_data_out[63]
  la_data_out[64]
  la_data_out[65]
  la_data_out[66]
  la_data_out[67]
  la_data_out[68]
  la_data_out[69]
  la_data_out[6]
  la_data_out[70]
  la_data_out[71]
  la_data_out[72]
  la_data_out[73]
  la_data_out[74]
  la_data_out[75]
  la_data_out[76]
  la_data_out[77]
  la_data_out[78]
  la_data_out[79]
  la_data_out[7]
  la_data_out[80]
  la_data_out[81]
  la_data_out[82]
  la_data_out[83]
  la_data_out[84]
  la_data_out[85]
  la_data_out[86]
  la_data_out[87]
  la_data_out[88]
  la_data_out[89]
  la_data_out[8]
  la_data_out[90]
  la_data_out[91]
  la_data_out[92]
  la_data_out[93]
  la_data_out[94]
  la_data_out[95]
  la_data_out[96]
  la_data_out[97]
  la_data_out[98]
  la_data_out[99]
  la_data_out[9]
  user_irq[1]
  user_irq[2]
