
===========================================================================
report_checks -unconstrained
===========================================================================
======================= nom_tt_025C_1v80 Corner ===================================

Startpoint: wb_rst_i (input port clocked by clk)
Endpoint: _705_ (recovery check against rising-edge clock clk)
Path Group: asynchronous
Path Type: max

Fanout         Cap        Slew       Delay        Time   Description
---------------------------------------------------------------------------------------------
                                  0.000000    0.000000   clock clk (rise edge)
                                  5.570000    5.570000   clock network delay (propagated)
                                 12.500000   18.070000 v input external delay
    60    0.332458    0.000000    0.000000   18.070000 v wb_rst_i (in)
                                                         wb_rst_i (net)
                      0.100877    0.050438   18.120438 v _350_/A (sky130_fd_sc_hd__clkinv_1)
     6    0.042238    0.237347    0.214712   18.335150 ^ _350_/Y (sky130_fd_sc_hd__clkinv_1)
                                                         _038_ (net)
                      0.237350    0.000815   18.335964 ^ _705_/RESET_B (sky130_fd_sc_hd__dfrtp_1)
                                             18.335964   data arrival time

                                 25.000000   25.000000   clock clk (rise edge)
                                  4.650000   29.650000   clock source latency
    95    0.393687    0.610000    0.000000   29.650000 ^ wb_clk_i (in)
                                                         wb_clk_i (net)
                      0.740076    0.065038   29.715036 ^ _705_/CLK (sky130_fd_sc_hd__dfrtp_1)
                                 -0.250000   29.465038   clock uncertainty
                                  0.000000   29.465038   clock reconvergence pessimism
                                  0.354395   29.819433   library recovery time
                                             29.819433   data required time
---------------------------------------------------------------------------------------------
                                             29.819433   data required time
                                            -18.335964   data arrival time
---------------------------------------------------------------------------------------------
                                             11.483469   slack (MET)


Startpoint: wb_rst_i (input port clocked by clk)
Endpoint: _714_ (rising edge-triggered flip-flop clocked by clk)
Path Group: clk
Path Type: max

Fanout         Cap        Slew       Delay        Time   Description
---------------------------------------------------------------------------------------------
                                  0.000000    0.000000   clock clk (rise edge)
                                  5.570000    5.570000   clock network delay (propagated)
                                 12.500000   18.070000 v input external delay
    60    0.332458    0.000000    0.000000   18.070000 v wb_rst_i (in)
                                                         wb_rst_i (net)
                      0.158529    0.079265   18.149263 v _530_/B1 (sky130_fd_sc_hd__a21oi_1)
     1    0.006192    0.168733    0.201615   18.350878 ^ _530_/Y (sky130_fd_sc_hd__a21oi_1)
                                                         _263_ (net)
                      0.168733    0.000250   18.351130 ^ _535_/B (sky130_fd_sc_hd__nand3_1)
    16    0.077143    0.745227    0.618014   18.969143 v _535_/Y (sky130_fd_sc_hd__nand3_1)
                                                         _268_ (net)
                      0.745251    0.003634   18.972778 v _567_/C1 (sky130_fd_sc_hd__a211oi_1)
     1    0.002685    0.260088    0.395129   19.367907 ^ _567_/Y (sky130_fd_sc_hd__a211oi_1)
                                                         _100_ (net)
                      0.260088    0.000080   19.367987 ^ hold70/A (sky130_fd_sc_hd__dlygate4sd3_1)
     1    0.002452    0.049824    0.583325   19.951313 ^ hold70/X (sky130_fd_sc_hd__dlygate4sd3_1)
                                                         net70 (net)
                      0.049824    0.000071   19.951384 ^ _714_/D (sky130_fd_sc_hd__dfxtp_1)
                                             19.951384   data arrival time

                                 25.000000   25.000000   clock clk (rise edge)
                                  4.650000   29.650000   clock source latency
    95    0.393687    0.610000    0.000000   29.650000 ^ wb_clk_i (in)
                                                         wb_clk_i (net)
                      0.771797    0.080899   29.730898 ^ _714_/CLK (sky130_fd_sc_hd__dfxtp_1)
                                 -0.250000   29.480898   clock uncertainty
                                  0.000000   29.480898   clock reconvergence pessimism
                                  0.017395   29.498293   library setup time
                                             29.498293   data required time
---------------------------------------------------------------------------------------------
                                             29.498293   data required time
                                            -19.951384   data arrival time
---------------------------------------------------------------------------------------------
                                              9.546909   slack (MET)




===========================================================================
report_checks --slack_max -0.01
============================================================================
======================= nom_tt_025C_1v80 Corner ===================================

No paths found.


===========================================================================
 report_check_types -max_slew -max_cap -max_fanout -violators
============================================================================
======================= nom_tt_025C_1v80 Corner ===================================

max slew

Pin                                        Limit        Slew       Slack
------------------------------------------------------------------------
_480_/C1                                1.500000   13.546062  -12.046062 (VIOLATED)
_479_/Y                                 1.488547   13.424650  -11.936103 (VIOLATED)
io_out[24]                              1.500000    7.404403   -5.904403 (VIOLATED)
io_out[26]                              1.500000    7.054904   -5.554904 (VIOLATED)
_793_/X                                 1.500000    6.898719   -5.398719 (VIOLATED)
_795_/X                                 1.500000    6.678034   -5.178034 (VIOLATED)
io_out[27]                              1.500000    5.725571   -4.225571 (VIOLATED)
_796_/X                                 1.500000    5.532442   -4.032442 (VIOLATED)
user_irq[0]                             1.500000    5.375254   -3.875254 (VIOLATED)
_798_/X                                 1.500000    5.186533   -3.686533 (VIOLATED)
io_out[28]                              1.500000    5.090733   -3.590733 (VIOLATED)
_465_/A                                 1.500000    5.087867   -3.587867 (VIOLATED)
_585_/B                                 1.500000    5.087793   -3.587794 (VIOLATED)
_590_/A1                                1.500000    5.087766   -3.587766 (VIOLATED)
_593_/B                                 1.500000    5.087528   -3.587528 (VIOLATED)
_797_/X                                 1.500000    4.956386   -3.456386 (VIOLATED)
_790_/A                                 1.500000    4.091655   -2.591655 (VIOLATED)
_791_/A                                 1.500000    4.091647   -2.591647 (VIOLATED)
_584_/A                                 1.500000    4.087962   -2.587962 (VIOLATED)
_474_/A2                                1.500000    4.087957   -2.587957 (VIOLATED)
_593_/A                                 1.500000    4.087876   -2.587876 (VIOLATED)
_452_/B                                 1.500000    4.087781   -2.587781 (VIOLATED)
_461_/A                                 1.500000    3.974513   -2.474513 (VIOLATED)
_462_/B                                 1.500000    3.974397   -2.474397 (VIOLATED)
_493_/B                                 1.500000    3.951163   -2.451163 (VIOLATED)
_504_/A2                                1.500000    3.951141   -2.451141 (VIOLATED)
_511_/B                                 1.500000    3.951081   -2.451081 (VIOLATED)
_513_/B                                 1.500000    3.951081   -2.451082 (VIOLATED)
_464_/A1                                1.500000    3.950853   -2.450853 (VIOLATED)
_587_/A                                 1.500000    3.950852   -2.450852 (VIOLATED)
_460_/A2                                1.500000    3.950850   -2.450850 (VIOLATED)
_521_/A1                                1.500000    3.950850   -2.450850 (VIOLATED)
_596_/A                                 1.500000    3.950851   -2.450851 (VIOLATED)
_482_/A_N                               1.500000    3.950255   -2.450255 (VIOLATED)
_416_/A1                                1.500000    3.950217   -2.450218 (VIOLATED)
_368_/X                                 1.500000    3.950212   -2.450212 (VIOLATED)
_792_/A                                 1.500000    3.677110   -2.177110 (VIOLATED)
_794_/A                                 1.500000    3.673103   -2.173103 (VIOLATED)
_357_/B                                 1.500000    3.498179   -1.998179 (VIOLATED)
_402_/B                                 1.500000    3.497288   -1.997288 (VIOLATED)
_356_/X                                 1.500000    3.496811   -1.996811 (VIOLATED)
_513_/A                                 1.500000    2.971802   -1.471802 (VIOLATED)
_511_/A                                 1.500000    2.971776   -1.471776 (VIOLATED)
_493_/A                                 1.500000    2.971753   -1.471753 (VIOLATED)
_504_/A1                                1.500000    2.971651   -1.471651 (VIOLATED)
_500_/A2                                1.500000    2.899198   -1.399198 (VIOLATED)
_499_/B                                 1.500000    2.899090   -1.399090 (VIOLATED)
_522_/B1_N                              1.500000    2.899027   -1.399027 (VIOLATED)
_524_/B                                 1.500000    2.898930   -1.398930 (VIOLATED)
_461_/B                                 1.500000    2.885619   -1.385619 (VIOLATED)
_462_/C                                 1.500000    2.885501   -1.385501 (VIOLATED)
io_out[21]                              1.500000    2.649843   -1.149843 (VIOLATED)
_790_/X                                 1.500000    2.647034   -1.147034 (VIOLATED)
_471_/A                                 1.500000    2.621209   -1.121209 (VIOLATED)
_592_/A1                                1.500000    2.621149   -1.121149 (VIOLATED)
_376_/Y                                 1.496919    2.322988   -0.826069 (VIOLATED)
_435_/C                                 1.500000    2.323628   -0.823628 (VIOLATED)
_436_/C                                 1.500000    2.323628   -0.823628 (VIOLATED)
_437_/C                                 1.500000    2.323624   -0.823624 (VIOLATED)
_438_/C                                 1.500000    2.323623   -0.823623 (VIOLATED)
_439_/C                                 1.500000    2.323624   -0.823624 (VIOLATED)
_434_/C                                 1.500000    2.323610   -0.823610 (VIOLATED)
_433_/C                                 1.500000    2.323597   -0.823597 (VIOLATED)
_431_/C                                 1.500000    2.323582   -0.823583 (VIOLATED)
_432_/C                                 1.500000    2.323575   -0.823575 (VIOLATED)
_430_/C                                 1.500000    2.323544   -0.823544 (VIOLATED)
_429_/C                                 1.500000    2.323531   -0.823531 (VIOLATED)
_428_/C                                 1.500000    2.323494   -0.823494 (VIOLATED)
_427_/C                                 1.500000    2.323472   -0.823473 (VIOLATED)
_426_/C                                 1.500000    2.323432   -0.823432 (VIOLATED)
_425_/C                                 1.500000    2.323390   -0.823390 (VIOLATED)
_424_/C                                 1.500000    2.323361   -0.823361 (VIOLATED)
_423_/C                                 1.500000    2.323279   -0.823279 (VIOLATED)
_422_/C                                 1.500000    2.323238   -0.823238 (VIOLATED)
_420_/B1                                1.500000    2.323165   -0.823165 (VIOLATED)
_418_/B1                                1.500000    2.323147   -0.823147 (VIOLATED)
_416_/B1                                1.500000    2.323104   -0.823104 (VIOLATED)
_414_/A2                                1.500000    2.323077   -0.823077 (VIOLATED)
_393_/B                                 1.500000    2.323041   -0.823041 (VIOLATED)
_397_/A2                                1.500000    2.323030   -0.823030 (VIOLATED)
_400_/A2                                1.500000    2.323029   -0.823029 (VIOLATED)
_377_/B                                 1.500000    2.323009   -0.823009 (VIOLATED)
_384_/B                                 1.500000    2.323008   -0.823008 (VIOLATED)
_387_/B                                 1.500000    2.323008   -0.823008 (VIOLATED)
_382_/A2                                1.500000    2.323004   -0.823004 (VIOLATED)
io_out[23]                              1.500000    2.150276   -0.650276 (VIOLATED)
_792_/X                                 1.500000    2.150256   -0.650256 (VIOLATED)
io_out[25]                              1.500000    2.149916   -0.649916 (VIOLATED)
_794_/X                                 1.500000    2.149903   -0.649903 (VIOLATED)
io_out[22]                              1.500000    2.143108   -0.643108 (VIOLATED)
_791_/X                                 1.500000    2.143088   -0.643088 (VIOLATED)
_480_/Y                                 1.498484    2.106396   -0.607912 (VIOLATED)
_481_/A4                                1.500000    2.106396   -0.606396 (VIOLATED)
_600_/C                                 1.500000    2.106396   -0.606396 (VIOLATED)
_460_/B1                                1.500000    2.051185   -0.551185 (VIOLATED)
_500_/A1                                1.500000    2.050947   -0.550947 (VIOLATED)
_499_/A                                 1.500000    2.050856   -0.550856 (VIOLATED)
_369_/Y                                 1.479160    1.947225   -0.468065 (VIOLATED)
_523_/A1                                1.500000    1.947228   -0.447228 (VIOLATED)
_526_/B                                 1.500000    1.947228   -0.447228 (VIOLATED)
_471_/B                                 1.500000    1.947227   -0.447227 (VIOLATED)
_592_/A2                                1.500000    1.947227   -0.447227 (VIOLATED)
_795_/A                                 1.500000    1.947227   -0.447227 (VIOLATED)
_500_/B1                                1.500000    1.947225   -0.447225 (VIOLATED)
_505_/A                                 1.500000    1.947225   -0.447225 (VIOLATED)
_512_/A                                 1.500000    1.947225   -0.447225 (VIOLATED)
_515_/A1                                1.500000    1.947225   -0.447225 (VIOLATED)
_517_/B                                 1.500000    1.928414   -0.428414 (VIOLATED)
wbs_dat_o[31]                           1.500000    1.815695   -0.315695 (VIOLATED)
_788_/Q                                 1.500000    1.814966   -0.314966 (VIOLATED)
wbs_dat_o[29]                           1.500000    1.777959   -0.277959 (VIOLATED)
_786_/Q                                 1.500000    1.777518   -0.277518 (VIOLATED)
_373_/Y                                 1.494479    1.767715   -0.273236 (VIOLATED)
wbs_dat_o[30]                           1.500000    1.769897   -0.269897 (VIOLATED)
_787_/Q                                 1.500000    1.769455   -0.269455 (VIOLATED)
_436_/B                                 1.500000    1.768189   -0.268189 (VIOLATED)
_435_/B                                 1.500000    1.768188   -0.268188 (VIOLATED)
_437_/B                                 1.500000    1.768184   -0.268184 (VIOLATED)
_439_/B                                 1.500000    1.768184   -0.268184 (VIOLATED)
_438_/B                                 1.500000    1.768178   -0.268178 (VIOLATED)
_434_/B                                 1.500000    1.768169   -0.268169 (VIOLATED)
_433_/B                                 1.500000    1.768161   -0.268161 (VIOLATED)
_432_/B                                 1.500000    1.768159   -0.268160 (VIOLATED)
_431_/B                                 1.500000    1.768158   -0.268158 (VIOLATED)
_430_/B                                 1.500000    1.768142   -0.268142 (VIOLATED)
_429_/B                                 1.500000    1.768129   -0.268129 (VIOLATED)
_428_/B                                 1.500000    1.768095   -0.268096 (VIOLATED)
_427_/B                                 1.500000    1.768074   -0.268074 (VIOLATED)
_426_/B                                 1.500000    1.768038   -0.268038 (VIOLATED)
_425_/B                                 1.500000    1.767991   -0.267991 (VIOLATED)
_424_/B                                 1.500000    1.767962   -0.267962 (VIOLATED)
_423_/B                                 1.500000    1.767891   -0.267891 (VIOLATED)
_422_/B                                 1.500000    1.767874   -0.267874 (VIOLATED)
_410_/B1                                1.500000    1.767752   -0.267752 (VIOLATED)
_404_/B1                                1.500000    1.767739   -0.267739 (VIOLATED)
_392_/B1                                1.500000    1.767723   -0.267723 (VIOLATED)
wbs_dat_o[28]                           1.500000    1.748306   -0.248306 (VIOLATED)
_785_/Q                                 1.500000    1.747810   -0.247810 (VIOLATED)
wbs_dat_o[27]                           1.500000    1.719254   -0.219254 (VIOLATED)
_784_/Q                                 1.500000    1.718897   -0.218897 (VIOLATED)
wbs_dat_o[26]                           1.500000    1.691359   -0.191359 (VIOLATED)
_783_/Q                                 1.500000    1.691158   -0.191158 (VIOLATED)
wbs_dat_o[3]                            1.500000    1.673102   -0.173102 (VIOLATED)
_760_/Q                                 1.500000    1.672992   -0.172992 (VIOLATED)
wbs_dat_o[24]                           1.500000    1.672385   -0.172385 (VIOLATED)
_781_/Q                                 1.500000    1.672278   -0.172278 (VIOLATED)
wbs_dat_o[0]                            1.500000    1.667426   -0.167427 (VIOLATED)
_757_/Q                                 1.500000    1.667318   -0.167318 (VIOLATED)
wbs_ack_o                               1.500000    1.664128   -0.164128 (VIOLATED)
_371_/A_N                               1.500000    1.664096   -0.164096 (VIOLATED)
_755_/Q                                 1.500000    1.664092   -0.164092 (VIOLATED)
wbs_dat_o[23]                           1.500000    1.663289   -0.163289 (VIOLATED)
_780_/Q                                 1.500000    1.663206   -0.163206 (VIOLATED)
wbs_dat_o[2]                            1.500000    1.659372   -0.159373 (VIOLATED)
_759_/Q                                 1.500000    1.659290   -0.159290 (VIOLATED)
wbs_dat_o[25]                           1.500000    1.648788   -0.148788 (VIOLATED)
_782_/Q                                 1.500000    1.648749   -0.148749 (VIOLATED)
_589_/C                                 1.500000    1.648215   -0.148215 (VIOLATED)
_478_/A                                 1.500000    1.648095   -0.148095 (VIOLATED)
wbs_dat_o[15]                           1.500000    1.645660   -0.145660 (VIOLATED)
_772_/Q                                 1.500000    1.645615   -0.145616 (VIOLATED)
wbs_dat_o[6]                            1.500000    1.645403   -0.145403 (VIOLATED)
_763_/Q                                 1.500000    1.645364   -0.145365 (VIOLATED)
wbs_dat_o[22]                           1.500000    1.643994   -0.143994 (VIOLATED)
_779_/Q                                 1.500000    1.643936   -0.143936 (VIOLATED)
wbs_dat_o[11]                           1.500000    1.643660   -0.143660 (VIOLATED)
_768_/Q                                 1.500000    1.643622   -0.143622 (VIOLATED)
wbs_dat_o[10]                           1.500000    1.642377   -0.142377 (VIOLATED)
_767_/Q                                 1.500000    1.642340   -0.142340 (VIOLATED)
wbs_dat_o[7]                            1.500000    1.641917   -0.141917 (VIOLATED)
_764_/Q                                 1.500000    1.641883   -0.141883 (VIOLATED)
wbs_dat_o[9]                            1.500000    1.641786   -0.141786 (VIOLATED)
wbs_dat_o[8]                            1.500000    1.641760   -0.141760 (VIOLATED)
_766_/Q                                 1.500000    1.641752   -0.141752 (VIOLATED)
_765_/Q                                 1.500000    1.641727   -0.141727 (VIOLATED)
wbs_dat_o[20]                           1.500000    1.641421   -0.141421 (VIOLATED)
_777_/Q                                 1.500000    1.641387   -0.141387 (VIOLATED)
wbs_dat_o[21]                           1.500000    1.640306   -0.140306 (VIOLATED)
_778_/Q                                 1.500000    1.640274   -0.140274 (VIOLATED)
wbs_dat_o[18]                           1.500000    1.639831   -0.139831 (VIOLATED)
_775_/Q                                 1.500000    1.639800   -0.139800 (VIOLATED)
wbs_dat_o[16]                           1.500000    1.639737   -0.139737 (VIOLATED)
wbs_dat_o[14]                           1.500000    1.639715   -0.139715 (VIOLATED)
_773_/Q                                 1.500000    1.639706   -0.139706 (VIOLATED)
_771_/Q                                 1.500000    1.639684   -0.139684 (VIOLATED)
wbs_dat_o[1]                            1.500000    1.639254   -0.139254 (VIOLATED)
_758_/Q                                 1.500000    1.639224   -0.139224 (VIOLATED)
wbs_dat_o[17]                           1.500000    1.639147   -0.139147 (VIOLATED)
_774_/Q                                 1.500000    1.639115   -0.139115 (VIOLATED)
wbs_dat_o[13]                           1.500000    1.638774   -0.138774 (VIOLATED)
_770_/Q                                 1.500000    1.638744   -0.138744 (VIOLATED)
wbs_dat_o[4]                            1.500000    1.638209   -0.138209 (VIOLATED)
_761_/Q                                 1.500000    1.638180   -0.138180 (VIOLATED)
wbs_dat_o[5]                            1.500000    1.637976   -0.137977 (VIOLATED)
_762_/Q                                 1.500000    1.637947   -0.137947 (VIOLATED)
wbs_dat_o[12]                           1.500000    1.637110   -0.137110 (VIOLATED)
_769_/Q                                 1.500000    1.637081   -0.137081 (VIOLATED)
wbs_dat_o[19]                           1.500000    1.636924   -0.136924 (VIOLATED)
_776_/Q                                 1.500000    1.636895   -0.136895 (VIOLATED)

max fanout

Pin                                   Limit Fanout  Slack
---------------------------------------------------------
wb_clk_i                                 10     95    -85 (VIOLATED)
wb_rst_i                                 10     60    -50 (VIOLATED)
_376_/Y                                  10     29    -19 (VIOLATED)
_373_/Y                                  10     21    -11 (VIOLATED)
_535_/Y                                  10     16     -6 (VIOLATED)
_611_/Y                                  10     16     -6 (VIOLATED)
_543_/Y                                  10     14     -4 (VIOLATED)
_368_/X                                  10     13     -3 (VIOLATED)
_375_/Y                                  10     12     -2 (VIOLATED)
_374_/X                                  10     11        (VIOLATED)
hold1/X                                  10     11        (VIOLATED)

max capacitance

Pin                                        Limit         Cap       Slack
------------------------------------------------------------------------
_793_/X                                 0.130015    0.605373   -0.475358 (VIOLATED)
_795_/X                                 0.130015    0.583747   -0.453732 (VIOLATED)
_479_/Y                                 0.052195    0.494122   -0.441927 (VIOLATED)
_796_/X                                 0.130015    0.483154   -0.353139 (VIOLATED)
_798_/X                                 0.130015    0.451294   -0.321279 (VIOLATED)
_797_/X                                 0.130015    0.430958   -0.300943 (VIOLATED)
_368_/X                                 0.157481    0.416406   -0.258925 (VIOLATED)
_356_/X                                 0.164805    0.383342   -0.218537 (VIOLATED)
_790_/X                                 0.130015    0.238118   -0.108103 (VIOLATED)
_792_/X                                 0.130015    0.191814   -0.061799 (VIOLATED)
_794_/X                                 0.130015    0.191804   -0.061789 (VIOLATED)
_791_/X                                 0.130015    0.191710   -0.061695 (VIOLATED)
_376_/Y                                 0.082407    0.129719   -0.047312 (VIOLATED)
_788_/Q                                 0.174876    0.213277   -0.038401 (VIOLATED)
_786_/Q                                 0.174876    0.207952   -0.033076 (VIOLATED)
_787_/Q                                 0.174876    0.207004   -0.032128 (VIOLATED)
_785_/Q                                 0.174876    0.204443   -0.029567 (VIOLATED)
_784_/Q                                 0.174876    0.201101   -0.026225 (VIOLATED)
_783_/Q                                 0.174876    0.197933   -0.023057 (VIOLATED)
_760_/Q                                 0.174876    0.195810   -0.020934 (VIOLATED)
_781_/Q                                 0.174876    0.195802   -0.020926 (VIOLATED)
_757_/Q                                 0.174876    0.195115   -0.020239 (VIOLATED)
_755_/Q                                 0.174876    0.194864   -0.019988 (VIOLATED)
_780_/Q                                 0.174876    0.194765   -0.019889 (VIOLATED)
_759_/Q                                 0.174876    0.194233   -0.019357 (VIOLATED)
_782_/Q                                 0.174876    0.193141   -0.018265 (VIOLATED)
_772_/Q                                 0.174876    0.192744   -0.017868 (VIOLATED)
_763_/Q                                 0.174876    0.192701   -0.017825 (VIOLATED)
_779_/Q                                 0.174876    0.192535   -0.017659 (VIOLATED)
_768_/Q                                 0.174876    0.192513   -0.017637 (VIOLATED)
_767_/Q                                 0.174876    0.192361   -0.017485 (VIOLATED)
_764_/Q                                 0.174876    0.192303   -0.017427 (VIOLATED)
_766_/Q                                 0.174876    0.192294   -0.017418 (VIOLATED)
_765_/Q                                 0.174876    0.192292   -0.017416 (VIOLATED)
_777_/Q                                 0.174876    0.192282   -0.017406 (VIOLATED)
_373_/Y                                 0.086070    0.103443   -0.017373 (VIOLATED)
_778_/Q                                 0.174876    0.192158   -0.017282 (VIOLATED)
_775_/Q                                 0.174876    0.192102   -0.017226 (VIOLATED)
_773_/Q                                 0.174876    0.192084   -0.017208 (VIOLATED)
_771_/Q                                 0.174876    0.192073   -0.017197 (VIOLATED)
_774_/Q                                 0.174876    0.192016   -0.017140 (VIOLATED)
_770_/Q                                 0.174876    0.191959   -0.017083 (VIOLATED)
_758_/Q                                 0.174876    0.191949   -0.017073 (VIOLATED)
_761_/Q                                 0.174876    0.191880   -0.017004 (VIOLATED)
_762_/Q                                 0.174876    0.191850   -0.016974 (VIOLATED)
_769_/Q                                 0.174876    0.191767   -0.016891 (VIOLATED)
_776_/Q                                 0.174876    0.191767   -0.016891 (VIOLATED)
_369_/Y                                 0.033884    0.046174   -0.012290 (VIOLATED)



===========================================================================
report_parasitic_annotation -report_unannotated
============================================================================
Found 568 unannotated drivers.
 analog_io[0]
 analog_io[10]
 analog_io[11]
 analog_io[12]
 analog_io[13]
 analog_io[14]
 analog_io[15]
 analog_io[16]
 analog_io[17]
 analog_io[18]
 analog_io[19]
 analog_io[1]
 analog_io[20]
 analog_io[21]
 analog_io[22]
 analog_io[23]
 analog_io[24]
 analog_io[25]
 analog_io[26]
 analog_io[27]
 analog_io[28]
 analog_io[2]
 analog_io[3]
 analog_io[4]
 analog_io[5]
 analog_io[6]
 analog_io[7]
 analog_io[8]
 analog_io[9]
 io_in[0]
 io_in[1]
 io_in[21]
 io_in[22]
 io_in[23]
 io_in[24]
 io_in[25]
 io_in[26]
 io_in[27]
 io_in[28]
 io_in[29]
 io_in[2]
 io_in[30]
 io_in[31]
 io_in[32]
 io_in[33]
 io_in[34]
 io_in[35]
 io_in[36]
 io_in[37]
 io_in[3]
 io_in[4]
 io_in[5]
 io_in[6]
 la_data_in[0]
 la_data_in[100]
 la_data_in[101]
 la_data_in[102]
 la_data_in[103]
 la_data_in[104]
 la_data_in[105]
 la_data_in[106]
 la_data_in[107]
 la_data_in[108]
 la_data_in[109]
 la_data_in[10]
 la_data_in[110]
 la_data_in[111]
 la_data_in[112]
 la_data_in[113]
 la_data_in[114]
 la_data_in[115]
 la_data_in[116]
 la_data_in[117]
 la_data_in[118]
 la_data_in[119]
 la_data_in[11]
 la_data_in[120]
 la_data_in[121]
 la_data_in[122]
 la_data_in[123]
 la_data_in[124]
 la_data_in[125]
 la_data_in[126]
 la_data_in[127]
 la_data_in[12]
 la_data_in[13]
 la_data_in[14]
 la_data_in[15]
 la_data_in[16]
 la_data_in[17]
 la_data_in[18]
 la_data_in[19]
 la_data_in[1]
 la_data_in[20]
 la_data_in[21]
 la_data_in[22]
 la_data_in[23]
 la_data_in[24]
 la_data_in[25]
 la_data_in[26]
 la_data_in[27]
 la_data_in[28]
 la_data_in[29]
 la_data_in[2]
 la_data_in[30]
 la_data_in[31]
 la_data_in[32]
 la_data_in[33]
 la_data_in[34]
 la_data_in[35]
 la_data_in[36]
 la_data_in[37]
 la_data_in[38]
 la_data_in[39]
 la_data_in[3]
 la_data_in[40]
 la_data_in[41]
 la_data_in[42]
 la_data_in[43]
 la_data_in[44]
 la_data_in[45]
 la_data_in[46]
 la_data_in[47]
 la_data_in[48]
 la_data_in[49]
 la_data_in[4]
 la_data_in[50]
 la_data_in[51]
 la_data_in[52]
 la_data_in[53]
 la_data_in[54]
 la_data_in[55]
 la_data_in[56]
 la_data_in[57]
 la_data_in[58]
 la_data_in[59]
 la_data_in[5]
 la_data_in[60]
 la_data_in[61]
 la_data_in[62]
 la_data_in[63]
 la_data_in[64]
 la_data_in[65]
 la_data_in[66]
 la_data_in[67]
 la_data_in[68]
 la_data_in[69]
 la_data_in[6]
 la_data_in[70]
 la_data_in[71]
 la_data_in[72]
 la_data_in[73]
 la_data_in[74]
 la_data_in[75]
 la_data_in[76]
 la_data_in[77]
 la_data_in[78]
 la_data_in[79]
 la_data_in[7]
 la_data_in[80]
 la_data_in[81]
 la_data_in[82]
 la_data_in[83]
 la_data_in[84]
 la_data_in[85]
 la_data_in[86]
 la_data_in[87]
 la_data_in[88]
 la_data_in[89]
 la_data_in[8]
 la_data_in[90]
 la_data_in[91]
 la_data_in[92]
 la_data_in[93]
 la_data_in[94]
 la_data_in[95]
 la_data_in[96]
 la_data_in[97]
 la_data_in[98]
 la_data_in[99]
 la_data_in[9]
 la_oenb[0]
 la_oenb[100]
 la_oenb[101]
 la_oenb[102]
 la_oenb[103]
 la_oenb[104]
 la_oenb[105]
 la_oenb[106]
 la_oenb[107]
 la_oenb[108]
 la_oenb[109]
 la_oenb[10]
 la_oenb[110]
 la_oenb[111]
 la_oenb[112]
 la_oenb[113]
 la_oenb[114]
 la_oenb[115]
 la_oenb[116]
 la_oenb[117]
 la_oenb[118]
 la_oenb[119]
 la_oenb[11]
 la_oenb[120]
 la_oenb[121]
 la_oenb[122]
 la_oenb[123]
 la_oenb[124]
 la_oenb[125]
 la_oenb[126]
 la_oenb[127]
 la_oenb[12]
 la_oenb[13]
 la_oenb[14]
 la_oenb[15]
 la_oenb[16]
 la_oenb[17]
 la_oenb[18]
 la_oenb[19]
 la_oenb[1]
 la_oenb[20]
 la_oenb[21]
 la_oenb[22]
 la_oenb[23]
 la_oenb[24]
 la_oenb[25]
 la_oenb[26]
 la_oenb[27]
 la_oenb[28]
 la_oenb[29]
 la_oenb[2]
 la_oenb[30]
 la_oenb[31]
 la_oenb[32]
 la_oenb[33]
 la_oenb[34]
 la_oenb[35]
 la_oenb[36]
 la_oenb[37]
 la_oenb[38]
 la_oenb[39]
 la_oenb[3]
 la_oenb[40]
 la_oenb[41]
 la_oenb[42]
 la_oenb[43]
 la_oenb[44]
 la_oenb[45]
 la_oenb[46]
 la_oenb[47]
 la_oenb[48]
 la_oenb[49]
 la_oenb[4]
 la_oenb[50]
 la_oenb[51]
 la_oenb[52]
 la_oenb[53]
 la_oenb[54]
 la_oenb[55]
 la_oenb[56]
 la_oenb[57]
 la_oenb[58]
 la_oenb[59]
 la_oenb[5]
 la_oenb[60]
 la_oenb[61]
 la_oenb[62]
 la_oenb[63]
 la_oenb[64]
 la_oenb[65]
 la_oenb[66]
 la_oenb[67]
 la_oenb[68]
 la_oenb[69]
 la_oenb[6]
 la_oenb[70]
 la_oenb[71]
 la_oenb[72]
 la_oenb[73]
 la_oenb[74]
 la_oenb[75]
 la_oenb[76]
 la_oenb[77]
 la_oenb[78]
 la_oenb[79]
 la_oenb[7]
 la_oenb[80]
 la_oenb[81]
 la_oenb[82]
 la_oenb[83]
 la_oenb[84]
 la_oenb[85]
 la_oenb[86]
 la_oenb[87]
 la_oenb[88]
 la_oenb[89]
 la_oenb[8]
 la_oenb[90]
 la_oenb[91]
 la_oenb[92]
 la_oenb[93]
 la_oenb[94]
 la_oenb[95]
 la_oenb[96]
 la_oenb[97]
 la_oenb[98]
 la_oenb[99]
 la_oenb[9]
 user_clock2
 wbs_adr_i[0]
 wbs_adr_i[10]
 wbs_adr_i[11]
 wbs_adr_i[12]
 wbs_adr_i[13]
 wbs_adr_i[14]
 wbs_adr_i[15]
 wbs_adr_i[16]
 wbs_adr_i[17]
 wbs_adr_i[18]
 wbs_adr_i[19]
 wbs_adr_i[1]
 wbs_adr_i[20]
 wbs_adr_i[21]
 wbs_adr_i[22]
 wbs_adr_i[23]
 wbs_adr_i[24]
 wbs_adr_i[25]
 wbs_adr_i[26]
 wbs_adr_i[27]
 wbs_adr_i[28]
 wbs_adr_i[29]
 wbs_adr_i[30]
 wbs_adr_i[31]
 wbs_adr_i[4]
 wbs_adr_i[5]
 wbs_adr_i[6]
 wbs_adr_i[7]
 wbs_adr_i[8]
 wbs_adr_i[9]
 wbs_dat_i[10]
 wbs_dat_i[11]
 wbs_dat_i[12]
 wbs_dat_i[13]
 wbs_dat_i[14]
 wbs_dat_i[15]
 wbs_dat_i[16]
 wbs_dat_i[17]
 wbs_dat_i[18]
 wbs_dat_i[19]
 wbs_dat_i[20]
 wbs_dat_i[21]
 wbs_dat_i[22]
 wbs_dat_i[23]
 wbs_dat_i[24]
 wbs_dat_i[25]
 wbs_dat_i[26]
 wbs_dat_i[27]
 wbs_dat_i[28]
 wbs_dat_i[29]
 wbs_dat_i[30]
 wbs_dat_i[31]
 wbs_dat_i[5]
 wbs_dat_i[6]
 wbs_dat_i[7]
 wbs_dat_i[8]
 wbs_dat_i[9]
 wbs_sel_i[1]
 wbs_sel_i[2]
 wbs_sel_i[3]
 gen_irq\[1\].u_tie_irq/HI
 gen_irq\[2\].u_tie_irq/HI
 gen_la\[0\].u_tie_la/HI
 gen_la\[100\].u_tie_la/HI
 gen_la\[101\].u_tie_la/HI
 gen_la\[102\].u_tie_la/HI
 gen_la\[103\].u_tie_la/HI
 gen_la\[104\].u_tie_la/HI
 gen_la\[105\].u_tie_la/HI
 gen_la\[106\].u_tie_la/HI
 gen_la\[107\].u_tie_la/HI
 gen_la\[108\].u_tie_la/HI
 gen_la\[109\].u_tie_la/HI
 gen_la\[10\].u_tie_la/HI
 gen_la\[110\].u_tie_la/HI
 gen_la\[111\].u_tie_la/HI
 gen_la\[112\].u_tie_la/HI
 gen_la\[113\].u_tie_la/HI
 gen_la\[114\].u_tie_la/HI
 gen_la\[115\].u_tie_la/HI
 gen_la\[116\].u_tie_la/HI
 gen_la\[117\].u_tie_la/HI
 gen_la\[118\].u_tie_la/HI
 gen_la\[119\].u_tie_la/HI
 gen_la\[11\].u_tie_la/HI
 gen_la\[120\].u_tie_la/HI
 gen_la\[121\].u_tie_la/HI
 gen_la\[122\].u_tie_la/HI
 gen_la\[123\].u_tie_la/HI
 gen_la\[124\].u_tie_la/HI
 gen_la\[125\].u_tie_la/HI
 gen_la\[126\].u_tie_la/HI
 gen_la\[127\].u_tie_la/HI
 gen_la\[12\].u_tie_la/HI
 gen_la\[13\].u_tie_la/HI
 gen_la\[14\].u_tie_la/HI
 gen_la\[15\].u_tie_la/HI
 gen_la\[16\].u_tie_la/HI
 gen_la\[17\].u_tie_la/HI
 gen_la\[18\].u_tie_la/HI
 gen_la\[19\].u_tie_la/HI
 gen_la\[1\].u_tie_la/HI
 gen_la\[20\].u_tie_la/HI
 gen_la\[21\].u_tie_la/HI
 gen_la\[22\].u_tie_la/HI
 gen_la\[23\].u_tie_la/HI
 gen_la\[24\].u_tie_la/HI
 gen_la\[25\].u_tie_la/HI
 gen_la\[26\].u_tie_la/HI
 gen_la\[27\].u_tie_la/HI
 gen_la\[28\].u_tie_la/HI
 gen_la\[29\].u_tie_la/HI
 gen_la\[2\].u_tie_la/HI
 gen_la\[30\].u_tie_la/HI
 gen_la\[31\].u_tie_la/HI
 gen_la\[32\].u_tie_la/HI
 gen_la\[33\].u_tie_la/HI
 gen_la\[34\].u_tie_la/HI
 gen_la\[35\].u_tie_la/HI
 gen_la\[36\].u_tie_la/HI
 gen_la\[37\].u_tie_la/HI
 gen_la\[38\].u_tie_la/HI
 gen_la\[39\].u_tie_la/HI
 gen_la\[3\].u_tie_la/HI
 gen_la\[40\].u_tie_la/HI
 gen_la\[41\].u_tie_la/HI
 gen_la\[42\].u_tie_la/HI
 gen_la\[43\].u_tie_la/HI
 gen_la\[44\].u_tie_la/HI
 gen_la\[45\].u_tie_la/HI
 gen_la\[46\].u_tie_la/HI
 gen_la\[47\].u_tie_la/HI
 gen_la\[48\].u_tie_la/HI
 gen_la\[49\].u_tie_la/HI
 gen_la\[4\].u_tie_la/HI
 gen_la\[50\].u_tie_la/HI
 gen_la\[51\].u_tie_la/HI
 gen_la\[52\].u_tie_la/HI
 gen_la\[53\].u_tie_la/HI
 gen_la\[54\].u_tie_la/HI
 gen_la\[55\].u_tie_la/HI
 gen_la\[56\].u_tie_la/HI
 gen_la\[57\].u_tie_la/HI
 gen_la\[58\].u_tie_la/HI
 gen_la\[59\].u_tie_la/HI
 gen_la\[5\].u_tie_la/HI
 gen_la\[60\].u_tie_la/HI
 gen_la\[61\].u_tie_la/HI
 gen_la\[62\].u_tie_la/HI
 gen_la\[63\].u_tie_la/HI
 gen_la\[64\].u_tie_la/HI
 gen_la\[65\].u_tie_la/HI
 gen_la\[66\].u_tie_la/HI
 gen_la\[67\].u_tie_la/HI
 gen_la\[68\].u_tie_la/HI
 gen_la\[69\].u_tie_la/HI
 gen_la\[6\].u_tie_la/HI
 gen_la\[70\].u_tie_la/HI
 gen_la\[71\].u_tie_la/HI
 gen_la\[72\].u_tie_la/HI
 gen_la\[73\].u_tie_la/HI
 gen_la\[74\].u_tie_la/HI
 gen_la\[75\].u_tie_la/HI
 gen_la\[76\].u_tie_la/HI
 gen_la\[77\].u_tie_la/HI
 gen_la\[78\].u_tie_la/HI
 gen_la\[79\].u_tie_la/HI
 gen_la\[7\].u_tie_la/HI
 gen_la\[80\].u_tie_la/HI
 gen_la\[81\].u_tie_la/HI
 gen_la\[82\].u_tie_la/HI
 gen_la\[83\].u_tie_la/HI
 gen_la\[84\].u_tie_la/HI
 gen_la\[85\].u_tie_la/HI
 gen_la\[86\].u_tie_la/HI
 gen_la\[87\].u_tie_la/HI
 gen_la\[88\].u_tie_la/HI
 gen_la\[89\].u_tie_la/HI
 gen_la\[8\].u_tie_la/HI
 gen_la\[90\].u_tie_la/HI
 gen_la\[91\].u_tie_la/HI
 gen_la\[92\].u_tie_la/HI
 gen_la\[93\].u_tie_la/HI
 gen_la\[94\].u_tie_la/HI
 gen_la\[95\].u_tie_la/HI
 gen_la\[96\].u_tie_la/HI
 gen_la\[97\].u_tie_la/HI
 gen_la\[98\].u_tie_la/HI
 gen_la\[99\].u_tie_la/HI
 gen_la\[9\].u_tie_la/HI
 genblk3\[0\].u_tie_io_out_low0/HI
 genblk3\[1\].u_tie_io_out_low0/HI
 genblk3\[2\].u_tie_io_out_low0/HI
 genblk3\[3\].u_tie_io_out_low0/HI
 genblk3\[4\].u_tie_io_out_low0/HI
 genblk4\[10\].u_tie_io_out_low1/HI
 genblk4\[11\].u_tie_io_out_low1/HI
 genblk4\[12\].u_tie_io_out_low1/HI
 genblk4\[13\].u_tie_io_out_low1/HI
 genblk4\[14\].u_tie_io_out_low1/HI
 genblk4\[15\].u_tie_io_out_low1/HI
 genblk4\[16\].u_tie_io_out_low1/HI
 genblk4\[17\].u_tie_io_out_low1/HI
 genblk4\[18\].u_tie_io_out_low1/HI
 genblk4\[19\].u_tie_io_out_low1/HI
 genblk4\[20\].u_tie_io_out_low1/HI
 genblk4\[5\].u_tie_io_out_low1/HI
 genblk4\[6\].u_tie_io_out_low1/HI
 genblk4\[7\].u_tie_io_out_low1/HI
 genblk4\[8\].u_tie_io_out_low1/HI
 genblk4\[9\].u_tie_io_out_low1/HI
 genblk5\[29\].u_tie_io_out_low2/HI
 genblk5\[30\].u_tie_io_out_low2/HI
 genblk5\[31\].u_tie_io_out_low2/HI
 genblk5\[32\].u_tie_io_out_low2/HI
 genblk5\[33\].u_tie_io_out_low2/HI
 genblk5\[34\].u_tie_io_out_low2/HI
 genblk5\[35\].u_tie_io_out_low2/HI
 genblk5\[36\].u_tie_io_out_low2/HI
 genblk5\[37\].u_tie_io_out_low2/HI
 genblk6\[0\].u_tie_io_oeb_hi0/LO
 genblk6\[1\].u_tie_io_oeb_hi0/LO
 genblk6\[2\].u_tie_io_oeb_hi0/LO
 genblk6\[3\].u_tie_io_oeb_hi0/LO
 genblk6\[4\].u_tie_io_oeb_hi0/LO
 genblk7\[10\].u_tie_io_oeb_hi1/LO
 genblk7\[11\].u_tie_io_oeb_hi1/LO
 genblk7\[12\].u_tie_io_oeb_hi1/LO
 genblk7\[13\].u_tie_io_oeb_hi1/LO
 genblk7\[14\].u_tie_io_oeb_hi1/LO
 genblk7\[15\].u_tie_io_oeb_hi1/LO
 genblk7\[16\].u_tie_io_oeb_hi1/LO
 genblk7\[17\].u_tie_io_oeb_hi1/LO
 genblk7\[18\].u_tie_io_oeb_hi1/LO
 genblk7\[19\].u_tie_io_oeb_hi1/LO
 genblk7\[20\].u_tie_io_oeb_hi1/LO
 genblk7\[5\].u_tie_io_oeb_hi1/LO
 genblk7\[6\].u_tie_io_oeb_hi1/LO
 genblk7\[7\].u_tie_io_oeb_hi1/LO
 genblk7\[8\].u_tie_io_oeb_hi1/LO
 genblk7\[9\].u_tie_io_oeb_hi1/LO
 genblk8\[21\].u_tie_io_oeb_lo2/HI
 genblk8\[22\].u_tie_io_oeb_lo2/HI
 genblk8\[23\].u_tie_io_oeb_lo2/HI
 genblk8\[24\].u_tie_io_oeb_lo2/HI
 genblk8\[25\].u_tie_io_oeb_lo2/HI
 genblk8\[26\].u_tie_io_oeb_lo2/HI
 genblk8\[27\].u_tie_io_oeb_lo2/HI
 genblk8\[28\].u_tie_io_oeb_lo2/HI
 genblk9\[29\].u_tie_io_oeb_hi3/LO
 genblk9\[30\].u_tie_io_oeb_hi3/LO
 genblk9\[31\].u_tie_io_oeb_hi3/LO
 genblk9\[32\].u_tie_io_oeb_hi3/LO
 genblk9\[33\].u_tie_io_oeb_hi3/LO
 genblk9\[34\].u_tie_io_oeb_hi3/LO
 genblk9\[35\].u_tie_io_oeb_hi3/LO
 genblk9\[36\].u_tie_io_oeb_hi3/LO
 genblk9\[37\].u_tie_io_oeb_hi3/LO
Found 0 partially unannotated drivers.

===========================================================================
max slew violation count 199
max fanout violation count 11
max cap violation count 48
============================================================================

===========================================================================
check_setup -verbose -unconstrained_endpoints -multiple_clock -no_clock -no_input_delay -loops -generated_clocks
===========================================================================
Warning: There are 68 input ports missing set_input_delay.
  analog_io[0]
  analog_io[10]
  analog_io[11]
  analog_io[12]
  analog_io[13]
  analog_io[14]
  analog_io[15]
  analog_io[16]
  analog_io[17]
  analog_io[18]
  analog_io[19]
  analog_io[1]
  analog_io[20]
  analog_io[21]
  analog_io[22]
  analog_io[23]
  analog_io[24]
  analog_io[25]
  analog_io[26]
  analog_io[27]
  analog_io[28]
  analog_io[2]
  analog_io[3]
  analog_io[4]
  analog_io[5]
  analog_io[6]
  analog_io[7]
  analog_io[8]
  analog_io[9]
  io_in[0]
  io_in[10]
  io_in[11]
  io_in[12]
  io_in[13]
  io_in[14]
  io_in[15]
  io_in[16]
  io_in[17]
  io_in[18]
  io_in[19]
  io_in[1]
  io_in[20]
  io_in[21]
  io_in[22]
  io_in[23]
  io_in[24]
  io_in[25]
  io_in[26]
  io_in[27]
  io_in[28]
  io_in[29]
  io_in[2]
  io_in[30]
  io_in[31]
  io_in[32]
  io_in[33]
  io_in[34]
  io_in[35]
  io_in[36]
  io_in[37]
  io_in[3]
  io_in[4]
  io_in[5]
  io_in[6]
  io_in[7]
  io_in[8]
  io_in[9]
  user_clock2
Warning: There are 235 unconstrained endpoints.
  analog_io[0]
  analog_io[10]
  analog_io[11]
  analog_io[12]
  analog_io[13]
  analog_io[14]
  analog_io[15]
  analog_io[16]
  analog_io[17]
  analog_io[18]
  analog_io[19]
  analog_io[1]
  analog_io[20]
  analog_io[21]
  analog_io[22]
  analog_io[23]
  analog_io[24]
  analog_io[25]
  analog_io[26]
  analog_io[27]
  analog_io[28]
  analog_io[2]
  analog_io[3]
  analog_io[4]
  analog_io[5]
  analog_io[6]
  analog_io[7]
  analog_io[8]
  analog_io[9]
  io_oeb[0]
  io_oeb[10]
  io_oeb[11]
  io_oeb[12]
  io_oeb[13]
  io_oeb[14]
  io_oeb[15]
  io_oeb[16]
  io_oeb[17]
  io_oeb[18]
  io_oeb[19]
  io_oeb[1]
  io_oeb[20]
  io_oeb[21]
  io_oeb[22]
  io_oeb[23]
  io_oeb[24]
  io_oeb[25]
  io_oeb[26]
  io_oeb[27]
  io_oeb[28]
  io_oeb[29]
  io_oeb[2]
  io_oeb[30]
  io_oeb[31]
  io_oeb[32]
  io_oeb[33]
  io_oeb[34]
  io_oeb[35]
  io_oeb[36]
  io_oeb[37]
  io_oeb[3]
  io_oeb[4]
  io_oeb[5]
  io_oeb[6]
  io_oeb[7]
  io_oeb[8]
  io_oeb[9]
  io_out[0]
  io_out[10]
  io_out[11]
  io_out[12]
  io_out[13]
  io_out[14]
  io_out[15]
  io_out[16]
  io_out[17]
  io_out[18]
  io_out[19]
  io_out[1]
  io_out[20]
  io_out[21]
  io_out[22]
  io_out[23]
  io_out[24]
  io_out[25]
  io_out[26]
  io_out[27]
  io_out[28]
  io_out[29]
  io_out[2]
  io_out[30]
  io_out[31]
  io_out[32]
  io_out[33]
  io_out[34]
  io_out[35]
  io_out[36]
  io_out[37]
  io_out[3]
  io_out[4]
  io_out[5]
  io_out[6]
  io_out[7]
  io_out[8]
  io_out[9]
  la_data_out[0]
  la_data_out[100]
  la_data_out[101]
  la_data_out[102]
  la_data_out[103]
  la_data_out[104]
  la_data_out[105]
  la_data_out[106]
  la_data_out[107]
  la_data_out[108]
  la_data_out[109]
  la_data_out[10]
  la_data_out[110]
  la_data_out[111]
  la_data_out[112]
  la_data_out[113]
  la_data_out[114]
  la_data_out[115]
  la_data_out[116]
  la_data_out[117]
  la_data_out[118]
  la_data_out[119]
  la_data_out[11]
  la_data_out[120]
  la_data_out[121]
  la_data_out[122]
  la_data_out[123]
  la_data_out[124]
  la_data_out[125]
  la_data_out[126]
  la_data_out[127]
  la_data_out[12]
  la_data_out[13]
  la_data_out[14]
  la_data_out[15]
  la_data_out[16]
  la_data_out[17]
  la_data_out[18]
  la_data_out[19]
  la_data_out[1]
  la_data_out[20]
  la_data_out[21]
  la_data_out[22]
  la_data_out[23]
  la_data_out[24]
  la_data_out[25]
  la_data_out[26]
  la_data_out[27]
  la_data_out[28]
  la_data_out[29]
  la_data_out[2]
  la_data_out[30]
  la_data_out[31]
  la_data_out[32]
  la_data_out[33]
  la_data_out[34]
  la_data_out[35]
  la_data_out[36]
  la_data_out[37]
  la_data_out[38]
  la_data_out[39]
  la_data_out[3]
  la_data_out[40]
  la_data_out[41]
  la_data_out[42]
  la_data_out[43]
  la_data_out[44]
  la_data_out[45]
  la_data_out[46]
  la_data_out[47]
  la_data_out[48]
  la_data_out[49]
  la_data_out[4]
  la_data_out[50]
  la_data_out[51]
  la_data_out[52]
  la_data_out[53]
  la_data_out[54]
  la_data_out[55]
  la_data_out[56]
  la_data_out[57]
  la_data_out[58]
  la_data_out[59]
  la_data_out[5]
  la_data_out[60]
  la_data_out[61]
  la_data_out[62]
  la_data_out[63]
  la_data_out[64]
  la_data_out[65]
  la_data_out[66]
  la_data_out[67]
  la_data_out[68]
  la_data_out[69]
  la_data_out[6]
  la_data_out[70]
  la_data_out[71]
  la_data_out[72]
  la_data_out[73]
  la_data_out[74]
  la_data_out[75]
  la_data_out[76]
  la_data_out[77]
  la_data_out[78]
  la_data_out[79]
  la_data_out[7]
  la_data_out[80]
  la_data_out[81]
  la_data_out[82]
  la_data_out[83]
  la_data_out[84]
  la_data_out[85]
  la_data_out[86]
  la_data_out[87]
  la_data_out[88]
  la_data_out[89]
  la_data_out[8]
  la_data_out[90]
  la_data_out[91]
  la_data_out[92]
  la_data_out[93]
  la_data_out[94]
  la_data_out[95]
  la_data_out[96]
  la_data_out[97]
  la_data_out[98]
  la_data_out[99]
  la_data_out[9]
  user_irq[1]
  user_irq[2]
