Clock: wb_clk_i
Sources: wb_clk_i 
Generated: no
Virtual: yes
Propagated: no
Period: 25.000000

===========================================================================
report_clock_properties
============================================================================
Clock                   Period          Waveform
----------------------------------------------------
wb_clk_i             25.000000    0.000000 12.500000

===========================================================================
report_clock_latency
============================================================================
Clock wb_clk_i
rise -> rise
    min     max
0.000000 0.000000 source latency
1.223298         network latency u_secure_boot_cp/wb_clk_i
        1.223298 network latency u_secure_boot_cp/wb_clk_i
---------------
1.223298 1.223298 latency
        0.000000 skew

fall -> fall
    min     max
0.000000 0.000000 source latency
0.729966         network latency u_secure_boot_cp/wb_clk_i
        0.729966 network latency u_secure_boot_cp/wb_clk_i
---------------
0.729966 0.729966 latency
        0.000000 skew



===========================================================================
report_clock_min_period
============================================================================
wb_clk_i period_min = 0.00 fmax = inf
