
===========================================================================
 report_power
============================================================================
======================= nom_tt_025C_1v80 Corner ===================================

Group                    Internal    Switching      Leakage        Total
                            Power        Power        Power        Power (Watts)
------------------------------------------------------------------------
Sequential           1.585988e-04 9.421576e-06 9.959484e-10 1.680213e-04  77.5%
Combinational        8.602491e-06 4.011291e-05 1.895045e-09 4.871730e-05  22.5%
Clock                0.000000e+00 0.000000e+00 8.333459e-09 8.333459e-09   0.0%
Macro                0.000000e+00 0.000000e+00 0.000000e+00 0.000000e+00   0.0%
Pad                  0.000000e+00 0.000000e+00 0.000000e+00 0.000000e+00   0.0%
------------------------------------------------------------------------
Total                1.672013e-04 4.953450e-05 1.122449e-08 2.167470e-04 100.0%
                            77.1%        22.9%         0.0%

