Clock: clk
Sources: clk 
Generated: no
Virtual: yes
Propagated: no
Period: 40.000000

===========================================================================
report_clock_properties
============================================================================
Clock                   Period          Waveform
----------------------------------------------------
clk                  40.000000    0.000000 20.000000

===========================================================================
report_clock_latency
============================================================================
Clock clk
rise -> rise
    min     max
0.000000 0.000000 source latency
2.720615         network latency _52870_/CLK
        3.220507 network latency _54413_/CLK
---------------
2.720615 3.220507 latency
        0.499892 skew

fall -> fall
    min     max
0.000000 0.000000 source latency
2.151149         network latency _52870_/CLK
        2.593003 network latency _54413_/CLK
---------------
2.151149 2.593003 latency
        0.441855 skew



===========================================================================
report_clock_min_period
============================================================================
clk period_min = 19.14 fmax = 52.24
