
===========================================================================
 report_power
============================================================================
======================= nom_ss_100C_1v60 Corner ===================================

Group                    Internal    Switching      Leakage        Total
                            Power        Power        Power        Power (Watts)
------------------------------------------------------------------------
Sequential           2.593776e-03 3.649722e-04 5.558964e-05 3.014338e-03   5.5%
Combinational        1.786371e-02 3.146111e-02 1.480992e-04 4.947292e-02  90.0%
Clock                1.248745e-03 1.229300e-03 8.102633e-06 2.486148e-03   4.5%
Macro                0.000000e+00 0.000000e+00 0.000000e+00 0.000000e+00   0.0%
Pad                  0.000000e+00 0.000000e+00 0.000000e+00 0.000000e+00   0.0%
------------------------------------------------------------------------
Total                2.170594e-02 3.305545e-02 2.117893e-04 5.497319e-02 100.0%
                            39.5%        60.1%         0.4%

