
===========================================================================
report_checks -unconstrained
===========================================================================
======================= min_ss_100C_1v60 Corner ===================================

Startpoint: wb_rst_i (input port clocked by clk)
Endpoint: _705_ (recovery check against rising-edge clock clk)
Path Group: asynchronous
Path Type: max

Fanout         Cap        Slew       Delay        Time   Description
---------------------------------------------------------------------------------------------
                                  0.000000    0.000000   clock clk (rise edge)
                                  5.570000    5.570000   clock network delay (propagated)
                                 12.500000   18.070000 v input external delay
    60    0.317136    0.000000    0.000000   18.070000 v wb_rst_i (in)
                                                         wb_rst_i (net)
                      0.073117    0.036557   18.106556 v _350_/A (sky130_fd_sc_hd__clkinv_1)
     6    0.039038    0.346745    0.288102   18.394659 ^ _350_/Y (sky130_fd_sc_hd__clkinv_1)
                                                         _038_ (net)
                      0.346745    0.000313   18.394972 ^ _705_/RESET_B (sky130_fd_sc_hd__dfrtp_1)
                                             18.394972   data arrival time

                                 25.000000   25.000000   clock clk (rise edge)
                                  4.650000   29.650000   clock source latency
    95    0.362472    0.610000    0.000000   29.650000 ^ wb_clk_i (in)
                                                         wb_clk_i (net)
                      0.704031    0.047017   29.697016 ^ _705_/CLK (sky130_fd_sc_hd__dfrtp_1)
                                 -0.250000   29.447016   clock uncertainty
                                  0.000000   29.447016   clock reconvergence pessimism
                                  0.575531   30.022549   library recovery time
                                             30.022549   data required time
---------------------------------------------------------------------------------------------
                                             30.022549   data required time
                                            -18.394972   data arrival time
---------------------------------------------------------------------------------------------
                                             11.627578   slack (MET)


Startpoint: wb_rst_i (input port clocked by clk)
Endpoint: _714_ (rising edge-triggered flip-flop clocked by clk)
Path Group: clk
Path Type: max

Fanout         Cap        Slew       Delay        Time   Description
---------------------------------------------------------------------------------------------
                                  0.000000    0.000000   clock clk (rise edge)
                                  5.570000    5.570000   clock network delay (propagated)
                                 12.500000   18.070000 v input external delay
    60    0.317136    0.000000    0.000000   18.070000 v wb_rst_i (in)
                                                         wb_rst_i (net)
                      0.116425    0.058213   18.128212 v _530_/B1 (sky130_fd_sc_hd__a21oi_1)
     1    0.005791    0.255701    0.271816   18.400028 ^ _530_/Y (sky130_fd_sc_hd__a21oi_1)
                                                         _263_ (net)
                      0.255701    0.000115   18.400145 ^ _535_/B (sky130_fd_sc_hd__nand3_1)
    16    0.073571    1.714415    1.419368   19.819511 v _535_/Y (sky130_fd_sc_hd__nand3_1)
                                                         _268_ (net)
                      1.714415    0.002059   19.821571 v _567_/C1 (sky130_fd_sc_hd__a211oi_1)
     1    0.002489    0.510848    0.786525   20.608095 ^ _567_/Y (sky130_fd_sc_hd__a211oi_1)
                                                         _100_ (net)
                      0.510848    0.000027   20.608122 ^ hold70/A (sky130_fd_sc_hd__dlygate4sd3_1)
     1    0.002250    0.085675    1.185082   21.793203 ^ hold70/X (sky130_fd_sc_hd__dlygate4sd3_1)
                                                         net70 (net)
                      0.085675    0.000025   21.793230 ^ _714_/D (sky130_fd_sc_hd__dfxtp_1)
                                             21.793230   data arrival time

                                 25.000000   25.000000   clock clk (rise edge)
                                  4.650000   29.650000   clock source latency
    95    0.362472    0.610000    0.000000   29.650000 ^ wb_clk_i (in)
                                                         wb_clk_i (net)
                      0.727883    0.058941   29.708941 ^ _714_/CLK (sky130_fd_sc_hd__dfxtp_1)
                                 -0.250000   29.458941   clock uncertainty
                                  0.000000   29.458941   clock reconvergence pessimism
                                 -0.021180   29.437761   library setup time
                                             29.437761   data required time
---------------------------------------------------------------------------------------------
                                             29.437761   data required time
                                            -21.793230   data arrival time
---------------------------------------------------------------------------------------------
                                              7.644532   slack (MET)




===========================================================================
report_checks --slack_max -0.01
============================================================================
======================= min_ss_100C_1v60 Corner ===================================

No paths found.


===========================================================================
 report_check_types -max_slew -max_cap -max_fanout -violators
============================================================================
======================= min_ss_100C_1v60 Corner ===================================

max slew

Pin                                        Limit        Slew       Slack
------------------------------------------------------------------------
_480_/C1                                1.500000   21.271893  -19.771893 (VIOLATED)
_479_/Y                                 1.472616   21.226572  -19.753956 (VIOLATED)
io_out[24]                              1.500000   10.814987   -9.314987 (VIOLATED)
_793_/X                                 1.500000   10.610238   -9.110238 (VIOLATED)
io_out[26]                              1.500000   10.358239   -8.858239 (VIOLATED)
_795_/X                                 1.500000   10.205064   -8.705064 (VIOLATED)
io_out[27]                              1.500000    8.487896   -6.987896 (VIOLATED)
_796_/X                                 1.500000    8.407468   -6.907468 (VIOLATED)
user_irq[0]                             1.500000    8.039594   -6.539594 (VIOLATED)
_798_/X                                 1.500000    7.962051   -6.462050 (VIOLATED)
io_out[28]                              1.500000    7.636105   -6.136104 (VIOLATED)
_797_/X                                 1.500000    7.580414   -6.080414 (VIOLATED)
_790_/A                                 1.500000    5.727628   -4.227628 (VIOLATED)
_791_/A                                 1.500000    5.727625   -4.227625 (VIOLATED)
_368_/X                                 1.495678    5.670479   -4.174801 (VIOLATED)
_493_/B                                 1.500000    5.670617   -4.170617 (VIOLATED)
_504_/A2                                1.500000    5.670609   -4.170609 (VIOLATED)
_511_/B                                 1.500000    5.670593   -4.170594 (VIOLATED)
_513_/B                                 1.500000    5.670593   -4.170594 (VIOLATED)
_460_/A2                                1.500000    5.670513   -4.170513 (VIOLATED)
_464_/A1                                1.500000    5.670514   -4.170514 (VIOLATED)
_521_/A1                                1.500000    5.670513   -4.170513 (VIOLATED)
_587_/A                                 1.500000    5.670514   -4.170514 (VIOLATED)
_596_/A                                 1.500000    5.670513   -4.170513 (VIOLATED)
_482_/A_N                               1.500000    5.670490   -4.170491 (VIOLATED)
_416_/A1                                1.500000    5.670479   -4.170479 (VIOLATED)
_792_/A                                 1.500000    5.146955   -3.646955 (VIOLATED)
_794_/A                                 1.500000    5.145245   -3.645244 (VIOLATED)
_356_/X                                 1.497275    5.075117   -3.577842 (VIOLATED)
_357_/B                                 1.500000    5.075614   -3.575614 (VIOLATED)
_402_/B                                 1.500000    5.075283   -3.575283 (VIOLATED)
io_out[21]                              1.500000    4.247337   -2.747337 (VIOLATED)
_790_/X                                 1.500000    4.246248   -2.746248 (VIOLATED)
_465_/A                                 1.500000    3.926813   -2.426813 (VIOLATED)
_585_/B                                 1.500000    3.926807   -2.426807 (VIOLATED)
_590_/A1                                1.500000    3.926790   -2.426791 (VIOLATED)
_593_/B                                 1.500000    3.926644   -2.426644 (VIOLATED)
_376_/Y                                 1.486174    3.590981   -2.104807 (VIOLATED)
_435_/C                                 1.500000    3.591163   -2.091163 (VIOLATED)
_436_/C                                 1.500000    3.591163   -2.091163 (VIOLATED)
_437_/C                                 1.500000    3.591162   -2.091162 (VIOLATED)
_438_/C                                 1.500000    3.591161   -2.091161 (VIOLATED)
_439_/C                                 1.500000    3.591162   -2.091162 (VIOLATED)
_434_/C                                 1.500000    3.591157   -2.091157 (VIOLATED)
_433_/C                                 1.500000    3.591154   -2.091154 (VIOLATED)
_431_/C                                 1.500000    3.591150   -2.091150 (VIOLATED)
_432_/C                                 1.500000    3.591148   -2.091148 (VIOLATED)
_430_/C                                 1.500000    3.591139   -2.091139 (VIOLATED)
_429_/C                                 1.500000    3.591134   -2.091135 (VIOLATED)
_428_/C                                 1.500000    3.591124   -2.091124 (VIOLATED)
_427_/C                                 1.500000    3.591117   -2.091117 (VIOLATED)
_426_/C                                 1.500000    3.591106   -2.091106 (VIOLATED)
_425_/C                                 1.500000    3.591094   -2.091094 (VIOLATED)
_424_/C                                 1.500000    3.591085   -2.091085 (VIOLATED)
_423_/C                                 1.500000    3.591061   -2.091061 (VIOLATED)
_422_/C                                 1.500000    3.591050   -2.091050 (VIOLATED)
_420_/B1                                1.500000    3.591027   -2.091028 (VIOLATED)
_418_/B1                                1.500000    3.591023   -2.091023 (VIOLATED)
_416_/B1                                1.500000    3.591012   -2.091012 (VIOLATED)
_414_/A2                                1.500000    3.591004   -2.091005 (VIOLATED)
_393_/B                                 1.500000    3.590994   -2.090994 (VIOLATED)
_397_/A2                                1.500000    3.590991   -2.090991 (VIOLATED)
_400_/A2                                1.500000    3.590991   -2.090991 (VIOLATED)
_377_/B                                 1.500000    3.590985   -2.090985 (VIOLATED)
_384_/B                                 1.500000    3.590985   -2.090985 (VIOLATED)
_387_/B                                 1.500000    3.590985   -2.090985 (VIOLATED)
_382_/A2                                1.500000    3.590981   -2.090981 (VIOLATED)
io_out[23]                              1.500000    3.489120   -1.989120 (VIOLATED)
_792_/X                                 1.500000    3.489120   -1.989120 (VIOLATED)
io_out[25]                              1.500000    3.487754   -1.987754 (VIOLATED)
_794_/X                                 1.500000    3.487754   -1.987754 (VIOLATED)
io_out[22]                              1.500000    3.485510   -1.985510 (VIOLATED)
_791_/X                                 1.500000    3.485510   -1.985510 (VIOLATED)
_584_/A                                 1.500000    3.223967   -1.723967 (VIOLATED)
_474_/A2                                1.500000    3.223964   -1.723964 (VIOLATED)
_593_/A                                 1.500000    3.223903   -1.723903 (VIOLATED)
_452_/B                                 1.500000    3.223835   -1.723835 (VIOLATED)
_369_/Y                                 1.485998    3.174306   -1.688308 (VIOLATED)
_471_/B                                 1.500000    3.174306   -1.674306 (VIOLATED)
_500_/B1                                1.500000    3.174306   -1.674306 (VIOLATED)
_505_/A                                 1.500000    3.174306   -1.674306 (VIOLATED)
_512_/A                                 1.500000    3.174306   -1.674306 (VIOLATED)
_515_/A1                                1.500000    3.174306   -1.674306 (VIOLATED)
_523_/A1                                1.500000    3.174306   -1.674306 (VIOLATED)
_526_/B                                 1.500000    3.174306   -1.674306 (VIOLATED)
_592_/A2                                1.500000    3.174306   -1.674306 (VIOLATED)
_795_/A                                 1.500000    3.174306   -1.674306 (VIOLATED)
_461_/A                                 1.500000    3.114326   -1.614326 (VIOLATED)
_462_/B                                 1.500000    3.114266   -1.614266 (VIOLATED)
_480_/Y                                 1.481823    3.094623   -1.612800 (VIOLATED)
_481_/A4                                1.500000    3.094623   -1.594623 (VIOLATED)
_600_/C                                 1.500000    3.094623   -1.594623 (VIOLATED)
wbs_dat_o[31]                           1.500000    2.809653   -1.309653 (VIOLATED)
_788_/Q                                 1.500000    2.809390   -1.309390 (VIOLATED)
wbs_dat_o[29]                           1.500000    2.745863   -1.245863 (VIOLATED)
_786_/Q                                 1.500000    2.745067   -1.245067 (VIOLATED)
wbs_dat_o[30]                           1.500000    2.735194   -1.235194 (VIOLATED)
_787_/Q                                 1.500000    2.734400   -1.234400 (VIOLATED)
_373_/Y                                 1.478512    2.711000   -1.232488 (VIOLATED)
_435_/B                                 1.500000    2.711137   -1.211137 (VIOLATED)
_436_/B                                 1.500000    2.711137   -1.211137 (VIOLATED)
_437_/B                                 1.500000    2.711136   -1.211136 (VIOLATED)
_439_/B                                 1.500000    2.711136   -1.211136 (VIOLATED)
_438_/B                                 1.500000    2.711134   -1.211134 (VIOLATED)
_434_/B                                 1.500000    2.711131   -1.211131 (VIOLATED)
_431_/B                                 1.500000    2.711127   -1.211127 (VIOLATED)
_432_/B                                 1.500000    2.711128   -1.211128 (VIOLATED)
_433_/B                                 1.500000    2.711128   -1.211128 (VIOLATED)
_430_/B                                 1.500000    2.711122   -1.211122 (VIOLATED)
_429_/B                                 1.500000    2.711118   -1.211118 (VIOLATED)
_428_/B                                 1.500000    2.711108   -1.211109 (VIOLATED)
_427_/B                                 1.500000    2.711102   -1.211102 (VIOLATED)
_426_/B                                 1.500000    2.711092   -1.211092 (VIOLATED)
_425_/B                                 1.500000    2.711079   -1.211079 (VIOLATED)
_424_/B                                 1.500000    2.711069   -1.211069 (VIOLATED)
_423_/B                                 1.500000    2.711048   -1.211048 (VIOLATED)
_422_/B                                 1.500000    2.711042   -1.211042 (VIOLATED)
_410_/B1                                1.500000    2.711008   -1.211008 (VIOLATED)
_404_/B1                                1.500000    2.711005   -1.211005 (VIOLATED)
_392_/B1                                1.500000    2.711000   -1.211000 (VIOLATED)
wbs_dat_o[28]                           1.500000    2.708043   -1.208043 (VIOLATED)
_785_/Q                                 1.500000    2.707227   -1.207227 (VIOLATED)
wbs_dat_o[27]                           1.500000    2.668084   -1.168085 (VIOLATED)
_784_/Q                                 1.500000    2.667341   -1.167341 (VIOLATED)
wbs_dat_o[26]                           1.500000    2.629059   -1.129059 (VIOLATED)
_783_/Q                                 1.500000    2.629044   -1.129044 (VIOLATED)
wbs_dat_o[24]                           1.500000    2.602751   -1.102751 (VIOLATED)
_781_/Q                                 1.500000    2.602751   -1.102751 (VIOLATED)
wbs_dat_o[3]                            1.500000    2.602244   -1.102244 (VIOLATED)
_760_/Q                                 1.500000    2.602244   -1.102244 (VIOLATED)
wbs_dat_o[0]                            1.500000    2.594806   -1.094807 (VIOLATED)
_757_/Q                                 1.500000    2.594806   -1.094807 (VIOLATED)
wbs_ack_o                               1.500000    2.590558   -1.090558 (VIOLATED)
_371_/A_N                               1.500000    2.590558   -1.090558 (VIOLATED)
_755_/Q                                 1.500000    2.590558   -1.090558 (VIOLATED)
wbs_dat_o[23]                           1.500000    2.589182   -1.089182 (VIOLATED)
_780_/Q                                 1.500000    2.589182   -1.089182 (VIOLATED)
wbs_dat_o[2]                            1.500000    2.583196   -1.083196 (VIOLATED)
_759_/Q                                 1.500000    2.583196   -1.083196 (VIOLATED)
wbs_dat_o[25]                           1.500000    2.568720   -1.068720 (VIOLATED)
_782_/Q                                 1.500000    2.568720   -1.068720 (VIOLATED)
wbs_dat_o[15]                           1.500000    2.564564   -1.064564 (VIOLATED)
_772_/Q                                 1.500000    2.564564   -1.064564 (VIOLATED)
wbs_dat_o[6]                            1.500000    2.563564   -1.063564 (VIOLATED)
_763_/Q                                 1.500000    2.563564   -1.063564 (VIOLATED)
wbs_dat_o[22]                           1.500000    2.562046   -1.062046 (VIOLATED)
_779_/Q                                 1.500000    2.562046   -1.062046 (VIOLATED)
wbs_dat_o[11]                           1.500000    2.561653   -1.061653 (VIOLATED)
_768_/Q                                 1.500000    2.561653   -1.061653 (VIOLATED)
wbs_dat_o[10]                           1.500000    2.559890   -1.059890 (VIOLATED)
_767_/Q                                 1.500000    2.559890   -1.059890 (VIOLATED)
wbs_dat_o[7]                            1.500000    2.558857   -1.058857 (VIOLATED)
_764_/Q                                 1.500000    2.558857   -1.058857 (VIOLATED)
wbs_dat_o[9]                            1.500000    2.558842   -1.058842 (VIOLATED)
_766_/Q                                 1.500000    2.558842   -1.058842 (VIOLATED)
wbs_dat_o[20]                           1.500000    2.558718   -1.058718 (VIOLATED)
_777_/Q                                 1.500000    2.558718   -1.058718 (VIOLATED)
wbs_dat_o[8]                            1.500000    2.558698   -1.058699 (VIOLATED)
_765_/Q                                 1.500000    2.558698   -1.058699 (VIOLATED)
wbs_dat_o[21]                           1.500000    2.557368   -1.057368 (VIOLATED)
_778_/Q                                 1.500000    2.557368   -1.057368 (VIOLATED)
wbs_dat_o[18]                           1.500000    2.556346   -1.056346 (VIOLATED)
_775_/Q                                 1.500000    2.556346   -1.056346 (VIOLATED)
wbs_dat_o[14]                           1.500000    2.556324   -1.056324 (VIOLATED)
_771_/Q                                 1.500000    2.556324   -1.056324 (VIOLATED)
wbs_dat_o[16]                           1.500000    2.556271   -1.056271 (VIOLATED)
_773_/Q                                 1.500000    2.556271   -1.056271 (VIOLATED)
wbs_dat_o[17]                           1.500000    2.555498   -1.055498 (VIOLATED)
_774_/Q                                 1.500000    2.555498   -1.055498 (VIOLATED)
wbs_dat_o[13]                           1.500000    2.554856   -1.054856 (VIOLATED)
_770_/Q                                 1.500000    2.554856   -1.054856 (VIOLATED)
wbs_dat_o[1]                            1.500000    2.554702   -1.054702 (VIOLATED)
_758_/Q                                 1.500000    2.554702   -1.054702 (VIOLATED)
wbs_dat_o[4]                            1.500000    2.553798   -1.053798 (VIOLATED)
_761_/Q                                 1.500000    2.553798   -1.053798 (VIOLATED)
wbs_dat_o[5]                            1.500000    2.553548   -1.053548 (VIOLATED)
_762_/Q                                 1.500000    2.553548   -1.053548 (VIOLATED)
wbs_dat_o[12]                           1.500000    2.552560   -1.052560 (VIOLATED)
_769_/Q                                 1.500000    2.552560   -1.052560 (VIOLATED)
wbs_dat_o[19]                           1.500000    2.552540   -1.052540 (VIOLATED)
_776_/Q                                 1.500000    2.552540   -1.052540 (VIOLATED)
_513_/A                                 1.500000    2.352861   -0.852861 (VIOLATED)
_511_/A                                 1.500000    2.352843   -0.852843 (VIOLATED)
_493_/A                                 1.500000    2.352823   -0.852823 (VIOLATED)
_504_/A1                                1.500000    2.352759   -0.852759 (VIOLATED)
_461_/B                                 1.500000    2.336735   -0.836735 (VIOLATED)
_462_/C                                 1.500000    2.336672   -0.836672 (VIOLATED)
_500_/A2                                1.500000    2.307207   -0.807207 (VIOLATED)
_499_/B                                 1.500000    2.307140   -0.807140 (VIOLATED)
_522_/B1_N                              1.500000    2.307058   -0.807058 (VIOLATED)
_524_/B                                 1.500000    2.307003   -0.807003 (VIOLATED)
_353_/Y                                 1.485998    2.224010   -0.738012 (VIOLATED)
_356_/A                                 1.500000    2.224010   -0.724010 (VIOLATED)
_418_/A1                                1.500000    2.224010   -0.724010 (VIOLATED)
_464_/B1                                1.500000    2.224010   -0.724010 (VIOLATED)
_483_/B                                 1.500000    2.224010   -0.724010 (VIOLATED)
_590_/B1                                1.500000    2.224010   -0.724010 (VIOLATED)
_597_/A1                                1.500000    2.224010   -0.724010 (VIOLATED)
_471_/A                                 1.500000    2.139042   -0.639042 (VIOLATED)
_592_/A1                                1.500000    2.139010   -0.639010 (VIOLATED)
_543_/Y                                 1.487502    2.043091   -0.555589 (VIOLATED)
_548_/A2                                1.500000    2.043103   -0.543102 (VIOLATED)
_550_/A1                                1.500000    2.043103   -0.543102 (VIOLATED)
_555_/A1                                1.500000    2.043102   -0.543102 (VIOLATED)
_557_/A1                                1.500000    2.043100   -0.543100 (VIOLATED)
_571_/A1                                1.500000    2.043100   -0.543100 (VIOLATED)
_573_/A1                                1.500000    2.043100   -0.543100 (VIOLATED)
_553_/A1                                1.500000    2.043099   -0.543099 (VIOLATED)
_559_/B1                                1.500000    2.043099   -0.543099 (VIOLATED)
_562_/A1                                1.500000    2.043097   -0.543097 (VIOLATED)
_569_/A1                                1.500000    2.043094   -0.543094 (VIOLATED)
_567_/A1                                1.500000    2.043093   -0.543093 (VIOLATED)
_564_/A1                                1.500000    2.043091   -0.543091 (VIOLATED)
_575_/A1                                1.500000    2.043091   -0.543091 (VIOLATED)
_577_/A1                                1.500000    2.043091   -0.543091 (VIOLATED)
_535_/Y                                 1.487656    1.714415   -0.226759 (VIOLATED)
_548_/B1                                1.500000    1.714415   -0.214415 (VIOLATED)
_550_/B1                                1.500000    1.714415   -0.214415 (VIOLATED)
_553_/B1                                1.500000    1.714415   -0.214415 (VIOLATED)
_555_/B1                                1.500000    1.714415   -0.214415 (VIOLATED)
_557_/B1                                1.500000    1.714415   -0.214415 (VIOLATED)
_560_/A                                 1.500000    1.714415   -0.214415 (VIOLATED)
_562_/B1                                1.500000    1.714415   -0.214415 (VIOLATED)
_564_/B1                                1.500000    1.714415   -0.214415 (VIOLATED)
_567_/C1                                1.500000    1.714415   -0.214415 (VIOLATED)
_569_/B1                                1.500000    1.714415   -0.214415 (VIOLATED)
_571_/B1                                1.500000    1.714415   -0.214415 (VIOLATED)
_573_/B1                                1.500000    1.714415   -0.214415 (VIOLATED)
_575_/B1                                1.500000    1.714415   -0.214415 (VIOLATED)
_577_/B1                                1.500000    1.714415   -0.214415 (VIOLATED)
_580_/A                                 1.500000    1.714415   -0.214415 (VIOLATED)
_581_/B1                                1.500000    1.714415   -0.214415 (VIOLATED)
_460_/B1                                1.500000    1.685866   -0.185867 (VIOLATED)
_500_/A1                                1.500000    1.685658   -0.185658 (VIOLATED)
_499_/A                                 1.500000    1.685601   -0.185601 (VIOLATED)
_611_/Y                                 1.487656    1.625731   -0.138075 (VIOLATED)
_652_/A                                 1.500000    1.625767   -0.125767 (VIOLATED)
_642_/A                                 1.500000    1.625767   -0.125767 (VIOLATED)
_645_/A                                 1.500000    1.625767   -0.125767 (VIOLATED)
_649_/C1                                1.500000    1.625766   -0.125766 (VIOLATED)
_647_/A                                 1.500000    1.625766   -0.125766 (VIOLATED)
_640_/A                                 1.500000    1.625763   -0.125763 (VIOLATED)
_637_/A                                 1.500000    1.625762   -0.125762 (VIOLATED)
_634_/A                                 1.500000    1.625757   -0.125757 (VIOLATED)
_631_/A                                 1.500000    1.625754   -0.125754 (VIOLATED)
_625_/A                                 1.500000    1.625751   -0.125751 (VIOLATED)
_628_/A                                 1.500000    1.625751   -0.125751 (VIOLATED)
_623_/A                                 1.500000    1.625750   -0.125751 (VIOLATED)
_620_/A                                 1.500000    1.625747   -0.125747 (VIOLATED)
_617_/A                                 1.500000    1.625740   -0.125740 (VIOLATED)
_612_/B                                 1.500000    1.625734   -0.125734 (VIOLATED)
_614_/A                                 1.500000    1.625731   -0.125732 (VIOLATED)
_485_/Y                                 1.485998    1.588180   -0.102182 (VIOLATED)
_494_/A2                                1.500000    1.588180   -0.088180 (VIOLATED)
_495_/B1                                1.500000    1.588180   -0.088180 (VIOLATED)
_505_/C                                 1.500000    1.588180   -0.088180 (VIOLATED)
_511_/C                                 1.500000    1.588180   -0.088180 (VIOLATED)
_515_/A2                                1.500000    1.588180   -0.088180 (VIOLATED)
_517_/B                                 1.500000    1.562783   -0.062783 (VIOLATED)

max fanout

Pin                                   Limit Fanout  Slack
---------------------------------------------------------
wb_clk_i                                 10     95    -85 (VIOLATED)
wb_rst_i                                 10     60    -50 (VIOLATED)
_376_/Y                                  10     29    -19 (VIOLATED)
_373_/Y                                  10     21    -11 (VIOLATED)
_535_/Y                                  10     16     -6 (VIOLATED)
_611_/Y                                  10     16     -6 (VIOLATED)
_543_/Y                                  10     14     -4 (VIOLATED)
_368_/X                                  10     13     -3 (VIOLATED)
_375_/Y                                  10     12     -2 (VIOLATED)
_374_/X                                  10     11        (VIOLATED)
hold1/X                                  10     11        (VIOLATED)

max capacitance

Pin                                        Limit         Cap       Slack
------------------------------------------------------------------------
_793_/X                                 0.081492    0.577141   -0.495649 (VIOLATED)
_795_/X                                 0.081492    0.554981   -0.473489 (VIOLATED)
_479_/Y                                 0.029307    0.460353   -0.431046 (VIOLATED)
_796_/X                                 0.081492    0.459715   -0.378223 (VIOLATED)
_798_/X                                 0.081492    0.432650   -0.351158 (VIOLATED)
_797_/X                                 0.081492    0.412373   -0.330881 (VIOLATED)
_368_/X                                 0.100718    0.387890   -0.287172 (VIOLATED)
_356_/X                                 0.103465    0.355268   -0.251803 (VIOLATED)
_790_/X                                 0.081492    0.233354   -0.151862 (VIOLATED)
_792_/X                                 0.081492    0.191699   -0.110207 (VIOLATED)
_794_/X                                 0.081492    0.191644   -0.110152 (VIOLATED)
_791_/X                                 0.081492    0.191608   -0.110116 (VIOLATED)
_788_/Q                                 0.111704    0.210723   -0.099019 (VIOLATED)
_786_/Q                                 0.111704    0.205989   -0.094285 (VIOLATED)
_787_/Q                                 0.111704    0.205181   -0.093477 (VIOLATED)
_785_/Q                                 0.111704    0.203105   -0.091401 (VIOLATED)
_784_/Q                                 0.111704    0.200136   -0.088432 (VIOLATED)
_783_/Q                                 0.111704    0.197309   -0.085605 (VIOLATED)
_781_/Q                                 0.111704    0.195368   -0.083664 (VIOLATED)
_760_/Q                                 0.111704    0.195323   -0.083619 (VIOLATED)
_757_/Q                                 0.111704    0.194758   -0.083054 (VIOLATED)
_755_/Q                                 0.111704    0.194512   -0.082808 (VIOLATED)
_780_/Q                                 0.111704    0.194361   -0.082657 (VIOLATED)
_759_/Q                                 0.111704    0.193903   -0.082199 (VIOLATED)
_782_/Q                                 0.111704    0.192861   -0.081157 (VIOLATED)
_772_/Q                                 0.111704    0.192538   -0.080834 (VIOLATED)
_763_/Q                                 0.111704    0.192469   -0.080765 (VIOLATED)
_779_/Q                                 0.111704    0.192345   -0.080640 (VIOLATED)
_768_/Q                                 0.111704    0.192326   -0.080622 (VIOLATED)
_767_/Q                                 0.111704    0.192193   -0.080489 (VIOLATED)
_764_/Q                                 0.111704    0.192118   -0.080414 (VIOLATED)
_766_/Q                                 0.111704    0.192117   -0.080413 (VIOLATED)
_777_/Q                                 0.111704    0.192111   -0.080407 (VIOLATED)
_765_/Q                                 0.111704    0.192108   -0.080404 (VIOLATED)
_778_/Q                                 0.111704    0.192013   -0.080309 (VIOLATED)
_775_/Q                                 0.111704    0.191937   -0.080233 (VIOLATED)
_771_/Q                                 0.111704    0.191934   -0.080230 (VIOLATED)
_773_/Q                                 0.111704    0.191929   -0.080225 (VIOLATED)
_774_/Q                                 0.111704    0.191871   -0.080167 (VIOLATED)
_770_/Q                                 0.111704    0.191823   -0.080119 (VIOLATED)
_758_/Q                                 0.111704    0.191808   -0.080104 (VIOLATED)
_761_/Q                                 0.111704    0.191745   -0.080041 (VIOLATED)
_762_/Q                                 0.111704    0.191725   -0.080021 (VIOLATED)
_769_/Q                                 0.111704    0.191652   -0.079948 (VIOLATED)
_776_/Q                                 0.111704    0.191652   -0.079948 (VIOLATED)
_376_/Y                                 0.048533    0.120852   -0.072319 (VIOLATED)
_373_/Y                                 0.050364    0.095126   -0.044762 (VIOLATED)
_369_/Y                                 0.018321    0.043683   -0.025362 (VIOLATED)
_543_/Y                                 0.048533    0.069931   -0.021398 (VIOLATED)
_535_/Y                                 0.063181    0.077571   -0.014390 (VIOLATED)
_353_/Y                                 0.018321    0.029407   -0.011086 (VIOLATED)
_611_/Y                                 0.063181    0.072623   -0.009442 (VIOLATED)
_485_/Y                                 0.018321    0.020092   -0.001771 (VIOLATED)



===========================================================================
report_parasitic_annotation -report_unannotated
============================================================================
Found 568 unannotated drivers.
 analog_io[0]
 analog_io[10]
 analog_io[11]
 analog_io[12]
 analog_io[13]
 analog_io[14]
 analog_io[15]
 analog_io[16]
 analog_io[17]
 analog_io[18]
 analog_io[19]
 analog_io[1]
 analog_io[20]
 analog_io[21]
 analog_io[22]
 analog_io[23]
 analog_io[24]
 analog_io[25]
 analog_io[26]
 analog_io[27]
 analog_io[28]
 analog_io[2]
 analog_io[3]
 analog_io[4]
 analog_io[5]
 analog_io[6]
 analog_io[7]
 analog_io[8]
 analog_io[9]
 io_in[0]
 io_in[1]
 io_in[21]
 io_in[22]
 io_in[23]
 io_in[24]
 io_in[25]
 io_in[26]
 io_in[27]
 io_in[28]
 io_in[29]
 io_in[2]
 io_in[30]
 io_in[31]
 io_in[32]
 io_in[33]
 io_in[34]
 io_in[35]
 io_in[36]
 io_in[37]
 io_in[3]
 io_in[4]
 io_in[5]
 io_in[6]
 la_data_in[0]
 la_data_in[100]
 la_data_in[101]
 la_data_in[102]
 la_data_in[103]
 la_data_in[104]
 la_data_in[105]
 la_data_in[106]
 la_data_in[107]
 la_data_in[108]
 la_data_in[109]
 la_data_in[10]
 la_data_in[110]
 la_data_in[111]
 la_data_in[112]
 la_data_in[113]
 la_data_in[114]
 la_data_in[115]
 la_data_in[116]
 la_data_in[117]
 la_data_in[118]
 la_data_in[119]
 la_data_in[11]
 la_data_in[120]
 la_data_in[121]
 la_data_in[122]
 la_data_in[123]
 la_data_in[124]
 la_data_in[125]
 la_data_in[126]
 la_data_in[127]
 la_data_in[12]
 la_data_in[13]
 la_data_in[14]
 la_data_in[15]
 la_data_in[16]
 la_data_in[17]
 la_data_in[18]
 la_data_in[19]
 la_data_in[1]
 la_data_in[20]
 la_data_in[21]
 la_data_in[22]
 la_data_in[23]
 la_data_in[24]
 la_data_in[25]
 la_data_in[26]
 la_data_in[27]
 la_data_in[28]
 la_data_in[29]
 la_data_in[2]
 la_data_in[30]
 la_data_in[31]
 la_data_in[32]
 la_data_in[33]
 la_data_in[34]
 la_data_in[35]
 la_data_in[36]
 la_data_in[37]
 la_data_in[38]
 la_data_in[39]
 la_data_in[3]
 la_data_in[40]
 la_data_in[41]
 la_data_in[42]
 la_data_in[43]
 la_data_in[44]
 la_data_in[45]
 la_data_in[46]
 la_data_in[47]
 la_data_in[48]
 la_data_in[49]
 la_data_in[4]
 la_data_in[50]
 la_data_in[51]
 la_data_in[52]
 la_data_in[53]
 la_data_in[54]
 la_data_in[55]
 la_data_in[56]
 la_data_in[57]
 la_data_in[58]
 la_data_in[59]
 la_data_in[5]
 la_data_in[60]
 la_data_in[61]
 la_data_in[62]
 la_data_in[63]
 la_data_in[64]
 la_data_in[65]
 la_data_in[66]
 la_data_in[67]
 la_data_in[68]
 la_data_in[69]
 la_data_in[6]
 la_data_in[70]
 la_data_in[71]
 la_data_in[72]
 la_data_in[73]
 la_data_in[74]
 la_data_in[75]
 la_data_in[76]
 la_data_in[77]
 la_data_in[78]
 la_data_in[79]
 la_data_in[7]
 la_data_in[80]
 la_data_in[81]
 la_data_in[82]
 la_data_in[83]
 la_data_in[84]
 la_data_in[85]
 la_data_in[86]
 la_data_in[87]
 la_data_in[88]
 la_data_in[89]
 la_data_in[8]
 la_data_in[90]
 la_data_in[91]
 la_data_in[92]
 la_data_in[93]
 la_data_in[94]
 la_data_in[95]
 la_data_in[96]
 la_data_in[97]
 la_data_in[98]
 la_data_in[99]
 la_data_in[9]
 la_oenb[0]
 la_oenb[100]
 la_oenb[101]
 la_oenb[102]
 la_oenb[103]
 la_oenb[104]
 la_oenb[105]
 la_oenb[106]
 la_oenb[107]
 la_oenb[108]
 la_oenb[109]
 la_oenb[10]
 la_oenb[110]
 la_oenb[111]
 la_oenb[112]
 la_oenb[113]
 la_oenb[114]
 la_oenb[115]
 la_oenb[116]
 la_oenb[117]
 la_oenb[118]
 la_oenb[119]
 la_oenb[11]
 la_oenb[120]
 la_oenb[121]
 la_oenb[122]
 la_oenb[123]
 la_oenb[124]
 la_oenb[125]
 la_oenb[126]
 la_oenb[127]
 la_oenb[12]
 la_oenb[13]
 la_oenb[14]
 la_oenb[15]
 la_oenb[16]
 la_oenb[17]
 la_oenb[18]
 la_oenb[19]
 la_oenb[1]
 la_oenb[20]
 la_oenb[21]
 la_oenb[22]
 la_oenb[23]
 la_oenb[24]
 la_oenb[25]
 la_oenb[26]
 la_oenb[27]
 la_oenb[28]
 la_oenb[29]
 la_oenb[2]
 la_oenb[30]
 la_oenb[31]
 la_oenb[32]
 la_oenb[33]
 la_oenb[34]
 la_oenb[35]
 la_oenb[36]
 la_oenb[37]
 la_oenb[38]
 la_oenb[39]
 la_oenb[3]
 la_oenb[40]
 la_oenb[41]
 la_oenb[42]
 la_oenb[43]
 la_oenb[44]
 la_oenb[45]
 la_oenb[46]
 la_oenb[47]
 la_oenb[48]
 la_oenb[49]
 la_oenb[4]
 la_oenb[50]
 la_oenb[51]
 la_oenb[52]
 la_oenb[53]
 la_oenb[54]
 la_oenb[55]
 la_oenb[56]
 la_oenb[57]
 la_oenb[58]
 la_oenb[59]
 la_oenb[5]
 la_oenb[60]
 la_oenb[61]
 la_oenb[62]
 la_oenb[63]
 la_oenb[64]
 la_oenb[65]
 la_oenb[66]
 la_oenb[67]
 la_oenb[68]
 la_oenb[69]
 la_oenb[6]
 la_oenb[70]
 la_oenb[71]
 la_oenb[72]
 la_oenb[73]
 la_oenb[74]
 la_oenb[75]
 la_oenb[76]
 la_oenb[77]
 la_oenb[78]
 la_oenb[79]
 la_oenb[7]
 la_oenb[80]
 la_oenb[81]
 la_oenb[82]
 la_oenb[83]
 la_oenb[84]
 la_oenb[85]
 la_oenb[86]
 la_oenb[87]
 la_oenb[88]
 la_oenb[89]
 la_oenb[8]
 la_oenb[90]
 la_oenb[91]
 la_oenb[92]
 la_oenb[93]
 la_oenb[94]
 la_oenb[95]
 la_oenb[96]
 la_oenb[97]
 la_oenb[98]
 la_oenb[99]
 la_oenb[9]
 user_clock2
 wbs_adr_i[0]
 wbs_adr_i[10]
 wbs_adr_i[11]
 wbs_adr_i[12]
 wbs_adr_i[13]
 wbs_adr_i[14]
 wbs_adr_i[15]
 wbs_adr_i[16]
 wbs_adr_i[17]
 wbs_adr_i[18]
 wbs_adr_i[19]
 wbs_adr_i[1]
 wbs_adr_i[20]
 wbs_adr_i[21]
 wbs_adr_i[22]
 wbs_adr_i[23]
 wbs_adr_i[24]
 wbs_adr_i[25]
 wbs_adr_i[26]
 wbs_adr_i[27]
 wbs_adr_i[28]
 wbs_adr_i[29]
 wbs_adr_i[30]
 wbs_adr_i[31]
 wbs_adr_i[4]
 wbs_adr_i[5]
 wbs_adr_i[6]
 wbs_adr_i[7]
 wbs_adr_i[8]
 wbs_adr_i[9]
 wbs_dat_i[10]
 wbs_dat_i[11]
 wbs_dat_i[12]
 wbs_dat_i[13]
 wbs_dat_i[14]
 wbs_dat_i[15]
 wbs_dat_i[16]
 wbs_dat_i[17]
 wbs_dat_i[18]
 wbs_dat_i[19]
 wbs_dat_i[20]
 wbs_dat_i[21]
 wbs_dat_i[22]
 wbs_dat_i[23]
 wbs_dat_i[24]
 wbs_dat_i[25]
 wbs_dat_i[26]
 wbs_dat_i[27]
 wbs_dat_i[28]
 wbs_dat_i[29]
 wbs_dat_i[30]
 wbs_dat_i[31]
 wbs_dat_i[5]
 wbs_dat_i[6]
 wbs_dat_i[7]
 wbs_dat_i[8]
 wbs_dat_i[9]
 wbs_sel_i[1]
 wbs_sel_i[2]
 wbs_sel_i[3]
 gen_irq\[1\].u_tie_irq/HI
 gen_irq\[2\].u_tie_irq/HI
 gen_la\[0\].u_tie_la/HI
 gen_la\[100\].u_tie_la/HI
 gen_la\[101\].u_tie_la/HI
 gen_la\[102\].u_tie_la/HI
 gen_la\[103\].u_tie_la/HI
 gen_la\[104\].u_tie_la/HI
 gen_la\[105\].u_tie_la/HI
 gen_la\[106\].u_tie_la/HI
 gen_la\[107\].u_tie_la/HI
 gen_la\[108\].u_tie_la/HI
 gen_la\[109\].u_tie_la/HI
 gen_la\[10\].u_tie_la/HI
 gen_la\[110\].u_tie_la/HI
 gen_la\[111\].u_tie_la/HI
 gen_la\[112\].u_tie_la/HI
 gen_la\[113\].u_tie_la/HI
 gen_la\[114\].u_tie_la/HI
 gen_la\[115\].u_tie_la/HI
 gen_la\[116\].u_tie_la/HI
 gen_la\[117\].u_tie_la/HI
 gen_la\[118\].u_tie_la/HI
 gen_la\[119\].u_tie_la/HI
 gen_la\[11\].u_tie_la/HI
 gen_la\[120\].u_tie_la/HI
 gen_la\[121\].u_tie_la/HI
 gen_la\[122\].u_tie_la/HI
 gen_la\[123\].u_tie_la/HI
 gen_la\[124\].u_tie_la/HI
 gen_la\[125\].u_tie_la/HI
 gen_la\[126\].u_tie_la/HI
 gen_la\[127\].u_tie_la/HI
 gen_la\[12\].u_tie_la/HI
 gen_la\[13\].u_tie_la/HI
 gen_la\[14\].u_tie_la/HI
 gen_la\[15\].u_tie_la/HI
 gen_la\[16\].u_tie_la/HI
 gen_la\[17\].u_tie_la/HI
 gen_la\[18\].u_tie_la/HI
 gen_la\[19\].u_tie_la/HI
 gen_la\[1\].u_tie_la/HI
 gen_la\[20\].u_tie_la/HI
 gen_la\[21\].u_tie_la/HI
 gen_la\[22\].u_tie_la/HI
 gen_la\[23\].u_tie_la/HI
 gen_la\[24\].u_tie_la/HI
 gen_la\[25\].u_tie_la/HI
 gen_la\[26\].u_tie_la/HI
 gen_la\[27\].u_tie_la/HI
 gen_la\[28\].u_tie_la/HI
 gen_la\[29\].u_tie_la/HI
 gen_la\[2\].u_tie_la/HI
 gen_la\[30\].u_tie_la/HI
 gen_la\[31\].u_tie_la/HI
 gen_la\[32\].u_tie_la/HI
 gen_la\[33\].u_tie_la/HI
 gen_la\[34\].u_tie_la/HI
 gen_la\[35\].u_tie_la/HI
 gen_la\[36\].u_tie_la/HI
 gen_la\[37\].u_tie_la/HI
 gen_la\[38\].u_tie_la/HI
 gen_la\[39\].u_tie_la/HI
 gen_la\[3\].u_tie_la/HI
 gen_la\[40\].u_tie_la/HI
 gen_la\[41\].u_tie_la/HI
 gen_la\[42\].u_tie_la/HI
 gen_la\[43\].u_tie_la/HI
 gen_la\[44\].u_tie_la/HI
 gen_la\[45\].u_tie_la/HI
 gen_la\[46\].u_tie_la/HI
 gen_la\[47\].u_tie_la/HI
 gen_la\[48\].u_tie_la/HI
 gen_la\[49\].u_tie_la/HI
 gen_la\[4\].u_tie_la/HI
 gen_la\[50\].u_tie_la/HI
 gen_la\[51\].u_tie_la/HI
 gen_la\[52\].u_tie_la/HI
 gen_la\[53\].u_tie_la/HI
 gen_la\[54\].u_tie_la/HI
 gen_la\[55\].u_tie_la/HI
 gen_la\[56\].u_tie_la/HI
 gen_la\[57\].u_tie_la/HI
 gen_la\[58\].u_tie_la/HI
 gen_la\[59\].u_tie_la/HI
 gen_la\[5\].u_tie_la/HI
 gen_la\[60\].u_tie_la/HI
 gen_la\[61\].u_tie_la/HI
 gen_la\[62\].u_tie_la/HI
 gen_la\[63\].u_tie_la/HI
 gen_la\[64\].u_tie_la/HI
 gen_la\[65\].u_tie_la/HI
 gen_la\[66\].u_tie_la/HI
 gen_la\[67\].u_tie_la/HI
 gen_la\[68\].u_tie_la/HI
 gen_la\[69\].u_tie_la/HI
 gen_la\[6\].u_tie_la/HI
 gen_la\[70\].u_tie_la/HI
 gen_la\[71\].u_tie_la/HI
 gen_la\[72\].u_tie_la/HI
 gen_la\[73\].u_tie_la/HI
 gen_la\[74\].u_tie_la/HI
 gen_la\[75\].u_tie_la/HI
 gen_la\[76\].u_tie_la/HI
 gen_la\[77\].u_tie_la/HI
 gen_la\[78\].u_tie_la/HI
 gen_la\[79\].u_tie_la/HI
 gen_la\[7\].u_tie_la/HI
 gen_la\[80\].u_tie_la/HI
 gen_la\[81\].u_tie_la/HI
 gen_la\[82\].u_tie_la/HI
 gen_la\[83\].u_tie_la/HI
 gen_la\[84\].u_tie_la/HI
 gen_la\[85\].u_tie_la/HI
 gen_la\[86\].u_tie_la/HI
 gen_la\[87\].u_tie_la/HI
 gen_la\[88\].u_tie_la/HI
 gen_la\[89\].u_tie_la/HI
 gen_la\[8\].u_tie_la/HI
 gen_la\[90\].u_tie_la/HI
 gen_la\[91\].u_tie_la/HI
 gen_la\[92\].u_tie_la/HI
 gen_la\[93\].u_tie_la/HI
 gen_la\[94\].u_tie_la/HI
 gen_la\[95\].u_tie_la/HI
 gen_la\[96\].u_tie_la/HI
 gen_la\[97\].u_tie_la/HI
 gen_la\[98\].u_tie_la/HI
 gen_la\[99\].u_tie_la/HI
 gen_la\[9\].u_tie_la/HI
 genblk3\[0\].u_tie_io_out_low0/HI
 genblk3\[1\].u_tie_io_out_low0/HI
 genblk3\[2\].u_tie_io_out_low0/HI
 genblk3\[3\].u_tie_io_out_low0/HI
 genblk3\[4\].u_tie_io_out_low0/HI
 genblk4\[10\].u_tie_io_out_low1/HI
 genblk4\[11\].u_tie_io_out_low1/HI
 genblk4\[12\].u_tie_io_out_low1/HI
 genblk4\[13\].u_tie_io_out_low1/HI
 genblk4\[14\].u_tie_io_out_low1/HI
 genblk4\[15\].u_tie_io_out_low1/HI
 genblk4\[16\].u_tie_io_out_low1/HI
 genblk4\[17\].u_tie_io_out_low1/HI
 genblk4\[18\].u_tie_io_out_low1/HI
 genblk4\[19\].u_tie_io_out_low1/HI
 genblk4\[20\].u_tie_io_out_low1/HI
 genblk4\[5\].u_tie_io_out_low1/HI
 genblk4\[6\].u_tie_io_out_low1/HI
 genblk4\[7\].u_tie_io_out_low1/HI
 genblk4\[8\].u_tie_io_out_low1/HI
 genblk4\[9\].u_tie_io_out_low1/HI
 genblk5\[29\].u_tie_io_out_low2/HI
 genblk5\[30\].u_tie_io_out_low2/HI
 genblk5\[31\].u_tie_io_out_low2/HI
 genblk5\[32\].u_tie_io_out_low2/HI
 genblk5\[33\].u_tie_io_out_low2/HI
 genblk5\[34\].u_tie_io_out_low2/HI
 genblk5\[35\].u_tie_io_out_low2/HI
 genblk5\[36\].u_tie_io_out_low2/HI
 genblk5\[37\].u_tie_io_out_low2/HI
 genblk6\[0\].u_tie_io_oeb_hi0/LO
 genblk6\[1\].u_tie_io_oeb_hi0/LO
 genblk6\[2\].u_tie_io_oeb_hi0/LO
 genblk6\[3\].u_tie_io_oeb_hi0/LO
 genblk6\[4\].u_tie_io_oeb_hi0/LO
 genblk7\[10\].u_tie_io_oeb_hi1/LO
 genblk7\[11\].u_tie_io_oeb_hi1/LO
 genblk7\[12\].u_tie_io_oeb_hi1/LO
 genblk7\[13\].u_tie_io_oeb_hi1/LO
 genblk7\[14\].u_tie_io_oeb_hi1/LO
 genblk7\[15\].u_tie_io_oeb_hi1/LO
 genblk7\[16\].u_tie_io_oeb_hi1/LO
 genblk7\[17\].u_tie_io_oeb_hi1/LO
 genblk7\[18\].u_tie_io_oeb_hi1/LO
 genblk7\[19\].u_tie_io_oeb_hi1/LO
 genblk7\[20\].u_tie_io_oeb_hi1/LO
 genblk7\[5\].u_tie_io_oeb_hi1/LO
 genblk7\[6\].u_tie_io_oeb_hi1/LO
 genblk7\[7\].u_tie_io_oeb_hi1/LO
 genblk7\[8\].u_tie_io_oeb_hi1/LO
 genblk7\[9\].u_tie_io_oeb_hi1/LO
 genblk8\[21\].u_tie_io_oeb_lo2/HI
 genblk8\[22\].u_tie_io_oeb_lo2/HI
 genblk8\[23\].u_tie_io_oeb_lo2/HI
 genblk8\[24\].u_tie_io_oeb_lo2/HI
 genblk8\[25\].u_tie_io_oeb_lo2/HI
 genblk8\[26\].u_tie_io_oeb_lo2/HI
 genblk8\[27\].u_tie_io_oeb_lo2/HI
 genblk8\[28\].u_tie_io_oeb_lo2/HI
 genblk9\[29\].u_tie_io_oeb_hi3/LO
 genblk9\[30\].u_tie_io_oeb_hi3/LO
 genblk9\[31\].u_tie_io_oeb_hi3/LO
 genblk9\[32\].u_tie_io_oeb_hi3/LO
 genblk9\[33\].u_tie_io_oeb_hi3/LO
 genblk9\[34\].u_tie_io_oeb_hi3/LO
 genblk9\[35\].u_tie_io_oeb_hi3/LO
 genblk9\[36\].u_tie_io_oeb_hi3/LO
 genblk9\[37\].u_tie_io_oeb_hi3/LO
Found 0 partially unannotated drivers.

===========================================================================
max slew violation count 259
max fanout violation count 11
max cap violation count 53
============================================================================

===========================================================================
check_setup -verbose -unconstrained_endpoints -multiple_clock -no_clock -no_input_delay -loops -generated_clocks
===========================================================================
Warning: There are 68 input ports missing set_input_delay.
  analog_io[0]
  analog_io[10]
  analog_io[11]
  analog_io[12]
  analog_io[13]
  analog_io[14]
  analog_io[15]
  analog_io[16]
  analog_io[17]
  analog_io[18]
  analog_io[19]
  analog_io[1]
  analog_io[20]
  analog_io[21]
  analog_io[22]
  analog_io[23]
  analog_io[24]
  analog_io[25]
  analog_io[26]
  analog_io[27]
  analog_io[28]
  analog_io[2]
  analog_io[3]
  analog_io[4]
  analog_io[5]
  analog_io[6]
  analog_io[7]
  analog_io[8]
  analog_io[9]
  io_in[0]
  io_in[10]
  io_in[11]
  io_in[12]
  io_in[13]
  io_in[14]
  io_in[15]
  io_in[16]
  io_in[17]
  io_in[18]
  io_in[19]
  io_in[1]
  io_in[20]
  io_in[21]
  io_in[22]
  io_in[23]
  io_in[24]
  io_in[25]
  io_in[26]
  io_in[27]
  io_in[28]
  io_in[29]
  io_in[2]
  io_in[30]
  io_in[31]
  io_in[32]
  io_in[33]
  io_in[34]
  io_in[35]
  io_in[36]
  io_in[37]
  io_in[3]
  io_in[4]
  io_in[5]
  io_in[6]
  io_in[7]
  io_in[8]
  io_in[9]
  user_clock2
Warning: There are 235 unconstrained endpoints.
  analog_io[0]
  analog_io[10]
  analog_io[11]
  analog_io[12]
  analog_io[13]
  analog_io[14]
  analog_io[15]
  analog_io[16]
  analog_io[17]
  analog_io[18]
  analog_io[19]
  analog_io[1]
  analog_io[20]
  analog_io[21]
  analog_io[22]
  analog_io[23]
  analog_io[24]
  analog_io[25]
  analog_io[26]
  analog_io[27]
  analog_io[28]
  analog_io[2]
  analog_io[3]
  analog_io[4]
  analog_io[5]
  analog_io[6]
  analog_io[7]
  analog_io[8]
  analog_io[9]
  io_oeb[0]
  io_oeb[10]
  io_oeb[11]
  io_oeb[12]
  io_oeb[13]
  io_oeb[14]
  io_oeb[15]
  io_oeb[16]
  io_oeb[17]
  io_oeb[18]
  io_oeb[19]
  io_oeb[1]
  io_oeb[20]
  io_oeb[21]
  io_oeb[22]
  io_oeb[23]
  io_oeb[24]
  io_oeb[25]
  io_oeb[26]
  io_oeb[27]
  io_oeb[28]
  io_oeb[29]
  io_oeb[2]
  io_oeb[30]
  io_oeb[31]
  io_oeb[32]
  io_oeb[33]
  io_oeb[34]
  io_oeb[35]
  io_oeb[36]
  io_oeb[37]
  io_oeb[3]
  io_oeb[4]
  io_oeb[5]
  io_oeb[6]
  io_oeb[7]
  io_oeb[8]
  io_oeb[9]
  io_out[0]
  io_out[10]
  io_out[11]
  io_out[12]
  io_out[13]
  io_out[14]
  io_out[15]
  io_out[16]
  io_out[17]
  io_out[18]
  io_out[19]
  io_out[1]
  io_out[20]
  io_out[21]
  io_out[22]
  io_out[23]
  io_out[24]
  io_out[25]
  io_out[26]
  io_out[27]
  io_out[28]
  io_out[29]
  io_out[2]
  io_out[30]
  io_out[31]
  io_out[32]
  io_out[33]
  io_out[34]
  io_out[35]
  io_out[36]
  io_out[37]
  io_out[3]
  io_out[4]
  io_out[5]
  io_out[6]
  io_out[7]
  io_out[8]
  io_out[9]
  la_data_out[0]
  la_data_out[100]
  la_data_out[101]
  la_data_out[102]
  la_data_out[103]
  la_data_out[104]
  la_data_out[105]
  la_data_out[106]
  la_data_out[107]
  la_data_out[108]
  la_data_out[109]
  la_data_out[10]
  la_data_out[110]
  la_data_out[111]
  la_data_out[112]
  la_data_out[113]
  la_data_out[114]
  la_data_out[115]
  la_data_out[116]
  la_data_out[117]
  la_data_out[118]
  la_data_out[119]
  la_data_out[11]
  la_data_out[120]
  la_data_out[121]
  la_data_out[122]
  la_data_out[123]
  la_data_out[124]
  la_data_out[125]
  la_data_out[126]
  la_data_out[127]
  la_data_out[12]
  la_data_out[13]
  la_data_out[14]
  la_data_out[15]
  la_data_out[16]
  la_data_out[17]
  la_data_out[18]
  la_data_out[19]
  la_data_out[1]
  la_data_out[20]
  la_data_out[21]
  la_data_out[22]
  la_data_out[23]
  la_data_out[24]
  la_data_out[25]
  la_data_out[26]
  la_data_out[27]
  la_data_out[28]
  la_data_out[29]
  la_data_out[2]
  la_data_out[30]
  la_data_out[31]
  la_data_out[32]
  la_data_out[33]
  la_data_out[34]
  la_data_out[35]
  la_data_out[36]
  la_data_out[37]
  la_data_out[38]
  la_data_out[39]
  la_data_out[3]
  la_data_out[40]
  la_data_out[41]
  la_data_out[42]
  la_data_out[43]
  la_data_out[44]
  la_data_out[45]
  la_data_out[46]
  la_data_out[47]
  la_data_out[48]
  la_data_out[49]
  la_data_out[4]
  la_data_out[50]
  la_data_out[51]
  la_data_out[52]
  la_data_out[53]
  la_data_out[54]
  la_data_out[55]
  la_data_out[56]
  la_data_out[57]
  la_data_out[58]
  la_data_out[59]
  la_data_out[5]
  la_data_out[60]
  la_data_out[61]
  la_data_out[62]
  la_data_out[63]
  la_data_out[64]
  la_data_out[65]
  la_data_out[66]
  la_data_out[67]
  la_data_out[68]
  la_data_out[69]
  la_data_out[6]
  la_data_out[70]
  la_data_out[71]
  la_data_out[72]
  la_data_out[73]
  la_data_out[74]
  la_data_out[75]
  la_data_out[76]
  la_data_out[77]
  la_data_out[78]
  la_data_out[79]
  la_data_out[7]
  la_data_out[80]
  la_data_out[81]
  la_data_out[82]
  la_data_out[83]
  la_data_out[84]
  la_data_out[85]
  la_data_out[86]
  la_data_out[87]
  la_data_out[88]
  la_data_out[89]
  la_data_out[8]
  la_data_out[90]
  la_data_out[91]
  la_data_out[92]
  la_data_out[93]
  la_data_out[94]
  la_data_out[95]
  la_data_out[96]
  la_data_out[97]
  la_data_out[98]
  la_data_out[99]
  la_data_out[9]
  user_irq[1]
  user_irq[2]
