Clock: clk
Sources: clk 
Generated: no
Virtual: yes
Propagated: no
Period: 25.000000

===========================================================================
report_clock_properties
============================================================================
Clock                   Period          Waveform
----------------------------------------------------
clk                  25.000000    0.000000 12.500000

===========================================================================
report_clock_latency
============================================================================
Clock clk
rise -> rise
    min     max
0.000000 0.000000 source latency
0.257559         network latency _471_/CLK
        0.259807 network latency _469_/CLK
---------------
0.257559 0.259807 latency
        0.002249 skew

fall -> fall
    min     max
0.000000 0.000000 source latency
0.237009         network latency _458_/CLK
        0.239221 network latency _469_/CLK
---------------
0.237009 0.239221 latency
        0.002212 skew



===========================================================================
report_clock_min_period
============================================================================
clk period_min = 2.14 fmax = 466.83
