Clock: clk
Sources: clk 
Generated: no
Virtual: yes
Propagated: no
Period: 25.000000

===========================================================================
report_clock_properties
============================================================================
Clock                   Period          Waveform
----------------------------------------------------
clk                  25.000000    0.000000 12.500000

===========================================================================
report_clock_latency
============================================================================
Clock clk
rise -> rise
    min     max
0.000000 0.000000 source latency
0.255303         network latency _450_/CLK
        0.257146 network latency _465_/CLK
---------------
0.255303 0.257146 latency
        0.001843 skew

fall -> fall
    min     max
0.000000 0.000000 source latency
0.235350         network latency _450_/CLK
        0.236903 network latency _465_/CLK
---------------
0.235350 0.236903 latency
        0.001553 skew



===========================================================================
report_clock_min_period
============================================================================
clk period_min = 2.15 fmax = 465.05
