
===========================================================================
 report_power
============================================================================
======================= min_ff_n40C_1v95 Corner ===================================

Group                    Internal    Switching      Leakage        Total
                            Power        Power        Power        Power (Watts)
------------------------------------------------------------------------
Sequential           9.806051e-05 1.995049e-06 7.640971e-10 1.000563e-04  49.1%
Combinational        8.000171e-06 1.365195e-05 2.278792e-09 2.165440e-05  10.6%
Clock                4.809171e-05 3.382050e-05 6.182684e-10 8.191283e-05  40.2%
Macro                0.000000e+00 0.000000e+00 0.000000e+00 0.000000e+00   0.0%
Pad                  0.000000e+00 0.000000e+00 0.000000e+00 0.000000e+00   0.0%
------------------------------------------------------------------------
Total                1.541524e-04 4.946748e-05 3.661158e-09 2.036236e-04 100.0%
                            75.7%        24.3%         0.0%

