Clock: clk
Sources: clk 
Generated: no
Virtual: yes
Propagated: no
Period: 40.000000

===========================================================================
report_clock_properties
============================================================================
Clock                   Period          Waveform
----------------------------------------------------
clk                  40.000000    0.000000 20.000000

===========================================================================
report_clock_latency
============================================================================
Clock clk
rise -> rise
    min     max
0.000000 0.000000 source latency
1.455323         network latency _54892_/CLK
        1.725428 network latency _54413_/CLK
---------------
1.455323 1.725428 latency
        0.270105 skew

fall -> fall
    min     max
0.000000 0.000000 source latency
1.131706         network latency _52870_/CLK
        1.370498 network latency _54413_/CLK
---------------
1.131706 1.370498 latency
        0.238792 skew



===========================================================================
report_clock_min_period
============================================================================
clk period_min = 9.61 fmax = 104.03
