Clock: clk
Sources: wb_clk_i 
Generated: no
Virtual: yes
Propagated: no
Period: 25.000000

===========================================================================
report_clock_properties
============================================================================
Clock                   Period          Waveform
----------------------------------------------------
clk                  25.000000    0.000000 12.500000

===========================================================================
report_clock_latency
============================================================================
Clock clk
rise -> rise
    min     max
4.650000 5.570000 source latency
4.665152         network latency _755_/CLK
        5.725822 network latency _784_/CLK
---------------
9.315151 11.295823 latency
        1.980672 skew

fall -> fall
    min     max
4.650000 5.570000 source latency
4.664665         network latency _755_/CLK
        5.720681 network latency _784_/CLK
---------------
9.314665 11.290681 latency
        1.976016 skew



===========================================================================
report_clock_min_period
============================================================================
clk period_min = 12.08 fmax = 82.79
