
===========================================================================
report_checks -unconstrained
===========================================================================
======================= min_ss_100C_1v60 Corner ===================================

Startpoint: _487_ (rising edge-triggered flip-flop clocked by clk)
Endpoint: unlock_enable (output port clocked by clk)
Path Group: clk
Path Type: max

Fanout         Cap        Slew       Delay        Time   Description
---------------------------------------------------------------------------------------------
                                  0.000000    0.000000   clock clk (rise edge)
                                  0.000000    0.000000   clock source latency
     1    0.016999    0.129192    0.087256    0.087256 ^ clk (in)
                                                         clk (net)
                      0.129194    0.000000    0.087256 ^ clkbuf_0_clk/A (sky130_fd_sc_hd__clkbuf_16)
     4    0.039388    0.093664    0.276139    0.363395 ^ clkbuf_0_clk/X (sky130_fd_sc_hd__clkbuf_16)
                                                         clknet_0_clk (net)
                      0.093664    0.000466    0.363861 ^ clkbuf_2_3__f_clk/A (sky130_fd_sc_hd__clkbuf_16)
    14    0.044390    0.099751    0.266161    0.630022 ^ clkbuf_2_3__f_clk/X (sky130_fd_sc_hd__clkbuf_16)
                                                         clknet_2_3__leaf_clk (net)
                      0.099752    0.000506    0.630528 ^ _487_/CLK (sky130_fd_sc_hd__dfxtp_1)
     9    0.023169    0.213151    0.724811    1.355339 v _487_/Q (sky130_fd_sc_hd__dfxtp_1)
                                                         u_system.u_global.state[4] (net)
                      0.213151    0.000553    1.355892 v _228_/A (sky130_fd_sc_hd__or3_1)
     2    0.004074    0.150142    0.917282    2.273174 v _228_/X (sky130_fd_sc_hd__or3_1)
                                                         _063_ (net)
                      0.150142    0.000047    2.273221 v _229_/C (sky130_fd_sc_hd__or3_2)
     4    0.013013    0.223810    1.104995    3.378216 v _229_/X (sky130_fd_sc_hd__or3_2)
                                                         _064_ (net)
                      0.223810    0.000260    3.378476 v _230_/A (sky130_fd_sc_hd__inv_2)
     6    0.020334    0.159459    0.228191    3.606667 ^ _230_/Y (sky130_fd_sc_hd__inv_2)
                                                         net16 (net)
                      0.159459    0.000209    3.606876 ^ _489_/A (sky130_fd_sc_hd__clkbuf_1)
     1    0.002040    0.062497    0.177262    3.784138 ^ _489_/X (sky130_fd_sc_hd__clkbuf_1)
                                                         net23 (net)
                      0.062497    0.000010    3.784148 ^ output23/A (sky130_fd_sc_hd__buf_2)
     1    0.033975    0.269850    0.338853    4.123001 ^ output23/X (sky130_fd_sc_hd__buf_2)
                                                         unlock_enable (net)
                      0.269850    0.000176    4.123177 ^ unlock_enable (out)
                                              4.123177   data arrival time

                                 25.000000   25.000000   clock clk (rise edge)
                                  0.000000   25.000000   clock network delay (propagated)
                                 -0.250000   24.750000   clock uncertainty
                                  0.000000   24.750000   clock reconvergence pessimism
                                 -5.000000   19.750000   output external delay
                                             19.750000   data required time
---------------------------------------------------------------------------------------------
                                             19.750000   data required time
                                             -4.123177   data arrival time
---------------------------------------------------------------------------------------------
                                             15.626822   slack (MET)




===========================================================================
report_checks --slack_max -0.01
============================================================================
======================= min_ss_100C_1v60 Corner ===================================

No paths found.


===========================================================================
 report_check_types -max_slew -max_cap -max_fanout -violators
============================================================================
======================= min_ss_100C_1v60 Corner ===================================

max fanout

Pin                                   Limit Fanout  Slack
---------------------------------------------------------
clkbuf_2_0__f_clk/X                      10     16     -6 (VIOLATED)
clkbuf_2_3__f_clk/X                      10     14     -4 (VIOLATED)
clkbuf_2_2__f_clk/X                      10     13     -3 (VIOLATED)
clkbuf_2_1__f_clk/X                      10     12     -2 (VIOLATED)



===========================================================================
report_parasitic_annotation -report_unannotated
============================================================================
Found 3 unannotated drivers.
 clkload0/Y
 clkload1/Y
 clkload2/Y
Found 0 partially unannotated drivers.

===========================================================================
max slew violation count 0
max fanout violation count 4
max cap violation count 0
============================================================================

===========================================================================
check_setup -verbose -unconstrained_endpoints -multiple_clock -no_clock -no_input_delay -loops -generated_clocks
===========================================================================
