Clock: clk
Sources: clk 
Generated: no
Virtual: yes
Propagated: no
Period: 25.000000

===========================================================================
report_clock_properties
============================================================================
Clock                   Period          Waveform
----------------------------------------------------
clk                  25.000000    0.000000 12.500000

===========================================================================
report_clock_latency
============================================================================
Clock clk
rise -> rise
    min     max
0.000000 0.000000 source latency
0.629332         network latency _440_/CLK
        0.630802 network latency _469_/CLK
---------------
0.629332 0.630802 latency
        0.001470 skew

fall -> fall
    min     max
0.000000 0.000000 source latency
0.610834         network latency _458_/CLK
        0.612951 network latency _469_/CLK
---------------
0.610834 0.612951 latency
        0.002117 skew



===========================================================================
report_clock_min_period
============================================================================
clk period_min = 6.95 fmax = 143.84
