
===========================================================================
report_checks -unconstrained
===========================================================================
======================= nom_tt_025C_1v80 Corner ===================================

Startpoint: wb_rst_i (input port clocked by wb_clk_i)
Endpoint: _671_ (recovery check against rising-edge clock wb_clk_i)
Path Group: asynchronous
Path Type: max

Fanout         Cap        Slew       Delay        Time   Description
---------------------------------------------------------------------------------------------
                                  0.000000    0.000000   clock wb_clk_i (rise edge)
                                  0.000000    0.000000   clock network delay (propagated)
                                  5.000000    5.000000 v input external delay
     2    0.007572    0.019215    0.012277    5.012278 v wb_rst_i (in)
                                                         wb_rst_i (net)
                      0.019216    0.000000    5.012278 v input23/A (sky130_fd_sc_hd__clkbuf_1)
     1    0.003480    0.030035    0.079659    5.091937 v input23/X (sky130_fd_sc_hd__clkbuf_1)
                                                         net23 (net)
                      0.030035    0.000105    5.092041 v fanout89/A (sky130_fd_sc_hd__buf_2)
    11    0.051270    0.122979    0.200924    5.292966 v fanout89/X (sky130_fd_sc_hd__buf_2)
                                                         net89 (net)
                      0.123106    0.002431    5.295396 v fanout84/A (sky130_fd_sc_hd__clkbuf_4)
    10    0.048000    0.104112    0.237498    5.532894 v fanout84/X (sky130_fd_sc_hd__clkbuf_4)
                                                         net84 (net)
                      0.104116    0.000708    5.533602 v fanout83/A (sky130_fd_sc_hd__buf_4)
    10    0.055097    0.079782    0.215733    5.749335 v fanout83/X (sky130_fd_sc_hd__buf_4)
                                                         net83 (net)
                      0.079840    0.002025    5.751360 v _339_/A (sky130_fd_sc_hd__inv_2)
     7    0.026911    0.127203    0.131274    5.882634 ^ _339_/Y (sky130_fd_sc_hd__inv_2)
                                                         _038_ (net)
                      0.127212    0.000909    5.883543 ^ fanout82/A (sky130_fd_sc_hd__clkbuf_4)
    21    0.065493    0.199823    0.277987    6.161530 ^ fanout82/X (sky130_fd_sc_hd__clkbuf_4)
                                                         net82 (net)
                      0.199908    0.001210    6.162741 ^ _671_/RESET_B (sky130_fd_sc_hd__dfrtp_1)
                                              6.162741   data arrival time

                                 25.000000   25.000000   clock wb_clk_i (rise edge)
                                  0.000000   25.000000   clock source latency
     2    0.023903    0.112843    0.078648   25.078648 ^ wb_clk_i (in)
                                                         wb_clk_i (net)
                      0.112892    0.000000   25.078648 ^ clkbuf_0_wb_clk_i/A (sky130_fd_sc_hd__clkbuf_16)
    17    0.108196    0.121832    0.216261   25.294909 ^ clkbuf_0_wb_clk_i/X (sky130_fd_sc_hd__clkbuf_16)
                                                         clknet_0_wb_clk_i (net)
                      0.122002    0.002986   25.297894 ^ clkbuf_3_4__f_wb_clk_i/A (sky130_fd_sc_hd__clkbuf_16)
    12    0.043902    0.063260    0.172577   25.470470 ^ clkbuf_3_4__f_wb_clk_i/X (sky130_fd_sc_hd__clkbuf_16)
                                                         clknet_3_4__leaf_wb_clk_i (net)
                      0.063302    0.001439   25.471910 ^ _671_/CLK (sky130_fd_sc_hd__dfrtp_1)
                                 -0.250000   25.221910   clock uncertainty
                                  0.000000   25.221910   clock reconvergence pessimism
                                  0.195954   25.417864   library recovery time
                                             25.417864   data required time
---------------------------------------------------------------------------------------------
                                             25.417864   data required time
                                             -6.162741   data arrival time
---------------------------------------------------------------------------------------------
                                             19.255123   slack (MET)


Startpoint: _718_ (rising edge-triggered flip-flop clocked by wb_clk_i)
Endpoint: security_breach (output port clocked by wb_clk_i)
Path Group: wb_clk_i
Path Type: max

Fanout         Cap        Slew       Delay        Time   Description
---------------------------------------------------------------------------------------------
                                  0.000000    0.000000   clock wb_clk_i (rise edge)
                                  0.000000    0.000000   clock source latency
     2    0.023903    0.112843    0.078649    0.078649 ^ wb_clk_i (in)
                                                         wb_clk_i (net)
                      0.112892    0.000000    0.078649 ^ clkbuf_0_wb_clk_i/A (sky130_fd_sc_hd__clkbuf_16)
    17    0.108196    0.121832    0.216260    0.294908 ^ clkbuf_0_wb_clk_i/X (sky130_fd_sc_hd__clkbuf_16)
                                                         clknet_0_wb_clk_i (net)
                      0.121873    0.002142    0.297051 ^ clkbuf_3_6__f_wb_clk_i/A (sky130_fd_sc_hd__clkbuf_16)
    10    0.043690    0.063092    0.172531    0.469581 ^ clkbuf_3_6__f_wb_clk_i/X (sky130_fd_sc_hd__clkbuf_16)
                                                         clknet_3_6__leaf_wb_clk_i (net)
                      0.063125    0.001269    0.470851 ^ _718_/CLK (sky130_fd_sc_hd__dfxtp_1)
     4    0.009014    0.093991    0.347511    0.818362 ^ _718_/Q (sky130_fd_sc_hd__dfxtp_1)
                                                         u_system.u_global.state[4] (net)
                      0.093991    0.000122    0.818484 ^ hold15/A (sky130_fd_sc_hd__dlygate4sd3_1)
     1    0.005305    0.074721    0.569493    1.387976 ^ hold15/X (sky130_fd_sc_hd__dlygate4sd3_1)
                                                         net104 (net)
                      0.074721    0.000159    1.388135 ^ _335_/A (sky130_fd_sc_hd__inv_2)
     4    0.011333    0.035938    0.051379    1.439514 v _335_/Y (sky130_fd_sc_hd__inv_2)
                                                         _140_ (net)
                      0.035939    0.000232    1.439747 v _351_/B (sky130_fd_sc_hd__and3_1)
     6    0.024876    0.127794    0.244804    1.684550 v _351_/X (sky130_fd_sc_hd__and3_1)
                                                         _154_ (net)
                      0.127794    0.000445    1.684996 v _353_/A (sky130_fd_sc_hd__or2_2)
     9    0.032535    0.129688    0.416640    2.101636 v _353_/X (sky130_fd_sc_hd__or2_2)
                                                         net32 (net)
                      0.129720    0.001960    2.103596 v _766_/A (sky130_fd_sc_hd__clkbuf_1)
     1    0.002330    0.025139    0.121159    2.224755 v _766_/X (sky130_fd_sc_hd__clkbuf_1)
                                                         net33 (net)
                      0.025154    0.000068    2.224823 v output33/A (sky130_fd_sc_hd__buf_2)
     1    0.034870    0.091021    0.172551    2.397374 v output33/X (sky130_fd_sc_hd__buf_2)
                                                         security_breach (net)
                      0.091028    0.000814    2.398188 v security_breach (out)
                                              2.398188   data arrival time

                                 25.000000   25.000000   clock wb_clk_i (rise edge)
                                  0.000000   25.000000   clock network delay (propagated)
                                 -0.250000   24.750000   clock uncertainty
                                  0.000000   24.750000   clock reconvergence pessimism
                                 -5.000000   19.750000   output external delay
                                             19.750000   data required time
---------------------------------------------------------------------------------------------
                                             19.750000   data required time
                                             -2.398188   data arrival time
---------------------------------------------------------------------------------------------
                                             17.351810   slack (MET)




===========================================================================
report_checks --slack_max -0.01
============================================================================
======================= nom_tt_025C_1v80 Corner ===================================

No paths found.


===========================================================================
 report_check_types -max_slew -max_cap -max_fanout -violators
============================================================================
======================= nom_tt_025C_1v80 Corner ===================================

max fanout

Pin                                   Limit Fanout  Slack
---------------------------------------------------------
fanout82/X                               10     21    -11 (VIOLATED)
fanout87/X                               10     21    -11 (VIOLATED)
fanout88/X                               10     19     -9 (VIOLATED)
clkbuf_0_wb_clk_i/X                      10     17     -7 (VIOLATED)
clkbuf_3_1__f_wb_clk_i/X                 10     15     -5 (VIOLATED)
fanout80/X                               10     15     -5 (VIOLATED)
clkbuf_3_2__f_wb_clk_i/X                 10     14     -4 (VIOLATED)
clkbuf_3_5__f_wb_clk_i/X                 10     14     -4 (VIOLATED)
clkbuf_3_0__f_wb_clk_i/X                 10     13     -3 (VIOLATED)
clkbuf_3_7__f_wb_clk_i/X                 10     13     -3 (VIOLATED)
clkbuf_3_4__f_wb_clk_i/X                 10     12     -2 (VIOLATED)
clkbuf_3_3__f_wb_clk_i/X                 10     11        (VIOLATED)
fanout89/X                               10     11        (VIOLATED)



===========================================================================
report_parasitic_annotation -report_unannotated
============================================================================
Found 67 unannotated drivers.
 wb_adr_i[0]
 wb_adr_i[10]
 wb_adr_i[11]
 wb_adr_i[12]
 wb_adr_i[13]
 wb_adr_i[14]
 wb_adr_i[15]
 wb_adr_i[16]
 wb_adr_i[17]
 wb_adr_i[18]
 wb_adr_i[19]
 wb_adr_i[1]
 wb_adr_i[20]
 wb_adr_i[21]
 wb_adr_i[22]
 wb_adr_i[23]
 wb_adr_i[24]
 wb_adr_i[25]
 wb_adr_i[26]
 wb_adr_i[27]
 wb_adr_i[28]
 wb_adr_i[29]
 wb_adr_i[30]
 wb_adr_i[31]
 wb_adr_i[4]
 wb_adr_i[5]
 wb_adr_i[6]
 wb_adr_i[7]
 wb_adr_i[8]
 wb_adr_i[9]
 wb_dat_i[10]
 wb_dat_i[11]
 wb_dat_i[12]
 wb_dat_i[13]
 wb_dat_i[14]
 wb_dat_i[15]
 wb_dat_i[16]
 wb_dat_i[17]
 wb_dat_i[18]
 wb_dat_i[19]
 wb_dat_i[20]
 wb_dat_i[21]
 wb_dat_i[22]
 wb_dat_i[23]
 wb_dat_i[24]
 wb_dat_i[25]
 wb_dat_i[26]
 wb_dat_i[27]
 wb_dat_i[28]
 wb_dat_i[29]
 wb_dat_i[30]
 wb_dat_i[31]
 wb_dat_i[5]
 wb_dat_i[6]
 wb_dat_i[7]
 wb_dat_i[8]
 wb_dat_i[9]
 wb_sel_i[1]
 wb_sel_i[2]
 wb_sel_i[3]
 clkload0/X
 clkload1/X
 clkload2/X
 clkload3/Y
 clkload4/Y
 clkload5/Y
 clkload6/X
Found 0 partially unannotated drivers.

===========================================================================
max slew violation count 0
max fanout violation count 13
max cap violation count 0
============================================================================

===========================================================================
check_setup -verbose -unconstrained_endpoints -multiple_clock -no_clock -no_input_delay -loops -generated_clocks
===========================================================================
