Clock: wb_clk_i
Sources: wb_clk_i 
Generated: no
Virtual: yes
Propagated: no
Period: 25.000000

===========================================================================
report_clock_properties
============================================================================
Clock                   Period          Waveform
----------------------------------------------------
wb_clk_i             25.000000    0.000000 12.500000

===========================================================================
report_clock_latency
============================================================================
Clock wb_clk_i
rise -> rise
    min     max
0.000000 0.000000 source latency
0.468859         network latency _755_/CLK
        0.472420 network latency _703_/CLK
---------------
0.468859 0.472420 latency
        0.003561 skew

fall -> fall
    min     max
0.000000 0.000000 source latency
0.411437         network latency _755_/CLK
        0.414527 network latency _703_/CLK
---------------
0.411437 0.414527 latency
        0.003090 skew



===========================================================================
report_clock_min_period
============================================================================
wb_clk_i period_min = 3.11 fmax = 322.03
