Clock: clk
Sources: clk 
Generated: no
Virtual: yes
Propagated: no
Period: 40.000000

===========================================================================
report_clock_properties
============================================================================
Clock                   Period          Waveform
----------------------------------------------------
clk                  40.000000    0.000000 20.000000

===========================================================================
report_clock_latency
============================================================================
Clock clk
rise -> rise
    min     max
0.000000 0.000000 source latency
1.055171         network latency _52870_/CLK
        1.249830 network latency _54413_/CLK
---------------
1.055171 1.249830 latency
        0.194660 skew

fall -> fall
    min     max
0.000000 0.000000 source latency
0.830031         network latency _52870_/CLK
        1.008802 network latency _53388_/CLK
---------------
0.830031 1.008802 latency
        0.178771 skew



===========================================================================
report_clock_min_period
============================================================================
clk period_min = 6.23 fmax = 160.53
