
===========================================================================
 report_power
============================================================================
======================= nom_ff_n40C_1v95 Corner ===================================

Group                    Internal    Switching      Leakage        Total
                            Power        Power        Power        Power (Watts)
------------------------------------------------------------------------
Sequential           3.915085e-03 5.436158e-04 5.804407e-08 4.458759e-03   5.6%
Combinational        2.531332e-02 4.667004e-02 2.808654e-07 7.198364e-02  89.9%
Clock                1.741878e-03 1.874634e-03 9.056439e-08 3.616603e-03   4.5%
Macro                0.000000e+00 0.000000e+00 0.000000e+00 0.000000e+00   0.0%
Pad                  0.000000e+00 0.000000e+00 0.000000e+00 0.000000e+00   0.0%
------------------------------------------------------------------------
Total                3.097050e-02 4.908824e-02 4.294760e-07 8.005916e-02 100.0%
                            38.7%        61.3%         0.0%

