
===========================================================================
report_checks -unconstrained
===========================================================================
======================= max_tt_025C_1v80 Corner ===================================

Startpoint: wb_rst_i (input port clocked by clk)
Endpoint: _705_ (recovery check against rising-edge clock clk)
Path Group: asynchronous
Path Type: max

Fanout         Cap        Slew       Delay        Time   Description
---------------------------------------------------------------------------------------------
                                  0.000000    0.000000   clock clk (rise edge)
                                  5.570000    5.570000   clock network delay (propagated)
                                 12.500000   18.070000 v input external delay
    60    0.343532    0.000000    0.000000   18.070000 v wb_rst_i (in)
                                                         wb_rst_i (net)
                      0.167250    0.083626   18.153625 v _350_/A (sky130_fd_sc_hd__clkinv_1)
     6    0.044020    0.249792    0.249930   18.403555 ^ _350_/Y (sky130_fd_sc_hd__clkinv_1)
                                                         _038_ (net)
                      0.249814    0.001998   18.405554 ^ _705_/RESET_B (sky130_fd_sc_hd__dfrtp_1)
                                             18.405554   data arrival time

                                 25.000000   25.000000   clock clk (rise edge)
                                  4.650000   29.650000   clock source latency
    95    0.409738    0.610000    0.000000   29.650000 ^ wb_clk_i (in)
                                                         wb_clk_i (net)
                      0.807557    0.098778   29.748777 ^ _705_/CLK (sky130_fd_sc_hd__dfrtp_1)
                                 -0.250000   29.498777   clock uncertainty
                                  0.000000   29.498777   clock reconvergence pessimism
                                  0.360115   29.858892   library recovery time
                                             29.858892   data required time
---------------------------------------------------------------------------------------------
                                             29.858892   data required time
                                            -18.405554   data arrival time
---------------------------------------------------------------------------------------------
                                             11.453340   slack (MET)


Startpoint: wb_rst_i (input port clocked by clk)
Endpoint: _714_ (rising edge-triggered flip-flop clocked by clk)
Path Group: clk
Path Type: max

Fanout         Cap        Slew       Delay        Time   Description
---------------------------------------------------------------------------------------------
                                  0.000000    0.000000   clock clk (rise edge)
                                  5.570000    5.570000   clock network delay (propagated)
                                 12.500000   18.070000 v input external delay
    60    0.343532    0.000000    0.000000   18.070000 v wb_rst_i (in)
                                                         wb_rst_i (net)
                      0.253567    0.126784   18.196783 v _530_/B1 (sky130_fd_sc_hd__a21oi_1)
     1    0.006574    0.183098    0.246279   18.443062 ^ _530_/Y (sky130_fd_sc_hd__a21oi_1)
                                                         _263_ (net)
                      0.183098    0.000469   18.443531 ^ _535_/B (sky130_fd_sc_hd__nand3_1)
    16    0.080564    0.778508    0.643176   19.086708 v _535_/Y (sky130_fd_sc_hd__nand3_1)
                                                         _268_ (net)
                      0.778611    0.007633   19.094341 v _567_/C1 (sky130_fd_sc_hd__a211oi_1)
     1    0.002758    0.266102    0.404878   19.499218 ^ _567_/Y (sky130_fd_sc_hd__a211oi_1)
                                                         _100_ (net)
                      0.266102    0.000176   19.499395 ^ hold70/A (sky130_fd_sc_hd__dlygate4sd3_1)
     1    0.002538    0.050508    0.585375   20.084770 ^ hold70/X (sky130_fd_sc_hd__dlygate4sd3_1)
                                                         net70 (net)
                      0.050508    0.000162   20.084932 ^ _714_/D (sky130_fd_sc_hd__dfxtp_1)
                                             20.084932   data arrival time

                                 25.000000   25.000000   clock clk (rise edge)
                                  4.650000   29.650000   clock source latency
    95    0.409738    0.610000    0.000000   29.650000 ^ wb_clk_i (in)
                                                         wb_clk_i (net)
                      0.849770    0.119885   29.769884 ^ _714_/CLK (sky130_fd_sc_hd__dfxtp_1)
                                 -0.250000   29.519884   clock uncertainty
                                  0.000000   29.519884   clock reconvergence pessimism
                                  0.019420   29.539303   library setup time
                                             29.539303   data required time
---------------------------------------------------------------------------------------------
                                             29.539303   data required time
                                            -20.084932   data arrival time
---------------------------------------------------------------------------------------------
                                              9.454371   slack (MET)




===========================================================================
report_checks --slack_max -0.01
============================================================================
======================= max_tt_025C_1v80 Corner ===================================

No paths found.


===========================================================================
 report_check_types -max_slew -max_cap -max_fanout -violators
============================================================================
======================= max_tt_025C_1v80 Corner ===================================

max slew

Pin                                        Limit        Slew       Slack
------------------------------------------------------------------------
_480_/C1                                1.500000   14.383599  -12.883599 (VIOLATED)
_479_/Y                                 1.488547   14.209742  -12.721194 (VIOLATED)
io_out[24]                              1.500000    7.953465   -6.453465 (VIOLATED)
io_out[26]                              1.500000    7.507413   -6.007412 (VIOLATED)
_793_/X                                 1.500000    7.216608   -5.716608 (VIOLATED)
_795_/X                                 1.500000    6.953044   -5.453044 (VIOLATED)
_465_/A                                 1.500000    6.107029   -4.607028 (VIOLATED)
_585_/B                                 1.500000    6.106992   -4.606992 (VIOLATED)
_590_/A1                                1.500000    6.106948   -4.606949 (VIOLATED)
_593_/B                                 1.500000    6.106409   -4.606409 (VIOLATED)
io_out[27]                              1.500000    6.056631   -4.556631 (VIOLATED)
_796_/X                                 1.500000    5.783233   -4.283234 (VIOLATED)
user_irq[0]                             1.500000    5.585285   -4.085285 (VIOLATED)
io_out[28]                              1.500000    5.353283   -3.853283 (VIOLATED)
_798_/X                                 1.500000    5.318310   -3.818310 (VIOLATED)
_797_/X                                 1.500000    5.162411   -3.662411 (VIOLATED)
_474_/A2                                1.500000    4.886598   -3.386598 (VIOLATED)
_584_/A                                 1.500000    4.886600   -3.386601 (VIOLATED)
_593_/A                                 1.500000    4.886492   -3.386492 (VIOLATED)
_452_/B                                 1.500000    4.886368   -3.386368 (VIOLATED)
_461_/A                                 1.500000    4.829332   -3.329332 (VIOLATED)
_462_/B                                 1.500000    4.829101   -3.329101 (VIOLATED)
_790_/A                                 1.500000    4.448616   -2.948616 (VIOLATED)
_791_/A                                 1.500000    4.448601   -2.948601 (VIOLATED)
_493_/B                                 1.500000    4.231308   -2.731308 (VIOLATED)
_504_/A2                                1.500000    4.231266   -2.731266 (VIOLATED)
_511_/B                                 1.500000    4.231008   -2.731008 (VIOLATED)
_513_/B                                 1.500000    4.231010   -2.731010 (VIOLATED)
_464_/A1                                1.500000    4.230552   -2.730552 (VIOLATED)
_587_/A                                 1.500000    4.230549   -2.730549 (VIOLATED)
_460_/A2                                1.500000    4.230544   -2.730544 (VIOLATED)
_521_/A1                                1.500000    4.230544   -2.730544 (VIOLATED)
_596_/A                                 1.500000    4.230546   -2.730546 (VIOLATED)
_482_/A_N                               1.500000    4.230364   -2.730364 (VIOLATED)
_416_/A1                                1.500000    4.230165   -2.730165 (VIOLATED)
_368_/X                                 1.500000    4.230053   -2.730053 (VIOLATED)
_792_/A                                 1.500000    4.037972   -2.537972 (VIOLATED)
_794_/A                                 1.500000    4.032026   -2.532027 (VIOLATED)
_357_/B                                 1.500000    3.763088   -2.263088 (VIOLATED)
_402_/B                                 1.500000    3.760885   -2.260885 (VIOLATED)
_356_/X                                 1.500000    3.759510   -2.259510 (VIOLATED)
_513_/A                                 1.500000    3.508814   -2.008814 (VIOLATED)
_511_/A                                 1.500000    3.508773   -2.008773 (VIOLATED)
_493_/A                                 1.500000    3.508751   -2.008751 (VIOLATED)
_504_/A1                                1.500000    3.508502   -2.008502 (VIOLATED)
_461_/B                                 1.500000    3.491295   -1.991295 (VIOLATED)
_462_/C                                 1.500000    3.491059   -1.991059 (VIOLATED)
_500_/A2                                1.500000    3.413353   -1.913353 (VIOLATED)
_522_/B1_N                              1.500000    3.413226   -1.913226 (VIOLATED)
_499_/B                                 1.500000    3.413221   -1.913221 (VIOLATED)
_524_/B                                 1.500000    3.413060   -1.913060 (VIOLATED)
_471_/A                                 1.500000    3.139483   -1.639483 (VIOLATED)
_592_/A1                                1.500000    3.139341   -1.639341 (VIOLATED)
io_out[21]                              1.500000    2.677526   -1.177527 (VIOLATED)
_790_/X                                 1.500000    2.672839   -1.172839 (VIOLATED)
_460_/B1                                1.500000    2.440373   -0.940373 (VIOLATED)
_500_/A1                                1.500000    2.439900   -0.939900 (VIOLATED)
_499_/A                                 1.500000    2.439790   -0.939790 (VIOLATED)
_376_/Y                                 1.496919    2.428718   -0.931798 (VIOLATED)
_435_/C                                 1.500000    2.430637   -0.930637 (VIOLATED)
_436_/C                                 1.500000    2.430637   -0.930637 (VIOLATED)
_437_/C                                 1.500000    2.430629   -0.930630 (VIOLATED)
_439_/C                                 1.500000    2.430629   -0.930629 (VIOLATED)
_438_/C                                 1.500000    2.430628   -0.930628 (VIOLATED)
_434_/C                                 1.500000    2.430589   -0.930589 (VIOLATED)
_433_/C                                 1.500000    2.430547   -0.930547 (VIOLATED)
_431_/C                                 1.500000    2.430499   -0.930499 (VIOLATED)
_432_/C                                 1.500000    2.430467   -0.930467 (VIOLATED)
_430_/C                                 1.500000    2.430380   -0.930380 (VIOLATED)
_429_/C                                 1.500000    2.430354   -0.930354 (VIOLATED)
_428_/C                                 1.500000    2.430227   -0.930227 (VIOLATED)
_427_/C                                 1.500000    2.430182   -0.930182 (VIOLATED)
_426_/C                                 1.500000    2.430042   -0.930042 (VIOLATED)
_425_/C                                 1.500000    2.429899   -0.929899 (VIOLATED)
_424_/C                                 1.500000    2.429839   -0.929839 (VIOLATED)
_423_/C                                 1.500000    2.429610   -0.929610 (VIOLATED)
_422_/C                                 1.500000    2.429465   -0.929465 (VIOLATED)
_420_/B1                                1.500000    2.429284   -0.929284 (VIOLATED)
_418_/B1                                1.500000    2.429216   -0.929216 (VIOLATED)
_416_/B1                                1.500000    2.429048   -0.929048 (VIOLATED)
_414_/A2                                1.500000    2.428969   -0.928969 (VIOLATED)
_393_/B                                 1.500000    2.428876   -0.928877 (VIOLATED)
_397_/A2                                1.500000    2.428837   -0.928837 (VIOLATED)
_400_/A2                                1.500000    2.428835   -0.928835 (VIOLATED)
_377_/B                                 1.500000    2.428777   -0.928777 (VIOLATED)
_384_/B                                 1.500000    2.428777   -0.928777 (VIOLATED)
_387_/B                                 1.500000    2.428776   -0.928776 (VIOLATED)
_382_/A2                                1.500000    2.428767   -0.928767 (VIOLATED)
_517_/B                                 1.500000    2.265151   -0.765151 (VIOLATED)
_480_/Y                                 1.498484    2.259945   -0.761461 (VIOLATED)
_481_/A4                                1.500000    2.259945   -0.759945 (VIOLATED)
_600_/C                                 1.500000    2.259945   -0.759945 (VIOLATED)
io_out[23]                              1.500000    2.151862   -0.651862 (VIOLATED)
_792_/X                                 1.500000    2.151786   -0.651786 (VIOLATED)
io_out[25]                              1.500000    2.146439   -0.646439 (VIOLATED)
_794_/X                                 1.500000    2.146369   -0.646369 (VIOLATED)
io_out[22]                              1.500000    2.145163   -0.645163 (VIOLATED)
_791_/X                                 1.500000    2.145088   -0.645088 (VIOLATED)
_369_/Y                                 1.479160    2.039041   -0.559881 (VIOLATED)
_523_/A1                                1.500000    2.039051   -0.539051 (VIOLATED)
_526_/B                                 1.500000    2.039051   -0.539051 (VIOLATED)
_471_/B                                 1.500000    2.039048   -0.539049 (VIOLATED)
_500_/B1                                1.500000    2.039048   -0.539048 (VIOLATED)
_592_/A2                                1.500000    2.039049   -0.539049 (VIOLATED)
_795_/A                                 1.500000    2.039049   -0.539049 (VIOLATED)
_512_/A                                 1.500000    2.039048   -0.539048 (VIOLATED)
_515_/A1                                1.500000    2.039046   -0.539046 (VIOLATED)
_505_/A                                 1.500000    2.039045   -0.539045 (VIOLATED)
_589_/C                                 1.500000    1.944166   -0.444166 (VIOLATED)
_478_/A                                 1.500000    1.943938   -0.443938 (VIOLATED)
_373_/Y                                 1.494479    1.839891   -0.345412 (VIOLATED)
_436_/B                                 1.500000    1.841228   -0.341228 (VIOLATED)
_435_/B                                 1.500000    1.841227   -0.341227 (VIOLATED)
_437_/B                                 1.500000    1.841219   -0.341219 (VIOLATED)
_439_/B                                 1.500000    1.841218   -0.341218 (VIOLATED)
_438_/B                                 1.500000    1.841198   -0.341198 (VIOLATED)
_434_/B                                 1.500000    1.841181   -0.341181 (VIOLATED)
_433_/B                                 1.500000    1.841173   -0.341173 (VIOLATED)
_432_/B                                 1.500000    1.841170   -0.341170 (VIOLATED)
_431_/B                                 1.500000    1.841165   -0.341165 (VIOLATED)
_430_/B                                 1.500000    1.841125   -0.341125 (VIOLATED)
_429_/B                                 1.500000    1.841097   -0.341097 (VIOLATED)
_428_/B                                 1.500000    1.840981   -0.340982 (VIOLATED)
_427_/B                                 1.500000    1.840939   -0.340939 (VIOLATED)
_426_/B                                 1.500000    1.840813   -0.340813 (VIOLATED)
_425_/B                                 1.500000    1.840666   -0.340666 (VIOLATED)
_424_/B                                 1.500000    1.840608   -0.340608 (VIOLATED)
_423_/B                                 1.500000    1.840413   -0.340413 (VIOLATED)
_422_/B                                 1.500000    1.840378   -0.340378 (VIOLATED)
_410_/B1                                1.500000    1.840026   -0.340026 (VIOLATED)
_404_/B1                                1.500000    1.839966   -0.339966 (VIOLATED)
_392_/B1                                1.500000    1.839919   -0.339920 (VIOLATED)
wbs_dat_o[31]                           1.500000    1.829851   -0.329851 (VIOLATED)
_788_/Q                                 1.500000    1.828333   -0.328333 (VIOLATED)
wbs_dat_o[29]                           1.500000    1.773785   -0.273785 (VIOLATED)
_786_/Q                                 1.500000    1.772755   -0.272755 (VIOLATED)
wbs_dat_o[30]                           1.500000    1.765554   -0.265554 (VIOLATED)
_787_/Q                                 1.500000    1.764526   -0.264526 (VIOLATED)
wbs_dat_o[28]                           1.500000    1.746945   -0.246945 (VIOLATED)
_785_/Q                                 1.500000    1.745826   -0.245826 (VIOLATED)
_519_/B                                 1.500000    1.739967   -0.239967 (VIOLATED)
wbs_dat_o[27]                           1.500000    1.717278   -0.217278 (VIOLATED)
_784_/Q                                 1.500000    1.716411   -0.216411 (VIOLATED)
wbs_dat_o[26]                           1.500000    1.690153   -0.190153 (VIOLATED)
_783_/Q                                 1.500000    1.689577   -0.189577 (VIOLATED)
wbs_dat_o[3]                            1.500000    1.678790   -0.178791 (VIOLATED)
_760_/Q                                 1.500000    1.678529   -0.178529 (VIOLATED)
wbs_dat_o[24]                           1.500000    1.676377   -0.176377 (VIOLATED)
_781_/Q                                 1.500000    1.676123   -0.176123 (VIOLATED)
wbs_dat_o[0]                            1.500000    1.671827   -0.171827 (VIOLATED)
_757_/Q                                 1.500000    1.671569   -0.171569 (VIOLATED)
wbs_ack_o                               1.500000    1.667605   -0.167605 (VIOLATED)
_371_/A_N                               1.500000    1.667508   -0.167509 (VIOLATED)
_755_/Q                                 1.500000    1.667488   -0.167488 (VIOLATED)
wbs_dat_o[23]                           1.500000    1.666736   -0.166736 (VIOLATED)
_780_/Q                                 1.500000    1.666525   -0.166525 (VIOLATED)
wbs_dat_o[2]                            1.500000    1.663764   -0.163764 (VIOLATED)
_759_/Q                                 1.500000    1.663553   -0.163553 (VIOLATED)
wbs_dat_o[25]                           1.500000    1.651789   -0.151789 (VIOLATED)
_782_/Q                                 1.500000    1.651663   -0.151663 (VIOLATED)
wbs_dat_o[6]                            1.500000    1.648130   -0.148130 (VIOLATED)
_763_/Q                                 1.500000    1.648006   -0.148006 (VIOLATED)
wbs_dat_o[15]                           1.500000    1.647889   -0.147890 (VIOLATED)
_772_/Q                                 1.500000    1.647752   -0.147752 (VIOLATED)
wbs_dat_o[22]                           1.500000    1.646616   -0.146616 (VIOLATED)
wbs_dat_o[1]                            1.500000    1.646602   -0.146602 (VIOLATED)
_758_/Q                                 1.500000    1.646497   -0.146497 (VIOLATED)
_779_/Q                                 1.500000    1.646347   -0.146347 (VIOLATED)
wbs_dat_o[11]                           1.500000    1.645722   -0.145722 (VIOLATED)
wbs_dat_o[13]                           1.500000    1.645635   -0.145635 (VIOLATED)
_768_/Q                                 1.500000    1.645599   -0.145599 (VIOLATED)
_770_/Q                                 1.500000    1.645527   -0.145527 (VIOLATED)
wbs_dat_o[4]                            1.500000    1.645473   -0.145473 (VIOLATED)
_761_/Q                                 1.500000    1.645370   -0.145370 (VIOLATED)
wbs_dat_o[5]                            1.500000    1.645323   -0.145323 (VIOLATED)
_762_/Q                                 1.500000    1.645218   -0.145218 (VIOLATED)
wbs_dat_o[7]                            1.500000    1.644667   -0.144667 (VIOLATED)
wbs_dat_o[10]                           1.500000    1.644577   -0.144577 (VIOLATED)
_764_/Q                                 1.500000    1.644550   -0.144550 (VIOLATED)
_767_/Q                                 1.500000    1.644455   -0.144455 (VIOLATED)
wbs_dat_o[12]                           1.500000    1.644141   -0.144141 (VIOLATED)
wbs_dat_o[8]                            1.500000    1.644124   -0.144124 (VIOLATED)
wbs_dat_o[9]                            1.500000    1.644067   -0.144067 (VIOLATED)
_769_/Q                                 1.500000    1.644038   -0.144038 (VIOLATED)
_765_/Q                                 1.500000    1.644011   -0.144011 (VIOLATED)
_766_/Q                                 1.500000    1.643951   -0.143952 (VIOLATED)
wbs_dat_o[19]                           1.500000    1.643840   -0.143840 (VIOLATED)
_776_/Q                                 1.500000    1.643736   -0.143736 (VIOLATED)
wbs_dat_o[20]                           1.500000    1.643305   -0.143305 (VIOLATED)
_777_/Q                                 1.500000    1.643190   -0.143190 (VIOLATED)
wbs_dat_o[21]                           1.500000    1.641952   -0.141952 (VIOLATED)
_778_/Q                                 1.500000    1.641841   -0.141841 (VIOLATED)
wbs_dat_o[16]                           1.500000    1.641582   -0.141582 (VIOLATED)
wbs_dat_o[18]                           1.500000    1.641486   -0.141486 (VIOLATED)
_773_/Q                                 1.500000    1.641472   -0.141472 (VIOLATED)
wbs_dat_o[14]                           1.500000    1.641424   -0.141424 (VIOLATED)
_775_/Q                                 1.500000    1.641378   -0.141378 (VIOLATED)
_771_/Q                                 1.500000    1.641315   -0.141315 (VIOLATED)
wbs_dat_o[17]                           1.500000    1.640892   -0.140892 (VIOLATED)
_774_/Q                                 1.500000    1.640783   -0.140783 (VIOLATED)

max fanout

Pin                                   Limit Fanout  Slack
---------------------------------------------------------
wb_clk_i                                 10     95    -85 (VIOLATED)
wb_rst_i                                 10     60    -50 (VIOLATED)
_376_/Y                                  10     29    -19 (VIOLATED)
_373_/Y                                  10     21    -11 (VIOLATED)
_535_/Y                                  10     16     -6 (VIOLATED)
_611_/Y                                  10     16     -6 (VIOLATED)
_543_/Y                                  10     14     -4 (VIOLATED)
_368_/X                                  10     13     -3 (VIOLATED)
_375_/Y                                  10     12     -2 (VIOLATED)
_374_/X                                  10     11        (VIOLATED)
hold1/X                                  10     11        (VIOLATED)

max capacitance

Pin                                        Limit         Cap       Slack
------------------------------------------------------------------------
_793_/X                                 0.130015    0.635991   -0.505976 (VIOLATED)
_795_/X                                 0.130015    0.613392   -0.483377 (VIOLATED)
_479_/Y                                 0.052195    0.522537   -0.470342 (VIOLATED)
_796_/X                                 0.130015    0.504926   -0.374911 (VIOLATED)
_798_/X                                 0.130015    0.462970   -0.332955 (VIOLATED)
_797_/X                                 0.130015    0.449792   -0.319777 (VIOLATED)
_368_/X                                 0.157481    0.445767   -0.288286 (VIOLATED)
_356_/X                                 0.164805    0.413331   -0.248526 (VIOLATED)
_790_/X                                 0.130015    0.239262   -0.109247 (VIOLATED)
_792_/X                                 0.130015    0.191922   -0.061907 (VIOLATED)
_794_/X                                 0.130015    0.191814   -0.061799 (VIOLATED)
_791_/X                                 0.130015    0.191807   -0.061792 (VIOLATED)
_376_/Y                                 0.082407    0.135546   -0.053139 (VIOLATED)
_788_/Q                                 0.174876    0.213783   -0.038907 (VIOLATED)
_786_/Q                                 0.174876    0.208395   -0.033519 (VIOLATED)
_787_/Q                                 0.174876    0.207423   -0.032547 (VIOLATED)
_785_/Q                                 0.174876    0.205223   -0.030347 (VIOLATED)
_784_/Q                                 0.174876    0.201737   -0.026861 (VIOLATED)
_783_/Q                                 0.174876    0.198544   -0.023668 (VIOLATED)
_373_/Y                                 0.086070    0.107628   -0.021558 (VIOLATED)
_760_/Q                                 0.174876    0.196360   -0.021484 (VIOLATED)
_781_/Q                                 0.174876    0.196192   -0.021316 (VIOLATED)
_757_/Q                                 0.174876    0.195493   -0.020617 (VIOLATED)
_755_/Q                                 0.174876    0.195128   -0.020252 (VIOLATED)
_780_/Q                                 0.174876    0.195091   -0.020215 (VIOLATED)
_759_/Q                                 0.174876    0.194632   -0.019756 (VIOLATED)
_782_/Q                                 0.174876    0.193417   -0.018541 (VIOLATED)
_763_/Q                                 0.174876    0.192925   -0.018049 (VIOLATED)
_772_/Q                                 0.174876    0.192919   -0.018043 (VIOLATED)
_779_/Q                                 0.174876    0.192678   -0.017802 (VIOLATED)
_768_/Q                                 0.174876    0.192662   -0.017786 (VIOLATED)
_764_/Q                                 0.174876    0.192531   -0.017655 (VIOLATED)
_767_/Q                                 0.174876    0.192525   -0.017649 (VIOLATED)
_765_/Q                                 0.174876    0.192475   -0.017599 (VIOLATED)
_766_/Q                                 0.174876    0.192467   -0.017591 (VIOLATED)
_777_/Q                                 0.174876    0.192426   -0.017550 (VIOLATED)
_778_/Q                                 0.174876    0.192274   -0.017398 (VIOLATED)
_773_/Q                                 0.174876    0.192219   -0.017343 (VIOLATED)
_775_/Q                                 0.174876    0.192218   -0.017342 (VIOLATED)
_771_/Q                                 0.174876    0.192186   -0.017310 (VIOLATED)
_774_/Q                                 0.174876    0.192139   -0.017263 (VIOLATED)
_770_/Q                                 0.174876    0.192089   -0.017213 (VIOLATED)
_758_/Q                                 0.174876    0.192062   -0.017186 (VIOLATED)
_761_/Q                                 0.174876    0.192016   -0.017140 (VIOLATED)
_762_/Q                                 0.174876    0.191986   -0.017110 (VIOLATED)
_769_/Q                                 0.174876    0.191871   -0.016995 (VIOLATED)
_776_/Q                                 0.174876    0.191871   -0.016995 (VIOLATED)
_369_/Y                                 0.033884    0.048449   -0.014565 (VIOLATED)



===========================================================================
report_parasitic_annotation -report_unannotated
============================================================================
Found 568 unannotated drivers.
 analog_io[0]
 analog_io[10]
 analog_io[11]
 analog_io[12]
 analog_io[13]
 analog_io[14]
 analog_io[15]
 analog_io[16]
 analog_io[17]
 analog_io[18]
 analog_io[19]
 analog_io[1]
 analog_io[20]
 analog_io[21]
 analog_io[22]
 analog_io[23]
 analog_io[24]
 analog_io[25]
 analog_io[26]
 analog_io[27]
 analog_io[28]
 analog_io[2]
 analog_io[3]
 analog_io[4]
 analog_io[5]
 analog_io[6]
 analog_io[7]
 analog_io[8]
 analog_io[9]
 io_in[0]
 io_in[1]
 io_in[21]
 io_in[22]
 io_in[23]
 io_in[24]
 io_in[25]
 io_in[26]
 io_in[27]
 io_in[28]
 io_in[29]
 io_in[2]
 io_in[30]
 io_in[31]
 io_in[32]
 io_in[33]
 io_in[34]
 io_in[35]
 io_in[36]
 io_in[37]
 io_in[3]
 io_in[4]
 io_in[5]
 io_in[6]
 la_data_in[0]
 la_data_in[100]
 la_data_in[101]
 la_data_in[102]
 la_data_in[103]
 la_data_in[104]
 la_data_in[105]
 la_data_in[106]
 la_data_in[107]
 la_data_in[108]
 la_data_in[109]
 la_data_in[10]
 la_data_in[110]
 la_data_in[111]
 la_data_in[112]
 la_data_in[113]
 la_data_in[114]
 la_data_in[115]
 la_data_in[116]
 la_data_in[117]
 la_data_in[118]
 la_data_in[119]
 la_data_in[11]
 la_data_in[120]
 la_data_in[121]
 la_data_in[122]
 la_data_in[123]
 la_data_in[124]
 la_data_in[125]
 la_data_in[126]
 la_data_in[127]
 la_data_in[12]
 la_data_in[13]
 la_data_in[14]
 la_data_in[15]
 la_data_in[16]
 la_data_in[17]
 la_data_in[18]
 la_data_in[19]
 la_data_in[1]
 la_data_in[20]
 la_data_in[21]
 la_data_in[22]
 la_data_in[23]
 la_data_in[24]
 la_data_in[25]
 la_data_in[26]
 la_data_in[27]
 la_data_in[28]
 la_data_in[29]
 la_data_in[2]
 la_data_in[30]
 la_data_in[31]
 la_data_in[32]
 la_data_in[33]
 la_data_in[34]
 la_data_in[35]
 la_data_in[36]
 la_data_in[37]
 la_data_in[38]
 la_data_in[39]
 la_data_in[3]
 la_data_in[40]
 la_data_in[41]
 la_data_in[42]
 la_data_in[43]
 la_data_in[44]
 la_data_in[45]
 la_data_in[46]
 la_data_in[47]
 la_data_in[48]
 la_data_in[49]
 la_data_in[4]
 la_data_in[50]
 la_data_in[51]
 la_data_in[52]
 la_data_in[53]
 la_data_in[54]
 la_data_in[55]
 la_data_in[56]
 la_data_in[57]
 la_data_in[58]
 la_data_in[59]
 la_data_in[5]
 la_data_in[60]
 la_data_in[61]
 la_data_in[62]
 la_data_in[63]
 la_data_in[64]
 la_data_in[65]
 la_data_in[66]
 la_data_in[67]
 la_data_in[68]
 la_data_in[69]
 la_data_in[6]
 la_data_in[70]
 la_data_in[71]
 la_data_in[72]
 la_data_in[73]
 la_data_in[74]
 la_data_in[75]
 la_data_in[76]
 la_data_in[77]
 la_data_in[78]
 la_data_in[79]
 la_data_in[7]
 la_data_in[80]
 la_data_in[81]
 la_data_in[82]
 la_data_in[83]
 la_data_in[84]
 la_data_in[85]
 la_data_in[86]
 la_data_in[87]
 la_data_in[88]
 la_data_in[89]
 la_data_in[8]
 la_data_in[90]
 la_data_in[91]
 la_data_in[92]
 la_data_in[93]
 la_data_in[94]
 la_data_in[95]
 la_data_in[96]
 la_data_in[97]
 la_data_in[98]
 la_data_in[99]
 la_data_in[9]
 la_oenb[0]
 la_oenb[100]
 la_oenb[101]
 la_oenb[102]
 la_oenb[103]
 la_oenb[104]
 la_oenb[105]
 la_oenb[106]
 la_oenb[107]
 la_oenb[108]
 la_oenb[109]
 la_oenb[10]
 la_oenb[110]
 la_oenb[111]
 la_oenb[112]
 la_oenb[113]
 la_oenb[114]
 la_oenb[115]
 la_oenb[116]
 la_oenb[117]
 la_oenb[118]
 la_oenb[119]
 la_oenb[11]
 la_oenb[120]
 la_oenb[121]
 la_oenb[122]
 la_oenb[123]
 la_oenb[124]
 la_oenb[125]
 la_oenb[126]
 la_oenb[127]
 la_oenb[12]
 la_oenb[13]
 la_oenb[14]
 la_oenb[15]
 la_oenb[16]
 la_oenb[17]
 la_oenb[18]
 la_oenb[19]
 la_oenb[1]
 la_oenb[20]
 la_oenb[21]
 la_oenb[22]
 la_oenb[23]
 la_oenb[24]
 la_oenb[25]
 la_oenb[26]
 la_oenb[27]
 la_oenb[28]
 la_oenb[29]
 la_oenb[2]
 la_oenb[30]
 la_oenb[31]
 la_oenb[32]
 la_oenb[33]
 la_oenb[34]
 la_oenb[35]
 la_oenb[36]
 la_oenb[37]
 la_oenb[38]
 la_oenb[39]
 la_oenb[3]
 la_oenb[40]
 la_oenb[41]
 la_oenb[42]
 la_oenb[43]
 la_oenb[44]
 la_oenb[45]
 la_oenb[46]
 la_oenb[47]
 la_oenb[48]
 la_oenb[49]
 la_oenb[4]
 la_oenb[50]
 la_oenb[51]
 la_oenb[52]
 la_oenb[53]
 la_oenb[54]
 la_oenb[55]
 la_oenb[56]
 la_oenb[57]
 la_oenb[58]
 la_oenb[59]
 la_oenb[5]
 la_oenb[60]
 la_oenb[61]
 la_oenb[62]
 la_oenb[63]
 la_oenb[64]
 la_oenb[65]
 la_oenb[66]
 la_oenb[67]
 la_oenb[68]
 la_oenb[69]
 la_oenb[6]
 la_oenb[70]
 la_oenb[71]
 la_oenb[72]
 la_oenb[73]
 la_oenb[74]
 la_oenb[75]
 la_oenb[76]
 la_oenb[77]
 la_oenb[78]
 la_oenb[79]
 la_oenb[7]
 la_oenb[80]
 la_oenb[81]
 la_oenb[82]
 la_oenb[83]
 la_oenb[84]
 la_oenb[85]
 la_oenb[86]
 la_oenb[87]
 la_oenb[88]
 la_oenb[89]
 la_oenb[8]
 la_oenb[90]
 la_oenb[91]
 la_oenb[92]
 la_oenb[93]
 la_oenb[94]
 la_oenb[95]
 la_oenb[96]
 la_oenb[97]
 la_oenb[98]
 la_oenb[99]
 la_oenb[9]
 user_clock2
 wbs_adr_i[0]
 wbs_adr_i[10]
 wbs_adr_i[11]
 wbs_adr_i[12]
 wbs_adr_i[13]
 wbs_adr_i[14]
 wbs_adr_i[15]
 wbs_adr_i[16]
 wbs_adr_i[17]
 wbs_adr_i[18]
 wbs_adr_i[19]
 wbs_adr_i[1]
 wbs_adr_i[20]
 wbs_adr_i[21]
 wbs_adr_i[22]
 wbs_adr_i[23]
 wbs_adr_i[24]
 wbs_adr_i[25]
 wbs_adr_i[26]
 wbs_adr_i[27]
 wbs_adr_i[28]
 wbs_adr_i[29]
 wbs_adr_i[30]
 wbs_adr_i[31]
 wbs_adr_i[4]
 wbs_adr_i[5]
 wbs_adr_i[6]
 wbs_adr_i[7]
 wbs_adr_i[8]
 wbs_adr_i[9]
 wbs_dat_i[10]
 wbs_dat_i[11]
 wbs_dat_i[12]
 wbs_dat_i[13]
 wbs_dat_i[14]
 wbs_dat_i[15]
 wbs_dat_i[16]
 wbs_dat_i[17]
 wbs_dat_i[18]
 wbs_dat_i[19]
 wbs_dat_i[20]
 wbs_dat_i[21]
 wbs_dat_i[22]
 wbs_dat_i[23]
 wbs_dat_i[24]
 wbs_dat_i[25]
 wbs_dat_i[26]
 wbs_dat_i[27]
 wbs_dat_i[28]
 wbs_dat_i[29]
 wbs_dat_i[30]
 wbs_dat_i[31]
 wbs_dat_i[5]
 wbs_dat_i[6]
 wbs_dat_i[7]
 wbs_dat_i[8]
 wbs_dat_i[9]
 wbs_sel_i[1]
 wbs_sel_i[2]
 wbs_sel_i[3]
 gen_irq\[1\].u_tie_irq/HI
 gen_irq\[2\].u_tie_irq/HI
 gen_la\[0\].u_tie_la/HI
 gen_la\[100\].u_tie_la/HI
 gen_la\[101\].u_tie_la/HI
 gen_la\[102\].u_tie_la/HI
 gen_la\[103\].u_tie_la/HI
 gen_la\[104\].u_tie_la/HI
 gen_la\[105\].u_tie_la/HI
 gen_la\[106\].u_tie_la/HI
 gen_la\[107\].u_tie_la/HI
 gen_la\[108\].u_tie_la/HI
 gen_la\[109\].u_tie_la/HI
 gen_la\[10\].u_tie_la/HI
 gen_la\[110\].u_tie_la/HI
 gen_la\[111\].u_tie_la/HI
 gen_la\[112\].u_tie_la/HI
 gen_la\[113\].u_tie_la/HI
 gen_la\[114\].u_tie_la/HI
 gen_la\[115\].u_tie_la/HI
 gen_la\[116\].u_tie_la/HI
 gen_la\[117\].u_tie_la/HI
 gen_la\[118\].u_tie_la/HI
 gen_la\[119\].u_tie_la/HI
 gen_la\[11\].u_tie_la/HI
 gen_la\[120\].u_tie_la/HI
 gen_la\[121\].u_tie_la/HI
 gen_la\[122\].u_tie_la/HI
 gen_la\[123\].u_tie_la/HI
 gen_la\[124\].u_tie_la/HI
 gen_la\[125\].u_tie_la/HI
 gen_la\[126\].u_tie_la/HI
 gen_la\[127\].u_tie_la/HI
 gen_la\[12\].u_tie_la/HI
 gen_la\[13\].u_tie_la/HI
 gen_la\[14\].u_tie_la/HI
 gen_la\[15\].u_tie_la/HI
 gen_la\[16\].u_tie_la/HI
 gen_la\[17\].u_tie_la/HI
 gen_la\[18\].u_tie_la/HI
 gen_la\[19\].u_tie_la/HI
 gen_la\[1\].u_tie_la/HI
 gen_la\[20\].u_tie_la/HI
 gen_la\[21\].u_tie_la/HI
 gen_la\[22\].u_tie_la/HI
 gen_la\[23\].u_tie_la/HI
 gen_la\[24\].u_tie_la/HI
 gen_la\[25\].u_tie_la/HI
 gen_la\[26\].u_tie_la/HI
 gen_la\[27\].u_tie_la/HI
 gen_la\[28\].u_tie_la/HI
 gen_la\[29\].u_tie_la/HI
 gen_la\[2\].u_tie_la/HI
 gen_la\[30\].u_tie_la/HI
 gen_la\[31\].u_tie_la/HI
 gen_la\[32\].u_tie_la/HI
 gen_la\[33\].u_tie_la/HI
 gen_la\[34\].u_tie_la/HI
 gen_la\[35\].u_tie_la/HI
 gen_la\[36\].u_tie_la/HI
 gen_la\[37\].u_tie_la/HI
 gen_la\[38\].u_tie_la/HI
 gen_la\[39\].u_tie_la/HI
 gen_la\[3\].u_tie_la/HI
 gen_la\[40\].u_tie_la/HI
 gen_la\[41\].u_tie_la/HI
 gen_la\[42\].u_tie_la/HI
 gen_la\[43\].u_tie_la/HI
 gen_la\[44\].u_tie_la/HI
 gen_la\[45\].u_tie_la/HI
 gen_la\[46\].u_tie_la/HI
 gen_la\[47\].u_tie_la/HI
 gen_la\[48\].u_tie_la/HI
 gen_la\[49\].u_tie_la/HI
 gen_la\[4\].u_tie_la/HI
 gen_la\[50\].u_tie_la/HI
 gen_la\[51\].u_tie_la/HI
 gen_la\[52\].u_tie_la/HI
 gen_la\[53\].u_tie_la/HI
 gen_la\[54\].u_tie_la/HI
 gen_la\[55\].u_tie_la/HI
 gen_la\[56\].u_tie_la/HI
 gen_la\[57\].u_tie_la/HI
 gen_la\[58\].u_tie_la/HI
 gen_la\[59\].u_tie_la/HI
 gen_la\[5\].u_tie_la/HI
 gen_la\[60\].u_tie_la/HI
 gen_la\[61\].u_tie_la/HI
 gen_la\[62\].u_tie_la/HI
 gen_la\[63\].u_tie_la/HI
 gen_la\[64\].u_tie_la/HI
 gen_la\[65\].u_tie_la/HI
 gen_la\[66\].u_tie_la/HI
 gen_la\[67\].u_tie_la/HI
 gen_la\[68\].u_tie_la/HI
 gen_la\[69\].u_tie_la/HI
 gen_la\[6\].u_tie_la/HI
 gen_la\[70\].u_tie_la/HI
 gen_la\[71\].u_tie_la/HI
 gen_la\[72\].u_tie_la/HI
 gen_la\[73\].u_tie_la/HI
 gen_la\[74\].u_tie_la/HI
 gen_la\[75\].u_tie_la/HI
 gen_la\[76\].u_tie_la/HI
 gen_la\[77\].u_tie_la/HI
 gen_la\[78\].u_tie_la/HI
 gen_la\[79\].u_tie_la/HI
 gen_la\[7\].u_tie_la/HI
 gen_la\[80\].u_tie_la/HI
 gen_la\[81\].u_tie_la/HI
 gen_la\[82\].u_tie_la/HI
 gen_la\[83\].u_tie_la/HI
 gen_la\[84\].u_tie_la/HI
 gen_la\[85\].u_tie_la/HI
 gen_la\[86\].u_tie_la/HI
 gen_la\[87\].u_tie_la/HI
 gen_la\[88\].u_tie_la/HI
 gen_la\[89\].u_tie_la/HI
 gen_la\[8\].u_tie_la/HI
 gen_la\[90\].u_tie_la/HI
 gen_la\[91\].u_tie_la/HI
 gen_la\[92\].u_tie_la/HI
 gen_la\[93\].u_tie_la/HI
 gen_la\[94\].u_tie_la/HI
 gen_la\[95\].u_tie_la/HI
 gen_la\[96\].u_tie_la/HI
 gen_la\[97\].u_tie_la/HI
 gen_la\[98\].u_tie_la/HI
 gen_la\[99\].u_tie_la/HI
 gen_la\[9\].u_tie_la/HI
 genblk3\[0\].u_tie_io_out_low0/HI
 genblk3\[1\].u_tie_io_out_low0/HI
 genblk3\[2\].u_tie_io_out_low0/HI
 genblk3\[3\].u_tie_io_out_low0/HI
 genblk3\[4\].u_tie_io_out_low0/HI
 genblk4\[10\].u_tie_io_out_low1/HI
 genblk4\[11\].u_tie_io_out_low1/HI
 genblk4\[12\].u_tie_io_out_low1/HI
 genblk4\[13\].u_tie_io_out_low1/HI
 genblk4\[14\].u_tie_io_out_low1/HI
 genblk4\[15\].u_tie_io_out_low1/HI
 genblk4\[16\].u_tie_io_out_low1/HI
 genblk4\[17\].u_tie_io_out_low1/HI
 genblk4\[18\].u_tie_io_out_low1/HI
 genblk4\[19\].u_tie_io_out_low1/HI
 genblk4\[20\].u_tie_io_out_low1/HI
 genblk4\[5\].u_tie_io_out_low1/HI
 genblk4\[6\].u_tie_io_out_low1/HI
 genblk4\[7\].u_tie_io_out_low1/HI
 genblk4\[8\].u_tie_io_out_low1/HI
 genblk4\[9\].u_tie_io_out_low1/HI
 genblk5\[29\].u_tie_io_out_low2/HI
 genblk5\[30\].u_tie_io_out_low2/HI
 genblk5\[31\].u_tie_io_out_low2/HI
 genblk5\[32\].u_tie_io_out_low2/HI
 genblk5\[33\].u_tie_io_out_low2/HI
 genblk5\[34\].u_tie_io_out_low2/HI
 genblk5\[35\].u_tie_io_out_low2/HI
 genblk5\[36\].u_tie_io_out_low2/HI
 genblk5\[37\].u_tie_io_out_low2/HI
 genblk6\[0\].u_tie_io_oeb_hi0/LO
 genblk6\[1\].u_tie_io_oeb_hi0/LO
 genblk6\[2\].u_tie_io_oeb_hi0/LO
 genblk6\[3\].u_tie_io_oeb_hi0/LO
 genblk6\[4\].u_tie_io_oeb_hi0/LO
 genblk7\[10\].u_tie_io_oeb_hi1/LO
 genblk7\[11\].u_tie_io_oeb_hi1/LO
 genblk7\[12\].u_tie_io_oeb_hi1/LO
 genblk7\[13\].u_tie_io_oeb_hi1/LO
 genblk7\[14\].u_tie_io_oeb_hi1/LO
 genblk7\[15\].u_tie_io_oeb_hi1/LO
 genblk7\[16\].u_tie_io_oeb_hi1/LO
 genblk7\[17\].u_tie_io_oeb_hi1/LO
 genblk7\[18\].u_tie_io_oeb_hi1/LO
 genblk7\[19\].u_tie_io_oeb_hi1/LO
 genblk7\[20\].u_tie_io_oeb_hi1/LO
 genblk7\[5\].u_tie_io_oeb_hi1/LO
 genblk7\[6\].u_tie_io_oeb_hi1/LO
 genblk7\[7\].u_tie_io_oeb_hi1/LO
 genblk7\[8\].u_tie_io_oeb_hi1/LO
 genblk7\[9\].u_tie_io_oeb_hi1/LO
 genblk8\[21\].u_tie_io_oeb_lo2/HI
 genblk8\[22\].u_tie_io_oeb_lo2/HI
 genblk8\[23\].u_tie_io_oeb_lo2/HI
 genblk8\[24\].u_tie_io_oeb_lo2/HI
 genblk8\[25\].u_tie_io_oeb_lo2/HI
 genblk8\[26\].u_tie_io_oeb_lo2/HI
 genblk8\[27\].u_tie_io_oeb_lo2/HI
 genblk8\[28\].u_tie_io_oeb_lo2/HI
 genblk9\[29\].u_tie_io_oeb_hi3/LO
 genblk9\[30\].u_tie_io_oeb_hi3/LO
 genblk9\[31\].u_tie_io_oeb_hi3/LO
 genblk9\[32\].u_tie_io_oeb_hi3/LO
 genblk9\[33\].u_tie_io_oeb_hi3/LO
 genblk9\[34\].u_tie_io_oeb_hi3/LO
 genblk9\[35\].u_tie_io_oeb_hi3/LO
 genblk9\[36\].u_tie_io_oeb_hi3/LO
 genblk9\[37\].u_tie_io_oeb_hi3/LO
Found 0 partially unannotated drivers.

===========================================================================
max slew violation count 200
max fanout violation count 11
max cap violation count 48
============================================================================

===========================================================================
check_setup -verbose -unconstrained_endpoints -multiple_clock -no_clock -no_input_delay -loops -generated_clocks
===========================================================================
Warning: There are 68 input ports missing set_input_delay.
  analog_io[0]
  analog_io[10]
  analog_io[11]
  analog_io[12]
  analog_io[13]
  analog_io[14]
  analog_io[15]
  analog_io[16]
  analog_io[17]
  analog_io[18]
  analog_io[19]
  analog_io[1]
  analog_io[20]
  analog_io[21]
  analog_io[22]
  analog_io[23]
  analog_io[24]
  analog_io[25]
  analog_io[26]
  analog_io[27]
  analog_io[28]
  analog_io[2]
  analog_io[3]
  analog_io[4]
  analog_io[5]
  analog_io[6]
  analog_io[7]
  analog_io[8]
  analog_io[9]
  io_in[0]
  io_in[10]
  io_in[11]
  io_in[12]
  io_in[13]
  io_in[14]
  io_in[15]
  io_in[16]
  io_in[17]
  io_in[18]
  io_in[19]
  io_in[1]
  io_in[20]
  io_in[21]
  io_in[22]
  io_in[23]
  io_in[24]
  io_in[25]
  io_in[26]
  io_in[27]
  io_in[28]
  io_in[29]
  io_in[2]
  io_in[30]
  io_in[31]
  io_in[32]
  io_in[33]
  io_in[34]
  io_in[35]
  io_in[36]
  io_in[37]
  io_in[3]
  io_in[4]
  io_in[5]
  io_in[6]
  io_in[7]
  io_in[8]
  io_in[9]
  user_clock2
Warning: There are 235 unconstrained endpoints.
  analog_io[0]
  analog_io[10]
  analog_io[11]
  analog_io[12]
  analog_io[13]
  analog_io[14]
  analog_io[15]
  analog_io[16]
  analog_io[17]
  analog_io[18]
  analog_io[19]
  analog_io[1]
  analog_io[20]
  analog_io[21]
  analog_io[22]
  analog_io[23]
  analog_io[24]
  analog_io[25]
  analog_io[26]
  analog_io[27]
  analog_io[28]
  analog_io[2]
  analog_io[3]
  analog_io[4]
  analog_io[5]
  analog_io[6]
  analog_io[7]
  analog_io[8]
  analog_io[9]
  io_oeb[0]
  io_oeb[10]
  io_oeb[11]
  io_oeb[12]
  io_oeb[13]
  io_oeb[14]
  io_oeb[15]
  io_oeb[16]
  io_oeb[17]
  io_oeb[18]
  io_oeb[19]
  io_oeb[1]
  io_oeb[20]
  io_oeb[21]
  io_oeb[22]
  io_oeb[23]
  io_oeb[24]
  io_oeb[25]
  io_oeb[26]
  io_oeb[27]
  io_oeb[28]
  io_oeb[29]
  io_oeb[2]
  io_oeb[30]
  io_oeb[31]
  io_oeb[32]
  io_oeb[33]
  io_oeb[34]
  io_oeb[35]
  io_oeb[36]
  io_oeb[37]
  io_oeb[3]
  io_oeb[4]
  io_oeb[5]
  io_oeb[6]
  io_oeb[7]
  io_oeb[8]
  io_oeb[9]
  io_out[0]
  io_out[10]
  io_out[11]
  io_out[12]
  io_out[13]
  io_out[14]
  io_out[15]
  io_out[16]
  io_out[17]
  io_out[18]
  io_out[19]
  io_out[1]
  io_out[20]
  io_out[21]
  io_out[22]
  io_out[23]
  io_out[24]
  io_out[25]
  io_out[26]
  io_out[27]
  io_out[28]
  io_out[29]
  io_out[2]
  io_out[30]
  io_out[31]
  io_out[32]
  io_out[33]
  io_out[34]
  io_out[35]
  io_out[36]
  io_out[37]
  io_out[3]
  io_out[4]
  io_out[5]
  io_out[6]
  io_out[7]
  io_out[8]
  io_out[9]
  la_data_out[0]
  la_data_out[100]
  la_data_out[101]
  la_data_out[102]
  la_data_out[103]
  la_data_out[104]
  la_data_out[105]
  la_data_out[106]
  la_data_out[107]
  la_data_out[108]
  la_data_out[109]
  la_data_out[10]
  la_data_out[110]
  la_data_out[111]
  la_data_out[112]
  la_data_out[113]
  la_data_out[114]
  la_data_out[115]
  la_data_out[116]
  la_data_out[117]
  la_data_out[118]
  la_data_out[119]
  la_data_out[11]
  la_data_out[120]
  la_data_out[121]
  la_data_out[122]
  la_data_out[123]
  la_data_out[124]
  la_data_out[125]
  la_data_out[126]
  la_data_out[127]
  la_data_out[12]
  la_data_out[13]
  la_data_out[14]
  la_data_out[15]
  la_data_out[16]
  la_data_out[17]
  la_data_out[18]
  la_data_out[19]
  la_data_out[1]
  la_data_out[20]
  la_data_out[21]
  la_data_out[22]
  la_data_out[23]
  la_data_out[24]
  la_data_out[25]
  la_data_out[26]
  la_data_out[27]
  la_data_out[28]
  la_data_out[29]
  la_data_out[2]
  la_data_out[30]
  la_data_out[31]
  la_data_out[32]
  la_data_out[33]
  la_data_out[34]
  la_data_out[35]
  la_data_out[36]
  la_data_out[37]
  la_data_out[38]
  la_data_out[39]
  la_data_out[3]
  la_data_out[40]
  la_data_out[41]
  la_data_out[42]
  la_data_out[43]
  la_data_out[44]
  la_data_out[45]
  la_data_out[46]
  la_data_out[47]
  la_data_out[48]
  la_data_out[49]
  la_data_out[4]
  la_data_out[50]
  la_data_out[51]
  la_data_out[52]
  la_data_out[53]
  la_data_out[54]
  la_data_out[55]
  la_data_out[56]
  la_data_out[57]
  la_data_out[58]
  la_data_out[59]
  la_data_out[5]
  la_data_out[60]
  la_data_out[61]
  la_data_out[62]
  la_data_out[63]
  la_data_out[64]
  la_data_out[65]
  la_data_out[66]
  la_data_out[67]
  la_data_out[68]
  la_data_out[69]
  la_data_out[6]
  la_data_out[70]
  la_data_out[71]
  la_data_out[72]
  la_data_out[73]
  la_data_out[74]
  la_data_out[75]
  la_data_out[76]
  la_data_out[77]
  la_data_out[78]
  la_data_out[79]
  la_data_out[7]
  la_data_out[80]
  la_data_out[81]
  la_data_out[82]
  la_data_out[83]
  la_data_out[84]
  la_data_out[85]
  la_data_out[86]
  la_data_out[87]
  la_data_out[88]
  la_data_out[89]
  la_data_out[8]
  la_data_out[90]
  la_data_out[91]
  la_data_out[92]
  la_data_out[93]
  la_data_out[94]
  la_data_out[95]
  la_data_out[96]
  la_data_out[97]
  la_data_out[98]
  la_data_out[99]
  la_data_out[9]
  user_irq[1]
  user_irq[2]
