Clock: wb_clk_i
Sources: wb_clk_i 
Generated: no
Virtual: yes
Propagated: no
Period: 25.000000

===========================================================================
report_clock_properties
============================================================================
Clock                   Period          Waveform
----------------------------------------------------
wb_clk_i             25.000000    0.000000 12.500000

===========================================================================
report_clock_latency
============================================================================
Clock wb_clk_i
rise -> rise
    min     max
0.000000 0.000000 source latency
1.626160         network latency u_hsm/clk
        1.626160 network latency u_hsm/clk
---------------
1.626160 1.626160 latency
        0.000000 skew

fall -> fall
    min     max
0.000000 0.000000 source latency
1.046261         network latency u_hsm/clk
        1.046261 network latency u_hsm/clk
---------------
1.046261 1.046261 latency
        0.000000 skew



===========================================================================
report_clock_min_period
============================================================================
wb_clk_i period_min = 0.00 fmax = inf
