
===========================================================================
 report_power
============================================================================
======================= max_tt_025C_1v80 Corner ===================================

Group                    Internal    Switching      Leakage        Total
                            Power        Power        Power        Power (Watts)
------------------------------------------------------------------------
Sequential           1.590882e-04 9.596982e-06 9.959484e-10 1.686862e-04  77.0%
Combinational        8.623862e-06 4.180103e-05 1.895045e-09 5.042679e-05  23.0%
Clock                0.000000e+00 0.000000e+00 8.333459e-09 8.333459e-09   0.0%
Macro                0.000000e+00 0.000000e+00 0.000000e+00 0.000000e+00   0.0%
Pad                  0.000000e+00 0.000000e+00 0.000000e+00 0.000000e+00   0.0%
------------------------------------------------------------------------
Total                1.677120e-04 5.139802e-05 1.122449e-08 2.191212e-04 100.0%
                            76.5%        23.5%         0.0%

