┏━━━━━━━━━━━━━━━━━━━━━━┳━━━━━━━━━━┳━━━━━━━━━━┳━━━━━━━━━━┳━━━━━━━━━━┳━━━━━━━━━━━┳━━━━━━━━━━┳━━━━━━━━━━━┳━━━━━━━━━━┳━━━━━━━━━━━┳━━━━━━━━━━┳━━━━━━━━━━━┳━━━━━━━━━━┓
┃                      ┃ Hold     ┃ Reg to   ┃          ┃          ┃ of which  ┃ Setup    ┃           ┃          ┃           ┃ of which ┃           ┃          ┃
┃                      ┃ Worst    ┃ Reg      ┃          ┃ Hold Vio ┃ reg to    ┃ Worst    ┃ Reg to    ┃ Setup    ┃ Setup Vio ┃ reg to   ┃ Max Cap   ┃ Max Slew ┃
┃ Corner/Group         ┃ Slack    ┃ Paths    ┃ Hold TNS ┃ Count    ┃ reg       ┃ Slack    ┃ Reg Paths ┃ TNS      ┃ Count     ┃ reg      ┃ Violatio… ┃ Violati… ┃
┡━━━━━━━━━━━━━━━━━━━━━━╇━━━━━━━━━━╇━━━━━━━━━━╇━━━━━━━━━━╇━━━━━━━━━━╇━━━━━━━━━━━╇━━━━━━━━━━╇━━━━━━━━━━━╇━━━━━━━━━━╇━━━━━━━━━━━╇━━━━━━━━━━╇━━━━━━━━━━━╇━━━━━━━━━━┩
│ Overall              │ 1.5228   │ N/A      │ 0.0000   │ 0        │ 0         │ 11.6984  │ N/A       │ 0.0000   │ 0         │ 0        │ 111       │ 213      │
│ nom_tt_025C_1v80     │ 2.2547   │ N/A      │ 0.0000   │ 0        │ 0         │ 12.8070  │ N/A       │ 0.0000   │ 0         │ 0        │ 102       │ 121      │
│ nom_ss_100C_1v60     │ 1.6041   │ N/A      │ 0.0000   │ 0        │ 0         │ 11.9868  │ N/A       │ 0.0000   │ 0         │ 0        │ 102       │ 195      │
│ nom_ff_n40C_1v95     │ 2.4899   │ N/A      │ 0.0000   │ 0        │ 0         │ 13.1111  │ N/A       │ 0.0000   │ 0         │ 0        │ 102       │ 115      │
│ min_tt_025C_1v80     │ 2.3329   │ N/A      │ 0.0000   │ 0        │ 0         │ 13.1157  │ N/A       │ 0.0000   │ 0         │ 0        │ 85        │ 120      │
│ min_ss_100C_1v60     │ 1.6959   │ N/A      │ 0.0000   │ 0        │ 0         │ 12.3200  │ N/A       │ 0.0000   │ 0         │ 0        │ 85        │ 158      │
│ min_ff_n40C_1v95     │ 2.5682   │ N/A      │ 0.0000   │ 0        │ 0         │ 13.4181  │ N/A       │ 0.0000   │ 0         │ 0        │ 85        │ 109      │
│ max_tt_025C_1v80     │ 2.1639   │ N/A      │ 0.0000   │ 0        │ 0         │ 12.5312  │ N/A       │ 0.0000   │ 0         │ 0        │ 111       │ 125      │
│ max_ss_100C_1v60     │ 1.5228   │ N/A      │ 0.0000   │ 0        │ 0         │ 11.6984  │ N/A       │ 0.0000   │ 0         │ 0        │ 111       │ 213      │
│ max_ff_n40C_1v95     │ 2.4006   │ N/A      │ 0.0000   │ 0        │ 0         │ 12.8410  │ N/A       │ 0.0000   │ 0         │ 0        │ 111       │ 118      │
└──────────────────────┴──────────┴──────────┴──────────┴──────────┴───────────┴──────────┴───────────┴──────────┴───────────┴──────────┴───────────┴──────────┘
