┏━━━━━━━━━━━━━━━━━━━━━━┳━━━━━━━━━━┳━━━━━━━━━━┳━━━━━━━━━━┳━━━━━━━━━━┳━━━━━━━━━━━┳━━━━━━━━━━┳━━━━━━━━━━━┳━━━━━━━━━━┳━━━━━━━━━━━┳━━━━━━━━━━┳━━━━━━━━━━━┳━━━━━━━━━━┓
┃                      ┃ Hold     ┃ Reg to   ┃          ┃          ┃ of which  ┃ Setup    ┃           ┃          ┃           ┃ of which ┃           ┃          ┃
┃                      ┃ Worst    ┃ Reg      ┃          ┃ Hold Vio ┃ reg to    ┃ Worst    ┃ Reg to    ┃ Setup    ┃ Setup Vio ┃ reg to   ┃ Max Cap   ┃ Max Slew ┃
┃ Corner/Group         ┃ Slack    ┃ Paths    ┃ Hold TNS ┃ Count    ┃ reg       ┃ Slack    ┃ Reg Paths ┃ TNS      ┃ Count     ┃ reg      ┃ Violatio… ┃ Violati… ┃
┡━━━━━━━━━━━━━━━━━━━━━━╇━━━━━━━━━━╇━━━━━━━━━━╇━━━━━━━━━━╇━━━━━━━━━━╇━━━━━━━━━━━╇━━━━━━━━━━╇━━━━━━━━━━━╇━━━━━━━━━━╇━━━━━━━━━━━╇━━━━━━━━━━╇━━━━━━━━━━━╇━━━━━━━━━━┩
│ Overall              │ 3.2882   │ N/A      │ 0.0000   │ 0        │ 0         │ 13.8930  │ N/A       │ 0.0000   │ 0         │ 0        │ 127       │ 250      │
│ nom_tt_025C_1v80     │ 3.7267   │ N/A      │ 0.0000   │ 0        │ 0         │ 14.7947  │ N/A       │ 0.0000   │ 0         │ 0        │ 125       │ 170      │
│ nom_ss_100C_1v60     │ 3.3387   │ N/A      │ 0.0000   │ 0        │ 0         │ 14.1247  │ N/A       │ 0.0000   │ 0         │ 0        │ 125       │ 236      │
│ nom_ff_n40C_1v95     │ 3.8889   │ N/A      │ 0.0000   │ 0        │ 0         │ 15.0503  │ N/A       │ 0.0000   │ 0         │ 0        │ 125       │ 93       │
│ min_tt_025C_1v80     │ 3.7765   │ N/A      │ 0.0000   │ 0        │ 0         │ 15.0336  │ N/A       │ 0.0000   │ 0         │ 0        │ 123       │ 125      │
│ min_ss_100C_1v60     │ 3.4076   │ N/A      │ 0.0000   │ 0        │ 0         │ 14.4001  │ N/A       │ 0.0000   │ 0         │ 0        │ 123       │ 215      │
│ min_ff_n40C_1v95     │ 3.9363   │ N/A      │ 0.0000   │ 0        │ 0         │ 15.2819  │ N/A       │ 0.0000   │ 0         │ 0        │ 123       │ 60       │
│ max_tt_025C_1v80     │ 3.6852   │ N/A      │ 0.0000   │ 0        │ 0         │ 14.5922  │ N/A       │ 0.0000   │ 0         │ 0        │ 127       │ 200      │
│ max_ss_100C_1v60     │ 3.2882   │ N/A      │ 0.0000   │ 0        │ 0         │ 13.8930  │ N/A       │ 0.0000   │ 0         │ 0        │ 127       │ 250      │
│ max_ff_n40C_1v95     │ 3.8467   │ N/A      │ 0.0000   │ 0        │ 0         │ 14.8529  │ N/A       │ 0.0000   │ 0         │ 0        │ 127       │ 129      │
└──────────────────────┴──────────┴──────────┴──────────┴──────────┴───────────┴──────────┴───────────┴──────────┴───────────┴──────────┴───────────┴──────────┘
