Clock: clk
Sources: clk 
Generated: no
Virtual: yes
Propagated: no
Period: 40.000000

===========================================================================
report_clock_properties
============================================================================
Clock                   Period          Waveform
----------------------------------------------------
clk                  40.000000    0.000000 20.000000

===========================================================================
report_clock_latency
============================================================================
Clock clk
rise -> rise
    min     max
0.000000 0.000000 source latency
2.838476         network latency _52870_/CLK
        3.372665 network latency _54413_/CLK
---------------
2.838476 3.372665 latency
        0.534189 skew

fall -> fall
    min     max
0.000000 0.000000 source latency
2.239824         network latency _52870_/CLK
        2.708191 network latency _54413_/CLK
---------------
2.239824 2.708191 latency
        0.468367 skew



===========================================================================
report_clock_min_period
============================================================================
clk period_min = 19.54 fmax = 51.19
