
===========================================================================
 report_power
============================================================================
======================= max_ss_100C_1v60 Corner ===================================

Group                    Internal    Switching      Leakage        Total
                            Power        Power        Power        Power (Watts)
------------------------------------------------------------------------
Sequential           2.593257e-03 3.829323e-04 5.558964e-05 3.031780e-03   5.3%
Combinational        1.786242e-02 3.318424e-02 1.480992e-04 5.119475e-02  90.2%
Clock                1.248105e-03 1.282835e-03 8.102633e-06 2.539042e-03   4.5%
Macro                0.000000e+00 0.000000e+00 0.000000e+00 0.000000e+00   0.0%
Pad                  0.000000e+00 0.000000e+00 0.000000e+00 0.000000e+00   0.0%
------------------------------------------------------------------------
Total                2.170357e-02 3.485002e-02 2.117893e-04 5.676538e-02 100.0%
                            38.2%        61.4%         0.4%

