
===========================================================================
report_checks -unconstrained
===========================================================================
======================= min_ss_100C_1v60 Corner ===================================

Startpoint: _432_ (rising edge-triggered flip-flop clocked by clk)
Endpoint: unlock_enable (output port clocked by clk)
Path Group: clk
Path Type: max

Fanout         Cap        Slew       Delay        Time   Description
---------------------------------------------------------------------------------------------
                                  0.000000    0.000000   clock clk (rise edge)
                                  0.000000    0.000000   clock source latency
     1    0.017776    0.134618    0.091311    0.091311 ^ clk (in)
                                                         clk (net)
                      0.134627    0.000000    0.091311 ^ clkbuf_0_clk/A (sky130_fd_sc_hd__clkbuf_16)
     4    0.040447    0.095127    0.280257    0.371568 ^ clkbuf_0_clk/X (sky130_fd_sc_hd__clkbuf_16)
                                                         clknet_0_clk (net)
                      0.095127    0.000279    0.371847 ^ clkbuf_2_3__f_clk/A (sky130_fd_sc_hd__clkbuf_16)
    14    0.042634    0.097422    0.264888    0.636734 ^ clkbuf_2_3__f_clk/X (sky130_fd_sc_hd__clkbuf_16)
                                                         clknet_2_3__leaf_clk (net)
                      0.097426    0.000269    0.637003 ^ _432_/CLK (sky130_fd_sc_hd__dfxtp_1)
     4    0.008941    0.151444    0.702854    1.339858 ^ _432_/Q (sky130_fd_sc_hd__dfxtp_1)
                                                         net21 (net)
                      0.151444    0.000049    1.339906 ^ hold11/A (sky130_fd_sc_hd__dlygate4sd3_1)
     1    0.004693    0.122082    1.101402    2.441308 ^ hold11/X (sky130_fd_sc_hd__dlygate4sd3_1)
                                                         net93 (net)
                      0.122082    0.000017    2.441325 ^ _211_/A (sky130_fd_sc_hd__inv_2)
     6    0.018745    0.087267    0.128844    2.570169 v _211_/Y (sky130_fd_sc_hd__inv_2)
                                                         _053_ (net)
                      0.087267    0.000359    2.570528 v _227_/B (sky130_fd_sc_hd__or3b_2)
     4    0.014725    0.236589    1.157650    3.728178 v _227_/X (sky130_fd_sc_hd__or3b_2)
                                                         _065_ (net)
                      0.236589    0.000215    3.728393 v _228_/A (sky130_fd_sc_hd__inv_2)
     8    0.038704    0.288621    0.325348    4.053741 ^ _228_/Y (sky130_fd_sc_hd__inv_2)
                                                         net16 (net)
                      0.288621    0.000504    4.054245 ^ _487_/A (sky130_fd_sc_hd__clkbuf_1)
     1    0.002358    0.067257    0.225911    4.280157 ^ _487_/X (sky130_fd_sc_hd__clkbuf_1)
                                                         net76 (net)
                      0.067257    0.000024    4.280181 ^ output76/A (sky130_fd_sc_hd__buf_2)
     1    0.034490    0.273731    0.343604    4.623785 ^ output76/X (sky130_fd_sc_hd__buf_2)
                                                         unlock_enable (net)
                      0.273731    0.000409    4.624194 ^ unlock_enable (out)
                                              4.624194   data arrival time

                                 25.000000   25.000000   clock clk (rise edge)
                                  0.000000   25.000000   clock network delay (propagated)
                                 -0.250000   24.750000   clock uncertainty
                                  0.000000   24.750000   clock reconvergence pessimism
                                 -5.000000   19.750000   output external delay
                                             19.750000   data required time
---------------------------------------------------------------------------------------------
                                             19.750000   data required time
                                             -4.624194   data arrival time
---------------------------------------------------------------------------------------------
                                             15.125805   slack (MET)




===========================================================================
report_checks --slack_max -0.01
============================================================================
======================= min_ss_100C_1v60 Corner ===================================

No paths found.


===========================================================================
 report_check_types -max_slew -max_cap -max_fanout -violators
============================================================================
======================= min_ss_100C_1v60 Corner ===================================

max fanout

Pin                                   Limit Fanout  Slack
---------------------------------------------------------
clkbuf_2_0__f_clk/X                      10     14     -4 (VIOLATED)
clkbuf_2_1__f_clk/X                      10     14     -4 (VIOLATED)
clkbuf_2_3__f_clk/X                      10     14     -4 (VIOLATED)
clkbuf_2_2__f_clk/X                      10     13     -3 (VIOLATED)



===========================================================================
report_parasitic_annotation -report_unannotated
============================================================================
Found 3 unannotated drivers.
 clkload0/X
 clkload1/X
 clkload2/X
Found 0 partially unannotated drivers.

===========================================================================
max slew violation count 0
max fanout violation count 4
max cap violation count 0
============================================================================

===========================================================================
check_setup -verbose -unconstrained_endpoints -multiple_clock -no_clock -no_input_delay -loops -generated_clocks
===========================================================================
