Clock: clk
Sources: clk 
Generated: no
Virtual: yes
Propagated: no
Period: 25.000000

===========================================================================
report_clock_properties
============================================================================
Clock                   Period          Waveform
----------------------------------------------------
clk                  25.000000    0.000000 12.500000

===========================================================================
report_clock_latency
============================================================================
Clock clk
rise -> rise
    min     max
0.000000 0.000000 source latency
0.636111         network latency _450_/CLK
        0.638665 network latency _465_/CLK
---------------
0.636111 0.638665 latency
        0.002554 skew

fall -> fall
    min     max
0.000000 0.000000 source latency
0.615288         network latency _450_/CLK
        0.618110 network latency _465_/CLK
---------------
0.615288 0.618110 latency
        0.002822 skew



===========================================================================
report_clock_min_period
============================================================================
clk period_min = 6.61 fmax = 151.19
