
===========================================================================
report_checks -unconstrained
===========================================================================
======================= min_tt_025C_1v80 Corner ===================================

Startpoint: wb_rst_i (input port clocked by clk)
Endpoint: _705_ (recovery check against rising-edge clock clk)
Path Group: asynchronous
Path Type: max

Fanout         Cap        Slew       Delay        Time   Description
---------------------------------------------------------------------------------------------
                                  0.000000    0.000000   clock clk (rise edge)
                                  5.570000    5.570000   clock network delay (propagated)
                                 12.500000   18.070000 v input external delay
    60    0.316284    0.000000    0.000000   18.070000 v wb_rst_i (in)
                                                         wb_rst_i (net)
                      0.072912    0.036456   18.106455 v _350_/A (sky130_fd_sc_hd__clkinv_1)
     6    0.039473    0.221940    0.192523   18.298979 ^ _350_/Y (sky130_fd_sc_hd__clkinv_1)
                                                         _038_ (net)
                      0.221940    0.000320   18.299299 ^ _705_/RESET_B (sky130_fd_sc_hd__dfrtp_1)
                                             18.299299   data arrival time

                                 25.000000   25.000000   clock clk (rise edge)
                                  4.650000   29.650000   clock source latency
    95    0.375255    0.610000    0.000000   29.650000 ^ wb_clk_i (in)
                                                         wb_clk_i (net)
                      0.707470    0.048736   29.698734 ^ _705_/CLK (sky130_fd_sc_hd__dfrtp_1)
                                 -0.250000   29.448736   clock uncertainty
                                  0.000000   29.448736   clock reconvergence pessimism
                                  0.353867   29.802605   library recovery time
                                             29.802605   data required time
---------------------------------------------------------------------------------------------
                                             29.802605   data required time
                                            -18.299299   data arrival time
---------------------------------------------------------------------------------------------
                                             11.503305   slack (MET)


Startpoint: wb_rst_i (input port clocked by clk)
Endpoint: _714_ (rising edge-triggered flip-flop clocked by clk)
Path Group: clk
Path Type: max

Fanout         Cap        Slew       Delay        Time   Description
---------------------------------------------------------------------------------------------
                                  0.000000    0.000000   clock clk (rise edge)
                                  5.570000    5.570000   clock network delay (propagated)
                                 12.500000   18.070000 v input external delay
    60    0.316284    0.000000    0.000000   18.070000 v wb_rst_i (in)
                                                         wb_rst_i (net)
                      0.116088    0.058044   18.128044 v _530_/B1 (sky130_fd_sc_hd__a21oi_1)
     1    0.005798    0.158741    0.178808   18.306852 ^ _530_/Y (sky130_fd_sc_hd__a21oi_1)
                                                         _263_ (net)
                      0.158741    0.000115   18.306967 ^ _535_/B (sky130_fd_sc_hd__nand3_1)
    16    0.073035    0.706345    0.587667   18.894634 v _535_/Y (sky130_fd_sc_hd__nand3_1)
                                                         _268_ (net)
                      0.706353    0.002043   18.896677 v _567_/C1 (sky130_fd_sc_hd__a211oi_1)
     1    0.002587    0.256046    0.383540   19.280216 ^ _567_/Y (sky130_fd_sc_hd__a211oi_1)
                                                         _100_ (net)
                      0.256046    0.000028   19.280245 ^ hold70/A (sky130_fd_sc_hd__dlygate4sd3_1)
     1    0.002388    0.049305    0.581883   19.862129 ^ hold70/X (sky130_fd_sc_hd__dlygate4sd3_1)
                                                         net70 (net)
                      0.049305    0.000027   19.862156 ^ _714_/D (sky130_fd_sc_hd__dfxtp_1)
                                             19.862156   data arrival time

                                 25.000000   25.000000   clock clk (rise edge)
                                  4.650000   29.650000   clock source latency
    95    0.375255    0.610000    0.000000   29.650000 ^ wb_clk_i (in)
                                                         wb_clk_i (net)
                      0.732204    0.061103   29.711102 ^ _714_/CLK (sky130_fd_sc_hd__dfxtp_1)
                                 -0.250000   29.461103   clock uncertainty
                                  0.000000   29.461103   clock reconvergence pessimism
                                  0.016402   29.477507   library setup time
                                             29.477507   data required time
---------------------------------------------------------------------------------------------
                                             29.477507   data required time
                                            -19.862156   data arrival time
---------------------------------------------------------------------------------------------
                                              9.615351   slack (MET)




===========================================================================
report_checks --slack_max -0.01
============================================================================
======================= min_tt_025C_1v80 Corner ===================================

No paths found.


===========================================================================
 report_check_types -max_slew -max_cap -max_fanout -violators
============================================================================
======================= min_tt_025C_1v80 Corner ===================================

max slew

Pin                                        Limit        Slew       Slack
------------------------------------------------------------------------
_480_/C1                                1.500000   12.570063  -11.070063 (VIOLATED)
_479_/Y                                 1.488547   12.491109  -11.002562 (VIOLATED)
io_out[24]                              1.500000    6.962814   -5.462813 (VIOLATED)
_793_/X                                 1.500000    6.626868   -5.126868 (VIOLATED)
io_out[26]                              1.500000    6.598914   -5.098914 (VIOLATED)
_795_/X                                 1.500000    6.346687   -4.846687 (VIOLATED)
io_out[27]                              1.500000    5.405284   -3.905284 (VIOLATED)
_796_/X                                 1.500000    5.273613   -3.773613 (VIOLATED)
user_irq[0]                             1.500000    5.110759   -3.610759 (VIOLATED)
_798_/X                                 1.500000    4.983250   -3.483250 (VIOLATED)
io_out[28]                              1.500000    4.832685   -3.332685 (VIOLATED)
_797_/X                                 1.500000    4.741148   -3.241148 (VIOLATED)
_465_/A                                 1.500000    3.927627   -2.427627 (VIOLATED)
_585_/B                                 1.500000    3.927621   -2.427621 (VIOLATED)
_590_/A1                                1.500000    3.927604   -2.427604 (VIOLATED)
_593_/B                                 1.500000    3.927455   -2.427455 (VIOLATED)
_790_/A                                 1.500000    3.773173   -2.273173 (VIOLATED)
_791_/A                                 1.500000    3.773168   -2.273168 (VIOLATED)
_493_/B                                 1.500000    3.682875   -2.182875 (VIOLATED)
_504_/A2                                1.500000    3.682863   -2.182863 (VIOLATED)
_511_/B                                 1.500000    3.682841   -2.182841 (VIOLATED)
_513_/B                                 1.500000    3.682841   -2.182841 (VIOLATED)
_460_/A2                                1.500000    3.682725   -2.182725 (VIOLATED)
_464_/A1                                1.500000    3.682726   -2.182726 (VIOLATED)
_521_/A1                                1.500000    3.682725   -2.182725 (VIOLATED)
_587_/A                                 1.500000    3.682726   -2.182726 (VIOLATED)
_596_/A                                 1.500000    3.682725   -2.182725 (VIOLATED)
_482_/A_N                               1.500000    3.682694   -2.182694 (VIOLATED)
_368_/X                                 1.500000    3.682681   -2.182681 (VIOLATED)
_416_/A1                                1.500000    3.682681   -2.182681 (VIOLATED)
_792_/A                                 1.500000    3.359072   -1.859072 (VIOLATED)
_794_/A                                 1.500000    3.356414   -1.856414 (VIOLATED)
_357_/B                                 1.500000    3.244934   -1.744934 (VIOLATED)
_402_/B                                 1.500000    3.244438   -1.744438 (VIOLATED)
_356_/X                                 1.500000    3.244195   -1.744195 (VIOLATED)
_584_/A                                 1.500000    3.224332   -1.724332 (VIOLATED)
_474_/A2                                1.500000    3.224329   -1.724329 (VIOLATED)
_593_/A                                 1.500000    3.224268   -1.724268 (VIOLATED)
_452_/B                                 1.500000    3.224200   -1.724200 (VIOLATED)
_461_/A                                 1.500000    3.114808   -1.614808 (VIOLATED)
_462_/B                                 1.500000    3.114748   -1.614749 (VIOLATED)
io_out[21]                              1.500000    2.602583   -1.102583 (VIOLATED)
_790_/X                                 1.500000    2.600800   -1.100800 (VIOLATED)
_513_/A                                 1.500000    2.352774   -0.852774 (VIOLATED)
_511_/A                                 1.500000    2.352756   -0.852756 (VIOLATED)
_493_/A                                 1.500000    2.352736   -0.852736 (VIOLATED)
_504_/A1                                1.500000    2.352672   -0.852672 (VIOLATED)
_461_/B                                 1.500000    2.337287   -0.837287 (VIOLATED)
_462_/C                                 1.500000    2.337223   -0.837223 (VIOLATED)
_500_/A2                                1.500000    2.308316   -0.808317 (VIOLATED)
_499_/B                                 1.500000    2.308248   -0.808248 (VIOLATED)
_522_/B1_N                              1.500000    2.308168   -0.808168 (VIOLATED)
_524_/B                                 1.500000    2.308111   -0.808111 (VIOLATED)
_376_/Y                                 1.496919    2.192664   -0.695745 (VIOLATED)
_435_/C                                 1.500000    2.192982   -0.692982 (VIOLATED)
_436_/C                                 1.500000    2.192982   -0.692982 (VIOLATED)
_437_/C                                 1.500000    2.192979   -0.692979 (VIOLATED)
_438_/C                                 1.500000    2.192979   -0.692979 (VIOLATED)
_439_/C                                 1.500000    2.192979   -0.692979 (VIOLATED)
_434_/C                                 1.500000    2.192971   -0.692971 (VIOLATED)
_433_/C                                 1.500000    2.192965   -0.692965 (VIOLATED)
_431_/C                                 1.500000    2.192958   -0.692958 (VIOLATED)
_432_/C                                 1.500000    2.192955   -0.692955 (VIOLATED)
_430_/C                                 1.500000    2.192938   -0.692938 (VIOLATED)
_429_/C                                 1.500000    2.192931   -0.692931 (VIOLATED)
_428_/C                                 1.500000    2.192913   -0.692913 (VIOLATED)
_427_/C                                 1.500000    2.192901   -0.692901 (VIOLATED)
_426_/C                                 1.500000    2.192882   -0.692882 (VIOLATED)
_425_/C                                 1.500000    2.192862   -0.692862 (VIOLATED)
_424_/C                                 1.500000    2.192845   -0.692845 (VIOLATED)
_423_/C                                 1.500000    2.192803   -0.692803 (VIOLATED)
_422_/C                                 1.500000    2.192784   -0.692784 (VIOLATED)
_420_/B1                                1.500000    2.192746   -0.692746 (VIOLATED)
_418_/B1                                1.500000    2.192738   -0.692738 (VIOLATED)
_416_/B1                                1.500000    2.192719   -0.692719 (VIOLATED)
_414_/A2                                1.500000    2.192706   -0.692706 (VIOLATED)
_393_/B                                 1.500000    2.192688   -0.692688 (VIOLATED)
_397_/A2                                1.500000    2.192682   -0.692682 (VIOLATED)
_400_/A2                                1.500000    2.192682   -0.692682 (VIOLATED)
_377_/B                                 1.500000    2.192672   -0.692672 (VIOLATED)
_384_/B                                 1.500000    2.192672   -0.692672 (VIOLATED)
_387_/B                                 1.500000    2.192672   -0.692672 (VIOLATED)
_382_/A2                                1.500000    2.192670   -0.692670 (VIOLATED)
io_out[23]                              1.500000    2.152923   -0.652923 (VIOLATED)
_792_/X                                 1.500000    2.152916   -0.652916 (VIOLATED)
io_out[25]                              1.500000    2.151967   -0.651967 (VIOLATED)
_794_/X                                 1.500000    2.151967   -0.651967 (VIOLATED)
io_out[22]                              1.500000    2.145883   -0.645883 (VIOLATED)
_791_/X                                 1.500000    2.145877   -0.645877 (VIOLATED)
_471_/A                                 1.500000    2.139115   -0.639115 (VIOLATED)
_592_/A1                                1.500000    2.139083   -0.639083 (VIOLATED)
_480_/Y                                 1.498484    1.922704   -0.424220 (VIOLATED)
_481_/A4                                1.500000    1.922704   -0.422704 (VIOLATED)
_600_/C                                 1.500000    1.922704   -0.422704 (VIOLATED)
_369_/Y                                 1.479160    1.856331   -0.377171 (VIOLATED)
_471_/B                                 1.500000    1.856331   -0.356331 (VIOLATED)
_500_/B1                                1.500000    1.856331   -0.356331 (VIOLATED)
_505_/A                                 1.500000    1.856331   -0.356331 (VIOLATED)
_512_/A                                 1.500000    1.856331   -0.356331 (VIOLATED)
_515_/A1                                1.500000    1.856331   -0.356331 (VIOLATED)
_523_/A1                                1.500000    1.856331   -0.356331 (VIOLATED)
_526_/B                                 1.500000    1.856331   -0.356331 (VIOLATED)
_592_/A2                                1.500000    1.856331   -0.356331 (VIOLATED)
_795_/A                                 1.500000    1.856331   -0.356331 (VIOLATED)
wbs_dat_o[31]                           1.500000    1.801700   -0.301700 (VIOLATED)
_788_/Q                                 1.500000    1.801284   -0.301284 (VIOLATED)
wbs_dat_o[29]                           1.500000    1.760422   -0.260422 (VIOLATED)
_786_/Q                                 1.500000    1.760183   -0.260183 (VIOLATED)
wbs_dat_o[30]                           1.500000    1.753558   -0.253558 (VIOLATED)
_787_/Q                                 1.500000    1.753320   -0.253320 (VIOLATED)
wbs_dat_o[28]                           1.500000    1.736103   -0.236103 (VIOLATED)
_785_/Q                                 1.500000    1.735828   -0.235828 (VIOLATED)
wbs_dat_o[27]                           1.500000    1.710246   -0.210246 (VIOLATED)
_784_/Q                                 1.500000    1.710057   -0.210057 (VIOLATED)
_460_/B1                                1.500000    1.686324   -0.186324 (VIOLATED)
_500_/A1                                1.500000    1.686117   -0.186117 (VIOLATED)
_499_/A                                 1.500000    1.686058   -0.186059 (VIOLATED)
wbs_dat_o[26]                           1.500000    1.685323   -0.185323 (VIOLATED)
_783_/Q                                 1.500000    1.685228   -0.185228 (VIOLATED)
wbs_dat_o[3]                            1.500000    1.668320   -0.168320 (VIOLATED)
_760_/Q                                 1.500000    1.668267   -0.168267 (VIOLATED)
wbs_dat_o[24]                           1.500000    1.668226   -0.168226 (VIOLATED)
_781_/Q                                 1.500000    1.668174   -0.168174 (VIOLATED)
wbs_dat_o[0]                            1.500000    1.663597   -0.163597 (VIOLATED)
_757_/Q                                 1.500000    1.663544   -0.163544 (VIOLATED)
wbs_ack_o                               1.500000    1.661200   -0.161200 (VIOLATED)
_371_/A_N                               1.500000    1.661187   -0.161187 (VIOLATED)
_755_/Q                                 1.500000    1.661187   -0.161187 (VIOLATED)
wbs_dat_o[23]                           1.500000    1.659409   -0.159409 (VIOLATED)
_780_/Q                                 1.500000    1.659371   -0.159371 (VIOLATED)
wbs_dat_o[2]                            1.500000    1.655965   -0.155965 (VIOLATED)
_759_/Q                                 1.500000    1.655927   -0.155927 (VIOLATED)
_373_/Y                                 1.494479    1.648503   -0.154024 (VIOLATED)
_435_/B                                 1.500000    1.648742   -0.148742 (VIOLATED)
_436_/B                                 1.500000    1.648742   -0.148742 (VIOLATED)
_437_/B                                 1.500000    1.648739   -0.148739 (VIOLATED)
_439_/B                                 1.500000    1.648739   -0.148739 (VIOLATED)
_438_/B                                 1.500000    1.648737   -0.148737 (VIOLATED)
_434_/B                                 1.500000    1.648731   -0.148731 (VIOLATED)
_433_/B                                 1.500000    1.648726   -0.148726 (VIOLATED)
_432_/B                                 1.500000    1.648725   -0.148725 (VIOLATED)
_431_/B                                 1.500000    1.648725   -0.148725 (VIOLATED)
_430_/B                                 1.500000    1.648716   -0.148716 (VIOLATED)
_429_/B                                 1.500000    1.648708   -0.148708 (VIOLATED)
_428_/B                                 1.500000    1.648692   -0.148693 (VIOLATED)
_427_/B                                 1.500000    1.648680   -0.148680 (VIOLATED)
_426_/B                                 1.500000    1.648664   -0.148664 (VIOLATED)
_425_/B                                 1.500000    1.648640   -0.148640 (VIOLATED)
_424_/B                                 1.500000    1.648624   -0.148624 (VIOLATED)
_423_/B                                 1.500000    1.648587   -0.148587 (VIOLATED)
_422_/B                                 1.500000    1.648578   -0.148578 (VIOLATED)
_410_/B1                                1.500000    1.648517   -0.148517 (VIOLATED)
_404_/B1                                1.500000    1.648513   -0.148513 (VIOLATED)
_392_/B1                                1.500000    1.648505   -0.148505 (VIOLATED)
wbs_dat_o[25]                           1.500000    1.646044   -0.146045 (VIOLATED)
_782_/Q                                 1.500000    1.646030   -0.146030 (VIOLATED)
wbs_dat_o[15]                           1.500000    1.643496   -0.143496 (VIOLATED)
_772_/Q                                 1.500000    1.643479   -0.143479 (VIOLATED)
wbs_dat_o[6]                            1.500000    1.642971   -0.142971 (VIOLATED)
_763_/Q                                 1.500000    1.642957   -0.142957 (VIOLATED)
wbs_dat_o[22]                           1.500000    1.641799   -0.141799 (VIOLATED)
_779_/Q                                 1.500000    1.641780   -0.141780 (VIOLATED)
wbs_dat_o[11]                           1.500000    1.641653   -0.141653 (VIOLATED)
_768_/Q                                 1.500000    1.641639   -0.141639 (VIOLATED)
wbs_dat_o[10]                           1.500000    1.640527   -0.140527 (VIOLATED)
_767_/Q                                 1.500000    1.640513   -0.140513 (VIOLATED)
wbs_dat_o[7]                            1.500000    1.639900   -0.139900 (VIOLATED)
_764_/Q                                 1.500000    1.639888   -0.139888 (VIOLATED)
wbs_dat_o[9]                            1.500000    1.639860   -0.139860 (VIOLATED)
_766_/Q                                 1.500000    1.639848   -0.139848 (VIOLATED)
wbs_dat_o[8]                            1.500000    1.639775   -0.139775 (VIOLATED)
_765_/Q                                 1.500000    1.639763   -0.139763 (VIOLATED)
wbs_dat_o[20]                           1.500000    1.639599   -0.139599 (VIOLATED)
_777_/Q                                 1.500000    1.639587   -0.139587 (VIOLATED)
wbs_dat_o[21]                           1.500000    1.638715   -0.138715 (VIOLATED)
_778_/Q                                 1.500000    1.638704   -0.138704 (VIOLATED)
wbs_dat_o[14]                           1.500000    1.638140   -0.138140 (VIOLATED)
_771_/Q                                 1.500000    1.638129   -0.138129 (VIOLATED)
wbs_dat_o[18]                           1.500000    1.638069   -0.138069 (VIOLATED)
_775_/Q                                 1.500000    1.638059   -0.138059 (VIOLATED)
wbs_dat_o[16]                           1.500000    1.638051   -0.138051 (VIOLATED)
_773_/Q                                 1.500000    1.638040   -0.138040 (VIOLATED)
wbs_dat_o[17]                           1.500000    1.637550   -0.137551 (VIOLATED)
_774_/Q                                 1.500000    1.637540   -0.137540 (VIOLATED)
wbs_dat_o[1]                            1.500000    1.637489   -0.137489 (VIOLATED)
_758_/Q                                 1.500000    1.637479   -0.137479 (VIOLATED)
wbs_dat_o[13]                           1.500000    1.637213   -0.137213 (VIOLATED)
_770_/Q                                 1.500000    1.637203   -0.137203 (VIOLATED)
wbs_dat_o[4]                            1.500000    1.636633   -0.136633 (VIOLATED)
_761_/Q                                 1.500000    1.636623   -0.136623 (VIOLATED)
wbs_dat_o[5]                            1.500000    1.636477   -0.136477 (VIOLATED)
_762_/Q                                 1.500000    1.636467   -0.136467 (VIOLATED)
wbs_dat_o[12]                           1.500000    1.635727   -0.135727 (VIOLATED)
_769_/Q                                 1.500000    1.635718   -0.135718 (VIOLATED)
wbs_dat_o[19]                           1.500000    1.635597   -0.135597 (VIOLATED)
_776_/Q                                 1.500000    1.635588   -0.135588 (VIOLATED)
_517_/B                                 1.500000    1.562901   -0.062901 (VIOLATED)

max fanout

Pin                                   Limit Fanout  Slack
---------------------------------------------------------
wb_clk_i                                 10     95    -85 (VIOLATED)
wb_rst_i                                 10     60    -50 (VIOLATED)
_376_/Y                                  10     29    -19 (VIOLATED)
_373_/Y                                  10     21    -11 (VIOLATED)
_535_/Y                                  10     16     -6 (VIOLATED)
_611_/Y                                  10     16     -6 (VIOLATED)
_543_/Y                                  10     14     -4 (VIOLATED)
_368_/X                                  10     13     -3 (VIOLATED)
_375_/Y                                  10     12     -2 (VIOLATED)
_374_/X                                  10     11        (VIOLATED)
hold1/X                                  10     11        (VIOLATED)

max capacitance

Pin                                        Limit         Cap       Slack
------------------------------------------------------------------------
_793_/X                                 0.130015    0.577141   -0.447126 (VIOLATED)
_795_/X                                 0.130015    0.554981   -0.424966 (VIOLATED)
_479_/Y                                 0.052195    0.460420   -0.408225 (VIOLATED)
_796_/X                                 0.130015    0.459715   -0.329700 (VIOLATED)
_798_/X                                 0.130015    0.432650   -0.302635 (VIOLATED)
_797_/X                                 0.130015    0.412373   -0.282358 (VIOLATED)
_368_/X                                 0.157481    0.388107   -0.230626 (VIOLATED)
_356_/X                                 0.164805    0.355430   -0.190625 (VIOLATED)
_790_/X                                 0.130015    0.233354   -0.103339 (VIOLATED)
_792_/X                                 0.130015    0.191699   -0.061684 (VIOLATED)
_794_/X                                 0.130015    0.191644   -0.061629 (VIOLATED)
_791_/X                                 0.130015    0.191608   -0.061593 (VIOLATED)
_376_/Y                                 0.082407    0.122393   -0.039986 (VIOLATED)
_788_/Q                                 0.174876    0.210723   -0.035847 (VIOLATED)
_786_/Q                                 0.174876    0.205989   -0.031113 (VIOLATED)
_787_/Q                                 0.174876    0.205181   -0.030305 (VIOLATED)
_785_/Q                                 0.174876    0.203105   -0.028229 (VIOLATED)
_784_/Q                                 0.174876    0.200136   -0.025260 (VIOLATED)
_783_/Q                                 0.174876    0.197309   -0.022433 (VIOLATED)
_781_/Q                                 0.174876    0.195368   -0.020492 (VIOLATED)
_760_/Q                                 0.174876    0.195323   -0.020447 (VIOLATED)
_757_/Q                                 0.174876    0.194758   -0.019882 (VIOLATED)
_755_/Q                                 0.174876    0.194595   -0.019719 (VIOLATED)
_780_/Q                                 0.174876    0.194361   -0.019485 (VIOLATED)
_759_/Q                                 0.174876    0.193903   -0.019027 (VIOLATED)
_782_/Q                                 0.174876    0.192861   -0.017985 (VIOLATED)
_772_/Q                                 0.174876    0.192538   -0.017662 (VIOLATED)
_763_/Q                                 0.174876    0.192469   -0.017593 (VIOLATED)
_779_/Q                                 0.174876    0.192345   -0.017468 (VIOLATED)
_768_/Q                                 0.174876    0.192326   -0.017450 (VIOLATED)
_767_/Q                                 0.174876    0.192193   -0.017317 (VIOLATED)
_764_/Q                                 0.174876    0.192118   -0.017242 (VIOLATED)
_766_/Q                                 0.174876    0.192117   -0.017241 (VIOLATED)
_777_/Q                                 0.174876    0.192111   -0.017235 (VIOLATED)
_765_/Q                                 0.174876    0.192108   -0.017232 (VIOLATED)
_778_/Q                                 0.174876    0.192013   -0.017137 (VIOLATED)
_775_/Q                                 0.174876    0.191937   -0.017061 (VIOLATED)
_771_/Q                                 0.174876    0.191934   -0.017058 (VIOLATED)
_773_/Q                                 0.174876    0.191929   -0.017053 (VIOLATED)
_774_/Q                                 0.174876    0.191871   -0.016995 (VIOLATED)
_770_/Q                                 0.174876    0.191823   -0.016947 (VIOLATED)
_758_/Q                                 0.174876    0.191808   -0.016932 (VIOLATED)
_761_/Q                                 0.174876    0.191745   -0.016869 (VIOLATED)
_762_/Q                                 0.174876    0.191725   -0.016849 (VIOLATED)
_769_/Q                                 0.174876    0.191652   -0.016776 (VIOLATED)
_776_/Q                                 0.174876    0.191652   -0.016776 (VIOLATED)
_373_/Y                                 0.086070    0.096365   -0.010295 (VIOLATED)
_369_/Y                                 0.033884    0.043917   -0.010033 (VIOLATED)



===========================================================================
report_parasitic_annotation -report_unannotated
============================================================================
Found 568 unannotated drivers.
 analog_io[0]
 analog_io[10]
 analog_io[11]
 analog_io[12]
 analog_io[13]
 analog_io[14]
 analog_io[15]
 analog_io[16]
 analog_io[17]
 analog_io[18]
 analog_io[19]
 analog_io[1]
 analog_io[20]
 analog_io[21]
 analog_io[22]
 analog_io[23]
 analog_io[24]
 analog_io[25]
 analog_io[26]
 analog_io[27]
 analog_io[28]
 analog_io[2]
 analog_io[3]
 analog_io[4]
 analog_io[5]
 analog_io[6]
 analog_io[7]
 analog_io[8]
 analog_io[9]
 io_in[0]
 io_in[1]
 io_in[21]
 io_in[22]
 io_in[23]
 io_in[24]
 io_in[25]
 io_in[26]
 io_in[27]
 io_in[28]
 io_in[29]
 io_in[2]
 io_in[30]
 io_in[31]
 io_in[32]
 io_in[33]
 io_in[34]
 io_in[35]
 io_in[36]
 io_in[37]
 io_in[3]
 io_in[4]
 io_in[5]
 io_in[6]
 la_data_in[0]
 la_data_in[100]
 la_data_in[101]
 la_data_in[102]
 la_data_in[103]
 la_data_in[104]
 la_data_in[105]
 la_data_in[106]
 la_data_in[107]
 la_data_in[108]
 la_data_in[109]
 la_data_in[10]
 la_data_in[110]
 la_data_in[111]
 la_data_in[112]
 la_data_in[113]
 la_data_in[114]
 la_data_in[115]
 la_data_in[116]
 la_data_in[117]
 la_data_in[118]
 la_data_in[119]
 la_data_in[11]
 la_data_in[120]
 la_data_in[121]
 la_data_in[122]
 la_data_in[123]
 la_data_in[124]
 la_data_in[125]
 la_data_in[126]
 la_data_in[127]
 la_data_in[12]
 la_data_in[13]
 la_data_in[14]
 la_data_in[15]
 la_data_in[16]
 la_data_in[17]
 la_data_in[18]
 la_data_in[19]
 la_data_in[1]
 la_data_in[20]
 la_data_in[21]
 la_data_in[22]
 la_data_in[23]
 la_data_in[24]
 la_data_in[25]
 la_data_in[26]
 la_data_in[27]
 la_data_in[28]
 la_data_in[29]
 la_data_in[2]
 la_data_in[30]
 la_data_in[31]
 la_data_in[32]
 la_data_in[33]
 la_data_in[34]
 la_data_in[35]
 la_data_in[36]
 la_data_in[37]
 la_data_in[38]
 la_data_in[39]
 la_data_in[3]
 la_data_in[40]
 la_data_in[41]
 la_data_in[42]
 la_data_in[43]
 la_data_in[44]
 la_data_in[45]
 la_data_in[46]
 la_data_in[47]
 la_data_in[48]
 la_data_in[49]
 la_data_in[4]
 la_data_in[50]
 la_data_in[51]
 la_data_in[52]
 la_data_in[53]
 la_data_in[54]
 la_data_in[55]
 la_data_in[56]
 la_data_in[57]
 la_data_in[58]
 la_data_in[59]
 la_data_in[5]
 la_data_in[60]
 la_data_in[61]
 la_data_in[62]
 la_data_in[63]
 la_data_in[64]
 la_data_in[65]
 la_data_in[66]
 la_data_in[67]
 la_data_in[68]
 la_data_in[69]
 la_data_in[6]
 la_data_in[70]
 la_data_in[71]
 la_data_in[72]
 la_data_in[73]
 la_data_in[74]
 la_data_in[75]
 la_data_in[76]
 la_data_in[77]
 la_data_in[78]
 la_data_in[79]
 la_data_in[7]
 la_data_in[80]
 la_data_in[81]
 la_data_in[82]
 la_data_in[83]
 la_data_in[84]
 la_data_in[85]
 la_data_in[86]
 la_data_in[87]
 la_data_in[88]
 la_data_in[89]
 la_data_in[8]
 la_data_in[90]
 la_data_in[91]
 la_data_in[92]
 la_data_in[93]
 la_data_in[94]
 la_data_in[95]
 la_data_in[96]
 la_data_in[97]
 la_data_in[98]
 la_data_in[99]
 la_data_in[9]
 la_oenb[0]
 la_oenb[100]
 la_oenb[101]
 la_oenb[102]
 la_oenb[103]
 la_oenb[104]
 la_oenb[105]
 la_oenb[106]
 la_oenb[107]
 la_oenb[108]
 la_oenb[109]
 la_oenb[10]
 la_oenb[110]
 la_oenb[111]
 la_oenb[112]
 la_oenb[113]
 la_oenb[114]
 la_oenb[115]
 la_oenb[116]
 la_oenb[117]
 la_oenb[118]
 la_oenb[119]
 la_oenb[11]
 la_oenb[120]
 la_oenb[121]
 la_oenb[122]
 la_oenb[123]
 la_oenb[124]
 la_oenb[125]
 la_oenb[126]
 la_oenb[127]
 la_oenb[12]
 la_oenb[13]
 la_oenb[14]
 la_oenb[15]
 la_oenb[16]
 la_oenb[17]
 la_oenb[18]
 la_oenb[19]
 la_oenb[1]
 la_oenb[20]
 la_oenb[21]
 la_oenb[22]
 la_oenb[23]
 la_oenb[24]
 la_oenb[25]
 la_oenb[26]
 la_oenb[27]
 la_oenb[28]
 la_oenb[29]
 la_oenb[2]
 la_oenb[30]
 la_oenb[31]
 la_oenb[32]
 la_oenb[33]
 la_oenb[34]
 la_oenb[35]
 la_oenb[36]
 la_oenb[37]
 la_oenb[38]
 la_oenb[39]
 la_oenb[3]
 la_oenb[40]
 la_oenb[41]
 la_oenb[42]
 la_oenb[43]
 la_oenb[44]
 la_oenb[45]
 la_oenb[46]
 la_oenb[47]
 la_oenb[48]
 la_oenb[49]
 la_oenb[4]
 la_oenb[50]
 la_oenb[51]
 la_oenb[52]
 la_oenb[53]
 la_oenb[54]
 la_oenb[55]
 la_oenb[56]
 la_oenb[57]
 la_oenb[58]
 la_oenb[59]
 la_oenb[5]
 la_oenb[60]
 la_oenb[61]
 la_oenb[62]
 la_oenb[63]
 la_oenb[64]
 la_oenb[65]
 la_oenb[66]
 la_oenb[67]
 la_oenb[68]
 la_oenb[69]
 la_oenb[6]
 la_oenb[70]
 la_oenb[71]
 la_oenb[72]
 la_oenb[73]
 la_oenb[74]
 la_oenb[75]
 la_oenb[76]
 la_oenb[77]
 la_oenb[78]
 la_oenb[79]
 la_oenb[7]
 la_oenb[80]
 la_oenb[81]
 la_oenb[82]
 la_oenb[83]
 la_oenb[84]
 la_oenb[85]
 la_oenb[86]
 la_oenb[87]
 la_oenb[88]
 la_oenb[89]
 la_oenb[8]
 la_oenb[90]
 la_oenb[91]
 la_oenb[92]
 la_oenb[93]
 la_oenb[94]
 la_oenb[95]
 la_oenb[96]
 la_oenb[97]
 la_oenb[98]
 la_oenb[99]
 la_oenb[9]
 user_clock2
 wbs_adr_i[0]
 wbs_adr_i[10]
 wbs_adr_i[11]
 wbs_adr_i[12]
 wbs_adr_i[13]
 wbs_adr_i[14]
 wbs_adr_i[15]
 wbs_adr_i[16]
 wbs_adr_i[17]
 wbs_adr_i[18]
 wbs_adr_i[19]
 wbs_adr_i[1]
 wbs_adr_i[20]
 wbs_adr_i[21]
 wbs_adr_i[22]
 wbs_adr_i[23]
 wbs_adr_i[24]
 wbs_adr_i[25]
 wbs_adr_i[26]
 wbs_adr_i[27]
 wbs_adr_i[28]
 wbs_adr_i[29]
 wbs_adr_i[30]
 wbs_adr_i[31]
 wbs_adr_i[4]
 wbs_adr_i[5]
 wbs_adr_i[6]
 wbs_adr_i[7]
 wbs_adr_i[8]
 wbs_adr_i[9]
 wbs_dat_i[10]
 wbs_dat_i[11]
 wbs_dat_i[12]
 wbs_dat_i[13]
 wbs_dat_i[14]
 wbs_dat_i[15]
 wbs_dat_i[16]
 wbs_dat_i[17]
 wbs_dat_i[18]
 wbs_dat_i[19]
 wbs_dat_i[20]
 wbs_dat_i[21]
 wbs_dat_i[22]
 wbs_dat_i[23]
 wbs_dat_i[24]
 wbs_dat_i[25]
 wbs_dat_i[26]
 wbs_dat_i[27]
 wbs_dat_i[28]
 wbs_dat_i[29]
 wbs_dat_i[30]
 wbs_dat_i[31]
 wbs_dat_i[5]
 wbs_dat_i[6]
 wbs_dat_i[7]
 wbs_dat_i[8]
 wbs_dat_i[9]
 wbs_sel_i[1]
 wbs_sel_i[2]
 wbs_sel_i[3]
 gen_irq\[1\].u_tie_irq/HI
 gen_irq\[2\].u_tie_irq/HI
 gen_la\[0\].u_tie_la/HI
 gen_la\[100\].u_tie_la/HI
 gen_la\[101\].u_tie_la/HI
 gen_la\[102\].u_tie_la/HI
 gen_la\[103\].u_tie_la/HI
 gen_la\[104\].u_tie_la/HI
 gen_la\[105\].u_tie_la/HI
 gen_la\[106\].u_tie_la/HI
 gen_la\[107\].u_tie_la/HI
 gen_la\[108\].u_tie_la/HI
 gen_la\[109\].u_tie_la/HI
 gen_la\[10\].u_tie_la/HI
 gen_la\[110\].u_tie_la/HI
 gen_la\[111\].u_tie_la/HI
 gen_la\[112\].u_tie_la/HI
 gen_la\[113\].u_tie_la/HI
 gen_la\[114\].u_tie_la/HI
 gen_la\[115\].u_tie_la/HI
 gen_la\[116\].u_tie_la/HI
 gen_la\[117\].u_tie_la/HI
 gen_la\[118\].u_tie_la/HI
 gen_la\[119\].u_tie_la/HI
 gen_la\[11\].u_tie_la/HI
 gen_la\[120\].u_tie_la/HI
 gen_la\[121\].u_tie_la/HI
 gen_la\[122\].u_tie_la/HI
 gen_la\[123\].u_tie_la/HI
 gen_la\[124\].u_tie_la/HI
 gen_la\[125\].u_tie_la/HI
 gen_la\[126\].u_tie_la/HI
 gen_la\[127\].u_tie_la/HI
 gen_la\[12\].u_tie_la/HI
 gen_la\[13\].u_tie_la/HI
 gen_la\[14\].u_tie_la/HI
 gen_la\[15\].u_tie_la/HI
 gen_la\[16\].u_tie_la/HI
 gen_la\[17\].u_tie_la/HI
 gen_la\[18\].u_tie_la/HI
 gen_la\[19\].u_tie_la/HI
 gen_la\[1\].u_tie_la/HI
 gen_la\[20\].u_tie_la/HI
 gen_la\[21\].u_tie_la/HI
 gen_la\[22\].u_tie_la/HI
 gen_la\[23\].u_tie_la/HI
 gen_la\[24\].u_tie_la/HI
 gen_la\[25\].u_tie_la/HI
 gen_la\[26\].u_tie_la/HI
 gen_la\[27\].u_tie_la/HI
 gen_la\[28\].u_tie_la/HI
 gen_la\[29\].u_tie_la/HI
 gen_la\[2\].u_tie_la/HI
 gen_la\[30\].u_tie_la/HI
 gen_la\[31\].u_tie_la/HI
 gen_la\[32\].u_tie_la/HI
 gen_la\[33\].u_tie_la/HI
 gen_la\[34\].u_tie_la/HI
 gen_la\[35\].u_tie_la/HI
 gen_la\[36\].u_tie_la/HI
 gen_la\[37\].u_tie_la/HI
 gen_la\[38\].u_tie_la/HI
 gen_la\[39\].u_tie_la/HI
 gen_la\[3\].u_tie_la/HI
 gen_la\[40\].u_tie_la/HI
 gen_la\[41\].u_tie_la/HI
 gen_la\[42\].u_tie_la/HI
 gen_la\[43\].u_tie_la/HI
 gen_la\[44\].u_tie_la/HI
 gen_la\[45\].u_tie_la/HI
 gen_la\[46\].u_tie_la/HI
 gen_la\[47\].u_tie_la/HI
 gen_la\[48\].u_tie_la/HI
 gen_la\[49\].u_tie_la/HI
 gen_la\[4\].u_tie_la/HI
 gen_la\[50\].u_tie_la/HI
 gen_la\[51\].u_tie_la/HI
 gen_la\[52\].u_tie_la/HI
 gen_la\[53\].u_tie_la/HI
 gen_la\[54\].u_tie_la/HI
 gen_la\[55\].u_tie_la/HI
 gen_la\[56\].u_tie_la/HI
 gen_la\[57\].u_tie_la/HI
 gen_la\[58\].u_tie_la/HI
 gen_la\[59\].u_tie_la/HI
 gen_la\[5\].u_tie_la/HI
 gen_la\[60\].u_tie_la/HI
 gen_la\[61\].u_tie_la/HI
 gen_la\[62\].u_tie_la/HI
 gen_la\[63\].u_tie_la/HI
 gen_la\[64\].u_tie_la/HI
 gen_la\[65\].u_tie_la/HI
 gen_la\[66\].u_tie_la/HI
 gen_la\[67\].u_tie_la/HI
 gen_la\[68\].u_tie_la/HI
 gen_la\[69\].u_tie_la/HI
 gen_la\[6\].u_tie_la/HI
 gen_la\[70\].u_tie_la/HI
 gen_la\[71\].u_tie_la/HI
 gen_la\[72\].u_tie_la/HI
 gen_la\[73\].u_tie_la/HI
 gen_la\[74\].u_tie_la/HI
 gen_la\[75\].u_tie_la/HI
 gen_la\[76\].u_tie_la/HI
 gen_la\[77\].u_tie_la/HI
 gen_la\[78\].u_tie_la/HI
 gen_la\[79\].u_tie_la/HI
 gen_la\[7\].u_tie_la/HI
 gen_la\[80\].u_tie_la/HI
 gen_la\[81\].u_tie_la/HI
 gen_la\[82\].u_tie_la/HI
 gen_la\[83\].u_tie_la/HI
 gen_la\[84\].u_tie_la/HI
 gen_la\[85\].u_tie_la/HI
 gen_la\[86\].u_tie_la/HI
 gen_la\[87\].u_tie_la/HI
 gen_la\[88\].u_tie_la/HI
 gen_la\[89\].u_tie_la/HI
 gen_la\[8\].u_tie_la/HI
 gen_la\[90\].u_tie_la/HI
 gen_la\[91\].u_tie_la/HI
 gen_la\[92\].u_tie_la/HI
 gen_la\[93\].u_tie_la/HI
 gen_la\[94\].u_tie_la/HI
 gen_la\[95\].u_tie_la/HI
 gen_la\[96\].u_tie_la/HI
 gen_la\[97\].u_tie_la/HI
 gen_la\[98\].u_tie_la/HI
 gen_la\[99\].u_tie_la/HI
 gen_la\[9\].u_tie_la/HI
 genblk3\[0\].u_tie_io_out_low0/HI
 genblk3\[1\].u_tie_io_out_low0/HI
 genblk3\[2\].u_tie_io_out_low0/HI
 genblk3\[3\].u_tie_io_out_low0/HI
 genblk3\[4\].u_tie_io_out_low0/HI
 genblk4\[10\].u_tie_io_out_low1/HI
 genblk4\[11\].u_tie_io_out_low1/HI
 genblk4\[12\].u_tie_io_out_low1/HI
 genblk4\[13\].u_tie_io_out_low1/HI
 genblk4\[14\].u_tie_io_out_low1/HI
 genblk4\[15\].u_tie_io_out_low1/HI
 genblk4\[16\].u_tie_io_out_low1/HI
 genblk4\[17\].u_tie_io_out_low1/HI
 genblk4\[18\].u_tie_io_out_low1/HI
 genblk4\[19\].u_tie_io_out_low1/HI
 genblk4\[20\].u_tie_io_out_low1/HI
 genblk4\[5\].u_tie_io_out_low1/HI
 genblk4\[6\].u_tie_io_out_low1/HI
 genblk4\[7\].u_tie_io_out_low1/HI
 genblk4\[8\].u_tie_io_out_low1/HI
 genblk4\[9\].u_tie_io_out_low1/HI
 genblk5\[29\].u_tie_io_out_low2/HI
 genblk5\[30\].u_tie_io_out_low2/HI
 genblk5\[31\].u_tie_io_out_low2/HI
 genblk5\[32\].u_tie_io_out_low2/HI
 genblk5\[33\].u_tie_io_out_low2/HI
 genblk5\[34\].u_tie_io_out_low2/HI
 genblk5\[35\].u_tie_io_out_low2/HI
 genblk5\[36\].u_tie_io_out_low2/HI
 genblk5\[37\].u_tie_io_out_low2/HI
 genblk6\[0\].u_tie_io_oeb_hi0/LO
 genblk6\[1\].u_tie_io_oeb_hi0/LO
 genblk6\[2\].u_tie_io_oeb_hi0/LO
 genblk6\[3\].u_tie_io_oeb_hi0/LO
 genblk6\[4\].u_tie_io_oeb_hi0/LO
 genblk7\[10\].u_tie_io_oeb_hi1/LO
 genblk7\[11\].u_tie_io_oeb_hi1/LO
 genblk7\[12\].u_tie_io_oeb_hi1/LO
 genblk7\[13\].u_tie_io_oeb_hi1/LO
 genblk7\[14\].u_tie_io_oeb_hi1/LO
 genblk7\[15\].u_tie_io_oeb_hi1/LO
 genblk7\[16\].u_tie_io_oeb_hi1/LO
 genblk7\[17\].u_tie_io_oeb_hi1/LO
 genblk7\[18\].u_tie_io_oeb_hi1/LO
 genblk7\[19\].u_tie_io_oeb_hi1/LO
 genblk7\[20\].u_tie_io_oeb_hi1/LO
 genblk7\[5\].u_tie_io_oeb_hi1/LO
 genblk7\[6\].u_tie_io_oeb_hi1/LO
 genblk7\[7\].u_tie_io_oeb_hi1/LO
 genblk7\[8\].u_tie_io_oeb_hi1/LO
 genblk7\[9\].u_tie_io_oeb_hi1/LO
 genblk8\[21\].u_tie_io_oeb_lo2/HI
 genblk8\[22\].u_tie_io_oeb_lo2/HI
 genblk8\[23\].u_tie_io_oeb_lo2/HI
 genblk8\[24\].u_tie_io_oeb_lo2/HI
 genblk8\[25\].u_tie_io_oeb_lo2/HI
 genblk8\[26\].u_tie_io_oeb_lo2/HI
 genblk8\[27\].u_tie_io_oeb_lo2/HI
 genblk8\[28\].u_tie_io_oeb_lo2/HI
 genblk9\[29\].u_tie_io_oeb_hi3/LO
 genblk9\[30\].u_tie_io_oeb_hi3/LO
 genblk9\[31\].u_tie_io_oeb_hi3/LO
 genblk9\[32\].u_tie_io_oeb_hi3/LO
 genblk9\[33\].u_tie_io_oeb_hi3/LO
 genblk9\[34\].u_tie_io_oeb_hi3/LO
 genblk9\[35\].u_tie_io_oeb_hi3/LO
 genblk9\[36\].u_tie_io_oeb_hi3/LO
 genblk9\[37\].u_tie_io_oeb_hi3/LO
Found 0 partially unannotated drivers.

===========================================================================
max slew violation count 197
max fanout violation count 11
max cap violation count 48
============================================================================

===========================================================================
check_setup -verbose -unconstrained_endpoints -multiple_clock -no_clock -no_input_delay -loops -generated_clocks
===========================================================================
Warning: There are 68 input ports missing set_input_delay.
  analog_io[0]
  analog_io[10]
  analog_io[11]
  analog_io[12]
  analog_io[13]
  analog_io[14]
  analog_io[15]
  analog_io[16]
  analog_io[17]
  analog_io[18]
  analog_io[19]
  analog_io[1]
  analog_io[20]
  analog_io[21]
  analog_io[22]
  analog_io[23]
  analog_io[24]
  analog_io[25]
  analog_io[26]
  analog_io[27]
  analog_io[28]
  analog_io[2]
  analog_io[3]
  analog_io[4]
  analog_io[5]
  analog_io[6]
  analog_io[7]
  analog_io[8]
  analog_io[9]
  io_in[0]
  io_in[10]
  io_in[11]
  io_in[12]
  io_in[13]
  io_in[14]
  io_in[15]
  io_in[16]
  io_in[17]
  io_in[18]
  io_in[19]
  io_in[1]
  io_in[20]
  io_in[21]
  io_in[22]
  io_in[23]
  io_in[24]
  io_in[25]
  io_in[26]
  io_in[27]
  io_in[28]
  io_in[29]
  io_in[2]
  io_in[30]
  io_in[31]
  io_in[32]
  io_in[33]
  io_in[34]
  io_in[35]
  io_in[36]
  io_in[37]
  io_in[3]
  io_in[4]
  io_in[5]
  io_in[6]
  io_in[7]
  io_in[8]
  io_in[9]
  user_clock2
Warning: There are 235 unconstrained endpoints.
  analog_io[0]
  analog_io[10]
  analog_io[11]
  analog_io[12]
  analog_io[13]
  analog_io[14]
  analog_io[15]
  analog_io[16]
  analog_io[17]
  analog_io[18]
  analog_io[19]
  analog_io[1]
  analog_io[20]
  analog_io[21]
  analog_io[22]
  analog_io[23]
  analog_io[24]
  analog_io[25]
  analog_io[26]
  analog_io[27]
  analog_io[28]
  analog_io[2]
  analog_io[3]
  analog_io[4]
  analog_io[5]
  analog_io[6]
  analog_io[7]
  analog_io[8]
  analog_io[9]
  io_oeb[0]
  io_oeb[10]
  io_oeb[11]
  io_oeb[12]
  io_oeb[13]
  io_oeb[14]
  io_oeb[15]
  io_oeb[16]
  io_oeb[17]
  io_oeb[18]
  io_oeb[19]
  io_oeb[1]
  io_oeb[20]
  io_oeb[21]
  io_oeb[22]
  io_oeb[23]
  io_oeb[24]
  io_oeb[25]
  io_oeb[26]
  io_oeb[27]
  io_oeb[28]
  io_oeb[29]
  io_oeb[2]
  io_oeb[30]
  io_oeb[31]
  io_oeb[32]
  io_oeb[33]
  io_oeb[34]
  io_oeb[35]
  io_oeb[36]
  io_oeb[37]
  io_oeb[3]
  io_oeb[4]
  io_oeb[5]
  io_oeb[6]
  io_oeb[7]
  io_oeb[8]
  io_oeb[9]
  io_out[0]
  io_out[10]
  io_out[11]
  io_out[12]
  io_out[13]
  io_out[14]
  io_out[15]
  io_out[16]
  io_out[17]
  io_out[18]
  io_out[19]
  io_out[1]
  io_out[20]
  io_out[21]
  io_out[22]
  io_out[23]
  io_out[24]
  io_out[25]
  io_out[26]
  io_out[27]
  io_out[28]
  io_out[29]
  io_out[2]
  io_out[30]
  io_out[31]
  io_out[32]
  io_out[33]
  io_out[34]
  io_out[35]
  io_out[36]
  io_out[37]
  io_out[3]
  io_out[4]
  io_out[5]
  io_out[6]
  io_out[7]
  io_out[8]
  io_out[9]
  la_data_out[0]
  la_data_out[100]
  la_data_out[101]
  la_data_out[102]
  la_data_out[103]
  la_data_out[104]
  la_data_out[105]
  la_data_out[106]
  la_data_out[107]
  la_data_out[108]
  la_data_out[109]
  la_data_out[10]
  la_data_out[110]
  la_data_out[111]
  la_data_out[112]
  la_data_out[113]
  la_data_out[114]
  la_data_out[115]
  la_data_out[116]
  la_data_out[117]
  la_data_out[118]
  la_data_out[119]
  la_data_out[11]
  la_data_out[120]
  la_data_out[121]
  la_data_out[122]
  la_data_out[123]
  la_data_out[124]
  la_data_out[125]
  la_data_out[126]
  la_data_out[127]
  la_data_out[12]
  la_data_out[13]
  la_data_out[14]
  la_data_out[15]
  la_data_out[16]
  la_data_out[17]
  la_data_out[18]
  la_data_out[19]
  la_data_out[1]
  la_data_out[20]
  la_data_out[21]
  la_data_out[22]
  la_data_out[23]
  la_data_out[24]
  la_data_out[25]
  la_data_out[26]
  la_data_out[27]
  la_data_out[28]
  la_data_out[29]
  la_data_out[2]
  la_data_out[30]
  la_data_out[31]
  la_data_out[32]
  la_data_out[33]
  la_data_out[34]
  la_data_out[35]
  la_data_out[36]
  la_data_out[37]
  la_data_out[38]
  la_data_out[39]
  la_data_out[3]
  la_data_out[40]
  la_data_out[41]
  la_data_out[42]
  la_data_out[43]
  la_data_out[44]
  la_data_out[45]
  la_data_out[46]
  la_data_out[47]
  la_data_out[48]
  la_data_out[49]
  la_data_out[4]
  la_data_out[50]
  la_data_out[51]
  la_data_out[52]
  la_data_out[53]
  la_data_out[54]
  la_data_out[55]
  la_data_out[56]
  la_data_out[57]
  la_data_out[58]
  la_data_out[59]
  la_data_out[5]
  la_data_out[60]
  la_data_out[61]
  la_data_out[62]
  la_data_out[63]
  la_data_out[64]
  la_data_out[65]
  la_data_out[66]
  la_data_out[67]
  la_data_out[68]
  la_data_out[69]
  la_data_out[6]
  la_data_out[70]
  la_data_out[71]
  la_data_out[72]
  la_data_out[73]
  la_data_out[74]
  la_data_out[75]
  la_data_out[76]
  la_data_out[77]
  la_data_out[78]
  la_data_out[79]
  la_data_out[7]
  la_data_out[80]
  la_data_out[81]
  la_data_out[82]
  la_data_out[83]
  la_data_out[84]
  la_data_out[85]
  la_data_out[86]
  la_data_out[87]
  la_data_out[88]
  la_data_out[89]
  la_data_out[8]
  la_data_out[90]
  la_data_out[91]
  la_data_out[92]
  la_data_out[93]
  la_data_out[94]
  la_data_out[95]
  la_data_out[96]
  la_data_out[97]
  la_data_out[98]
  la_data_out[99]
  la_data_out[9]
  user_irq[1]
  user_irq[2]
