Clock: clk
Sources: wb_clk_i 
Generated: no
Virtual: yes
Propagated: no
Period: 25.000000

===========================================================================
report_clock_properties
============================================================================
Clock                   Period          Waveform
----------------------------------------------------
clk                  25.000000    0.000000 12.500000

===========================================================================
report_clock_latency
============================================================================
Clock clk
rise -> rise
    min     max
4.650000 5.570000 source latency
4.658060         network latency _755_/CLK
        5.650787 network latency _784_/CLK
---------------
9.308061 11.220786 latency
        1.912726 skew

fall -> fall
    min     max
4.650000 5.570000 source latency
4.657722         network latency _755_/CLK
        5.647289 network latency _784_/CLK
---------------
9.307721 11.217289 latency
        1.909568 skew



===========================================================================
report_clock_min_period
============================================================================
clk period_min = 5.91 fmax = 169.10
