
===========================================================================
 report_power
============================================================================
======================= min_tt_025C_1v80 Corner ===================================

Group                    Internal    Switching      Leakage        Total
                            Power        Power        Power        Power (Watts)
------------------------------------------------------------------------
Sequential           0.000000e+00 0.000000e+00 0.000000e+00 0.000000e+00   0.0%
Combinational        0.000000e+00 0.000000e+00 6.415270e-10 6.415270e-10   6.9%
Clock                0.000000e+00 0.000000e+00 8.702828e-09 8.702828e-09  93.1%
Macro                0.000000e+00 0.000000e+00 0.000000e+00 0.000000e+00   0.0%
Pad                  0.000000e+00 0.000000e+00 0.000000e+00 0.000000e+00   0.0%
------------------------------------------------------------------------
Total                0.000000e+00 0.000000e+00 9.344363e-09 9.344363e-09 100.0%
                             0.0%         0.0%       100.0%

