
===========================================================================
 report_power
============================================================================
======================= min_tt_025C_1v80 Corner ===================================

Group                    Internal    Switching      Leakage        Total
                            Power        Power        Power        Power (Watts)
------------------------------------------------------------------------
Sequential           1.583586e-04 9.130981e-06 9.959484e-10 1.674906e-04  78.1%
Combinational        8.579774e-06 3.834361e-05 1.895045e-09 4.692528e-05  21.9%
Clock                0.000000e+00 0.000000e+00 8.333459e-09 8.333459e-09   0.0%
Macro                0.000000e+00 0.000000e+00 0.000000e+00 0.000000e+00   0.0%
Pad                  0.000000e+00 0.000000e+00 0.000000e+00 0.000000e+00   0.0%
------------------------------------------------------------------------
Total                1.669384e-04 4.747459e-05 1.122449e-08 2.144242e-04 100.0%
                            77.9%        22.1%         0.0%

