Clock: clk
Sources: clk 
Generated: no
Virtual: yes
Propagated: no
Period: 25.000000

===========================================================================
report_clock_properties
============================================================================
Clock                   Period          Waveform
----------------------------------------------------
clk                  25.000000    0.000000 12.500000

===========================================================================
report_clock_latency
============================================================================
Clock clk
rise -> rise
    min     max
0.000000 0.000000 source latency
0.366934         network latency _450_/CLK
        0.369081 network latency _465_/CLK
---------------
0.366934 0.369081 latency
        0.002147 skew

fall -> fall
    min     max
0.000000 0.000000 source latency
0.343786         network latency _450_/CLK
        0.345590 network latency _465_/CLK
---------------
0.343786 0.345590 latency
        0.001804 skew



===========================================================================
report_clock_min_period
============================================================================
clk period_min = 3.23 fmax = 309.53
