
===========================================================================
 report_power
============================================================================
======================= min_tt_025C_1v80 Corner ===================================

Group                    Internal    Switching      Leakage        Total
                            Power        Power        Power        Power (Watts)
------------------------------------------------------------------------
Sequential           8.440561e-05 1.663815e-06 4.230966e-10 8.606985e-05  49.1%
Combinational        7.191303e-06 1.153901e-05 1.287030e-09 1.873160e-05  10.7%
Clock                4.206086e-05 2.835997e-05 2.788954e-10 7.042111e-05  40.2%
Macro                0.000000e+00 0.000000e+00 0.000000e+00 0.000000e+00   0.0%
Pad                  0.000000e+00 0.000000e+00 0.000000e+00 0.000000e+00   0.0%
------------------------------------------------------------------------
Total                1.336577e-04 4.156278e-05 1.989023e-09 1.752225e-04 100.0%
                            76.3%        23.7%         0.0%

