
===========================================================================
report_checks -unconstrained
===========================================================================
======================= max_ff_n40C_1v95 Corner ===================================

Startpoint: _476_ (rising edge-triggered flip-flop clocked by clk)
Endpoint: security_breach (output port clocked by clk)
Path Group: clk
Path Type: max

Fanout         Cap        Slew       Delay        Time   Description
---------------------------------------------------------------------------------------------
                                  0.000000    0.000000   clock clk (rise edge)
                                  0.000000    0.000000   clock source latency
     1    0.018597    0.067071    0.046028    0.046028 ^ clk (in)
                                                         clk (net)
                      0.067091    0.000000    0.046028 ^ clkbuf_0_clk/A (sky130_fd_sc_hd__clkbuf_16)
     4    0.041408    0.046196    0.106941    0.152969 ^ clkbuf_0_clk/X (sky130_fd_sc_hd__clkbuf_16)
                                                         clknet_0_clk (net)
                      0.046465    0.002427    0.155396 ^ clkbuf_2_3__f_clk/A (sky130_fd_sc_hd__clkbuf_16)
    14    0.050529    0.052622    0.106408    0.261804 ^ clkbuf_2_3__f_clk/X (sky130_fd_sc_hd__clkbuf_16)
                                                         clknet_2_3__leaf_clk (net)
                      0.052799    0.002084    0.263888 ^ _476_/CLK (sky130_fd_sc_hd__dfxtp_1)
     5    0.011904    0.044803    0.215893    0.479781 v _476_/Q (sky130_fd_sc_hd__dfxtp_1)
                                                         u_system.u_global.state[1] (net)
                      0.044815    0.000697    0.480478 v hold14/A (sky130_fd_sc_hd__dlygate4sd3_1)
     1    0.004898    0.045691    0.375687    0.856165 v hold14/X (sky130_fd_sc_hd__dlygate4sd3_1)
                                                         net43 (net)
                      0.045691    0.000369    0.856534 v _219_/A (sky130_fd_sc_hd__inv_2)
     5    0.019414    0.070070    0.072632    0.929166 ^ _219_/Y (sky130_fd_sc_hd__inv_2)
                                                         _055_ (net)
                      0.070076    0.000537    0.929703 ^ _235_/B (sky130_fd_sc_hd__nand2_1)
     2    0.007259    0.065759    0.050039    0.979742 v _235_/Y (sky130_fd_sc_hd__nand2_1)
                                                         _068_ (net)
                      0.065764    0.000472    0.980214 v _236_/A2 (sky130_fd_sc_hd__o21ai_1)
     2    0.007073    0.120968    0.126722    1.106936 ^ _236_/Y (sky130_fd_sc_hd__o21ai_1)
                                                         net21 (net)
                      0.120968    0.000339    1.107275 ^ _488_/A (sky130_fd_sc_hd__clkbuf_1)
     1    0.003209    0.036337    0.063061    1.170336 ^ _488_/X (sky130_fd_sc_hd__clkbuf_1)
                                                         net22 (net)
                      0.036337    0.000221    1.170557 ^ output22/A (sky130_fd_sc_hd__buf_2)
     1    0.034257    0.127876    0.138168    1.308725 ^ output22/X (sky130_fd_sc_hd__buf_2)
                                                         security_breach (net)
                      0.127908    0.001679    1.310404 ^ security_breach (out)
                                              1.310404   data arrival time

                                 25.000000   25.000000   clock clk (rise edge)
                                  0.000000   25.000000   clock network delay (propagated)
                                 -0.250000   24.750000   clock uncertainty
                                  0.000000   24.750000   clock reconvergence pessimism
                                 -5.000000   19.750000   output external delay
                                             19.750000   data required time
---------------------------------------------------------------------------------------------
                                             19.750000   data required time
                                             -1.310404   data arrival time
---------------------------------------------------------------------------------------------
                                             18.439596   slack (MET)




===========================================================================
report_checks --slack_max -0.01
============================================================================
======================= max_ff_n40C_1v95 Corner ===================================

No paths found.


===========================================================================
 report_check_types -max_slew -max_cap -max_fanout -violators
============================================================================
======================= max_ff_n40C_1v95 Corner ===================================

max fanout

Pin                                   Limit Fanout  Slack
---------------------------------------------------------
clkbuf_2_0__f_clk/X                      10     16     -6 (VIOLATED)
clkbuf_2_3__f_clk/X                      10     14     -4 (VIOLATED)
clkbuf_2_2__f_clk/X                      10     13     -3 (VIOLATED)
clkbuf_2_1__f_clk/X                      10     12     -2 (VIOLATED)



===========================================================================
report_parasitic_annotation -report_unannotated
============================================================================
Found 3 unannotated drivers.
 clkload0/Y
 clkload1/Y
 clkload2/Y
Found 0 partially unannotated drivers.

===========================================================================
max slew violation count 0
max fanout violation count 4
max cap violation count 0
============================================================================

===========================================================================
check_setup -verbose -unconstrained_endpoints -multiple_clock -no_clock -no_input_delay -loops -generated_clocks
===========================================================================
