Clock: clk
Sources: clk 
Generated: no
Virtual: yes
Propagated: no
Period: 25.000000

===========================================================================
report_clock_properties
============================================================================
Clock                   Period          Waveform
----------------------------------------------------
clk                  25.000000    0.000000 12.500000

===========================================================================
report_clock_latency
============================================================================
Clock clk
rise -> rise
    min     max
0.000000 0.000000 source latency
0.262604         network latency _471_/CLK
        0.266658 network latency _469_/CLK
---------------
0.262604 0.266658 latency
        0.004054 skew

fall -> fall
    min     max
0.000000 0.000000 source latency
0.240624         network latency _471_/CLK
        0.244494 network latency _469_/CLK
---------------
0.240624 0.244494 latency
        0.003871 skew



===========================================================================
report_clock_min_period
============================================================================
clk period_min = 2.16 fmax = 462.56
