Clock: wb_clk_i
Sources: wb_clk_i 
Generated: no
Virtual: yes
Propagated: no
Period: 25.000000

===========================================================================
report_clock_properties
============================================================================
Clock                   Period          Waveform
----------------------------------------------------
wb_clk_i             25.000000    0.000000 12.500000

===========================================================================
report_clock_latency
============================================================================
Clock wb_clk_i
rise -> rise
    min     max
0.000000 0.000000 source latency
0.316393         network latency _720_/CLK
        0.318797 network latency _703_/CLK
---------------
0.316393 0.318797 latency
        0.002404 skew

fall -> fall
    min     max
0.000000 0.000000 source latency
0.276390         network latency _720_/CLK
        0.278400 network latency _703_/CLK
---------------
0.276390 0.278400 latency
        0.002011 skew



===========================================================================
report_clock_min_period
============================================================================
wb_clk_i period_min = 1.97 fmax = 508.38
