
===========================================================================
 report_power
============================================================================
======================= min_ff_n40C_1v95 Corner ===================================

Group                    Internal    Switching      Leakage        Total
                            Power        Power        Power        Power (Watts)
------------------------------------------------------------------------
Sequential           1.797784e-04 2.814102e-06 1.459432e-09 1.825940e-04  48.4%
Combinational        1.102462e-05 1.921078e-05 3.423397e-09 3.023882e-05   8.0%
Clock                9.700720e-05 6.747153e-05 1.073964e-09 1.644798e-04  43.6%
Macro                0.000000e+00 0.000000e+00 0.000000e+00 0.000000e+00   0.0%
Pad                  0.000000e+00 0.000000e+00 0.000000e+00 0.000000e+00   0.0%
------------------------------------------------------------------------
Total                2.878103e-04 8.949643e-05 5.956792e-09 3.773127e-04 100.0%
                            76.3%        23.7%         0.0%

