Clock: clk
Sources: clk 
Generated: no
Virtual: yes
Propagated: no
Period: 40.000000

===========================================================================
report_clock_properties
============================================================================
Clock                   Period          Waveform
----------------------------------------------------
clk                  40.000000    0.000000 20.000000

===========================================================================
report_clock_latency
============================================================================
Clock clk
rise -> rise
    min     max
0.000000 0.000000 source latency
1.104605         network latency _52870_/CLK
        1.313516 network latency _53388_/CLK
---------------
1.104605 1.313516 latency
        0.208910 skew

fall -> fall
    min     max
0.000000 0.000000 source latency
0.873991         network latency _52870_/CLK
        1.068264 network latency _53388_/CLK
---------------
0.873991 1.068264 latency
        0.194273 skew



===========================================================================
report_clock_min_period
============================================================================
clk period_min = 6.37 fmax = 156.98
