Clock: clk
Sources: clk 
Generated: no
Virtual: yes
Propagated: no
Period: 25.000000

===========================================================================
report_clock_properties
============================================================================
Clock                   Period          Waveform
----------------------------------------------------
clk                  25.000000    0.000000 12.500000

===========================================================================
report_clock_latency
============================================================================
Clock clk
rise -> rise
    min     max
0.000000 0.000000 source latency
0.363385         network latency _458_/CLK
        0.365197 network latency _469_/CLK
---------------
0.363385 0.365197 latency
        0.001812 skew

fall -> fall
    min     max
0.000000 0.000000 source latency
0.341547         network latency _458_/CLK
        0.343483 network latency _469_/CLK
---------------
0.341547 0.343483 latency
        0.001936 skew



===========================================================================
report_clock_min_period
============================================================================
clk period_min = 3.35 fmax = 298.33
