┏━━━━━━━┳━━━━━━━━━┳━━━━━━━━━━┳━━━━━━━━━━━━━━┳━━━━━━━━━━━━━━━━━━━━━━━━━━━━━━━━━┳━━━━━━━┓
┃ P / R ┃ Partial ┃ Required ┃ Net          ┃ Pin                             ┃ Layer ┃
┡━━━━━━━╇━━━━━━━━━╇━━━━━━━━━━╇━━━━━━━━━━━━━━╇━━━━━━━━━━━━━━━━━━━━━━━━━━━━━━━━━╇━━━━━━━┩
│ 1.39  │ 3850.77 │ 2773.88  │ io_in[14]    │ u_secure_boot_cp/cold_reset_req │ met4  │
│ 1.31  │ 3645.67 │ 2773.88  │ wb_rst_i     │ u_secure_boot_cp/wb_rst_i       │ met3  │
│ 1.31  │ 3628.69 │ 2773.88  │ wbs_sel_i[0] │ u_secure_boot_cp/wb_sel_i[0]    │ met3  │
│ 1.30  │ 3611.27 │ 2773.88  │ wbs_cyc_i    │ u_secure_boot_cp/wb_cyc_i       │ met3  │
│ 1.30  │ 3606.54 │ 2773.88  │ wbs_we_i     │ u_secure_boot_cp/wb_we_i        │ met3  │
│ 1.30  │ 3594.39 │ 2773.88  │ wbs_stb_i    │ u_secure_boot_cp/wb_stb_i       │ met3  │
│ 1.29  │ 3572.39 │ 2773.88  │ io_in[13]    │ u_secure_boot_cp/warm_reset_req │ met4  │
│ 1.28  │ 3550.08 │ 2773.88  │ wbs_dat_i[0] │ u_secure_boot_cp/wb_dat_i[0]    │ met3  │
│ 1.26  │ 3491.19 │ 2773.88  │ wbs_dat_i[1] │ u_secure_boot_cp/wb_dat_i[1]    │ met3  │
│ 1.24  │ 3431.70 │ 2773.88  │ wbs_dat_i[2] │ u_secure_boot_cp/wb_dat_i[2]    │ met3  │
│ 1.22  │ 3371.06 │ 2773.88  │ wbs_dat_i[3] │ u_secure_boot_cp/wb_dat_i[3]    │ met3  │
│ 1.19  │ 3311.62 │ 2773.88  │ wbs_dat_i[4] │ u_secure_boot_cp/wb_dat_i[4]    │ met3  │
│ 1.13  │ 3128.17 │ 2773.88  │ io_in[15]    │ u_secure_boot_cp/global_pin_ok  │ met3  │
└───────┴─────────┴──────────┴──────────────┴─────────────────────────────────┴───────┘
