┏━━━━━━━┳━━━━━━━━━━┳━━━━━━━━━━┳━━━━━━━━━━━━━━━━━━━━━━━━━━━━━━━┳━━━━━━━━━━━━┳━━━━━━━┓
┃ P / R ┃ Partial  ┃ Required ┃ Net                           ┃ Pin        ┃ Layer ┃
┡━━━━━━━╇━━━━━━━━━━╇━━━━━━━━━━╇━━━━━━━━━━━━━━━━━━━━━━━━━━━━━━━╇━━━━━━━━━━━━╇━━━━━━━┩
│ 35.51 │ 14205.61 │ 400.00   │ io_in[11]                     │ _462_/C    │ met1  │
│ 35.51 │ 14203.06 │ 400.00   │ io_in[12]                     │ _462_/B    │ met1  │
│ 24.30 │ 9721.68  │ 400.00   │ io_in[19]                     │ _517_/B    │ met2  │
│ 24.24 │ 9696.74  │ 400.00   │ io_in[20]                     │ _519_/B    │ met2  │
│ 18.36 │ 7344.20  │ 400.00   │ io_in[7]                      │ _478_/A    │ met1  │
│ 18.16 │ 7265.39  │ 400.00   │ _222_                         │ _480_/C1   │ met1  │
│ 17.45 │ 6979.51  │ 400.00   │ io_in[15]                     │ _592_/A1   │ met1  │
│ 12.74 │ 5095.02  │ 400.00   │ io_in[12]                     │ _461_/A    │ met2  │
│ 12.74 │ 5095.02  │ 400.00   │ io_in[12]                     │ _462_/B    │ met2  │
│ 12.05 │ 4820.96  │ 400.00   │ io_in[15]                     │ _471_/A    │ met2  │
│ 12.05 │ 4820.96  │ 400.00   │ io_in[15]                     │ _592_/A1   │ met2  │
│ 11.49 │ 4597.99  │ 400.00   │ io_in[11]                     │ _461_/B    │ met2  │
│ 11.49 │ 4597.99  │ 400.00   │ io_in[11]                     │ _462_/C    │ met2  │
│ 8.15  │ 3260.38  │ 400.00   │ io_in[18]                     │ _460_/B1   │ met2  │
│ 8.15  │ 3260.38  │ 400.00   │ io_in[18]                     │ _499_/A    │ met2  │
│ 8.15  │ 3260.38  │ 400.00   │ io_in[18]                     │ _500_/A1   │ met2  │
│ 7.75  │ 3101.57  │ 400.00   │ io_in[19]                     │ _517_/B    │ met1  │
│ 7.06  │ 2822.81  │ 400.00   │ io_in[13]                     │ _585_/B    │ met2  │
│ 7.06  │ 2822.81  │ 400.00   │ io_in[13]                     │ _590_/A1   │ met2  │
│ 7.06  │ 2822.81  │ 400.00   │ io_in[13]                     │ _593_/B    │ met2  │
│ 6.97  │ 2789.85  │ 400.00   │ io_in[17]                     │ _499_/B    │ met2  │
│ 6.97  │ 2789.85  │ 400.00   │ io_in[17]                     │ _500_/A2   │ met2  │
│ 6.97  │ 2789.85  │ 400.00   │ io_in[17]                     │ _522_/B1_N │ met2  │
│ 6.97  │ 2789.85  │ 400.00   │ io_in[17]                     │ _524_/B    │ met2  │
│ 5.80  │ 2321.06  │ 400.00   │ io_in[14]                     │ _452_/B    │ met2  │
│ 5.80  │ 2321.06  │ 400.00   │ io_in[14]                     │ _474_/A2   │ met2  │
│ 5.80  │ 2321.06  │ 400.00   │ io_in[14]                     │ _584_/A    │ met2  │
│ 5.80  │ 2321.06  │ 400.00   │ io_in[14]                     │ _593_/A    │ met2  │
│ 4.96  │ 1983.21  │ 400.00   │ io_in[7]                      │ _478_/A    │ met2  │
│ 4.96  │ 1983.21  │ 400.00   │ io_in[7]                      │ _589_/C    │ met2  │
│ 1.92  │ 769.00   │ 400.00   │ io_in[10]                     │ _479_/C    │ met2  │
│ 1.91  │ 5437.03  │ 2841.80  │ _222_                         │ _480_/C1   │ met2  │
│ 1.85  │ 738.22   │ 400.00   │ io_in[8]                      │ _479_/B    │ met2  │
│ 1.27  │ 507.95   │ 400.00   │ _247_                         │ _509_/B1   │ met1  │
│ 1.03  │ 411.31   │ 400.00   │ u_secure_boot_cp.debug_enable │ _482_/A_N  │ met1  │
│ 1.02  │ 407.22   │ 400.00   │ _038_                         │ _583_/A    │ met1  │
└───────┴──────────┴──────────┴───────────────────────────────┴────────────┴───────┘
