Clock: wb_clk_i
Sources: wb_clk_i 
Generated: no
Virtual: yes
Propagated: no
Period: 25.000000

===========================================================================
report_clock_properties
============================================================================
Clock                   Period          Waveform
----------------------------------------------------
wb_clk_i             25.000000    0.000000 12.500000

===========================================================================
report_clock_latency
============================================================================
Clock wb_clk_i
rise -> rise
    min     max
0.000000 0.000000 source latency
0.456939         network latency _720_/CLK
        0.459721 network latency _703_/CLK
---------------
0.456939 0.459721 latency
        0.002782 skew

fall -> fall
    min     max
0.000000 0.000000 source latency
0.403232         network latency _720_/CLK
        0.405590 network latency _703_/CLK
---------------
0.403232 0.405590 latency
        0.002358 skew



===========================================================================
report_clock_min_period
============================================================================
wb_clk_i period_min = 3.07 fmax = 325.91
