Clock: clk
Sources: wb_clk_i 
Generated: no
Virtual: yes
Propagated: no
Period: 25.000000

===========================================================================
report_clock_properties
============================================================================
Clock                   Period          Waveform
----------------------------------------------------
clk                  25.000000    0.000000 12.500000

===========================================================================
report_clock_latency
============================================================================
Clock clk
rise -> rise
    min     max
4.650000 5.570000 source latency
4.660829         network latency _755_/CLK
        5.679226 network latency _784_/CLK
---------------
9.310829 11.249227 latency
        1.938398 skew

fall -> fall
    min     max
4.650000 5.570000 source latency
4.660432         network latency _755_/CLK
        5.675105 network latency _784_/CLK
---------------
9.310431 11.245105 latency
        1.934673 skew



===========================================================================
report_clock_min_period
============================================================================
clk period_min = 3.97 fmax = 252.06
