
===========================================================================
 report_power
============================================================================
======================= nom_ff_n40C_1v95 Corner ===================================

Group                    Internal    Switching      Leakage        Total
                            Power        Power        Power        Power (Watts)
------------------------------------------------------------------------
Sequential           2.044888e-04 1.108324e-05 1.444187e-09 2.155735e-04  78.8%
Combinational        1.087408e-05 4.718860e-05 4.589877e-09 5.806727e-05  21.2%
Clock                0.000000e+00 0.000000e+00 9.779711e-09 9.779711e-09   0.0%
Macro                0.000000e+00 0.000000e+00 0.000000e+00 0.000000e+00   0.0%
Pad                  0.000000e+00 0.000000e+00 0.000000e+00 0.000000e+00   0.0%
------------------------------------------------------------------------
Total                2.153628e-04 5.827184e-05 1.581376e-08 2.736505e-04 100.0%
                            78.7%        21.3%         0.0%

