
===========================================================================
report_checks -unconstrained
===========================================================================
======================= nom_tt_025C_1v80 Corner ===================================

Startpoint: _432_ (rising edge-triggered flip-flop clocked by clk)
Endpoint: unlock_enable (output port clocked by clk)
Path Group: clk
Path Type: max

Fanout         Cap        Slew       Delay        Time   Description
---------------------------------------------------------------------------------------------
                                  0.000000    0.000000   clock clk (rise edge)
                                  0.000000    0.000000   clock source latency
     1    0.018756    0.090238    0.062218    0.062218 ^ clk (in)
                                                         clk (net)
                      0.090268    0.000000    0.062218 ^ clkbuf_0_clk/A (sky130_fd_sc_hd__clkbuf_16)
     4    0.041345    0.060977    0.159295    0.221513 ^ clkbuf_0_clk/X (sky130_fd_sc_hd__clkbuf_16)
                                                         clknet_0_clk (net)
                      0.060987    0.000756    0.222270 ^ clkbuf_2_3__f_clk/A (sky130_fd_sc_hd__clkbuf_16)
    14    0.046881    0.065931    0.152503    0.374773 ^ clkbuf_2_3__f_clk/X (sky130_fd_sc_hd__clkbuf_16)
                                                         clknet_2_3__leaf_clk (net)
                      0.065941    0.000840    0.375613 ^ _432_/CLK (sky130_fd_sc_hd__dfxtp_1)
     4    0.009351    0.097008    0.350695    0.726308 ^ _432_/Q (sky130_fd_sc_hd__dfxtp_1)
                                                         net21 (net)
                      0.097008    0.000167    0.726475 ^ hold11/A (sky130_fd_sc_hd__dlygate4sd3_1)
     1    0.004735    0.069823    0.566006    1.292482 ^ hold11/X (sky130_fd_sc_hd__dlygate4sd3_1)
                                                         net93 (net)
                      0.069823    0.000090    1.292572 ^ _211_/A (sky130_fd_sc_hd__inv_2)
     6    0.019582    0.049769    0.064325    1.356896 v _211_/Y (sky130_fd_sc_hd__inv_2)
                                                         _053_ (net)
                      0.049780    0.000636    1.357532 v _227_/B (sky130_fd_sc_hd__or3b_2)
     4    0.015184    0.115933    0.499816    1.857348 v _227_/X (sky130_fd_sc_hd__or3b_2)
                                                         _065_ (net)
                      0.115933    0.000457    1.857806 v _228_/A (sky130_fd_sc_hd__inv_2)
     8    0.041131    0.188900    0.191939    2.049744 ^ _228_/Y (sky130_fd_sc_hd__inv_2)
                                                         net16 (net)
                      0.188909    0.001107    2.050851 ^ _487_/A (sky130_fd_sc_hd__clkbuf_1)
     1    0.002472    0.042204    0.108377    2.159228 ^ _487_/X (sky130_fd_sc_hd__clkbuf_1)
                                                         net76 (net)
                      0.042204    0.000071    2.159300 ^ output76/A (sky130_fd_sc_hd__buf_2)
     1    0.034574    0.171609    0.197811    2.357111 ^ output76/X (sky130_fd_sc_hd__buf_2)
                                                         unlock_enable (net)
                      0.171662    0.000812    2.357923 ^ unlock_enable (out)
                                              2.357923   data arrival time

                                 25.000000   25.000000   clock clk (rise edge)
                                  0.000000   25.000000   clock network delay (propagated)
                                 -0.250000   24.750000   clock uncertainty
                                  0.000000   24.750000   clock reconvergence pessimism
                                 -5.000000   19.750000   output external delay
                                             19.750000   data required time
---------------------------------------------------------------------------------------------
                                             19.750000   data required time
                                             -2.357923   data arrival time
---------------------------------------------------------------------------------------------
                                             17.392076   slack (MET)




===========================================================================
report_checks --slack_max -0.01
============================================================================
======================= nom_tt_025C_1v80 Corner ===================================

No paths found.


===========================================================================
 report_check_types -max_slew -max_cap -max_fanout -violators
============================================================================
======================= nom_tt_025C_1v80 Corner ===================================

max fanout

Pin                                   Limit Fanout  Slack
---------------------------------------------------------
clkbuf_2_0__f_clk/X                      10     14     -4 (VIOLATED)
clkbuf_2_1__f_clk/X                      10     14     -4 (VIOLATED)
clkbuf_2_3__f_clk/X                      10     14     -4 (VIOLATED)
clkbuf_2_2__f_clk/X                      10     13     -3 (VIOLATED)



===========================================================================
report_parasitic_annotation -report_unannotated
============================================================================
Found 3 unannotated drivers.
 clkload0/X
 clkload1/X
 clkload2/X
Found 0 partially unannotated drivers.

===========================================================================
max slew violation count 0
max fanout violation count 4
max cap violation count 0
============================================================================

===========================================================================
check_setup -verbose -unconstrained_endpoints -multiple_clock -no_clock -no_input_delay -loops -generated_clocks
===========================================================================
