Clock: clk
Sources: clk 
Generated: no
Virtual: yes
Propagated: no
Period: 25.000000

===========================================================================
report_clock_properties
============================================================================
Clock                   Period          Waveform
----------------------------------------------------
clk                  25.000000    0.000000 12.500000

===========================================================================
report_clock_latency
============================================================================
Clock clk
rise -> rise
    min     max
0.000000 0.000000 source latency
0.374562         network latency _450_/CLK
        0.377161 network latency _465_/CLK
---------------
0.374562 0.377161 latency
        0.002598 skew

fall -> fall
    min     max
0.000000 0.000000 source latency
0.348625         network latency _450_/CLK
        0.350833 network latency _465_/CLK
---------------
0.348625 0.350833 latency
        0.002208 skew



===========================================================================
report_clock_min_period
============================================================================
clk period_min = 3.25 fmax = 307.27
