
===========================================================================
 report_power
============================================================================
======================= nom_tt_025C_1v80 Corner ===================================

Group                    Internal    Switching      Leakage        Total
                            Power        Power        Power        Power (Watts)
------------------------------------------------------------------------
Sequential           8.438781e-05 1.721882e-06 4.230966e-10 8.611011e-05  48.7%
Combinational        7.193380e-06 1.181183e-05 1.287030e-09 1.900649e-05  10.8%
Clock                4.210009e-05 2.947801e-05 2.788954e-10 7.157837e-05  40.5%
Macro                0.000000e+00 0.000000e+00 0.000000e+00 0.000000e+00   0.0%
Pad                  0.000000e+00 0.000000e+00 0.000000e+00 0.000000e+00   0.0%
------------------------------------------------------------------------
Total                1.336813e-04 4.301173e-05 1.989023e-09 1.766950e-04 100.0%
                            75.7%        24.3%         0.0%

