Clock: clk
Sources: clk 
Generated: no
Virtual: yes
Propagated: no
Period: 25.000000

===========================================================================
report_clock_properties
============================================================================
Clock                   Period          Waveform
----------------------------------------------------
clk                  25.000000    0.000000 12.500000

===========================================================================
report_clock_latency
============================================================================
Clock clk
rise -> rise
    min     max
0.000000 0.000000 source latency
0.639288         network latency _440_/CLK
        0.641362 network latency _469_/CLK
---------------
0.639288 0.641362 latency
        0.002074 skew

fall -> fall
    min     max
0.000000 0.000000 source latency
0.618212         network latency _458_/CLK
        0.620430 network latency _469_/CLK
---------------
0.618212 0.620430 latency
        0.002218 skew



===========================================================================
report_clock_min_period
============================================================================
clk period_min = 7.01 fmax = 142.58
