Clock: clk
Sources: clk 
Generated: no
Virtual: yes
Propagated: no
Period: 40.000000

===========================================================================
report_clock_properties
============================================================================
Clock                   Period          Waveform
----------------------------------------------------
clk                  40.000000    0.000000 20.000000

===========================================================================
report_clock_latency
============================================================================
Clock clk
rise -> rise
    min     max
0.000000 0.000000 source latency
1.620350         network latency _52870_/CLK
        1.929416 network latency _54413_/CLK
---------------
1.620350 1.929416 latency
        0.309066 skew

fall -> fall
    min     max
0.000000 0.000000 source latency
1.252959         network latency _52870_/CLK
        1.524601 network latency _53388_/CLK
---------------
1.252959 1.524601 latency
        0.271642 skew



===========================================================================
report_clock_min_period
============================================================================
clk period_min = 10.02 fmax = 99.80
