
===========================================================================
 report_power
============================================================================
======================= max_tt_025C_1v80 Corner ===================================

Group                    Internal    Switching      Leakage        Total
                            Power        Power        Power        Power (Watts)
------------------------------------------------------------------------
Sequential           3.369612e-03 4.847195e-04 3.975435e-08 3.854371e-03   5.4%
Combinational        2.284176e-02 4.199877e-02 1.246782e-07 6.484065e-02  90.2%
Clock                1.521745e-03 1.646200e-03 6.171067e-08 3.168006e-03   4.4%
Macro                0.000000e+00 0.000000e+00 0.000000e+00 0.000000e+00   0.0%
Pad                  0.000000e+00 0.000000e+00 0.000000e+00 0.000000e+00   0.0%
------------------------------------------------------------------------
Total                2.773253e-02 4.412966e-02 2.261433e-07 7.186241e-02 100.0%
                            38.6%        61.4%         0.0%

