
===========================================================================
report_checks -unconstrained
===========================================================================
======================= nom_ss_100C_1v60 Corner ===================================

Startpoint: wb_rst_i (input port clocked by wb_clk_i)
Endpoint: _671_ (recovery check against rising-edge clock wb_clk_i)
Path Group: asynchronous
Path Type: max

Fanout         Cap        Slew       Delay        Time   Description
---------------------------------------------------------------------------------------------
                                  0.000000    0.000000   clock wb_clk_i (rise edge)
                                  0.000000    0.000000   clock network delay (propagated)
                                  5.000000    5.000000 v input external delay
     2    0.007651    0.037778    0.024245    5.024245 v wb_rst_i (in)
                                                         wb_rst_i (net)
                      0.037779    0.000000    5.024245 v input23/A (sky130_fd_sc_hd__clkbuf_1)
     1    0.003458    0.056955    0.151767    5.176012 v input23/X (sky130_fd_sc_hd__clkbuf_1)
                                                         net23 (net)
                      0.056955    0.000104    5.176116 v fanout89/A (sky130_fd_sc_hd__buf_2)
    11    0.051934    0.236875    0.393693    5.569809 v fanout89/X (sky130_fd_sc_hd__buf_2)
                                                         net89 (net)
                      0.236898    0.002462    5.572271 v fanout84/A (sky130_fd_sc_hd__clkbuf_4)
    10    0.048241    0.183822    0.437809    6.010081 v fanout84/X (sky130_fd_sc_hd__clkbuf_4)
                                                         net84 (net)
                      0.183822    0.000712    6.010793 v fanout83/A (sky130_fd_sc_hd__buf_4)
    10    0.055337    0.144287    0.393355    6.404148 v fanout83/X (sky130_fd_sc_hd__buf_4)
                                                         net83 (net)
                      0.144316    0.002036    6.406184 v _339_/A (sky130_fd_sc_hd__inv_2)
     7    0.027322    0.205120    0.224801    6.630984 ^ _339_/Y (sky130_fd_sc_hd__inv_2)
                                                         _038_ (net)
                      0.205126    0.000921    6.631906 ^ fanout82/A (sky130_fd_sc_hd__clkbuf_4)
    21    0.066088    0.318887    0.492892    7.124798 ^ fanout82/X (sky130_fd_sc_hd__clkbuf_4)
                                                         net82 (net)
                      0.318887    0.001206    7.126004 ^ _671_/RESET_B (sky130_fd_sc_hd__dfrtp_1)
                                              7.126004   data arrival time

                                 25.000000   25.000000   clock wb_clk_i (rise edge)
                                  0.000000   25.000000   clock source latency
     2    0.024010    0.178101    0.122636   25.122635 ^ wb_clk_i (in)
                                                         wb_clk_i (net)
                      0.178133    0.000000   25.122635 ^ clkbuf_0_wb_clk_i/A (sky130_fd_sc_hd__clkbuf_16)
    17    0.109159    0.188823    0.374197   25.496832 ^ clkbuf_0_wb_clk_i/X (sky130_fd_sc_hd__clkbuf_16)
                                                         clknet_0_wb_clk_i (net)
                      0.188875    0.003013   25.499846 ^ clkbuf_3_4__f_wb_clk_i/A (sky130_fd_sc_hd__clkbuf_16)
    12    0.042662    0.097277    0.307580   25.807425 ^ clkbuf_3_4__f_wb_clk_i/X (sky130_fd_sc_hd__clkbuf_16)
                                                         clknet_3_4__leaf_wb_clk_i (net)
                      0.097352    0.001396   25.808821 ^ _671_/CLK (sky130_fd_sc_hd__dfrtp_1)
                                 -0.250000   25.558821   clock uncertainty
                                  0.000000   25.558821   clock reconvergence pessimism
                                  0.379661   25.938482   library recovery time
                                             25.938482   data required time
---------------------------------------------------------------------------------------------
                                             25.938482   data required time
                                             -7.126004   data arrival time
---------------------------------------------------------------------------------------------
                                             18.812479   slack (MET)


Startpoint: _718_ (rising edge-triggered flip-flop clocked by wb_clk_i)
Endpoint: security_breach (output port clocked by wb_clk_i)
Path Group: wb_clk_i
Path Type: max

Fanout         Cap        Slew       Delay        Time   Description
---------------------------------------------------------------------------------------------
                                  0.000000    0.000000   clock wb_clk_i (rise edge)
                                  0.000000    0.000000   clock source latency
     2    0.024010    0.178101    0.122636    0.122636 ^ wb_clk_i (in)
                                                         wb_clk_i (net)
                      0.178133    0.000000    0.122636 ^ clkbuf_0_wb_clk_i/A (sky130_fd_sc_hd__clkbuf_16)
    17    0.109159    0.188823    0.374197    0.496832 ^ clkbuf_0_wb_clk_i/X (sky130_fd_sc_hd__clkbuf_16)
                                                         clknet_0_wb_clk_i (net)
                      0.188845    0.002161    0.498994 ^ clkbuf_3_6__f_wb_clk_i/A (sky130_fd_sc_hd__clkbuf_16)
    10    0.042134    0.096653    0.307133    0.806127 ^ clkbuf_3_6__f_wb_clk_i/X (sky130_fd_sc_hd__clkbuf_16)
                                                         clknet_3_6__leaf_wb_clk_i (net)
                      0.096699    0.001217    0.807344 ^ _718_/CLK (sky130_fd_sc_hd__dfxtp_1)
     4    0.008670    0.147709    0.699626    1.506971 ^ _718_/Q (sky130_fd_sc_hd__dfxtp_1)
                                                         u_system.u_global.state[4] (net)
                      0.147709    0.000117    1.507088 ^ hold15/A (sky130_fd_sc_hd__dlygate4sd3_1)
     1    0.005272    0.125246    1.106810    2.613898 ^ hold15/X (sky130_fd_sc_hd__dlygate4sd3_1)
                                                         net104 (net)
                      0.125246    0.000158    2.614056 ^ _335_/A (sky130_fd_sc_hd__inv_2)
     4    0.011380    0.061900    0.104739    2.718795 v _335_/Y (sky130_fd_sc_hd__inv_2)
                                                         _140_ (net)
                      0.061900    0.000232    2.719028 v _351_/B (sky130_fd_sc_hd__and3_1)
     6    0.024827    0.247286    0.495030    3.214057 v _351_/X (sky130_fd_sc_hd__and3_1)
                                                         _154_ (net)
                      0.247286    0.000444    3.214501 v _353_/A (sky130_fd_sc_hd__or2_2)
     9    0.033035    0.245831    0.920454    4.134955 v _353_/X (sky130_fd_sc_hd__or2_2)
                                                         net32 (net)
                      0.245842    0.001987    4.136942 v _766_/A (sky130_fd_sc_hd__clkbuf_1)
     1    0.002308    0.046789    0.235693    4.372636 v _766_/X (sky130_fd_sc_hd__clkbuf_1)
                                                         net33 (net)
                      0.046789    0.000067    4.372703 v output33/A (sky130_fd_sc_hd__buf_2)
     1    0.034870    0.168450    0.335754    4.708457 v output33/X (sky130_fd_sc_hd__buf_2)
                                                         security_breach (net)
                      0.168452    0.000814    4.709271 v security_breach (out)
                                              4.709271   data arrival time

                                 25.000000   25.000000   clock wb_clk_i (rise edge)
                                  0.000000   25.000000   clock network delay (propagated)
                                 -0.250000   24.750000   clock uncertainty
                                  0.000000   24.750000   clock reconvergence pessimism
                                 -5.000000   19.750000   output external delay
                                             19.750000   data required time
---------------------------------------------------------------------------------------------
                                             19.750000   data required time
                                             -4.709271   data arrival time
---------------------------------------------------------------------------------------------
                                             15.040729   slack (MET)




===========================================================================
report_checks --slack_max -0.01
============================================================================
======================= nom_ss_100C_1v60 Corner ===================================

No paths found.


===========================================================================
 report_check_types -max_slew -max_cap -max_fanout -violators
============================================================================
======================= nom_ss_100C_1v60 Corner ===================================

max fanout

Pin                                   Limit Fanout  Slack
---------------------------------------------------------
fanout82/X                               10     21    -11 (VIOLATED)
fanout87/X                               10     21    -11 (VIOLATED)
fanout88/X                               10     19     -9 (VIOLATED)
clkbuf_0_wb_clk_i/X                      10     17     -7 (VIOLATED)
clkbuf_3_1__f_wb_clk_i/X                 10     15     -5 (VIOLATED)
fanout80/X                               10     15     -5 (VIOLATED)
clkbuf_3_2__f_wb_clk_i/X                 10     14     -4 (VIOLATED)
clkbuf_3_5__f_wb_clk_i/X                 10     14     -4 (VIOLATED)
clkbuf_3_0__f_wb_clk_i/X                 10     13     -3 (VIOLATED)
clkbuf_3_7__f_wb_clk_i/X                 10     13     -3 (VIOLATED)
clkbuf_3_4__f_wb_clk_i/X                 10     12     -2 (VIOLATED)
clkbuf_3_3__f_wb_clk_i/X                 10     11        (VIOLATED)
fanout89/X                               10     11        (VIOLATED)



===========================================================================
report_parasitic_annotation -report_unannotated
============================================================================
Found 67 unannotated drivers.
 wb_adr_i[0]
 wb_adr_i[10]
 wb_adr_i[11]
 wb_adr_i[12]
 wb_adr_i[13]
 wb_adr_i[14]
 wb_adr_i[15]
 wb_adr_i[16]
 wb_adr_i[17]
 wb_adr_i[18]
 wb_adr_i[19]
 wb_adr_i[1]
 wb_adr_i[20]
 wb_adr_i[21]
 wb_adr_i[22]
 wb_adr_i[23]
 wb_adr_i[24]
 wb_adr_i[25]
 wb_adr_i[26]
 wb_adr_i[27]
 wb_adr_i[28]
 wb_adr_i[29]
 wb_adr_i[30]
 wb_adr_i[31]
 wb_adr_i[4]
 wb_adr_i[5]
 wb_adr_i[6]
 wb_adr_i[7]
 wb_adr_i[8]
 wb_adr_i[9]
 wb_dat_i[10]
 wb_dat_i[11]
 wb_dat_i[12]
 wb_dat_i[13]
 wb_dat_i[14]
 wb_dat_i[15]
 wb_dat_i[16]
 wb_dat_i[17]
 wb_dat_i[18]
 wb_dat_i[19]
 wb_dat_i[20]
 wb_dat_i[21]
 wb_dat_i[22]
 wb_dat_i[23]
 wb_dat_i[24]
 wb_dat_i[25]
 wb_dat_i[26]
 wb_dat_i[27]
 wb_dat_i[28]
 wb_dat_i[29]
 wb_dat_i[30]
 wb_dat_i[31]
 wb_dat_i[5]
 wb_dat_i[6]
 wb_dat_i[7]
 wb_dat_i[8]
 wb_dat_i[9]
 wb_sel_i[1]
 wb_sel_i[2]
 wb_sel_i[3]
 clkload0/X
 clkload1/X
 clkload2/X
 clkload3/Y
 clkload4/Y
 clkload5/Y
 clkload6/X
Found 0 partially unannotated drivers.

===========================================================================
max slew violation count 0
max fanout violation count 13
max cap violation count 0
============================================================================

===========================================================================
check_setup -verbose -unconstrained_endpoints -multiple_clock -no_clock -no_input_delay -loops -generated_clocks
===========================================================================
