Clock: wb_clk_i
Sources: wb_clk_i 
Generated: no
Virtual: yes
Propagated: no
Period: 25.000000

===========================================================================
report_clock_properties
============================================================================
Clock                   Period          Waveform
----------------------------------------------------
wb_clk_i             25.000000    0.000000 12.500000

===========================================================================
report_clock_latency
============================================================================
Clock wb_clk_i
rise -> rise
    min     max
0.000000 0.000000 source latency
0.803519         network latency _755_/CLK
        0.809136 network latency _741_/CLK
---------------
0.803519 0.809136 latency
        0.005617 skew

fall -> fall
    min     max
0.000000 0.000000 source latency
0.727688         network latency _755_/CLK
        0.732424 network latency _741_/CLK
---------------
0.727688 0.732424 latency
        0.004736 skew



===========================================================================
report_clock_min_period
============================================================================
wb_clk_i period_min = 6.37 fmax = 157.10
