
===========================================================================
 report_power
============================================================================
======================= nom_ss_100C_1v60 Corner ===================================

Group                    Internal    Switching      Leakage        Total
                            Power        Power        Power        Power (Watts)
------------------------------------------------------------------------
Sequential           1.191660e-04 1.922960e-06 1.501326e-06 1.225903e-04  47.0%
Combinational        8.021608e-06 1.313667e-05 2.082544e-06 2.324082e-05   8.9%
Clock                6.968091e-05 4.520537e-05 2.357688e-07 1.151220e-04  44.1%
Macro                0.000000e+00 0.000000e+00 0.000000e+00 0.000000e+00   0.0%
Pad                  0.000000e+00 0.000000e+00 0.000000e+00 0.000000e+00   0.0%
------------------------------------------------------------------------
Total                1.968685e-04 6.026498e-05 3.819640e-06 2.609532e-04 100.0%
                            75.4%        23.1%         1.5%

