Clock: clk
Sources: clk 
Generated: no
Virtual: yes
Propagated: no
Period: 25.000000

===========================================================================
report_clock_properties
============================================================================
Clock                   Period          Waveform
----------------------------------------------------
clk                  25.000000    0.000000 12.500000

===========================================================================
report_clock_latency
============================================================================
Clock clk
rise -> rise
    min     max
0.000000 0.000000 source latency
0.648163         network latency _450_/CLK
        0.651208 network latency _465_/CLK
---------------
0.648163 0.651208 latency
        0.003045 skew

fall -> fall
    min     max
0.000000 0.000000 source latency
0.624479         network latency _450_/CLK
        0.627137 network latency _465_/CLK
---------------
0.624479 0.627137 latency
        0.002657 skew



===========================================================================
report_clock_min_period
============================================================================
clk period_min = 6.65 fmax = 150.43
