
===========================================================================
 report_power
============================================================================
======================= nom_ss_100C_1v60 Corner ===================================

Group                    Internal    Switching      Leakage        Total
                            Power        Power        Power        Power (Watts)
------------------------------------------------------------------------
Sequential           6.531848e-05 1.335216e-06 7.186007e-07 6.737230e-05  47.7%
Combinational        5.871590e-06 9.278554e-06 1.454353e-06 1.660450e-05  11.8%
Clock                3.459736e-05 2.244258e-05 1.189475e-07 5.715888e-05  40.5%
Macro                0.000000e+00 0.000000e+00 0.000000e+00 0.000000e+00   0.0%
Pad                  0.000000e+00 0.000000e+00 0.000000e+00 0.000000e+00   0.0%
------------------------------------------------------------------------
Total                1.057874e-04 3.305635e-05 2.291901e-06 1.411357e-04 100.0%
                            75.0%        23.4%         1.6%

