
===========================================================================
report_checks -unconstrained
===========================================================================
======================= nom_tt_025C_1v80 Corner ===================================

Startpoint: _487_ (rising edge-triggered flip-flop clocked by clk)
Endpoint: unlock_enable (output port clocked by clk)
Path Group: clk
Path Type: max

Fanout         Cap        Slew       Delay        Time   Description
---------------------------------------------------------------------------------------------
                                  0.000000    0.000000   clock clk (rise edge)
                                  0.000000    0.000000   clock source latency
     1    0.017755    0.085708    0.058820    0.058820 ^ clk (in)
                                                         clk (net)
                      0.085715    0.000000    0.058820 ^ clkbuf_0_clk/A (sky130_fd_sc_hd__clkbuf_16)
     4    0.040158    0.059886    0.156605    0.215424 ^ clkbuf_0_clk/X (sky130_fd_sc_hd__clkbuf_16)
                                                         clknet_0_clk (net)
                      0.059908    0.001042    0.216466 ^ clkbuf_2_3__f_clk/A (sky130_fd_sc_hd__clkbuf_16)
    14    0.048219    0.067156    0.153179    0.369645 ^ clkbuf_2_3__f_clk/X (sky130_fd_sc_hd__clkbuf_16)
                                                         clknet_2_3__leaf_clk (net)
                      0.067176    0.001082    0.370727 ^ _487_/CLK (sky130_fd_sc_hd__dfxtp_1)
     9    0.023911    0.115208    0.376251    0.746978 v _487_/Q (sky130_fd_sc_hd__dfxtp_1)
                                                         u_system.u_global.state[4] (net)
                      0.115216    0.001049    0.748027 v _228_/A (sky130_fd_sc_hd__or3_1)
     2    0.004342    0.073805    0.398171    1.146197 v _228_/X (sky130_fd_sc_hd__or3_1)
                                                         _063_ (net)
                      0.073805    0.000115    1.146312 v _229_/C (sky130_fd_sc_hd__or3_2)
     4    0.013427    0.111388    0.470629    1.616941 v _229_/X (sky130_fd_sc_hd__or3_2)
                                                         _064_ (net)
                      0.111388    0.000486    1.617427 v _230_/A (sky130_fd_sc_hd__inv_2)
     6    0.021137    0.103692    0.128130    1.745558 ^ _230_/Y (sky130_fd_sc_hd__inv_2)
                                                         net16 (net)
                      0.103693    0.000475    1.746032 ^ _489_/A (sky130_fd_sc_hd__clkbuf_1)
     1    0.002115    0.037456    0.090974    1.837006 ^ _489_/X (sky130_fd_sc_hd__clkbuf_1)
                                                         net23 (net)
                      0.037456    0.000042    1.837048 ^ output23/A (sky130_fd_sc_hd__buf_2)
     1    0.034006    0.168944    0.194229    2.031277 ^ output23/X (sky130_fd_sc_hd__buf_2)
                                                         unlock_enable (net)
                      0.168944    0.000628    2.031905 ^ unlock_enable (out)
                                              2.031905   data arrival time

                                 25.000000   25.000000   clock clk (rise edge)
                                  0.000000   25.000000   clock network delay (propagated)
                                 -0.250000   24.750000   clock uncertainty
                                  0.000000   24.750000   clock reconvergence pessimism
                                 -5.000000   19.750000   output external delay
                                             19.750000   data required time
---------------------------------------------------------------------------------------------
                                             19.750000   data required time
                                             -2.031905   data arrival time
---------------------------------------------------------------------------------------------
                                             17.718094   slack (MET)




===========================================================================
report_checks --slack_max -0.01
============================================================================
======================= nom_tt_025C_1v80 Corner ===================================

No paths found.


===========================================================================
 report_check_types -max_slew -max_cap -max_fanout -violators
============================================================================
======================= nom_tt_025C_1v80 Corner ===================================

max fanout

Pin                                   Limit Fanout  Slack
---------------------------------------------------------
clkbuf_2_0__f_clk/X                      10     16     -6 (VIOLATED)
clkbuf_2_3__f_clk/X                      10     14     -4 (VIOLATED)
clkbuf_2_2__f_clk/X                      10     13     -3 (VIOLATED)
clkbuf_2_1__f_clk/X                      10     12     -2 (VIOLATED)



===========================================================================
report_parasitic_annotation -report_unannotated
============================================================================
Found 3 unannotated drivers.
 clkload0/Y
 clkload1/Y
 clkload2/Y
Found 0 partially unannotated drivers.

===========================================================================
max slew violation count 0
max fanout violation count 4
max cap violation count 0
============================================================================

===========================================================================
check_setup -verbose -unconstrained_endpoints -multiple_clock -no_clock -no_input_delay -loops -generated_clocks
===========================================================================
