Clock: clk
Sources: clk 
Generated: no
Virtual: yes
Propagated: no
Period: 25.000000

===========================================================================
report_clock_properties
============================================================================
Clock                   Period          Waveform
----------------------------------------------------
clk                  25.000000    0.000000 12.500000

===========================================================================
report_clock_latency
============================================================================
Clock clk
rise -> rise
    min     max
0.000000 0.000000 source latency
0.369678         network latency _458_/CLK
        0.371877 network latency _469_/CLK
---------------
0.369678 0.371877 latency
        0.002199 skew

fall -> fall
    min     max
0.000000 0.000000 source latency
0.345658         network latency _458_/CLK
        0.347984 network latency _469_/CLK
---------------
0.345658 0.347984 latency
        0.002326 skew



===========================================================================
report_clock_min_period
============================================================================
clk period_min = 3.38 fmax = 295.78
