
===========================================================================
report_checks -unconstrained
===========================================================================
======================= nom_ss_100C_1v60 Corner ===================================

Startpoint: wb_rst_i (input port clocked by clk)
Endpoint: _705_ (recovery check against rising-edge clock clk)
Path Group: asynchronous
Path Type: max

Fanout         Cap        Slew       Delay        Time   Description
---------------------------------------------------------------------------------------------
                                  0.000000    0.000000   clock clk (rise edge)
                                  5.570000    5.570000   clock network delay (propagated)
                                 12.500000   18.070000 v input external delay
    60    0.333310    0.000000    0.000000   18.070000 v wb_rst_i (in)
                                                         wb_rst_i (net)
                      0.101147    0.050573   18.120573 v _350_/A (sky130_fd_sc_hd__clkinv_1)
     6    0.041803    0.370052    0.316929   18.437500 ^ _350_/Y (sky130_fd_sc_hd__clkinv_1)
                                                         _038_ (net)
                      0.370054    0.000801   18.438303 ^ _705_/RESET_B (sky130_fd_sc_hd__dfrtp_1)
                                             18.438303   data arrival time

                                 25.000000   25.000000   clock clk (rise edge)
                                  4.650000   29.650000   clock source latency
    95    0.380904    0.610000    0.000000   29.650000 ^ wb_clk_i (in)
                                                         wb_clk_i (net)
                      0.735695    0.062848   29.712847 ^ _705_/CLK (sky130_fd_sc_hd__dfrtp_1)
                                 -0.250000   29.462847   clock uncertainty
                                  0.000000   29.462847   clock reconvergence pessimism
                                  0.578042   30.040888   library recovery time
                                             30.040888   data required time
---------------------------------------------------------------------------------------------
                                             30.040888   data required time
                                            -18.438303   data arrival time
---------------------------------------------------------------------------------------------
                                             11.602586   slack (MET)


Startpoint: wb_rst_i (input port clocked by clk)
Endpoint: _714_ (rising edge-triggered flip-flop clocked by clk)
Path Group: clk
Path Type: max

Fanout         Cap        Slew       Delay        Time   Description
---------------------------------------------------------------------------------------------
                                  0.000000    0.000000   clock clk (rise edge)
                                  5.570000    5.570000   clock network delay (propagated)
                                 12.500000   18.070000 v input external delay
    60    0.333310    0.000000    0.000000   18.070000 v wb_rst_i (in)
                                                         wb_rst_i (net)
                      0.158968    0.079485   18.149485 v _530_/B1 (sky130_fd_sc_hd__a21oi_1)
     1    0.006185    0.267696    0.297792   18.447277 ^ _530_/Y (sky130_fd_sc_hd__a21oi_1)
                                                         _263_ (net)
                      0.267696    0.000250   18.447527 ^ _535_/B (sky130_fd_sc_hd__nand3_1)
    16    0.077679    1.807815    1.491665   19.939192 v _535_/Y (sky130_fd_sc_hd__nand3_1)
                                                         _268_ (net)
                      1.807815    0.003663   19.942856 v _567_/C1 (sky130_fd_sc_hd__a211oi_1)
     1    0.002587    0.529708    0.814737   20.757591 ^ _567_/Y (sky130_fd_sc_hd__a211oi_1)
                                                         _100_ (net)
                      0.529708    0.000078   20.757669 ^ hold70/A (sky130_fd_sc_hd__dlygate4sd3_1)
     1    0.002314    0.086333    1.192074   21.949743 ^ hold70/X (sky130_fd_sc_hd__dlygate4sd3_1)
                                                         net70 (net)
                      0.086333    0.000066   21.949810 ^ _714_/D (sky130_fd_sc_hd__dfxtp_1)
                                             21.949810   data arrival time

                                 25.000000   25.000000   clock clk (rise edge)
                                  4.650000   29.650000   clock source latency
    95    0.380904    0.610000    0.000000   29.650000 ^ wb_clk_i (in)
                                                         wb_clk_i (net)
                      0.766336    0.078169   29.728167 ^ _714_/CLK (sky130_fd_sc_hd__dfxtp_1)
                                 -0.250000   29.478168   clock uncertainty
                                  0.000000   29.478168   clock reconvergence pessimism
                                 -0.014842   29.463327   library setup time
                                             29.463327   data required time
---------------------------------------------------------------------------------------------
                                             29.463327   data required time
                                            -21.949810   data arrival time
---------------------------------------------------------------------------------------------
                                              7.513517   slack (MET)




===========================================================================
report_checks --slack_max -0.01
============================================================================
======================= nom_ss_100C_1v60 Corner ===================================

No paths found.


===========================================================================
 report_check_types -max_slew -max_cap -max_fanout -violators
============================================================================
======================= nom_ss_100C_1v60 Corner ===================================

max slew

Pin                                        Limit        Slew       Slack
------------------------------------------------------------------------
_480_/C1                                1.500000   22.873150  -21.373150 (VIOLATED)
_479_/Y                                 1.472616   22.803553  -21.330936 (VIOLATED)
io_out[24]                              1.500000   11.429154   -9.929154 (VIOLATED)
_793_/X                                 1.500000   11.121954   -9.621954 (VIOLATED)
io_out[26]                              1.500000   10.979963   -9.479963 (VIOLATED)
_795_/X                                 1.500000   10.750977   -9.250977 (VIOLATED)
io_out[27]                              1.500000    8.964438   -7.464438 (VIOLATED)
_796_/X                                 1.500000    8.846621   -7.346621 (VIOLATED)
user_irq[0]                             1.500000    8.429466   -6.929466 (VIOLATED)
_798_/X                                 1.500000    8.314949   -6.814949 (VIOLATED)
io_out[28]                              1.500000    8.008121   -6.508121 (VIOLATED)
_797_/X                                 1.500000    7.926416   -6.426416 (VIOLATED)
_790_/A                                 1.500000    6.175852   -4.675853 (VIOLATED)
_791_/A                                 1.500000    6.175847   -4.675848 (VIOLATED)
_368_/X                                 1.495678    6.086407   -4.590729 (VIOLATED)
_493_/B                                 1.500000    6.086696   -4.586697 (VIOLATED)
_504_/A2                                1.500000    6.086682   -4.586682 (VIOLATED)
_511_/B                                 1.500000    6.086643   -4.586643 (VIOLATED)
_513_/B                                 1.500000    6.086644   -4.586644 (VIOLATED)
_460_/A2                                1.500000    6.086494   -4.586495 (VIOLATED)
_464_/A1                                1.500000    6.086496   -4.586497 (VIOLATED)
_521_/A1                                1.500000    6.086494   -4.586495 (VIOLATED)
_587_/A                                 1.500000    6.086496   -4.586496 (VIOLATED)
_596_/A                                 1.500000    6.086495   -4.586496 (VIOLATED)
_482_/A_N                               1.500000    6.086448   -4.586448 (VIOLATED)
_416_/A1                                1.500000    6.086417   -4.586417 (VIOLATED)
_792_/A                                 1.500000    5.589819   -4.089819 (VIOLATED)
_794_/A                                 1.500000    5.587191   -4.087191 (VIOLATED)
_356_/X                                 1.497275    5.477333   -3.980058 (VIOLATED)
_357_/B                                 1.500000    5.478278   -3.978277 (VIOLATED)
_402_/B                                 1.500000    5.477672   -3.977672 (VIOLATED)
_465_/A                                 1.500000    5.086893   -3.586893 (VIOLATED)
_585_/B                                 1.500000    5.086823   -3.586824 (VIOLATED)
_590_/A1                                1.500000    5.086796   -3.586796 (VIOLATED)
_593_/B                                 1.500000    5.086560   -3.586560 (VIOLATED)
io_out[21]                              1.500000    4.312507   -2.812507 (VIOLATED)
_790_/X                                 1.500000    4.310790   -2.810790 (VIOLATED)
_584_/A                                 1.500000    4.087526   -2.587527 (VIOLATED)
_474_/A2                                1.500000    4.087523   -2.587523 (VIOLATED)
_593_/A                                 1.500000    4.087441   -2.587442 (VIOLATED)
_452_/B                                 1.500000    4.087347   -2.587347 (VIOLATED)
_461_/A                                 1.500000    3.973938   -2.473938 (VIOLATED)
_462_/B                                 1.500000    3.973822   -2.473822 (VIOLATED)
_376_/Y                                 1.486174    3.807037   -2.320863 (VIOLATED)
_435_/C                                 1.500000    3.807407   -2.307407 (VIOLATED)
_436_/C                                 1.500000    3.807407   -2.307407 (VIOLATED)
_437_/C                                 1.500000    3.807405   -2.307405 (VIOLATED)
_438_/C                                 1.500000    3.807404   -2.307404 (VIOLATED)
_439_/C                                 1.500000    3.807404   -2.307404 (VIOLATED)
_434_/C                                 1.500000    3.807396   -2.307396 (VIOLATED)
_433_/C                                 1.500000    3.807389   -2.307389 (VIOLATED)
_431_/C                                 1.500000    3.807381   -2.307381 (VIOLATED)
_432_/C                                 1.500000    3.807376   -2.307376 (VIOLATED)
_430_/C                                 1.500000    3.807359   -2.307359 (VIOLATED)
_429_/C                                 1.500000    3.807351   -2.307351 (VIOLATED)
_428_/C                                 1.500000    3.807330   -2.307330 (VIOLATED)
_427_/C                                 1.500000    3.807317   -2.307317 (VIOLATED)
_426_/C                                 1.500000    3.807294   -2.307294 (VIOLATED)
_425_/C                                 1.500000    3.807270   -2.307270 (VIOLATED)
_424_/C                                 1.500000    3.807253   -2.307253 (VIOLATED)
_423_/C                                 1.500000    3.807205   -2.307205 (VIOLATED)
_422_/C                                 1.500000    3.807182   -2.307182 (VIOLATED)
_420_/B1                                1.500000    3.807140   -2.307140 (VIOLATED)
_418_/B1                                1.500000    3.807129   -2.307129 (VIOLATED)
_416_/B1                                1.500000    3.807105   -2.307105 (VIOLATED)
_414_/A2                                1.500000    3.807089   -2.307089 (VIOLATED)
_393_/B                                 1.500000    3.807068   -2.307068 (VIOLATED)
_397_/A2                                1.500000    3.807061   -2.307061 (VIOLATED)
_400_/A2                                1.500000    3.807061   -2.307061 (VIOLATED)
_377_/B                                 1.500000    3.807049   -2.307049 (VIOLATED)
_384_/B                                 1.500000    3.807049   -2.307049 (VIOLATED)
_382_/A2                                1.500000    3.807046   -2.307046 (VIOLATED)
_387_/B                                 1.500000    3.807049   -2.307049 (VIOLATED)
io_out[23]                              1.500000    3.490388   -1.990388 (VIOLATED)
_792_/X                                 1.500000    3.490376   -1.990376 (VIOLATED)
io_out[25]                              1.500000    3.489942   -1.989942 (VIOLATED)
_794_/X                                 1.500000    3.489934   -1.989934 (VIOLATED)
io_out[22]                              1.500000    3.486530   -1.986530 (VIOLATED)
_791_/X                                 1.500000    3.486519   -1.986519 (VIOLATED)
_480_/Y                                 1.481823    3.353653   -1.871830 (VIOLATED)
_481_/A4                                1.500000    3.353653   -1.853653 (VIOLATED)
_600_/C                                 1.500000    3.353653   -1.853653 (VIOLATED)
_369_/Y                                 1.485998    3.322402   -1.836403 (VIOLATED)
_471_/B                                 1.500000    3.322402   -1.822402 (VIOLATED)
_500_/B1                                1.500000    3.322402   -1.822402 (VIOLATED)
_505_/A                                 1.500000    3.322402   -1.822402 (VIOLATED)
_512_/A                                 1.500000    3.322402   -1.822402 (VIOLATED)
_515_/A1                                1.500000    3.322402   -1.822402 (VIOLATED)
_523_/A1                                1.500000    3.322402   -1.822402 (VIOLATED)
_526_/B                                 1.500000    3.322402   -1.822402 (VIOLATED)
_592_/A2                                1.500000    3.322402   -1.822402 (VIOLATED)
_795_/A                                 1.500000    3.322402   -1.822402 (VIOLATED)
_513_/A                                 1.500000    2.971905   -1.471905 (VIOLATED)
_511_/A                                 1.500000    2.971879   -1.471879 (VIOLATED)
_493_/A                                 1.500000    2.971855   -1.471856 (VIOLATED)
_504_/A1                                1.500000    2.971754   -1.471754 (VIOLATED)
_373_/Y                                 1.478512    2.910211   -1.431699 (VIOLATED)
_435_/B                                 1.500000    2.910484   -1.410484 (VIOLATED)
_436_/B                                 1.500000    2.910485   -1.410485 (VIOLATED)
_437_/B                                 1.500000    2.910482   -1.410482 (VIOLATED)
_439_/B                                 1.500000    2.910482   -1.410482 (VIOLATED)
_438_/B                                 1.500000    2.910479   -1.410479 (VIOLATED)
_434_/B                                 1.500000    2.910473   -1.410473 (VIOLATED)
_431_/B                                 1.500000    2.910467   -1.410467 (VIOLATED)
_432_/B                                 1.500000    2.910468   -1.410468 (VIOLATED)
_433_/B                                 1.500000    2.910469   -1.410469 (VIOLATED)
_430_/B                                 1.500000    2.910458   -1.410458 (VIOLATED)
_429_/B                                 1.500000    2.910450   -1.410450 (VIOLATED)
_428_/B                                 1.500000    2.910431   -1.410431 (VIOLATED)
_427_/B                                 1.500000    2.910419   -1.410419 (VIOLATED)
_426_/B                                 1.500000    2.910398   -1.410398 (VIOLATED)
_425_/B                                 1.500000    2.910371   -1.410371 (VIOLATED)
_424_/B                                 1.500000    2.910354   -1.410354 (VIOLATED)
_423_/B                                 1.500000    2.910312   -1.410313 (VIOLATED)
_422_/B                                 1.500000    2.910303   -1.410303 (VIOLATED)
_410_/B1                                1.500000    2.910232   -1.410232 (VIOLATED)
_404_/B1                                1.500000    2.910224   -1.410224 (VIOLATED)
_392_/B1                                1.500000    2.910215   -1.410215 (VIOLATED)
_500_/A2                                1.500000    2.897875   -1.397875 (VIOLATED)
_499_/B                                 1.500000    2.897770   -1.397770 (VIOLATED)
_522_/B1_N                              1.500000    2.897702   -1.397702 (VIOLATED)
_524_/B                                 1.500000    2.897609   -1.397610 (VIOLATED)
_461_/B                                 1.500000    2.884961   -1.384961 (VIOLATED)
_462_/C                                 1.500000    2.884844   -1.384844 (VIOLATED)
wbs_dat_o[31]                           1.500000    2.842677   -1.342677 (VIOLATED)
_788_/Q                                 1.500000    2.842216   -1.342217 (VIOLATED)
wbs_dat_o[29]                           1.500000    2.771099   -1.271099 (VIOLATED)
_786_/Q                                 1.500000    2.770157   -1.270157 (VIOLATED)
wbs_dat_o[30]                           1.500000    2.758585   -1.258585 (VIOLATED)
_787_/Q                                 1.500000    2.757646   -1.257646 (VIOLATED)
wbs_dat_o[28]                           1.500000    2.724991   -1.224991 (VIOLATED)
_785_/Q                                 1.500000    2.724020   -1.224020 (VIOLATED)
wbs_dat_o[27]                           1.500000    2.680192   -1.180193 (VIOLATED)
_784_/Q                                 1.500000    2.679329   -1.179329 (VIOLATED)
wbs_dat_o[26]                           1.500000    2.637455   -1.137455 (VIOLATED)
_783_/Q                                 1.500000    2.636712   -1.136712 (VIOLATED)
_471_/A                                 1.500000    2.621122   -1.121122 (VIOLATED)
_592_/A1                                1.500000    2.621062   -1.121062 (VIOLATED)
wbs_dat_o[3]                            1.500000    2.610172   -1.110172 (VIOLATED)
_760_/Q                                 1.500000    2.609500   -1.109500 (VIOLATED)
wbs_dat_o[24]                           1.500000    2.609280   -1.109280 (VIOLATED)
_781_/Q                                 1.500000    2.609260   -1.109260 (VIOLATED)
wbs_dat_o[0]                            1.500000    2.601028   -1.101028 (VIOLATED)
_757_/Q                                 1.500000    2.600358   -1.100358 (VIOLATED)
wbs_dat_o[23]                           1.500000    2.595260   -1.095260 (VIOLATED)
_780_/Q                                 1.500000    2.595250   -1.095250 (VIOLATED)
wbs_ack_o                               1.500000    2.594743   -1.094744 (VIOLATED)
_371_/A_N                               1.500000    2.594743   -1.094744 (VIOLATED)
_755_/Q                                 1.500000    2.594743   -1.094744 (VIOLATED)
wbs_dat_o[2]                            1.500000    2.588339   -1.088339 (VIOLATED)
_759_/Q                                 1.500000    2.588329   -1.088329 (VIOLATED)
wbs_dat_o[25]                           1.500000    2.573057   -1.073057 (VIOLATED)
_782_/Q                                 1.500000    2.573057   -1.073057 (VIOLATED)
wbs_dat_o[15]                           1.500000    2.567955   -1.067955 (VIOLATED)
_772_/Q                                 1.500000    2.567955   -1.067955 (VIOLATED)
wbs_dat_o[6]                            1.500000    2.567291   -1.067291 (VIOLATED)
_763_/Q                                 1.500000    2.567291   -1.067291 (VIOLATED)
wbs_dat_o[22]                           1.500000    2.565448   -1.065448 (VIOLATED)
_779_/Q                                 1.500000    2.565446   -1.065446 (VIOLATED)
wbs_dat_o[11]                           1.500000    2.564770   -1.064770 (VIOLATED)
_768_/Q                                 1.500000    2.564770   -1.064770 (VIOLATED)
wbs_dat_o[10]                           1.500000    2.562761   -1.062761 (VIOLATED)
_767_/Q                                 1.500000    2.562761   -1.062761 (VIOLATED)
wbs_dat_o[7]                            1.500000    2.561946   -1.061947 (VIOLATED)
_764_/Q                                 1.500000    2.561946   -1.061947 (VIOLATED)
wbs_dat_o[9]                            1.500000    2.561815   -1.061815 (VIOLATED)
_766_/Q                                 1.500000    2.561815   -1.061815 (VIOLATED)
wbs_dat_o[8]                            1.500000    2.561766   -1.061766 (VIOLATED)
_765_/Q                                 1.500000    2.561766   -1.061766 (VIOLATED)
wbs_dat_o[20]                           1.500000    2.561603   -1.061603 (VIOLATED)
_777_/Q                                 1.500000    2.561603   -1.061603 (VIOLATED)
wbs_dat_o[21]                           1.500000    2.559906   -1.059907 (VIOLATED)
_778_/Q                                 1.500000    2.559906   -1.059907 (VIOLATED)
wbs_dat_o[18]                           1.500000    2.559146   -1.059146 (VIOLATED)
_775_/Q                                 1.500000    2.559146   -1.059146 (VIOLATED)
wbs_dat_o[16]                           1.500000    2.558948   -1.058948 (VIOLATED)
_773_/Q                                 1.500000    2.558948   -1.058948 (VIOLATED)
wbs_dat_o[14]                           1.500000    2.558800   -1.058801 (VIOLATED)
_771_/Q                                 1.500000    2.558800   -1.058801 (VIOLATED)
wbs_dat_o[17]                           1.500000    2.558035   -1.058035 (VIOLATED)
_774_/Q                                 1.500000    2.558035   -1.058035 (VIOLATED)
wbs_dat_o[13]                           1.500000    2.557303   -1.057303 (VIOLATED)
_770_/Q                                 1.500000    2.557303   -1.057303 (VIOLATED)
wbs_dat_o[1]                            1.500000    2.557220   -1.057220 (VIOLATED)
_758_/Q                                 1.500000    2.557220   -1.057220 (VIOLATED)
wbs_dat_o[4]                            1.500000    2.556218   -1.056218 (VIOLATED)
_761_/Q                                 1.500000    2.556218   -1.056218 (VIOLATED)
wbs_dat_o[5]                            1.500000    2.555849   -1.055849 (VIOLATED)
_762_/Q                                 1.500000    2.555849   -1.055849 (VIOLATED)
wbs_dat_o[12]                           1.500000    2.554705   -1.054705 (VIOLATED)
_769_/Q                                 1.500000    2.554705   -1.054705 (VIOLATED)
wbs_dat_o[19]                           1.500000    2.554668   -1.054668 (VIOLATED)
_776_/Q                                 1.500000    2.554668   -1.054668 (VIOLATED)
_353_/Y                                 1.485998    2.333204   -0.847206 (VIOLATED)
_356_/A                                 1.500000    2.333204   -0.833204 (VIOLATED)
_418_/A1                                1.500000    2.333204   -0.833204 (VIOLATED)
_464_/B1                                1.500000    2.333204   -0.833204 (VIOLATED)
_483_/B                                 1.500000    2.333204   -0.833204 (VIOLATED)
_590_/B1                                1.500000    2.333204   -0.833204 (VIOLATED)
_597_/A1                                1.500000    2.333204   -0.833204 (VIOLATED)
_543_/Y                                 1.487502    2.162507   -0.675005 (VIOLATED)
_548_/A2                                1.500000    2.162534   -0.662534 (VIOLATED)
_550_/A1                                1.500000    2.162533   -0.662533 (VIOLATED)
_555_/A1                                1.500000    2.162532   -0.662532 (VIOLATED)
_573_/A1                                1.500000    2.162529   -0.662530 (VIOLATED)
_557_/A1                                1.500000    2.162529   -0.662529 (VIOLATED)
_571_/A1                                1.500000    2.162529   -0.662529 (VIOLATED)
_553_/A1                                1.500000    2.162527   -0.662527 (VIOLATED)
_559_/B1                                1.500000    2.162527   -0.662527 (VIOLATED)
_562_/A1                                1.500000    2.162522   -0.662522 (VIOLATED)
_569_/A1                                1.500000    2.162515   -0.662515 (VIOLATED)
_567_/A1                                1.500000    2.162514   -0.662514 (VIOLATED)
_564_/A1                                1.500000    2.162510   -0.662511 (VIOLATED)
_575_/A1                                1.500000    2.162507   -0.662507 (VIOLATED)
_577_/A1                                1.500000    2.162507   -0.662507 (VIOLATED)
_460_/B1                                1.500000    2.050640   -0.550640 (VIOLATED)
_500_/A1                                1.500000    2.050399   -0.550399 (VIOLATED)
_499_/A                                 1.500000    2.050310   -0.550310 (VIOLATED)
_517_/B                                 1.500000    1.928273   -0.428273 (VIOLATED)
_535_/Y                                 1.487656    1.807815   -0.320159 (VIOLATED)
_548_/B1                                1.500000    1.807815   -0.307815 (VIOLATED)
_550_/B1                                1.500000    1.807815   -0.307815 (VIOLATED)
_553_/B1                                1.500000    1.807815   -0.307815 (VIOLATED)
_555_/B1                                1.500000    1.807815   -0.307815 (VIOLATED)
_557_/B1                                1.500000    1.807815   -0.307815 (VIOLATED)
_560_/A                                 1.500000    1.807815   -0.307815 (VIOLATED)
_562_/B1                                1.500000    1.807815   -0.307815 (VIOLATED)
_564_/B1                                1.500000    1.807815   -0.307815 (VIOLATED)
_567_/C1                                1.500000    1.807815   -0.307815 (VIOLATED)
_569_/B1                                1.500000    1.807815   -0.307815 (VIOLATED)
_571_/B1                                1.500000    1.807815   -0.307815 (VIOLATED)
_573_/B1                                1.500000    1.807815   -0.307815 (VIOLATED)
_575_/B1                                1.500000    1.807815   -0.307815 (VIOLATED)
_577_/B1                                1.500000    1.807815   -0.307815 (VIOLATED)
_580_/A                                 1.500000    1.807815   -0.307815 (VIOLATED)
_581_/B1                                1.500000    1.807815   -0.307815 (VIOLATED)
_611_/Y                                 1.487656    1.706687   -0.219031 (VIOLATED)
_642_/A                                 1.500000    1.706758   -0.206758 (VIOLATED)
_645_/A                                 1.500000    1.706758   -0.206758 (VIOLATED)
_652_/A                                 1.500000    1.706758   -0.206758 (VIOLATED)
_649_/C1                                1.500000    1.706757   -0.206757 (VIOLATED)
_647_/A                                 1.500000    1.706756   -0.206756 (VIOLATED)
_640_/A                                 1.500000    1.706751   -0.206751 (VIOLATED)
_637_/A                                 1.500000    1.706749   -0.206749 (VIOLATED)
_634_/A                                 1.500000    1.706741   -0.206741 (VIOLATED)
_631_/A                                 1.500000    1.706732   -0.206732 (VIOLATED)
_625_/A                                 1.500000    1.706729   -0.206729 (VIOLATED)
_628_/A                                 1.500000    1.706728   -0.206729 (VIOLATED)
_623_/A                                 1.500000    1.706727   -0.206727 (VIOLATED)
_620_/A                                 1.500000    1.706721   -0.206721 (VIOLATED)
_617_/A                                 1.500000    1.706706   -0.206706 (VIOLATED)
_612_/B                                 1.500000    1.706694   -0.206694 (VIOLATED)
_614_/A                                 1.500000    1.706692   -0.206692 (VIOLATED)
_589_/C                                 1.500000    1.648170   -0.148170 (VIOLATED)
_478_/A                                 1.500000    1.648050   -0.148050 (VIOLATED)
_485_/Y                                 1.485998    1.630518   -0.144520 (VIOLATED)
_494_/A2                                1.500000    1.630518   -0.130518 (VIOLATED)
_495_/B1                                1.500000    1.630518   -0.130518 (VIOLATED)
_505_/C                                 1.500000    1.630518   -0.130518 (VIOLATED)
_511_/C                                 1.500000    1.630518   -0.130518 (VIOLATED)
_515_/A2                                1.500000    1.630518   -0.130518 (VIOLATED)
_375_/Y                                 1.478512    1.530355   -0.051843 (VIOLATED)
_420_/A2                                1.500000    1.530363   -0.030363 (VIOLATED)
_418_/A2                                1.500000    1.530363   -0.030363 (VIOLATED)
_416_/A2                                1.500000    1.530362   -0.030362 (VIOLATED)
_414_/B2                                1.500000    1.530361   -0.030361 (VIOLATED)
_394_/A2                                1.500000    1.530359   -0.030359 (VIOLATED)
_399_/B                                 1.500000    1.530358   -0.030358 (VIOLATED)
_379_/A2                                1.500000    1.530355   -0.030355 (VIOLATED)
_381_/B                                 1.500000    1.530355   -0.030355 (VIOLATED)
_385_/A2                                1.500000    1.530355   -0.030355 (VIOLATED)
_388_/A2                                1.500000    1.530355   -0.030355 (VIOLATED)
_396_/B                                 1.500000    1.530355   -0.030355 (VIOLATED)
_411_/A1                                1.500000    1.530355   -0.030355 (VIOLATED)

max fanout

Pin                                   Limit Fanout  Slack
---------------------------------------------------------
wb_clk_i                                 10     95    -85 (VIOLATED)
wb_rst_i                                 10     60    -50 (VIOLATED)
_376_/Y                                  10     29    -19 (VIOLATED)
_373_/Y                                  10     21    -11 (VIOLATED)
_535_/Y                                  10     16     -6 (VIOLATED)
_611_/Y                                  10     16     -6 (VIOLATED)
_543_/Y                                  10     14     -4 (VIOLATED)
_368_/X                                  10     13     -3 (VIOLATED)
_375_/Y                                  10     12     -2 (VIOLATED)
_374_/X                                  10     11        (VIOLATED)
hold1/X                                  10     11        (VIOLATED)

max capacitance

Pin                                        Limit         Cap       Slack
------------------------------------------------------------------------
_793_/X                                 0.081492    0.605373   -0.523881 (VIOLATED)
_795_/X                                 0.081492    0.583747   -0.502255 (VIOLATED)
_479_/Y                                 0.029307    0.494055   -0.464748 (VIOLATED)
_796_/X                                 0.081492    0.483154   -0.401662 (VIOLATED)
_798_/X                                 0.081492    0.451294   -0.369802 (VIOLATED)
_797_/X                                 0.081492    0.430958   -0.349466 (VIOLATED)
_368_/X                                 0.100718    0.416189   -0.315471 (VIOLATED)
_356_/X                                 0.103465    0.383180   -0.279715 (VIOLATED)
_790_/X                                 0.081492    0.238118   -0.156626 (VIOLATED)
_792_/X                                 0.081492    0.191814   -0.110322 (VIOLATED)
_794_/X                                 0.081492    0.191804   -0.110312 (VIOLATED)
_791_/X                                 0.081492    0.191710   -0.110218 (VIOLATED)
_788_/Q                                 0.111704    0.213277   -0.101573 (VIOLATED)
_786_/Q                                 0.111704    0.207952   -0.096248 (VIOLATED)
_787_/Q                                 0.111704    0.207004   -0.095300 (VIOLATED)
_785_/Q                                 0.111704    0.204443   -0.092739 (VIOLATED)
_784_/Q                                 0.111704    0.201101   -0.089397 (VIOLATED)
_783_/Q                                 0.111704    0.197933   -0.086229 (VIOLATED)
_760_/Q                                 0.111704    0.195810   -0.084106 (VIOLATED)
_781_/Q                                 0.111704    0.195802   -0.084098 (VIOLATED)
_757_/Q                                 0.111704    0.195115   -0.083411 (VIOLATED)
_755_/Q                                 0.111704    0.194781   -0.083077 (VIOLATED)
_780_/Q                                 0.111704    0.194765   -0.083061 (VIOLATED)
_759_/Q                                 0.111704    0.194233   -0.082529 (VIOLATED)
_782_/Q                                 0.111704    0.193141   -0.081437 (VIOLATED)
_772_/Q                                 0.111704    0.192744   -0.081040 (VIOLATED)
_763_/Q                                 0.111704    0.192701   -0.080997 (VIOLATED)
_779_/Q                                 0.111704    0.192535   -0.080831 (VIOLATED)
_768_/Q                                 0.111704    0.192513   -0.080809 (VIOLATED)
_767_/Q                                 0.111704    0.192361   -0.080657 (VIOLATED)
_764_/Q                                 0.111704    0.192303   -0.080599 (VIOLATED)
_766_/Q                                 0.111704    0.192294   -0.080590 (VIOLATED)
_765_/Q                                 0.111704    0.192292   -0.080588 (VIOLATED)
_777_/Q                                 0.111704    0.192282   -0.080578 (VIOLATED)
_778_/Q                                 0.111704    0.192158   -0.080454 (VIOLATED)
_775_/Q                                 0.111704    0.192102   -0.080398 (VIOLATED)
_773_/Q                                 0.111704    0.192084   -0.080380 (VIOLATED)
_771_/Q                                 0.111704    0.192073   -0.080369 (VIOLATED)
_774_/Q                                 0.111704    0.192016   -0.080312 (VIOLATED)
_770_/Q                                 0.111704    0.191959   -0.080255 (VIOLATED)
_758_/Q                                 0.111704    0.191949   -0.080245 (VIOLATED)
_761_/Q                                 0.111704    0.191880   -0.080176 (VIOLATED)
_762_/Q                                 0.111704    0.191850   -0.080146 (VIOLATED)
_769_/Q                                 0.111704    0.191767   -0.080063 (VIOLATED)
_776_/Q                                 0.111704    0.191767   -0.080063 (VIOLATED)
_376_/Y                                 0.048533    0.128178   -0.079645 (VIOLATED)
_373_/Y                                 0.050364    0.102203   -0.051839 (VIOLATED)
_369_/Y                                 0.018321    0.045940   -0.027619 (VIOLATED)
_543_/Y                                 0.048533    0.074051   -0.025518 (VIOLATED)
_535_/Y                                 0.063181    0.081679   -0.018498 (VIOLATED)
_353_/Y                                 0.018321    0.031337   -0.013016 (VIOLATED)
_611_/Y                                 0.063181    0.076171   -0.012990 (VIOLATED)
_485_/Y                                 0.018321    0.021064   -0.002743 (VIOLATED)
_375_/Y                                 0.050364    0.052994   -0.002630 (VIOLATED)



===========================================================================
report_parasitic_annotation -report_unannotated
============================================================================
Found 568 unannotated drivers.
 analog_io[0]
 analog_io[10]
 analog_io[11]
 analog_io[12]
 analog_io[13]
 analog_io[14]
 analog_io[15]
 analog_io[16]
 analog_io[17]
 analog_io[18]
 analog_io[19]
 analog_io[1]
 analog_io[20]
 analog_io[21]
 analog_io[22]
 analog_io[23]
 analog_io[24]
 analog_io[25]
 analog_io[26]
 analog_io[27]
 analog_io[28]
 analog_io[2]
 analog_io[3]
 analog_io[4]
 analog_io[5]
 analog_io[6]
 analog_io[7]
 analog_io[8]
 analog_io[9]
 io_in[0]
 io_in[1]
 io_in[21]
 io_in[22]
 io_in[23]
 io_in[24]
 io_in[25]
 io_in[26]
 io_in[27]
 io_in[28]
 io_in[29]
 io_in[2]
 io_in[30]
 io_in[31]
 io_in[32]
 io_in[33]
 io_in[34]
 io_in[35]
 io_in[36]
 io_in[37]
 io_in[3]
 io_in[4]
 io_in[5]
 io_in[6]
 la_data_in[0]
 la_data_in[100]
 la_data_in[101]
 la_data_in[102]
 la_data_in[103]
 la_data_in[104]
 la_data_in[105]
 la_data_in[106]
 la_data_in[107]
 la_data_in[108]
 la_data_in[109]
 la_data_in[10]
 la_data_in[110]
 la_data_in[111]
 la_data_in[112]
 la_data_in[113]
 la_data_in[114]
 la_data_in[115]
 la_data_in[116]
 la_data_in[117]
 la_data_in[118]
 la_data_in[119]
 la_data_in[11]
 la_data_in[120]
 la_data_in[121]
 la_data_in[122]
 la_data_in[123]
 la_data_in[124]
 la_data_in[125]
 la_data_in[126]
 la_data_in[127]
 la_data_in[12]
 la_data_in[13]
 la_data_in[14]
 la_data_in[15]
 la_data_in[16]
 la_data_in[17]
 la_data_in[18]
 la_data_in[19]
 la_data_in[1]
 la_data_in[20]
 la_data_in[21]
 la_data_in[22]
 la_data_in[23]
 la_data_in[24]
 la_data_in[25]
 la_data_in[26]
 la_data_in[27]
 la_data_in[28]
 la_data_in[29]
 la_data_in[2]
 la_data_in[30]
 la_data_in[31]
 la_data_in[32]
 la_data_in[33]
 la_data_in[34]
 la_data_in[35]
 la_data_in[36]
 la_data_in[37]
 la_data_in[38]
 la_data_in[39]
 la_data_in[3]
 la_data_in[40]
 la_data_in[41]
 la_data_in[42]
 la_data_in[43]
 la_data_in[44]
 la_data_in[45]
 la_data_in[46]
 la_data_in[47]
 la_data_in[48]
 la_data_in[49]
 la_data_in[4]
 la_data_in[50]
 la_data_in[51]
 la_data_in[52]
 la_data_in[53]
 la_data_in[54]
 la_data_in[55]
 la_data_in[56]
 la_data_in[57]
 la_data_in[58]
 la_data_in[59]
 la_data_in[5]
 la_data_in[60]
 la_data_in[61]
 la_data_in[62]
 la_data_in[63]
 la_data_in[64]
 la_data_in[65]
 la_data_in[66]
 la_data_in[67]
 la_data_in[68]
 la_data_in[69]
 la_data_in[6]
 la_data_in[70]
 la_data_in[71]
 la_data_in[72]
 la_data_in[73]
 la_data_in[74]
 la_data_in[75]
 la_data_in[76]
 la_data_in[77]
 la_data_in[78]
 la_data_in[79]
 la_data_in[7]
 la_data_in[80]
 la_data_in[81]
 la_data_in[82]
 la_data_in[83]
 la_data_in[84]
 la_data_in[85]
 la_data_in[86]
 la_data_in[87]
 la_data_in[88]
 la_data_in[89]
 la_data_in[8]
 la_data_in[90]
 la_data_in[91]
 la_data_in[92]
 la_data_in[93]
 la_data_in[94]
 la_data_in[95]
 la_data_in[96]
 la_data_in[97]
 la_data_in[98]
 la_data_in[99]
 la_data_in[9]
 la_oenb[0]
 la_oenb[100]
 la_oenb[101]
 la_oenb[102]
 la_oenb[103]
 la_oenb[104]
 la_oenb[105]
 la_oenb[106]
 la_oenb[107]
 la_oenb[108]
 la_oenb[109]
 la_oenb[10]
 la_oenb[110]
 la_oenb[111]
 la_oenb[112]
 la_oenb[113]
 la_oenb[114]
 la_oenb[115]
 la_oenb[116]
 la_oenb[117]
 la_oenb[118]
 la_oenb[119]
 la_oenb[11]
 la_oenb[120]
 la_oenb[121]
 la_oenb[122]
 la_oenb[123]
 la_oenb[124]
 la_oenb[125]
 la_oenb[126]
 la_oenb[127]
 la_oenb[12]
 la_oenb[13]
 la_oenb[14]
 la_oenb[15]
 la_oenb[16]
 la_oenb[17]
 la_oenb[18]
 la_oenb[19]
 la_oenb[1]
 la_oenb[20]
 la_oenb[21]
 la_oenb[22]
 la_oenb[23]
 la_oenb[24]
 la_oenb[25]
 la_oenb[26]
 la_oenb[27]
 la_oenb[28]
 la_oenb[29]
 la_oenb[2]
 la_oenb[30]
 la_oenb[31]
 la_oenb[32]
 la_oenb[33]
 la_oenb[34]
 la_oenb[35]
 la_oenb[36]
 la_oenb[37]
 la_oenb[38]
 la_oenb[39]
 la_oenb[3]
 la_oenb[40]
 la_oenb[41]
 la_oenb[42]
 la_oenb[43]
 la_oenb[44]
 la_oenb[45]
 la_oenb[46]
 la_oenb[47]
 la_oenb[48]
 la_oenb[49]
 la_oenb[4]
 la_oenb[50]
 la_oenb[51]
 la_oenb[52]
 la_oenb[53]
 la_oenb[54]
 la_oenb[55]
 la_oenb[56]
 la_oenb[57]
 la_oenb[58]
 la_oenb[59]
 la_oenb[5]
 la_oenb[60]
 la_oenb[61]
 la_oenb[62]
 la_oenb[63]
 la_oenb[64]
 la_oenb[65]
 la_oenb[66]
 la_oenb[67]
 la_oenb[68]
 la_oenb[69]
 la_oenb[6]
 la_oenb[70]
 la_oenb[71]
 la_oenb[72]
 la_oenb[73]
 la_oenb[74]
 la_oenb[75]
 la_oenb[76]
 la_oenb[77]
 la_oenb[78]
 la_oenb[79]
 la_oenb[7]
 la_oenb[80]
 la_oenb[81]
 la_oenb[82]
 la_oenb[83]
 la_oenb[84]
 la_oenb[85]
 la_oenb[86]
 la_oenb[87]
 la_oenb[88]
 la_oenb[89]
 la_oenb[8]
 la_oenb[90]
 la_oenb[91]
 la_oenb[92]
 la_oenb[93]
 la_oenb[94]
 la_oenb[95]
 la_oenb[96]
 la_oenb[97]
 la_oenb[98]
 la_oenb[99]
 la_oenb[9]
 user_clock2
 wbs_adr_i[0]
 wbs_adr_i[10]
 wbs_adr_i[11]
 wbs_adr_i[12]
 wbs_adr_i[13]
 wbs_adr_i[14]
 wbs_adr_i[15]
 wbs_adr_i[16]
 wbs_adr_i[17]
 wbs_adr_i[18]
 wbs_adr_i[19]
 wbs_adr_i[1]
 wbs_adr_i[20]
 wbs_adr_i[21]
 wbs_adr_i[22]
 wbs_adr_i[23]
 wbs_adr_i[24]
 wbs_adr_i[25]
 wbs_adr_i[26]
 wbs_adr_i[27]
 wbs_adr_i[28]
 wbs_adr_i[29]
 wbs_adr_i[30]
 wbs_adr_i[31]
 wbs_adr_i[4]
 wbs_adr_i[5]
 wbs_adr_i[6]
 wbs_adr_i[7]
 wbs_adr_i[8]
 wbs_adr_i[9]
 wbs_dat_i[10]
 wbs_dat_i[11]
 wbs_dat_i[12]
 wbs_dat_i[13]
 wbs_dat_i[14]
 wbs_dat_i[15]
 wbs_dat_i[16]
 wbs_dat_i[17]
 wbs_dat_i[18]
 wbs_dat_i[19]
 wbs_dat_i[20]
 wbs_dat_i[21]
 wbs_dat_i[22]
 wbs_dat_i[23]
 wbs_dat_i[24]
 wbs_dat_i[25]
 wbs_dat_i[26]
 wbs_dat_i[27]
 wbs_dat_i[28]
 wbs_dat_i[29]
 wbs_dat_i[30]
 wbs_dat_i[31]
 wbs_dat_i[5]
 wbs_dat_i[6]
 wbs_dat_i[7]
 wbs_dat_i[8]
 wbs_dat_i[9]
 wbs_sel_i[1]
 wbs_sel_i[2]
 wbs_sel_i[3]
 gen_irq\[1\].u_tie_irq/HI
 gen_irq\[2\].u_tie_irq/HI
 gen_la\[0\].u_tie_la/HI
 gen_la\[100\].u_tie_la/HI
 gen_la\[101\].u_tie_la/HI
 gen_la\[102\].u_tie_la/HI
 gen_la\[103\].u_tie_la/HI
 gen_la\[104\].u_tie_la/HI
 gen_la\[105\].u_tie_la/HI
 gen_la\[106\].u_tie_la/HI
 gen_la\[107\].u_tie_la/HI
 gen_la\[108\].u_tie_la/HI
 gen_la\[109\].u_tie_la/HI
 gen_la\[10\].u_tie_la/HI
 gen_la\[110\].u_tie_la/HI
 gen_la\[111\].u_tie_la/HI
 gen_la\[112\].u_tie_la/HI
 gen_la\[113\].u_tie_la/HI
 gen_la\[114\].u_tie_la/HI
 gen_la\[115\].u_tie_la/HI
 gen_la\[116\].u_tie_la/HI
 gen_la\[117\].u_tie_la/HI
 gen_la\[118\].u_tie_la/HI
 gen_la\[119\].u_tie_la/HI
 gen_la\[11\].u_tie_la/HI
 gen_la\[120\].u_tie_la/HI
 gen_la\[121\].u_tie_la/HI
 gen_la\[122\].u_tie_la/HI
 gen_la\[123\].u_tie_la/HI
 gen_la\[124\].u_tie_la/HI
 gen_la\[125\].u_tie_la/HI
 gen_la\[126\].u_tie_la/HI
 gen_la\[127\].u_tie_la/HI
 gen_la\[12\].u_tie_la/HI
 gen_la\[13\].u_tie_la/HI
 gen_la\[14\].u_tie_la/HI
 gen_la\[15\].u_tie_la/HI
 gen_la\[16\].u_tie_la/HI
 gen_la\[17\].u_tie_la/HI
 gen_la\[18\].u_tie_la/HI
 gen_la\[19\].u_tie_la/HI
 gen_la\[1\].u_tie_la/HI
 gen_la\[20\].u_tie_la/HI
 gen_la\[21\].u_tie_la/HI
 gen_la\[22\].u_tie_la/HI
 gen_la\[23\].u_tie_la/HI
 gen_la\[24\].u_tie_la/HI
 gen_la\[25\].u_tie_la/HI
 gen_la\[26\].u_tie_la/HI
 gen_la\[27\].u_tie_la/HI
 gen_la\[28\].u_tie_la/HI
 gen_la\[29\].u_tie_la/HI
 gen_la\[2\].u_tie_la/HI
 gen_la\[30\].u_tie_la/HI
 gen_la\[31\].u_tie_la/HI
 gen_la\[32\].u_tie_la/HI
 gen_la\[33\].u_tie_la/HI
 gen_la\[34\].u_tie_la/HI
 gen_la\[35\].u_tie_la/HI
 gen_la\[36\].u_tie_la/HI
 gen_la\[37\].u_tie_la/HI
 gen_la\[38\].u_tie_la/HI
 gen_la\[39\].u_tie_la/HI
 gen_la\[3\].u_tie_la/HI
 gen_la\[40\].u_tie_la/HI
 gen_la\[41\].u_tie_la/HI
 gen_la\[42\].u_tie_la/HI
 gen_la\[43\].u_tie_la/HI
 gen_la\[44\].u_tie_la/HI
 gen_la\[45\].u_tie_la/HI
 gen_la\[46\].u_tie_la/HI
 gen_la\[47\].u_tie_la/HI
 gen_la\[48\].u_tie_la/HI
 gen_la\[49\].u_tie_la/HI
 gen_la\[4\].u_tie_la/HI
 gen_la\[50\].u_tie_la/HI
 gen_la\[51\].u_tie_la/HI
 gen_la\[52\].u_tie_la/HI
 gen_la\[53\].u_tie_la/HI
 gen_la\[54\].u_tie_la/HI
 gen_la\[55\].u_tie_la/HI
 gen_la\[56\].u_tie_la/HI
 gen_la\[57\].u_tie_la/HI
 gen_la\[58\].u_tie_la/HI
 gen_la\[59\].u_tie_la/HI
 gen_la\[5\].u_tie_la/HI
 gen_la\[60\].u_tie_la/HI
 gen_la\[61\].u_tie_la/HI
 gen_la\[62\].u_tie_la/HI
 gen_la\[63\].u_tie_la/HI
 gen_la\[64\].u_tie_la/HI
 gen_la\[65\].u_tie_la/HI
 gen_la\[66\].u_tie_la/HI
 gen_la\[67\].u_tie_la/HI
 gen_la\[68\].u_tie_la/HI
 gen_la\[69\].u_tie_la/HI
 gen_la\[6\].u_tie_la/HI
 gen_la\[70\].u_tie_la/HI
 gen_la\[71\].u_tie_la/HI
 gen_la\[72\].u_tie_la/HI
 gen_la\[73\].u_tie_la/HI
 gen_la\[74\].u_tie_la/HI
 gen_la\[75\].u_tie_la/HI
 gen_la\[76\].u_tie_la/HI
 gen_la\[77\].u_tie_la/HI
 gen_la\[78\].u_tie_la/HI
 gen_la\[79\].u_tie_la/HI
 gen_la\[7\].u_tie_la/HI
 gen_la\[80\].u_tie_la/HI
 gen_la\[81\].u_tie_la/HI
 gen_la\[82\].u_tie_la/HI
 gen_la\[83\].u_tie_la/HI
 gen_la\[84\].u_tie_la/HI
 gen_la\[85\].u_tie_la/HI
 gen_la\[86\].u_tie_la/HI
 gen_la\[87\].u_tie_la/HI
 gen_la\[88\].u_tie_la/HI
 gen_la\[89\].u_tie_la/HI
 gen_la\[8\].u_tie_la/HI
 gen_la\[90\].u_tie_la/HI
 gen_la\[91\].u_tie_la/HI
 gen_la\[92\].u_tie_la/HI
 gen_la\[93\].u_tie_la/HI
 gen_la\[94\].u_tie_la/HI
 gen_la\[95\].u_tie_la/HI
 gen_la\[96\].u_tie_la/HI
 gen_la\[97\].u_tie_la/HI
 gen_la\[98\].u_tie_la/HI
 gen_la\[99\].u_tie_la/HI
 gen_la\[9\].u_tie_la/HI
 genblk3\[0\].u_tie_io_out_low0/HI
 genblk3\[1\].u_tie_io_out_low0/HI
 genblk3\[2\].u_tie_io_out_low0/HI
 genblk3\[3\].u_tie_io_out_low0/HI
 genblk3\[4\].u_tie_io_out_low0/HI
 genblk4\[10\].u_tie_io_out_low1/HI
 genblk4\[11\].u_tie_io_out_low1/HI
 genblk4\[12\].u_tie_io_out_low1/HI
 genblk4\[13\].u_tie_io_out_low1/HI
 genblk4\[14\].u_tie_io_out_low1/HI
 genblk4\[15\].u_tie_io_out_low1/HI
 genblk4\[16\].u_tie_io_out_low1/HI
 genblk4\[17\].u_tie_io_out_low1/HI
 genblk4\[18\].u_tie_io_out_low1/HI
 genblk4\[19\].u_tie_io_out_low1/HI
 genblk4\[20\].u_tie_io_out_low1/HI
 genblk4\[5\].u_tie_io_out_low1/HI
 genblk4\[6\].u_tie_io_out_low1/HI
 genblk4\[7\].u_tie_io_out_low1/HI
 genblk4\[8\].u_tie_io_out_low1/HI
 genblk4\[9\].u_tie_io_out_low1/HI
 genblk5\[29\].u_tie_io_out_low2/HI
 genblk5\[30\].u_tie_io_out_low2/HI
 genblk5\[31\].u_tie_io_out_low2/HI
 genblk5\[32\].u_tie_io_out_low2/HI
 genblk5\[33\].u_tie_io_out_low2/HI
 genblk5\[34\].u_tie_io_out_low2/HI
 genblk5\[35\].u_tie_io_out_low2/HI
 genblk5\[36\].u_tie_io_out_low2/HI
 genblk5\[37\].u_tie_io_out_low2/HI
 genblk6\[0\].u_tie_io_oeb_hi0/LO
 genblk6\[1\].u_tie_io_oeb_hi0/LO
 genblk6\[2\].u_tie_io_oeb_hi0/LO
 genblk6\[3\].u_tie_io_oeb_hi0/LO
 genblk6\[4\].u_tie_io_oeb_hi0/LO
 genblk7\[10\].u_tie_io_oeb_hi1/LO
 genblk7\[11\].u_tie_io_oeb_hi1/LO
 genblk7\[12\].u_tie_io_oeb_hi1/LO
 genblk7\[13\].u_tie_io_oeb_hi1/LO
 genblk7\[14\].u_tie_io_oeb_hi1/LO
 genblk7\[15\].u_tie_io_oeb_hi1/LO
 genblk7\[16\].u_tie_io_oeb_hi1/LO
 genblk7\[17\].u_tie_io_oeb_hi1/LO
 genblk7\[18\].u_tie_io_oeb_hi1/LO
 genblk7\[19\].u_tie_io_oeb_hi1/LO
 genblk7\[20\].u_tie_io_oeb_hi1/LO
 genblk7\[5\].u_tie_io_oeb_hi1/LO
 genblk7\[6\].u_tie_io_oeb_hi1/LO
 genblk7\[7\].u_tie_io_oeb_hi1/LO
 genblk7\[8\].u_tie_io_oeb_hi1/LO
 genblk7\[9\].u_tie_io_oeb_hi1/LO
 genblk8\[21\].u_tie_io_oeb_lo2/HI
 genblk8\[22\].u_tie_io_oeb_lo2/HI
 genblk8\[23\].u_tie_io_oeb_lo2/HI
 genblk8\[24\].u_tie_io_oeb_lo2/HI
 genblk8\[25\].u_tie_io_oeb_lo2/HI
 genblk8\[26\].u_tie_io_oeb_lo2/HI
 genblk8\[27\].u_tie_io_oeb_lo2/HI
 genblk8\[28\].u_tie_io_oeb_lo2/HI
 genblk9\[29\].u_tie_io_oeb_hi3/LO
 genblk9\[30\].u_tie_io_oeb_hi3/LO
 genblk9\[31\].u_tie_io_oeb_hi3/LO
 genblk9\[32\].u_tie_io_oeb_hi3/LO
 genblk9\[33\].u_tie_io_oeb_hi3/LO
 genblk9\[34\].u_tie_io_oeb_hi3/LO
 genblk9\[35\].u_tie_io_oeb_hi3/LO
 genblk9\[36\].u_tie_io_oeb_hi3/LO
 genblk9\[37\].u_tie_io_oeb_hi3/LO
Found 0 partially unannotated drivers.

===========================================================================
max slew violation count 274
max fanout violation count 11
max cap violation count 54
============================================================================

===========================================================================
check_setup -verbose -unconstrained_endpoints -multiple_clock -no_clock -no_input_delay -loops -generated_clocks
===========================================================================
Warning: There are 68 input ports missing set_input_delay.
  analog_io[0]
  analog_io[10]
  analog_io[11]
  analog_io[12]
  analog_io[13]
  analog_io[14]
  analog_io[15]
  analog_io[16]
  analog_io[17]
  analog_io[18]
  analog_io[19]
  analog_io[1]
  analog_io[20]
  analog_io[21]
  analog_io[22]
  analog_io[23]
  analog_io[24]
  analog_io[25]
  analog_io[26]
  analog_io[27]
  analog_io[28]
  analog_io[2]
  analog_io[3]
  analog_io[4]
  analog_io[5]
  analog_io[6]
  analog_io[7]
  analog_io[8]
  analog_io[9]
  io_in[0]
  io_in[10]
  io_in[11]
  io_in[12]
  io_in[13]
  io_in[14]
  io_in[15]
  io_in[16]
  io_in[17]
  io_in[18]
  io_in[19]
  io_in[1]
  io_in[20]
  io_in[21]
  io_in[22]
  io_in[23]
  io_in[24]
  io_in[25]
  io_in[26]
  io_in[27]
  io_in[28]
  io_in[29]
  io_in[2]
  io_in[30]
  io_in[31]
  io_in[32]
  io_in[33]
  io_in[34]
  io_in[35]
  io_in[36]
  io_in[37]
  io_in[3]
  io_in[4]
  io_in[5]
  io_in[6]
  io_in[7]
  io_in[8]
  io_in[9]
  user_clock2
Warning: There are 235 unconstrained endpoints.
  analog_io[0]
  analog_io[10]
  analog_io[11]
  analog_io[12]
  analog_io[13]
  analog_io[14]
  analog_io[15]
  analog_io[16]
  analog_io[17]
  analog_io[18]
  analog_io[19]
  analog_io[1]
  analog_io[20]
  analog_io[21]
  analog_io[22]
  analog_io[23]
  analog_io[24]
  analog_io[25]
  analog_io[26]
  analog_io[27]
  analog_io[28]
  analog_io[2]
  analog_io[3]
  analog_io[4]
  analog_io[5]
  analog_io[6]
  analog_io[7]
  analog_io[8]
  analog_io[9]
  io_oeb[0]
  io_oeb[10]
  io_oeb[11]
  io_oeb[12]
  io_oeb[13]
  io_oeb[14]
  io_oeb[15]
  io_oeb[16]
  io_oeb[17]
  io_oeb[18]
  io_oeb[19]
  io_oeb[1]
  io_oeb[20]
  io_oeb[21]
  io_oeb[22]
  io_oeb[23]
  io_oeb[24]
  io_oeb[25]
  io_oeb[26]
  io_oeb[27]
  io_oeb[28]
  io_oeb[29]
  io_oeb[2]
  io_oeb[30]
  io_oeb[31]
  io_oeb[32]
  io_oeb[33]
  io_oeb[34]
  io_oeb[35]
  io_oeb[36]
  io_oeb[37]
  io_oeb[3]
  io_oeb[4]
  io_oeb[5]
  io_oeb[6]
  io_oeb[7]
  io_oeb[8]
  io_oeb[9]
  io_out[0]
  io_out[10]
  io_out[11]
  io_out[12]
  io_out[13]
  io_out[14]
  io_out[15]
  io_out[16]
  io_out[17]
  io_out[18]
  io_out[19]
  io_out[1]
  io_out[20]
  io_out[21]
  io_out[22]
  io_out[23]
  io_out[24]
  io_out[25]
  io_out[26]
  io_out[27]
  io_out[28]
  io_out[29]
  io_out[2]
  io_out[30]
  io_out[31]
  io_out[32]
  io_out[33]
  io_out[34]
  io_out[35]
  io_out[36]
  io_out[37]
  io_out[3]
  io_out[4]
  io_out[5]
  io_out[6]
  io_out[7]
  io_out[8]
  io_out[9]
  la_data_out[0]
  la_data_out[100]
  la_data_out[101]
  la_data_out[102]
  la_data_out[103]
  la_data_out[104]
  la_data_out[105]
  la_data_out[106]
  la_data_out[107]
  la_data_out[108]
  la_data_out[109]
  la_data_out[10]
  la_data_out[110]
  la_data_out[111]
  la_data_out[112]
  la_data_out[113]
  la_data_out[114]
  la_data_out[115]
  la_data_out[116]
  la_data_out[117]
  la_data_out[118]
  la_data_out[119]
  la_data_out[11]
  la_data_out[120]
  la_data_out[121]
  la_data_out[122]
  la_data_out[123]
  la_data_out[124]
  la_data_out[125]
  la_data_out[126]
  la_data_out[127]
  la_data_out[12]
  la_data_out[13]
  la_data_out[14]
  la_data_out[15]
  la_data_out[16]
  la_data_out[17]
  la_data_out[18]
  la_data_out[19]
  la_data_out[1]
  la_data_out[20]
  la_data_out[21]
  la_data_out[22]
  la_data_out[23]
  la_data_out[24]
  la_data_out[25]
  la_data_out[26]
  la_data_out[27]
  la_data_out[28]
  la_data_out[29]
  la_data_out[2]
  la_data_out[30]
  la_data_out[31]
  la_data_out[32]
  la_data_out[33]
  la_data_out[34]
  la_data_out[35]
  la_data_out[36]
  la_data_out[37]
  la_data_out[38]
  la_data_out[39]
  la_data_out[3]
  la_data_out[40]
  la_data_out[41]
  la_data_out[42]
  la_data_out[43]
  la_data_out[44]
  la_data_out[45]
  la_data_out[46]
  la_data_out[47]
  la_data_out[48]
  la_data_out[49]
  la_data_out[4]
  la_data_out[50]
  la_data_out[51]
  la_data_out[52]
  la_data_out[53]
  la_data_out[54]
  la_data_out[55]
  la_data_out[56]
  la_data_out[57]
  la_data_out[58]
  la_data_out[59]
  la_data_out[5]
  la_data_out[60]
  la_data_out[61]
  la_data_out[62]
  la_data_out[63]
  la_data_out[64]
  la_data_out[65]
  la_data_out[66]
  la_data_out[67]
  la_data_out[68]
  la_data_out[69]
  la_data_out[6]
  la_data_out[70]
  la_data_out[71]
  la_data_out[72]
  la_data_out[73]
  la_data_out[74]
  la_data_out[75]
  la_data_out[76]
  la_data_out[77]
  la_data_out[78]
  la_data_out[79]
  la_data_out[7]
  la_data_out[80]
  la_data_out[81]
  la_data_out[82]
  la_data_out[83]
  la_data_out[84]
  la_data_out[85]
  la_data_out[86]
  la_data_out[87]
  la_data_out[88]
  la_data_out[89]
  la_data_out[8]
  la_data_out[90]
  la_data_out[91]
  la_data_out[92]
  la_data_out[93]
  la_data_out[94]
  la_data_out[95]
  la_data_out[96]
  la_data_out[97]
  la_data_out[98]
  la_data_out[99]
  la_data_out[9]
  user_irq[1]
  user_irq[2]
